��SQL> CREATE SCHEMA "S-T" AUTHORIZATION BGZOCG;
CREATE SCHEMA "S-T" AUTHORIZATION BGZOCG
              *
ERROR at line 1:
ORA-02420: missing schema authorization clause 


SQL> CREATE SCHEMA AUTHORIZATION BGZOCG;

Schema created.

SQL> CREATE SCHEMA TEST AUTHORIZATION ZHANG
  2  CREATE TABLE TAB1(COL1 SMALLINT,
  3  COL2 INT,
  4  COL3 CHAR(20),
  5  COL4 NUMERIC(10,3),
  6  COL5 DECIMAL(5,2)
  7  );
CREATE SCHEMA TEST AUTHORIZATION ZHANG
              *
ERROR at line 1:
ORA-02420: missing schema authorization clause 


SQL> CREATE USER ZHANG IDENTIFIED BY ZHANG;

User created.

SQL> CREATE SCHEMA TEST AUTHORIZATION ZHANG
  2  CREATE TABLE TAB1(COL1 SMALLINT,
  3  COL2 INT,
  4  COL3 CHAR(20),
  5  COL4 NUMERIC(10,3),
  6  COL5 DECIMAL(5,2)
  7  );
CREATE SCHEMA TEST AUTHORIZATION ZHANG
              *
ERROR at line 1:
ORA-02420: missing schema authorization clause 


SQL> DROP SCHEMA S-T CASCADE
  2  ;
DROP SCHEMA S-T CASCADE
     *
ERROR at line 1:
ORA-00950: invalid DROP option 


SQL> CREATE TABLE STUDENT
  2  ( SNO CHAR(9) PRIMARY KEY,
  3  SNAME CHAR(20) UNIQUE,
  4  SSEX CHAR(2),
  5  SAGE SMALLINT,
  6  SDEPT CHAR(20)
  7  );

Table created.

SQL> CREATE TABLE COURSE
  2  (CNO CHAR(4) PRIMARY KEY,
  3  CNAME CHAR(40) NOT NULL,
  4  CPNO CHAR(4),
  5  CCREDIT SMALLINT,
  6  FOREIGN KEY (CPNOREFERENCES COURSE(CNO)
  7  );

Table created.

SQL> CREATE TABLE SC
  2  (SNO CHAR(9),
  3  CNO CHAR(4),
  4  GRADE SMALLINT,
  5  PRIMARY KEY (SNO,CNO),
  6  FOREIGN KEY (SNOREFERENCES STUDENT(SNO),
  7  FOREIGN KEY (CNO) REFERENCES COURSE(CNO)
  8  );

Table created.

SQL> ALERT TABLE STUDENT ADD S_ENTRANCE DATE;
SP2-0734: unknown command beginning "ALERT TABL..." - rest of line ignored.
SQL> SPOOL OFF

SQL> ALTER TABLE STUDENT ADD S_ENTRANCE DATE;

Table altered.


SQL> ALTER TABLE COURSE ADD UNIQUE(CNAME);

Table altered.

SQL> ALTER TABLE STUDENT MODIFY SAGE INT;

Table altered.

SQL> INSERT
  2  INTO STUDENT (SNO, SNAME, SSEX, SDEPT, SAGE)
  3  VALUES ('201215128', '�¶�' , '��' , 'IS', '18');

1 row created.

SQL> desc student
 Name                                      Null?    Type
 ----------------------------------------- -------- ----------------------------
 SNO                                       NOT NULL CHAR(9)
 SNAME                                              CHAR(20)
 SSEX                                               CHAR(2)
 SAGE                                               NUMBER(38)
 SDEPT                                              CHAR(20)
 S_ENTRANCE                                         DATE


SQL> SELECT * FROM STUDENT;

SNO       SNAME                SS       SAGE SDEPT                S_ENTRANC     
--------- -------------------- -- ---------- -------------------- ---------     
201215128 �¶�                 ��         18 IS                                 



SQL> ALTER TABLE STUDENT
  2  DROP COLUMN S_ENTRANCE
  3  ;

Table altered.

SQL> SELECT * FROM STUDNET;
SELECT * FROM STUDNET
              *
ERROR at line 1:
ORA-00942: table or view does not exist 


SQL> SELECT * FROM STUDENT;

SNO       SNAME                SS       SAGE SDEPT                              
--------- -------------------- -- ---------- --------------------               
201215128 �¶�                 ��         18 IS                                 

SQL> INSERT
  2  INTO STUDENT
  3  VALUES('201215126', '�ų���', '��', '18', 'CS');

1 row created.

SQL> DESC COURSE
 Name                                      Null?    Type
 ----------------------------------------- -------- ----------------------------
 CNO                                       NOT NULL CHAR(4)
 CNAME                                     NOT NULL CHAR(40)
 CPNO                                               CHAR(4)
 CCREDIT                                            NUMBER(38)

SQL> INSERT
  2  INTO COURSE
  3  VALUES ('2','��ѧ',NULL,2);

1 row created.

SQL> INSERT
  2  INTO COURSE
  3  VALUES ('6','���ݴ���',NULL,2);

1 row created.

SQL> INSERT
  2  INTO COURSE
  3  VALUES ('4','����ϵͳ','6',3);

1 row created.

SQL> INSERT
  2  INTO COURSE
  3  VALUES ('7','PASCAL����','6',4);

1 row created.

SQL> INSERT
  2  INTO COURSE
  3  VALUES ('5','���ݽṹ','7',4);

1 row created.

SQL> INSERT
  2  INTO COURSE
  3  VALUES ('1','���ݿ�','5',4);

1 row created.

SQL> SELECT * FROM COURSE;

CNO  CNAME                                    CPNO    CCREDIT                   
---- ---------------------------------------- ---- ----------                   
2    ��ѧ                                                   2                   
6    ���ݴ���                                               2                   
4    ����ϵͳ                                 6             3                   
7    PASCAL����                               6             4                   
5    ���ݽṹ                                 7             4                   
1    ���ݿ�                                   5             4                   

6 rows selected.

SQL> INTO COURSE
SP2-0734: unknown command beginning "INTO COURS..." - rest of line ignored.
SQL> INSERT
  2  INTO COURSE
  3  VALUES ('3','��Ϣϵͳ','1',4);

1 row created.

SQL> SELECT * FROM COURSE;

CNO  CNAME                                    CPNO    CCREDIT                   
---- ---------------------------------------- ---- ----------                   
2    ��ѧ                                                   2                   
6    ���ݴ���                                               2                   
4    ����ϵͳ                                 6             3                   
7    PASCAL����                               6             4                   
5    ���ݽṹ                                 7             4                   
1    ���ݿ�                                   5             4                   
3    ��Ϣϵͳ                                 1             4                   

7 rows selected.

SQL> SELECT * FROM STUDENT;

SNO       SNAME                SS       SAGE SDEPT                              
--------- -------------------- -- ---------- --------------------               
201215128 �¶�                 ��         18 IS                                 
201215126 �ų���               ��         18 CS                                 

SQL> INSERT
  2  INTO STUDENT
  3  VALUES('201215121', '����', '��','20','CS');

1 row created.

SQL> INSERT
  2  INTO STUDENT
  3  VALUES('201215122', '����', 'Ů','19','CS');

1 row created.

SQL> INSERT
  2  INTO STUDENT
  3  VALUES('201215123', '����', 'Ů','18','MA');

1 row created.

SQL> INSERT
  2  INTO STUDENT
  3  VALUES('201215125', '����', '��','19','IS');

1 row created.

SQL> SELECT *
  2  FROM STUDENT;

SNO       SNAME                SS       SAGE SDEPT                              
--------- -------------------- -- ---------- --------------------               
201215128 �¶�                 ��         18 IS                                 
201215126 �ų���               ��         18 CS                                 
201215121 ����                 ��         20 CS                                 
201215122 ����                 Ů         19 CS                                 
201215123 ����                 Ů         18 MA                                 
201215125 ����                 ��         19 IS                                 

6 rows selected.

SQL> INSERT
  2  INTO SC
  3  VALUES('201215128', '1', NULL);

1 row created.

SQL> SELECT *
  2  FROM SC
  3  ;

SNO       CNO       GRADE                                                       
--------- ---- ----------                                                       
201215128 1                                                                     

SQL> CREATE TABLE IMPORT_COURSE AS
  2  SELECT * FROM COURSE WHERE CCREDIT>2;

Table created.

SQL> SELECT * FROM IMPORT_COURSE;

CNO  CNAME                                    CPNO    CCREDIT                   
---- ---------------------------------------- ---- ----------                   
4    ����ϵͳ                                 6             3                   
7    PASCAL����                               6             4                   
5    ���ݽṹ                                 7             4                   
1    ���ݿ�                                   5             4                   
3    ��Ϣϵͳ                                 1             4                   

SQL> CONNECT DFS/0
ERROR:
ORA-01017: invalid username/password; logon denied 


Warning: You are no longer connected to ORACLE.
SQL> CONNECT BGZOCG/0
Connected.
SQL> CONNECT dfs/0
ERROR:
ORA-01017: invalid username/password; logon denied 

Warning: You are no longer connected to ORACLE.
SQL> CONNECT SYS/0
ERROR:
ORA-28009: connection as SYS should be as SYSDBA or SYSOPER 


SQL> CONNECT SYSDBA/0
ERROR:
ORA-01017: invalid username/password; logon denied 


SQL> conn sys/0 as sysdba
Connected.
SQL> SHOW USER
USER is "SYS"
SQL> SELECT CONSTRAINT_NAME, SEARCH_CONDITION
  2  FROM ALL_CONSTRAINTS WHERE OWNER='SCOTT'
  3  ;


SQL> CONN BGZOCG/0
Connected.
SQL> SHOW USER
USER is "BGZOCG"
SQL> DESC COURSE
 Name                                      Null?    Type
 ----------------------------------------- -------- ----------------------------
 CNO                                       NOT NULL CHAR(4)
 CNAME                                     NOT NULL CHAR(40)
 CPNO                                               CHAR(4)
 CCREDIT                                            NUMBER(38)

SQL> DESC STUDENT
 Name                                      Null?    Type
 ----------------------------------------- -------- ----------------------------
 SNO                                       NOT NULL CHAR(9)
 SNAME                                              CHAR(20)
 SSEX                                               CHAR(2)
 SAGE                                               NUMBER(38)
 SDEPT                                              CHAR(20)

SQL> DESC SC
 Name                                      Null?    Type
 ----------------------------------------- -------- ----------------------------
 SNO                                       NOT NULL CHAR(9)
 CNO                                       NOT NULL CHAR(4)
 GRADE                                              NUMBER(38)

SQL> ALTER TABLE COURSE ADD CONSTRAINT CCREDIT CHECK( CCREDIT>0 );


SQL> SPOOL OFF


SQL> DESC STUDENT
 Name                                      Null?    Type
 ----------------------------------------- -------- ----------------------------
 SNO                                       NOT NULL CHAR(9)
 SNAME                                              CHAR(20)
 SSEX                                               CHAR(2)
 SAGE                                               NUMBER(38)
 SDEPT                                              CHAR(20)

SQL> DESC COURSE
 Name                                      Null?    Type
 ----------------------------------------- -------- ----------------------------
 CNO                                       NOT NULL CHAR(4)
 CNAME                                     NOT NULL CHAR(40)
 CPNO                                               CHAR(4)
 CCREDIT                                            NUMBER(38)

SQL> START D:\A.SQL
INSERT INTO STUDENT VALUES  ('201215121', '鏉庡媷' , '鐢? , 20, 'CS')
                                                     *
ERROR at line 1:
ORA-12899: value too large for column "BGZOCG"."STUDENT"."SSEX" (actual: 3,
maximum: 2)


INSERT INTO STUDENT VALUES  ('201215122', '鍒樻櫒' , '濂? , 19, 'CS')
                                                     *
ERROR at line 1:
ORA-12899: value too large for column "BGZOCG"."STUDENT"."SSEX" (actual: 3,
maximum: 2)


INSERT INTO STUDENT VALUES  ('201215123', '鐜嬫晱' , '濂? , 18, 'MA')
                                                     *
ERROR at line 1:
ORA-12899: value too large for column "BGZOCG"."STUDENT"."SSEX" (actual: 3,
maximum: 2)


INSERT INTO STUDENT VALUES  ('201215124', '寮犵珛' , '鐢? , 19, 'IS')
                                                     *
ERROR at line 1:
ORA-12899: value too large for column "BGZOCG"."STUDENT"."SSEX" (actual: 3,
maximum: 2)



1 row created.


1 row created.


1 row created.


1 row created.


1 row created.


1 row created.


1 row created.

SQL> SELECT * FORM STUDENT
  2  ;
SELECT * FORM STUDENT
         *
ERROR at line 1:
ORA-00923: FROM keyword not found where expected


SQL> SELECT * FROM STUDENT;

no rows selected

SQL> SELECT * FROM COURSE;

CNO  CNAME                                    CPNO    CCREDIT
---- ---------------------------------------- ---- ----------
2    鏁板?                                                  2
6    鏁版嵁澶勭悊                                           2
4    鎿嶄綔绯荤粺                             6             2
7    PASCAL璇?█                       6             4
5    鏁版嵁缁撴瀯                             7             2
1    鏁版嵁搴?                        5             4
3    淇℃伅绯荤粺                              1             4

7 rows selected.

SQL> UPDATE COURSE
  2  SET CNAME='数学'
  3  WHERE CNO=2;

1 row updated.

SQL> SELECT * FROM COURSE;

CNO  CNAME                                    CPNO    CCREDIT
---- ---------------------------------------- ---- ----------
2    数学                                                   2
6    鏁版嵁澶勭悊                                           2
4    鎿嶄綔绯荤粺                             6             2
7    PASCAL璇?█                       6             4
5    鏁版嵁缁撴瀯                             7             2
1    鏁版嵁搴?                        5             4
3    淇℃伅绯荤粺                              1             4

7 rows selected.

SQL> UPDATE COURSE SET CNAME='数据处理' WHERE CNO=6
  2  ;

1 row updated.

SQL> SELECT * FROM COURSE;

CNO  CNAME                                    CPNO    CCREDIT
---- ---------------------------------------- ---- ----------
2    数学                                                   2
6    数据处理                                               2
4    鎿嶄綔绯荤粺                             6             2
7    PASCAL璇?█                       6             4
5    鏁版嵁缁撴瀯                             7             2
1    鏁版嵁搴?                        5             4
3    淇℃伅绯荤粺                              1             4

7 rows selected.

SQL> UPDATE COURSE SET CNAME='操作系统' WHERE CNO=4
  2  ;

1 row updated.

SQL> UPDATE COURSE SET CNAME='PASCAL语言' WHERE CNO=7;

1 row updated.

SQL> UPDATE COURSE SET CNAME='数据结构' WHERE CNO=5;

1 row updated.

SQL> UPDATE COURSE SET CNAME='信息系统' WHERE CNO=1;

1 row updated.

SQL> UPDATE COURSE SET CNAME='数据库' WHERE CNO=1;

1 row updated.

SQL> SELECT * FROM COURSE;

CNO  CNAME                                    CPNO    CCREDIT
---- ---------------------------------------- ---- ----------
2    数学                                                   2
6    数据处理                                               2
4    操作系统                                 6             2
7    PASCAL语言                               6             4
5    数据结构                                 7             2
1    数据库                                   5             4
3    淇℃伅绯荤粺                              1             4

7 rows selected.

SQL> UPDATE COURSE SET CNAME='数据库' WHERE CNO=1;

1 row updated.

SQL> UPDATE COURSE SET CNAME='信息系统' WHERE CNO=3;

1 row updated.

SQL> SELECT * FROM COURSE;

CNO  CNAME                                    CPNO    CCREDIT
---- ---------------------------------------- ---- ----------
2    数学                                                   2
6    数据处理                                               2
4    操作系统                                 6             2
7    PASCAL语言                               6             4
5    数据结构                                 7             2
1    数据库                                   5             4
3    信息系统                                 1             4

7 rows selected.

SQL> SELECT * FROM STUDENT;

no rows selected

SQL> START D:\GBK_UPDATE.SQL

1 row created.


1 row created.


1 row created.


1 row created.

SQL> SELECT * FROM STUDENT;

SNO       SNAME                SS       SAGE SDEPT
--------- -------------------- -- ---------- --------------------
201215121 李勇                 男         20 CS
201215122 刘晨                 女         19 CS
201215123 王敏                 女         18 MA
201215124 张立                 男         19 IS

SQL> DELETE
  2  FROM STUDNET
  3  
SQL> INSERT INTO STUDENT
  2  VALUES('0191121X', 'LFH', '男', 20, 'SE');

1 row created.

SQL> SELECT * FROM STUDENT;

SNO       SNAME                SS       SAGE SDEPT                              
--------- -------------------- -- ---------- --------------------               
201215121 李勇                 男         20 CS                                 
201215122 刘晨                 女         19 CS                                 
201215123 王敏                 女         18 MA                                 
201215124 张立                 男         19 IS                                 
0191121X  LFH                  男         20 SE                                 

SQL> DELETE FROM STUDENT
  2  WHERE SNAME='LFH';

1 row deleted.

SQL> SELECT * FROM STUDENT;

SNO       SNAME                SS       SAGE SDEPT                              
--------- -------------------- -- ---------- --------------------               
201215121 李勇                 男         20 CS                                 
201215122 刘晨                 女         19 CS                                 
201215123 王敏                 女         18 MA                                 
201215124 张立                 男         19 IS                                 

SQL> COMMIT;

Commit complete.

SQL> INSERT INTO STUDENT VALUES('0191121X', 'LFH', 男)
  2  
SQL> INSERT INTO STUDENT
  2  VALUES('0191121X', 'LFH', '男', 20, 'SE');

1 row created.

SQL> SAVAPONINT STU_LFH_UPDATE;
SP2-0734: unknown command beginning "SAVAPONINT..." - rest of line ignored.
SQL> SAVEPONINT STU_LFH_UPDATE;
SP2-0734: unknown command beginning "SAVEPONINT..." - rest of line ignored.
SQL> SAVEPOINT STU_LFH_UPDATE;

Savepoint created.

SQL> INSERT INTO STUDENT
  2  VALUES('XXX', 'XXX', 'X', 20, 'X');

1 row created.

SQL> SELECT * FROM STUDENT;

SNO       SNAME                SS       SAGE SDEPT                              
--------- -------------------- -- ---------- --------------------               
201215121 李勇                 男         20 CS                                 
201215122 刘晨                 女         19 CS                                 
201215123 王敏                 女         18 MA                                 
201215124 张立                 男         19 IS                                 
0191121X  LFH                  男         20 SE                                 
XXX       XXX                  X          20 X                                  

6 rows selected.

SQL> ROLLBACK TO STU_LFH_UPDATE;

Rollback complete.

SQL> SELECT * FROM STUDENT;

SNO       SNAME                SS       SAGE SDEPT                              
--------- -------------------- -- ---------- --------------------               
201215121 李勇                 男         20 CS                                 
201215122 刘晨                 女         19 CS                                 
201215123 王敏                 女         18 MA                                 
201215124 张立                 男         19 IS                                 
0191121X  LFH                  男         20 SE                                 


SQL> ACCEPT STUDENT_SNO PROMPT "HAHA, PLEASE ENTER SNO";
HAHA, PLEASE ENTER SNO12


SQL> INSERT INTO STUDENT VALUES('&SNO','&SNAME','&SSEX',&SAGE.&SDEPT);
Enter value for sno: 0191121X
Enter value for sname: LFH
Enter value for ssex: NJ
Enter value for sage: 20
Enter value for sdept: SE
old   1: INSERT INTO STUDENT VALUES('&SNO','&SNAME','&SSEX',&SAGE.&SDEPT)
new   1: INSERT INTO STUDENT VALUES('0191121X','LFH','NJ',20SE)
INSERT INTO STUDENT VALUES('0191121X','LFH','NJ',20SE)
                                                   *
ERROR at line 1:
ORA-00917: missing comma 


SQL> INSERT INTO STUDENT VALUES('&SNO','&SNAME','&SSEX',&SAGE,&SDEPT);
Enter value for sno: 0191121X
Enter value for sname: LFH
Enter value for ssex: NJ
Enter value for sage: 20
Enter value for sdept: SE
old   1: INSERT INTO STUDENT VALUES('&SNO','&SNAME','&SSEX',&SAGE,&SDEPT)
new   1: INSERT INTO STUDENT VALUES('0191121X','LFH','NJ',20,SE)
INSERT INTO STUDENT VALUES('0191121X','LFH','NJ',20,SE)
                                                    *
ERROR at line 1:
ORA-00984: column not allowed here 


SQL> INSERT INTO STUDENT VALUES('&SNO','&SNAME','&SSEX',&SAGE,&SDEPT');
Enter value for sno: 
Enter value for sname: 
Enter value for ssex: 
Enter value for sage: 
Enter value for sdept: 
old   1: INSERT INTO STUDENT VALUES('&SNO','&SNAME','&SSEX',&SAGE,&SDEPT')
new   1: INSERT INTO STUDENT VALUES('','','',,')
ERROR:
ORA-01756: quoted string not properly terminated 


SQL> 
SQL> INSERT INTO STUDENT VALUES('&SNO','&SNAME','&SSEX',&SAGE,'&SDEPT');
Enter value for sno: 0191121X
Enter value for sname: LFH
Enter value for ssex: NJ
Enter value for sage: 20
Enter value for sdept: SE
old   1: INSERT INTO STUDENT VALUES('&SNO','&SNAME','&SSEX',&SAGE,'&SDEPT')
new   1: INSERT INTO STUDENT VALUES('0191121X','LFH','NJ',20,'SE')

1 row created.


SQL> DELETE FROM STUDENT WHERE SNAME='LFH';

1 row deleted.

SQL> SPOOL OFF;

SQL> ALTER TABLE STUDENT
  2  ADD (DATE ENTERANCE);
ADD (DATE ENTERANCE)
     *
ERROR at line 2:
ORA-00904: : invalid identifier 


SQL> ALTER TABLE STUDENT
  2  ADD (ENTERANCE DATE);

Table altered.

SQL> SELECT * FROM STUDENT;

SNO       SNAME                SS       SAGE SDEPT                ENTERANCE     
--------- -------------------- -- ---------- -------------------- ---------     
201215121 李勇                 男         20 CS                                 
201215122 刘晨                 女         19 CS                                 
201215123 王敏                 女         18 MA                                 
201215124 张立                 男         19 IS                                 

SQL> ALTER TABLE STUDENT
  2  DROP ENTERANCE
  3  ;
DROP ENTERANCE
     *
ERROR at line 2:
ORA-00905: missing keyword 


SQL> ALTER TABLE STUDENT
  2  DROP COLUMN ENTERANCE;

Table altered.

SQL> SELECT * FROM STUDENT;

SNO       SNAME                SS       SAGE SDEPT                              
--------- -------------------- -- ---------- --------------------               
201215121 李勇                 男         20 CS                                 
201215122 刘晨                 女         19 CS                                 
201215123 王敏                 女         18 MA                                 
201215124 张立                 男         19 IS                                 

SQL> ALTER TABLE STUDENT
  2  
SQL> ALTER TABLE STUDENT
  2  ADD (ENTERANCE DATE);

Table altered.

SQL> INSERT INTO
  2  STUDENT VALUES('0191121X', 'LFH', '男',20,TO_DATE('19-09-01','DD-MO-YY'));
STUDENT VALUES('0191121X', 'LFH', '男',20,TO_DATE('19-09-01','DD-MO-YY'))
*
ERROR at line 2:
ORA-00947: not enough values 


SQL> STUDENT VALUES('0191121X', 'LFH', '男',20,'SE',TO_DATE('19-09-01','DD-MO-YY'));
SP2-0734: unknown command beginning "STUDENT VA..." - rest of line ignored.
SQL> INSERT INTO STUDENT VALUES('0191121X', 'LFH', '男',20,'SE',TO_DATE('19-09-01','DD-MO-YY'));
INSERT INTO STUDENT VALUES('0191121X', 'LFH', '男',20,'SE',TO_DATE('19-09-01','DD-MO-YY'))
                                                                              *
ERROR at line 1:
ORA-01821: date format not recognized 


SQL> INSERT INTO STUDENT VALUES('0191121X', 'LFH', '男',20,'SE',TO_DATE('19-09-01','DD-MON-YY'));
INSERT INTO STUDENT VALUES('0191121X', 'LFH', '男',20,'SE',TO_DATE('19-09-01','DD-MON-YY'))
                                                                   *
ERROR at line 1:
ORA-01843: not a valid month 


SQL> INSERT INTO STUDENT VALUES('0191121X', 'LFH', '男',20,'SE',TO_DATE('19-09月-01','DD-MON-YY'));
INSERT INTO STUDENT VALUES('0191121X', 'LFH', '男',20,'SE',TO_DATE('19-09月-01','DD-MON-YY'))
                                                                   *
ERROR at line 1:
ORA-01843: not a valid month 


SQL> INSERT INTO STUDENT VALUES('0191121X', 'LFH', '男',20,'SE',TO_DATE('19-09-01','DD-MM-YY'));

1 row created.

SQL> SELECT * FROM STUDENT;

SNO       SNAME                SS       SAGE SDEPT                ENTERANCE     
--------- -------------------- -- ---------- -------------------- ---------     
0191121X  LFH                  男         20 SE                   19-SEP-01     
201215121 李勇                 男         20 CS                                 
201215122 刘晨                 女         19 CS                                 
201215123 王敏                 女         18 MA                                 
201215124 张立                 男         19 IS                                 

SQL> ALTER TABLE STUDENT
  2  DROP ENTERANCE
  3  ;
DROP ENTERANCE
     *
ERROR at line 2:
ORA-00905: missing keyword 


SQL> ALTER TABLE STUDENT
  2  DROP COLUMN ENTERANCE
  3  ;

Table altered.

SQL> SELECT * FROM STUDENT;

SNO       SNAME                SS       SAGE SDEPT                              
--------- -------------------- -- ---------- --------------------               
0191121X  LFH                  男         20 SE                                 
201215121 李勇                 男         20 CS                                 
201215122 刘晨                 女         19 CS                                 
201215123 王敏                 女         18 MA                                 
201215124 张立                 男         19 IS                                 

SQL> ALTER TABLE STUDENT
  2  
SQL> 
SQL> 
SQL> 
SQL> 
SQL> 
SQL> UPDATE TABLE STUDENT
  2  
SQL> DELETE FROM STUDENT WHERE SNAME=LFH;
DELETE FROM STUDENT WHERE SNAME=LFH
                                *
ERROR at line 1:
ORA-00904: "LFH": invalid identifier 


SQL> DELETE FROM STUDENT WHERE SNAME='LFH';

1 row deleted.

SQL> SELETE * FROM STUDENT;
SP2-0734: unknown command beginning "SELETE * F..." - rest of line ignored.
SQL> SELECT * FROM STUDENT;

SNO       SNAME                SS       SAGE SDEPT                              
--------- -------------------- -- ---------- --------------------               
201215121 李勇                 男         20 CS                                 
201215122 刘晨                 女         19 CS                                 
201215123 王敏                 女         18 MA                                 
201215124 张立                 男         19 IS                                 

SQL> DRSC SC
SP2-0042: unknown command "DRSC SC" - rest of line ignored.
SQL> DRSC SC
SP2-0042: unknown command "DRSC SC" - rest of line ignored.
SQL> DRSC SC
SP2-0042: unknown command "DRSC SC" - rest of line ignored.
SQL> DESC SC
 Name                                      Null?    Type
 ----------------------------------------- -------- ----------------------------
 SNO                                       NOT NULL CHAR(9)
 CNO                                       NOT NULL CHAR(4)
 GRADE                                              NUMBER(38)

SQL> INSETR INTO SC ('201215121',1, NULL);
SP2-0734: unknown command beginning "INSETR INT..." - rest of line ignored.
SQL> INSETR INTO SC VALUES('201215121',1, NULL);
SP2-0734: unknown command beginning "INSETR INT..." - rest of line ignored.
SQL> INSERT INTO SC VALUES('201215121',1, NULL);

1 row created.

SQL> SELECT * FROM SC
  2  ;

SNO       CNO       GRADE                                                       
--------- ---- ----------                                                       
201215121 1                                                                     

SQL> DESC STUDENT;
 Name                                      Null?    Type
 ----------------------------------------- -------- ----------------------------
 SNO                                       NOT NULL CHAR(9)
 SNAME                                              CHAR(20)
 SSEX                                               CHAR(2)
 SAGE                                               NUMBER(38)
 SDEPT                                              CHAR(20)

SQL> ALTER TABLE COURSE ADD CONSTRAINT CHECK_GRADE CHECK(CCREDIT>0);

Table altered.

SQL> SELECT CONSTRINT_NAME,TABLE_NAME FROM USER_CONSTRAINTS;
SELECT CONSTRINT_NAME,TABLE_NAME FROM USER_CONSTRAINTS
       *
ERROR at line 1:
ORA-00904: "CONSTRINT_NAME": invalid identifier 


SQL> SELECT CONSTRAINT_NAME,TABLE_NAME FROM USER_CONSTRAINTS;

CONSTRAINT_NAME                TABLE_NAME                                       
------------------------------ ------------------------------                   
SYS_C0011105                   COURSE                                           
CHECK_GRADE                    COURSE                                           
SYS_C0011107                   COURSE                                           
SYS_C0011110                   SC                                               
SYS_C0011109                   SC                                               
SYS_C0011103                   STUDENT                                          
SYS_C0011104                   STUDENT                                          
SYS_C0011106                   COURSE                                           
SYS_C0011108                   SC                                               
SYS_C0011111                   COURSE                                           

10 rows selected.

SQL> ALTER TABLE COURSE
  2  DISABLE CONSTRAINT CHECK_GRADE CASCADE;

Table altered.

SQL> DISABLE CONSTRAINT CHECK_GRADE;
SP2-0734: unknown command beginning "DISABLE CO..." - rest of line ignored.
SQL> DISABLE CONSTRAINT CHECK_GRADE CASCADE;
SP2-0734: unknown command beginning "DISABLE CO..." - rest of line ignored.
SQL> ALTER TABLE COURSE
  2  DISABLE CONSTRAINT CHECK_GRADE;

Table altered.

SQL> ALTER TABLE COURSE ENABLE CONSTRAINT CHECK_GRADE;

Table altered.

SQL> ALTER TABLE COURSE ENABLE CONSTRAINT CHECK_GRADE CASCADE;
ALTER TABLE COURSE ENABLE CONSTRAINT CHECK_GRADE CASCADE
                                                 *
ERROR at line 1:
ORA-00933: SQL command not properly ended 


SQL> ALTER TABLE COURSE DROP CONSTRAINT CHECK_GRADE;

Table altered.
SQL> RENAME SC TO SCC;

Table renamed.

SQL> SESC SC;
SP2-0042: unknown command "SESC SC" - rest of line ignored.
SQL> SESC SCC;
SP2-0042: unknown command "SESC SCC" - rest of line ignored.
SQL> DESC SC;
ERROR:
ORA-04043: object SC does not exist 


SQL> DESC SCC;
 Name                                      Null?    Type
 ----------------------------------------- -------- ----------------------------
 SNO                                       NOT NULL CHAR(9)
 CNO                                       NOT NULL CHAR(4)
 GRADE                                              NUMBER(38)

SQL> REMANE SCC SC
SP2-0734: unknown command beginning "REMANE SCC..." - rest of line ignored.
SQL> REMANE SCC TO SC;
SP2-0734: unknown command beginning "REMANE SCC..." - rest of line ignored.
SQL> RENAME SCC TO SC;

Table renamed.

SQL> DESC SC
 Name                                      Null?    Type
 ----------------------------------------- -------- ----------------------------
 SNO                                       NOT NULL CHAR(9)
 CNO                                       NOT NULL CHAR(4)
 GRADE                                              NUMBER(38)

SQL> COMMENT ON TABLE SC IS '';

Comment created.

SQL> ALL_COL_COMMENTS;
SP2-0734: unknown command beginning "ALL_COL_CO..." - rest of line ignored.



SQL> SELECT * FROM USER_COL_COMMENTS;

TABLE_NAME                     COLUMN_NAME                                      
------------------------------ ------------------------------                   
COMMENTS                                                                        
--------------------------------------------------------------------------------
STUDENT                        SNO                                              
                                                                                
                                                                                
STUDENT                        SAGE                                             
                                                                                
                                                                                
COURSE                         CCREDIT                                          
                                                                                
                                                                                

TABLE_NAME                     COLUMN_NAME                                      
------------------------------ ------------------------------                   
COMMENTS                                                                        
--------------------------------------------------------------------------------
STUDENT                        SNAME                                            
                                                                                
                                                                                
SC                             GRADE                                            
                                                                                
                                                                                
STUDENT                        SSEX                                             
                                                                                
                                                                                

TABLE_NAME                     COLUMN_NAME                                      
------------------------------ ------------------------------                   
COMMENTS                                                                        
--------------------------------------------------------------------------------
COURSE                         CPNO                                             
                                                                                
                                                                                
COURSE                         CNO                                              
                                                                                
                                                                                
STUDENT                        SDEPT                                            
                                                                                
                                                                                

TABLE_NAME                     COLUMN_NAME                                      
------------------------------ ------------------------------                   
COMMENTS                                                                        
--------------------------------------------------------------------------------
COURSE                         CNAME                                            
                                                                                
                                                                                
SC                             SNO                                              
                                                                                
                                                                                
SC                             CNO                                              
                                                                                
                                                                                

12 rows selected.

SQL> COMMENT ON TABLE SC IS 'SELECT COURSE';

Comment created.

SQL> SELECT * FROM USER_COL_COMMENTS;

TABLE_NAME                     COLUMN_NAME                                      
------------------------------ ------------------------------                   
COMMENTS                                                                        
--------------------------------------------------------------------------------
STUDENT                        SNO                                              
                                                                                
                                                                                
STUDENT                        SAGE                                             
                                                                                
                                                                                
COURSE                         CCREDIT                                          
                                                                                
                                                                                

TABLE_NAME                     COLUMN_NAME                                      
------------------------------ ------------------------------                   
COMMENTS                                                                        
--------------------------------------------------------------------------------
STUDENT                        SNAME                                            
                                                                                
                                                                                
SC                             GRADE                                            
                                                                                
                                                                                
STUDENT                        SSEX                                             
                                                                                
                                                                                

TABLE_NAME                     COLUMN_NAME                                      
------------------------------ ------------------------------                   
COMMENTS                                                                        
--------------------------------------------------------------------------------
COURSE                         CPNO                                             
                                                                                
                                                                                
COURSE                         CNO                                              
                                                                                
                                                                                
STUDENT                        SDEPT                                            
                                                                                
                                                                                

TABLE_NAME                     COLUMN_NAME                                      
------------------------------ ------------------------------                   
COMMENTS                                                                        
--------------------------------------------------------------------------------
COURSE                         CNAME                                            
                                                                                
                                                                                
SC                             SNO                                              
                                                                                
                                                                                
SC                             CNO                                              
                                                                                
                                                                                

12 rows selected.

SQL> SELECT * FROM USER_COL_COMMENTS;

TABLE_NAME                     COLUMN_NAME                                      
------------------------------ ------------------------------                   
COMMENTS                                                                        
--------------------------------------------------------------------------------
STUDENT                        SNO                                              
                                                                                
                                                                                
STUDENT                        SAGE                                             
                                                                                
                                                                                
COURSE                         CCREDIT                                          
                                                                                
                                                                                

TABLE_NAME                     COLUMN_NAME                                      
------------------------------ ------------------------------                   
COMMENTS                                                                        
--------------------------------------------------------------------------------
STUDENT                        SNAME                                            
                                                                                
                                                                                
SC                             GRADE                                            
                                                                                
                                                                                
STUDENT                        SSEX                                             
                                                                                
                                                                                

TABLE_NAME                     COLUMN_NAME                                      
------------------------------ ------------------------------                   
COMMENTS                                                                        
--------------------------------------------------------------------------------
COURSE                         CPNO                                             
                                                                                
                                                                                
COURSE                         CNO                                              
                                                                                
                                                                                
STUDENT                        SDEPT                                            
                                                                                
                                                                                

TABLE_NAME                     COLUMN_NAME                                      
------------------------------ ------------------------------                   
COMMENTS                                                                        
--------------------------------------------------------------------------------
COURSE                         CNAME                                            
                                                                                
                                                                                
SC                             SNO                                              
                                                                                
                                                                                
SC                             CNO                                              
                                                                                
                                                                                

12 rows selected.

SQL> 
SQL> 
SQL> 
SQL> 
SQL> 
SQL> 
SQL> 
SQL> 
SQL> 
SQL> 
SQL> 
SQL> 
SQL> 
SQL> SELECT * FROM USER_TAB_COMMENTS;

TABLE_NAME                     TABLE_TYPE                                       
------------------------------ -----------                                      
COMMENTS                                                                        
--------------------------------------------------------------------------------
STUDENT                        TABLE                                            
                                                                                
                                                                                
SC                             TABLE                                            
SELECT COURSE                                                                   
                                                                                
COURSE                         TABLE                                            
                                                                                
                                                                                

SQL> DESC SC
 Name                                      Null?    Type
 ----------------------------------------- -------- ----------------------------
 SNO                                       NOT NULL CHAR(9)
 CNO                                       NOT NULL CHAR(4)
 GRADE                                              NUMBER(38)

SQL> COMMENT ON COLUMN SNO ON TABLE SC IS 'TEST';
COMMENT ON COLUMN SNO ON TABLE SC IS 'TEST'
*
ERROR at line 1:
ORA-00903: invalid table name 


SQL> COMMENT ON COLUMN SNO TABLE SC IS 'TEST';
COMMENT ON COLUMN SNO TABLE SC IS 'TEST'
*
ERROR at line 1:
ORA-00903: invalid table name 


SQL> COMMENT ON TABLE SC.SNO IS 'TEST';
COMMENT ON TABLE SC.SNO IS 'TEST'
                    *
ERROR at line 1:
ORA-00942: table or view does not exist 


SQL> COMMENT ON COLUMN SC.SNO IS 'TEST';

Comment created.

SQL> SELECT*FROM USER_COL_COMMENTS;

TABLE_NAME                     COLUMN_NAME                                      
------------------------------ ------------------------------                   
COMMENTS                                                                        
--------------------------------------------------------------------------------
SC                             SNO                                              
TEST                                                                            
                                                                                
STUDENT                        SNO                                              
                                                                                
                                                                                
STUDENT                        SAGE                                             
                                                                                
                                                                                

TABLE_NAME                     COLUMN_NAME                                      
------------------------------ ------------------------------                   
COMMENTS                                                                        
--------------------------------------------------------------------------------
COURSE                         CCREDIT                                          
                                                                                
                                                                                
STUDENT                        SNAME                                            
                                                                                
                                                                                
SC                             GRADE                                            
                                                                                
                                                                                

TABLE_NAME                     COLUMN_NAME                                      
------------------------------ ------------------------------                   
COMMENTS                                                                        
--------------------------------------------------------------------------------
STUDENT                        SSEX                                             
                                                                                
                                                                                
COURSE                         CPNO                                             
                                                                                
                                                                                
COURSE                         CNO                                              
                                                                                
                                                                                

TABLE_NAME                     COLUMN_NAME                                      
------------------------------ ------------------------------                   
COMMENTS                                                                        
--------------------------------------------------------------------------------
STUDENT                        SDEPT                                            
                                                                                
                                                                                
COURSE                         CNAME                                            
                                                                                
                                                                                
SC                             CNO                                              
                                                                                
                                                                                

12 rows selected.

SQL> SELECT * FROM SC;

SNO       CNO       GRADE                                                       
--------- ---- ----------                                                       
201215121 1                                                                     

SQL> CREATE TABLE NEW_SC AS SELECT * FROM SC;

Table created.

SQL> SELECT * FROM NEW_SC;

SNO       CNO       GRADE                                                       
--------- ---- ----------                                                       
201215121 1                                                                     

SQL> TRINCATE TABLE NEW_SC;
SP2-0734: unknown command beginning "TRINCATE T..." - rest of line ignored.
SQL> TRUNCATE TABLE NEW_SC;

Table truncated.

SQL> SELECT * FROM NEW_SC;

no rows selected

SQL> DESC NEW_SC;
 Name                                      Null?    Type
 ----------------------------------------- -------- ----------------------------
 SNO                                                CHAR(9)
 CNO                                                CHAR(4)
 GRADE                                              NUMBER(38)

SQL> DROP TABLE NEW_SC ;

Table dropped.

SQL> SELECT * FROM NEW_SC;
SELECT * FROM NEW_SC
              *
ERROR at line 1:
ORA-00942: table or view does not exist 


SQL> DESC NEW_SC;
ERROR:
ORA-04043: object NEW_SC does not exist 


SQL> SPOOL OFF;

SQL> SELECT empno, ename, sal, deptno FROM emp;

     EMPNO ENAME             SAL     DEPTNO                                                                                                                                                                                                                                                                 
---------- ---------- ---------- ----------                                                                                                                                                                                                                                                                 
      7369 SMITH             800         20                                                                                                                                                                                                                                                                 
      7499 ALLEN            1600         30                                                                                                                                                                                                                                                                 
      7521 WARD             1250         30                                                                                                                                                                                                                                                                 
      7566 JONES            2975         20                                                                                                                                                                                                                                                                 
      7654 MARTIN           1250         30                                                                                                                                                                                                                                                                 
      7698 BLAKE            2850         30                                                                                                                                                                                                                                                                 
      7782 CLARK            2450         10                                                                                                                                                                                                                                                                 
      7788 SCOTT            3000         20                                                                                                                                                                                                                                                                 
      7839 KING             5000         10                                                                                                                                                                                                                                                                 
      7844 TURNER           1500         30                                                                                                                                                                                                                                                                 
      7876 ADAMS            1100         20                                                                                                                                                                                                                                                                 

     EMPNO ENAME             SAL     DEPTNO                                                                                                                                                                                                                                                                 
---------- ---------- ---------- ----------                                                                                                                                                                                                                                                                 
      7900 JAMES             950         30                                                                                                                                                                                                                                                                 
      7902 FORD             3000         20                                                                                                                                                                                                                                                                 
      7934 MILLER           1300         10                                                                                                                                                                                                                                                                 

14 rows selected.

SQL> SELECT deptno, dname FROM dept;

    DEPTNO DNAME                                                                                                                                                                                                                                                                                            
---------- --------------                                                                                                                                                                                                                                                                                   
        10 ACCOUNTING                                                                                                                                                                                                                                                                                       
        20 RESEARCH                                                                                                                                                                                                                                                                                         
        30 SALES                                                                                                                                                                                                                                                                                            
        40 OPERATIONS                                                                                                                                                                                                                                                                                       
SQL> SELECT empno, ename, sal*12 FROM emp;

     EMPNO ENAME          SAL*12                                                                                                                                                                                                                                                                            
---------- ---------- ----------                                                                                                                                                                                                                                                                            
      7369 SMITH            9600                                                                                                                                                                                                                                                                            
      7499 ALLEN           19200                                                                                                                                                                                                                                                                            
      7521 WARD            15000                                                                                                                                                                                                                                                                            
      7566 JONES           35700                                                                                                                                                                                                                                                                            
      7654 MARTIN          15000                                                                                                                                                                                                                                                                            
      7698 BLAKE           34200                                                                                                                                                                                                                                                                            
      7782 CLARK           29400                                                                                                                                                                                                                                                                            
      7788 SCOTT           36000                                                                                                                                                                                                                                                                            
      7839 KING            60000                                                                                                                                                                                                                                                                            
      7844 TURNER          18000                                                                                                                                                                                                                                                                            
      7876 ADAMS           13200                                                                                                                                                                                                                                                                            

     EMPNO ENAME          SAL*12                                                                                                                                                                                                                                                                            
---------- ---------- ----------                                                                                                                                                                                                                                                                            
      7900 JAMES           11400                                                                                                                                                                                                                                                                            
      7902 FORD            36000                                                                                                                                                                                                                                                                            
      7934 MILLER          15600                                                                                                                                                                                                                                                                            

14 rows selected.

SQL> SELECT ename, 12*sal+100 FROM emp;

ENAME      12*SAL+100                                                                                                                                                                                                                                                                                       
---------- ----------                                                                                                                                                                                                                                                                                       
SMITH            9700                                                                                                                                                                                                                                                                                       
ALLEN           19300                                                                                                                                                                                                                                                                                       
WARD            15100                                                                                                                                                                                                                                                                                       
JONES           35800                                                                                                                                                                                                                                                                                       
MARTIN          15100                                                                                                                                                                                                                                                                                       
BLAKE           34300                                                                                                                                                                                                                                                                                       
CLARK           29500                                                                                                                                                                                                                                                                                       
SCOTT           36100                                                                                                                                                                                                                                                                                       
KING            60100                                                                                                                                                                                                                                                                                       
TURNER          18100                                                                                                                                                                                                                                                                                       
ADAMS           13300                                                                                                                                                                                                                                                                                       

ENAME      12*SAL+100                                                                                                                                                                                                                                                                                       
---------- ----------                                                                                                                                                                                                                                                                                       
JAMES           11500                                                                                                                                                                                                                                                                                       
FORD            36100                                                                                                                                                                                                                                                                                       
MILLER          15700                                                                                                                                                                                                                                                                                       

14 rows selected.

SQL> SELECT ename, 12*(sal+100) FROM emp;

ENAME      12*(SAL+100)                                                                                                                                                                                                                                                                                     
---------- ------------                                                                                                                                                                                                                                                                                     
SMITH             10800                                                                                                                                                                                                                                                                                     
ALLEN             20400                                                                                                                                                                                                                                                                                     
WARD              16200                                                                                                                                                                                                                                                                                     
JONES             36900                                                                                                                                                                                                                                                                                     
MARTIN            16200                                                                                                                                                                                                                                                                                     
BLAKE             35400                                                                                                                                                                                                                                                                                     
CLARK             30600                                                                                                                                                                                                                                                                                     
SCOTT             37200                                                                                                                                                                                                                                                                                     
KING              61200                                                                                                                                                                                                                                                                                     
TURNER            19200                                                                                                                                                                                                                                                                                     
ADAMS             14400                                                                                                                                                                                                                                                                                     

ENAME      12*(SAL+100)                                                                                                                                                                                                                                                                                     
---------- ------------                                                                                                                                                                                                                                                                                     
JAMES             12600                                                                                                                                                                                                                                                                                     
FORD              37200                                                                                                                                                                                                                                                                                     
MILLER            16800                                                                                                                                                                                                                                                                                     

14 rows selected.

SQL> SELECT empno, ename name, sal*12
  2  ;

*
ERROR at line 2:
ORA-00923: FROM keyword not found where expected 


SQL> SELECT empno, ename name, sal*12
  2  
SQL> SELECT empno, ename name, sal*12 "Annual Salary" FROM emp;

     EMPNO NAME       Annual Salary                                                                                                                                                                                                                                                                         
---------- ---------- -------------                                                                                                                                                                                                                                                                         
      7369 SMITH               9600                                                                                                                                                                                                                                                                         
      7499 ALLEN              19200                                                                                                                                                                                                                                                                         
      7521 WARD               15000                                                                                                                                                                                                                                                                         
      7566 JONES              35700                                                                                                                                                                                                                                                                         
      7654 MARTIN             15000                                                                                                                                                                                                                                                                         
      7698 BLAKE              34200                                                                                                                                                                                                                                                                         
      7782 CLARK              29400                                                                                                                                                                                                                                                                         
      7788 SCOTT              36000                                                                                                                                                                                                                                                                         
      7839 KING               60000                                                                                                                                                                                                                                                                         
      7844 TURNER             18000                                                                                                                                                                                                                                                                         
      7876 ADAMS              13200                                                                                                                                                                                                                                                                         

     EMPNO NAME       Annual Salary                                                                                                                                                                                                                                                                         
---------- ---------- -------------                                                                                                                                                                                                                                                                         
      7900 JAMES              11400                                                                                                                                                                                                                                                                         
      7902 FORD               36000                                                                                                                                                                                                                                                                         
      7934 MILLER             15600                                                                                                                                                                                                                                                                         

14 rows selected.

SQL> SELECT ename ||'-----'||sal||'-----'||deptno FROM emp;

ENAME||'-----'||SAL||'-----'||DEPTNO                                                                                                                                                                                                                                                                        
----------------------------------------------------------------------------------------------------                                                                                                                                                                                                        
SMITH-----800-----20                                                                                                                                                                                                                                                                                        
ALLEN-----1600-----30                                                                                                                                                                                                                                                                                       
WARD-----1250-----30                                                                                                                                                                                                                                                                                        
JONES-----2975-----20                                                                                                                                                                                                                                                                                       
MARTIN-----1250-----30                                                                                                                                                                                                                                                                                      
BLAKE-----2850-----30                                                                                                                                                                                                                                                                                       
CLARK-----2450-----10                                                                                                                                                                                                                                                                                       
SCOTT-----3000-----20                                                                                                                                                                                                                                                                                       
KING-----5000-----10                                                                                                                                                                                                                                                                                        
TURNER-----1500-----30                                                                                                                                                                                                                                                                                      
ADAMS-----1100-----20                                                                                                                                                                                                                                                                                       

ENAME||'-----'||SAL||'-----'||DEPTNO                                                                                                                                                                                                                                                                        
----------------------------------------------------------------------------------------------------                                                                                                                                                                                                        
JAMES-----950-----30                                                                                                                                                                                                                                                                                        
FORD-----3000-----20                                                                                                                                                                                                                                                                                        
MILLER-----1300-----10                                                                                                                                                                                                                                                                                      

14 rows selected.

SQL> SELECT ename ||'->'||sal||'->'||deptno FROM emp;

ENAME||'->'||SAL||'->'||DEPTNO                                                                                                                                                                                                                                                                              
----------------------------------------------------------------------------------------------                                                                                                                                                                                                              
SMITH->800->20                                                                                                                                                                                                                                                                                              
ALLEN->1600->30                                                                                                                                                                                                                                                                                             
WARD->1250->30                                                                                                                                                                                                                                                                                              
JONES->2975->20                                                                                                                                                                                                                                                                                             
MARTIN->1250->30                                                                                                                                                                                                                                                                                            
BLAKE->2850->30                                                                                                                                                                                                                                                                                             
CLARK->2450->10                                                                                                                                                                                                                                                                                             
SCOTT->3000->20                                                                                                                                                                                                                                                                                             
KING->5000->10                                                                                                                                                                                                                                                                                              
TURNER->1500->30                                                                                                                                                                                                                                                                                            
ADAMS->1100->20                                                                                                                                                                                                                                                                                             

ENAME||'->'||SAL||'->'||DEPTNO                                                                                                                                                                                                                                                                              
----------------------------------------------------------------------------------------------                                                                                                                                                                                                              
JAMES->950->30                                                                                                                                                                                                                                                                                              
FORD->3000->20                                                                                                                                                                                                                                                                                              
MILLER->1300->10                                                                                                                                                                                                                                                                                            

14 rows selected.

SQL> SELECT ename, sal, comm, sal+comm FROM emp;

ENAME             SAL       COMM   SAL+COMM                                                                                                                                                                                                                                                                 
---------- ---------- ---------- ----------                                                                                                                                                                                                                                                                 
SMITH             800                                                                                                                                                                                                                                                                                       
ALLEN            1600        300       1900                                                                                                                                                                                                                                                                 
WARD             1250        500       1750                                                                                                                                                                                                                                                                 
JONES            2975                                                                                                                                                                                                                                                                                       
MARTIN           1250       1400       2650                                                                                                                                                                                                                                                                 
BLAKE            2850                                                                                                                                                                                                                                                                                       
CLARK            2450                                                                                                                                                                                                                                                                                       
SCOTT            3000                                                                                                                                                                                                                                                                                       
KING             5000                                                                                                                                                                                                                                                                                       
TURNER           1500          0       1500                                                                                                                                                                                                                                                                 
ADAMS            1100                                                                                                                                                                                                                                                                                       

ENAME             SAL       COMM   SAL+COMM                                                                                                                                                                                                                                                                 
---------- ---------- ---------- ----------                                                                                                                                                                                                                                                                 
JAMES             950                                                                                                                                                                                                                                                                                       
FORD             3000                                                                                                                                                                                                                                                                                       
MILLER           1300                                                                                                                                                                                                                                                                                       

14 rows selected.

SQL> SELECT ename, sal, comm, sal+NVL(comm, 0) FROM emp;

ENAME             SAL       COMM SAL+NVL(COMM,0)                                                                                                                                                                                                                                                            
---------- ---------- ---------- ---------------                                                                                                                                                                                                                                                            
SMITH             800                        800                                                                                                                                                                                                                                                            
ALLEN            1600        300            1900                                                                                                                                                                                                                                                            
WARD             1250        500            1750                                                                                                                                                                                                                                                            
JONES            2975                       2975                                                                                                                                                                                                                                                            
MARTIN           1250       1400            2650                                                                                                                                                                                                                                                            
BLAKE            2850                       2850                                                                                                                                                                                                                                                            
CLARK            2450                       2450                                                                                                                                                                                                                                                            
SCOTT            3000                       3000                                                                                                                                                                                                                                                            
KING             5000                       5000                                                                                                                                                                                                                                                            
TURNER           1500          0            1500                                                                                                                                                                                                                                                            
ADAMS            1100                       1100                                                                                                                                                                                                                                                            

ENAME             SAL       COMM SAL+NVL(COMM,0)                                                                                                                                                                                                                                                            
---------- ---------- ---------- ---------------                                                                                                                                                                                                                                                            
JAMES             950                        950                                                                                                                                                                                                                                                            
FORD             3000                       3000                                                                                                                                                                                                                                                            
MILLER           1300                       1300                                                                                                                                                                                                                                                            

14 rows selected.

SQL> SELECT deptno FROM emp;

    DEPTNO                                                                                                                                                                                                                                                                                                  
----------                                                                                                                                                                                                                                                                                                  
        20                                                                                                                                                                                                                                                                                                  
        30                                                                                                                                                                                                                                                                                                  
        30                                                                                                                                                                                                                                                                                                  
        20                                                                                                                                                                                                                                                                                                  
        30                                                                                                                                                                                                                                                                                                  
        30                                                                                                                                                                                                                                                                                                  
        10                                                                                                                                                                                                                                                                                                  
        20                                                                                                                                                                                                                                                                                                  
        10                                                                                                                                                                                                                                                                                                  
        30                                                                                                                                                                                                                                                                                                  
        20                                                                                                                                                                                                                                                                                                  

    DEPTNO                                                                                                                                                                                                                                                                                                  
----------                                                                                                                                                                                                                                                                                                  
        30                                                                                                                                                                                                                                                                                                  
        20                                                                                                                                                                                                                                                                                                  
        10                                                                                                                                                                                                                                                                                                  

14 rows selected.

SQL> SELECT DISTINCT deptno FROM emp;

    DEPTNO                                                                                                                                                                                                                                                                                                  
----------                                                                                                                                                                                                                                                                                                  
        30                                                                                                                                                                                                                                                                                                  
        20                                                                                                                                                                                                                                                                                                  
        10                                                                                                                                                                                                                                                                                                  

SQL> SELECT DISTINCT deptno, job FROM emp;

    DEPTNO JOB                                                                                                                                                                                                                                                                                              
---------- ---------                                                                                                                                                                                                                                                                                        
        20 CLERK                                                                                                                                                                                                                                                                                            
        30 SALESMAN                                                                                                                                                                                                                                                                                         
        20 MANAGER                                                                                                                                                                                                                                                                                          
        30 CLERK                                                                                                                                                                                                                                                                                            
        10 PRESIDENT                                                                                                                                                                                                                                                                                        
        30 MANAGER                                                                                                                                                                                                                                                                                          
        10 CLERK                                                                                                                                                                                                                                                                                            
        10 MANAGER                                                                                                                                                                                                                                                                                          
        20 ANALYST                                                                                                                                                                                                                                                                                          

9 rows selected.

SQL> SELECT * FROM emp WHERE mgr='';

no rows selected

SQL> SELECT * FROM emp WHERE mgr=null;

no rows selected

SQL> SELECT * FROM emp WHERE mgr IS NULL;

     EMPNO ENAME      JOB              MGR HIREDATE         SAL       COMM
---------- ---------- --------- ---------- --------- ---------- ----------
    DEPTNO
----------
      7839 KING       PRESIDENT            17-NOV-81       5000
        10


SQL> SELECT ename, sal FROM emp WHERE sal>ANY(3000, NULL);

ENAME             SAL
---------- ----------
KING             5000

SQL> SELECT ename, sal FROM emp WHERE sal>ALL(3000, NULL);

no rows selected

SQL> select * from sc
  2  ;

SNO       CNO       GRADE
--------- ---- ----------
201215121 1

SQL> SELECT FORM COURSE;
SELECT FORM COURSE
                 *
ERROR at line 1:
ORA-00923: FROM keyword not found where expected


SQL> SELECT * FORM COURSE;
SELECT * FORM COURSE
         *
ERROR at line 1:
ORA-00923: FROM keyword not found where expected


SQL> SELECT * FROM COURSE;

CNO  CNAME                                    CPNO    CCREDIT
---- ---------------------------------------- ---- ----------
2    数学                                                   2
6    数据处理                                               2
4    操作系统                                 6             2
7    PASCAL语言                               6             4
5    数据结构                                 7             2
1    数据库                                   5             4
3    信息系统                                 1             4

7 rows selected.

SQL> SELECT * FROM STUDENT;

SNO       SNAME                SS       SAGE SDEPT
--------- -------------------- -- ---------- --------------------
201215121 李勇                 男         20 CS
201215122 刘晨                 女         19 CS
201215123 王敏                 女         18 MA
201215124 张立                 男         19 IS

SQL> INSERT INTO SC
  2  VALUES('201215121', 2, 85)
  3  ;

1 row created.

SQL> INSERT INTO SC
  2  VALUES('201215121', 3, 88)
  3  ;

1 row created.

SQL> INSERT INTO SC
  2  VALUES('201215122', 2, 90)
  3  ;

1 row created.

SQL> INSERT INTO SC
  2  VALUES('201215122', 3, 80);

1 row created.

SQL> SELECT * FROM SC;

SNO       CNO       GRADE
--------- ---- ----------
201215121 1
201215121 2            85
201215121 3            88
201215122 2            90
201215122 3            80

SQL> ALTER TABLE SC GRADE 92 WHERE SNO='201215121';
ALTER TABLE SC GRADE 92 WHERE SNO='201215121'
               *
ERROR at line 1:
ORA-01735: invalid ALTER TABLE option


SQL> ALTER TABLE SC GRADE(92) WHERE SNO='201215121';
ALTER TABLE SC GRADE(92) WHERE SNO='201215121'
               *
ERROR at line 1:
ORA-01735: invalid ALTER TABLE option


SQL> ALTER TABLE SC.GRADE 92 WHERE SNO='201215121';
ALTER TABLE SC.GRADE 92 WHERE SNO='201215121'
                     *
ERROR at line 1:
ORA-01735: invalid ALTER TABLE option


SQL> ALTER TABLE SC MODIFY GRADE 92 WHERE SNO='201215121';
ALTER TABLE SC MODIFY GRADE 92 WHERE SNO='201215121'
                            *
ERROR at line 1:
ORA-00902: invalid datatype


SQL> ALTER TABLE SC MODIFY GRADE(92) WHERE SNO='201215121';
ALTER TABLE SC MODIFY GRADE(92) WHERE SNO='201215121'
                           *
ERROR at line 1:
ORA-00902: invalid datatype


SQL> DESC SC;
 Name                                      Null?    Type
 ----------------------------------------- -------- ----------------------------
 SNO                                       NOT NULL CHAR(9)
 CNO                                       NOT NULL CHAR(4)
 GRADE                                              NUMBER(38)

SQL> UPDATE TABLE SC SET GRADE(92) WHERE SNO='201215121';
UPDATE TABLE SC SET GRADE(92) WHERE SNO='201215121'
       *
ERROR at line 1:
ORA-00903: invalid table name


SQL> UPDATE TABLE SC SET GRADE=92 WHERE SNO='201215121';
UPDATE TABLE SC SET GRADE=92 WHERE SNO='201215121'
       *
ERROR at line 1:
ORA-00903: invalid table name


SQL> UPDATE SC SET GRADE=92 WHERE SNO='201215121';

3 rows updated.

SQL> UPDATE SC SET GRADE=85 WHERE SNO='201215121' AND CNO=2;

1 row updated.

SQL> UPDATE SC SET GRADE=88 WHERE SNO='201215121' AND CNO=3;

1 row updated.

SQL> SELECT * FROM SC;

SNO       CNO       GRADE
--------- ---- ----------
201215121 1            92
201215121 2            85
201215121 3            88
201215122 2            90
201215122 3            80

SQL> SELECT STUDENT.*,SC.*
  2  FROM STUDENT, SC
  3  WHERE STUDENT.SNO=SC.SNO;

SNO       SNAME                SS       SAGE SDEPT                SNO       CNO
--------- -------------------- -- ---------- -------------------- --------- ----
     GRADE
----------
201215121 李勇                 男         20 CS                   201215121 1
        92

201215121 李勇                 男         20 CS                   201215121 2
        85

201215121 李勇                 男         20 CS                   201215121 3
        88


SNO       SNAME                SS       SAGE SDEPT                SNO       CNO
--------- -------------------- -- ---------- -------------------- --------- ----
     GRADE
----------
201215122 刘晨                 女         19 CS                   201215122 2
        90

201215122 刘晨                 女         19 CS                   201215122 3
        80


SQL> INSERT INTO SC
  2  VALUES('201215122', 1, 80);

1 row created.

SQL> SELECT STUDENT*, SC.*
  2  FROM STUDENT,SC
  3  ;
SELECT STUDENT*, SC.*
               *
ERROR at line 1:
ORA-00936: missing expression


SQL> SELECT STUDENT.*, SC.*
  2  FROM STUDENT,SC;

SNO       SNAME                SS       SAGE SDEPT                SNO       CNO
--------- -------------------- -- ---------- -------------------- --------- ----
     GRADE
----------
201215121 李勇                 男         20 CS                   201215121 1
        92

201215122 刘晨                 女         19 CS                   201215121 1
        92

201215123 王敏                 女         18 MA                   201215121 1
        92


SNO       SNAME                SS       SAGE SDEPT                SNO       CNO
--------- -------------------- -- ---------- -------------------- --------- ----
     GRADE
----------
201215124 张立                 男         19 IS                   201215121 1
        92

201215121 李勇                 男         20 CS                   201215121 2
        85

201215122 刘晨                 女         19 CS                   201215121 2
        85


SNO       SNAME                SS       SAGE SDEPT                SNO       CNO
--------- -------------------- -- ---------- -------------------- --------- ----
     GRADE
----------
201215123 王敏                 女         18 MA                   201215121 2
        85

201215124 张立                 男         19 IS                   201215121 2
        85

201215121 李勇                 男         20 CS                   201215121 3
        88


SNO       SNAME                SS       SAGE SDEPT                SNO       CNO
--------- -------------------- -- ---------- -------------------- --------- ----
     GRADE
----------
201215122 刘晨                 女         19 CS                   201215121 3
        88

201215123 王敏                 女         18 MA                   201215121 3
        88

201215124 张立                 男         19 IS                   201215121 3
        88


SNO       SNAME                SS       SAGE SDEPT                SNO       CNO
--------- -------------------- -- ---------- -------------------- --------- ----
     GRADE
----------
201215121 李勇                 男         20 CS                   201215122 2
        90

201215122 刘晨                 女         19 CS                   201215122 2
        90

201215123 王敏                 女         18 MA                   201215122 2
        90


SNO       SNAME                SS       SAGE SDEPT                SNO       CNO
--------- -------------------- -- ---------- -------------------- --------- ----
     GRADE
----------
201215124 张立                 男         19 IS                   201215122 2
        90

201215121 李勇                 男         20 CS                   201215122 3
        80

201215122 刘晨                 女         19 CS                   201215122 3
        80


SNO       SNAME                SS       SAGE SDEPT                SNO       CNO
--------- -------------------- -- ---------- -------------------- --------- ----
     GRADE
----------
201215123 王敏                 女         18 MA                   201215122 3
        80

201215124 张立                 男         19 IS                   201215122 3
        80

201215121 李勇                 男         20 CS                   201215122 1
        80


SNO       SNAME                SS       SAGE SDEPT                SNO       CNO
--------- -------------------- -- ---------- -------------------- --------- ----
     GRADE
----------
201215122 刘晨                 女         19 CS                   201215122 1
        80

201215123 王敏                 女         18 MA                   201215122 1
        80

201215124 张立                 男         19 IS                   201215122 1
        80


24 rows selected.

SQL> Set WRAP OFF
SQL>
SQL> SELECT STUDENT.*, SC.*
  2  FROM STUDENT,SC;
rows will be truncated


SNO       SNAME                SS       SAGE SDEPT                SNO       CNO
--------- -------------------- -- ---------- -------------------- --------- ----
201215121 李勇                 男         20 CS                   201215121 1
201215122 刘晨                 女         19 CS                   201215121 1
201215123 王敏                 女         18 MA                   201215121 1
201215124 张立                 男         19 IS                   201215121 1
201215121 李勇                 男         20 CS                   201215121 2
201215122 刘晨                 女         19 CS                   201215121 2
201215123 王敏                 女         18 MA                   201215121 2
201215124 张立                 男         19 IS                   201215121 2
201215121 李勇                 男         20 CS                   201215121 3
201215122 刘晨                 女         19 CS                   201215121 3
201215123 王敏                 女         18 MA                   201215121 3

SNO       SNAME                SS       SAGE SDEPT                SNO       CNO
--------- -------------------- -- ---------- -------------------- --------- ----
201215124 张立                 男         19 IS                   201215121 3
201215121 李勇                 男         20 CS                   201215122 2
201215122 刘晨                 女         19 CS                   201215122 2
201215123 王敏                 女         18 MA                   201215122 2
201215124 张立                 男         19 IS                   201215122 2
201215121 李勇                 男         20 CS                   201215122 3
201215122 刘晨                 女         19 CS                   201215122 3
201215123 王敏                 女         18 MA                   201215122 3
201215124 张立                 男         19 IS                   201215122 3
201215121 李勇                 男         20 CS                   201215122 1
201215122 刘晨                 女         19 CS                   201215122 1

SNO       SNAME                SS       SAGE SDEPT                SNO       CNO
--------- -------------------- -- ---------- -------------------- --------- ----
201215123 王敏                 女         18 MA                   201215122 1
201215124 张立                 男         19 IS                   201215122 1

24 rows selected.

SQL> SPOOL OFF;

SQL> CREATE TABLE EMP(EMPNO NUMBER(4)PRIMARY KEY, ENAME VARCHAR2(10), JOB VARCHAR2(9), MGR NUMBER(4) CONSTRAINT EMP_SELF_KEY REFERENCES EMP(EMPNO), HIREDATE DATE, SAL NUMBER(7,2),COMM NUMBER(7,2),DEPTNO NUMBER(4));

Table created.

SQL> COMMENT ON COLUMN EMP.EMPNO IS '员工号';

Comment created.

SQL> COMMENT ON COLUMN EMP.ENAME IS '员工姓名';

Comment created.

SQL> COMMENT ON COLUMN EMP.JOB IS '工作';

Comment created.

SQL> COMMENT ON COLUMN EMP.MGR IS '上级编号';

Comment created.

SQL> COMMENT ON COLUMN EMP.HIREDATE IS '雇佣日期';

Comment created.

SQL> COMMENT ON COLUMN EMP.SAL IS '薪金';

Comment created.

SQL> COMMENT ON COLUMN EMP.COMM IS '佣金';

Comment created.

SQL> COMMENT ON COLUMN EMP.DEPTNO IS '部门编号';CREATE TABLE DEPT(DEPTNO NUMBER(4)PRIMARY KEY,DNAME VARCHAR2(14),LOC VARCHAR2(13));
COMMENT ON COLUMN EMP.DEPTNO IS '部门编号';CREATE TABLE DEPT(DEPTNO NUMBER(4)PRIMARY KEY,DNAME VARCHAR2(14),LOC VARCHAR2(13))
                                          *
ERROR at line 1:
ORA-00911: invalid character

SQL> CREATE TABLE DEPT(DEPTNO NUMBER(4)PRIMARY KEY,DNAME VARCHAR2(14),LOC VARCHAR2(13));

Table created.

SQL> COMMENT ON COLUMN EMP.DEPTNO IS '部门编号';

Comment created.

SQL> COMMENT ON COLUMN DEPT.DEPTNO IS '部门编号';

Comment created.

SQL> COMMENT ON COLUMN DEPT.DNAME IS '部门名称';

Comment created.

SQL> COMMENT ON COLUMN DEPT.LOC IS '地点';

Comment created.

SQL> CREATE TABLE REGIONS(REGION_ID NUMBER PRIMARY KEY, REGION_NAME VARCHAR2(25));

Table created.

SQL> CREATE TABLE COUNTRIES (COUNTRY_ID CHAR(2), COUNTRY_NAME VARCHAR2(40), REGION_ID NUMBER , FOREIGN KEY(REGION_ID) REFERENCES REGIONS(REGION_ID));

Table created.

SQL> CREATE TABLE LOCATIONS ( LOCATION_ID NUMBER(4) PRIMARY KEY,STREET_ADDRESS VARCHAR2(40), POSTAL_CODE VARCHAR2(12), CITY VARCHAR2(30), STATE_PROVINCE VARCHAR2(25), COUNTRY_ID CHAR(2), FOREIGN KEY (COUNTRY_ID) REFERENCES COUNTRIES(COUNTRY_ID));
CREATE TABLE LOCATIONS ( LOCATION_ID NUMBER(4) PRIMARY KEY,STREET_ADDRESS VARCHAR2(40), POSTAL_CODE VARCHAR2(12), CITY VARCHAR2(30), STATE_PROVINCE VARCHAR2(25), COUNTRY_ID CHAR(2), FOREIGN KEY (COUNTRY_ID) REFERENCES COUNTRIES(COUNTRY_ID))
                                                                                                                                                                                                                                    *
ERROR at line 1:
ORA-02270: no matching unique or primary key for this column-list 


SQL> ALTER TABLE COUNTRIES
  2  ADD CONSTRAINTS LATER_ADD_PRI PRIMARY KEY (COUNTRY_ID);

Table altered.

SQL> CREATE TABLE LOCATIONS ( LOCATION_ID NUMBER(4) PRIMARY KEY,STREET_ADDRESS VARCHAR2(40), POSTAL_CODE VARCHAR2(12), CITY VARCHAR2(30), STATE_PROVINCE VARCHAR2(25), COUNTRY_ID CHAR(2), FOREIGN KEY (COUNTRY_ID) REFERENCES COUNTRIES(COUNTRY _ID));
CREATE TABLE LOCATIONS ( LOCATION_ID NUMBER(4) PRIMARY KEY,STREET_ADDRESS VARCHAR2(40), POSTAL_CODE VARCHAR2(12), CITY VARCHAR2(30), STATE_PROVINCE VARCHAR2(25), COUNTRY_ID CHAR(2), FOREIGN KEY (COUNTRY_ID) REFERENCES COUNTRIES(COUNTRY _ID))
                                                                                                                                                                                                                                            *
ERROR at line 1:
ORA-00911: invalid character 


SQL> CREATE TABLE LOCATIONS ( LOCATION_ID NUMBER(4) PRIMARY KEY,STREET_ADDRESS VARCHAR2(40), POSTAL_CODE VARCHAR2(12), CITY VARCHAR2(30), STATE_PROVINCE VARCHAR2(25), COUNTRY_ID CHAR(2),
  2  FOREIGN KEY (COUNTRY_ID) REFERENCES COUNTRIES(COUNTRY _ID));
FOREIGN KEY (COUNTRY_ID) REFERENCES COUNTRIES(COUNTRY _ID))
                                                      *
ERROR at line 2:
ORA-00911: invalid character 


SQL> CREATE TABLE LOCATIONS ( LOCATION_ID NUMBER(4) PRIMARY KEY,STREET_ADDRESS VARCHAR2(40), POSTAL_CODE VARCHAR2(12), CITY VARCHAR2(30), STATE_PROVINCE VARCHAR2(25), COUNTRY_ID CHAR(2), FOREIGN KEY (COUNTRY_ID) REFERENCES COUNTRIES(COUNTRY_ID));

Table created.

SQL> CREATE TABLE DEPARTMENTS(DEPARTMENTS NUMBER(4) PRIMARY KEY, DEPARTMENT_NAME VARCHAR2(30) NOT NULL, MANAGER_ID NUMBER(6), LOCATION_ID NUMBER(4), FOREIGN KEY(MANAGER_ID) REFERENCES EMPLOYEES(EMPLOYEE_ID), FOREIGN KEY(LOCATION_ID) REFERENCES LOCATIONS(LOCATION_ID));
CREATE TABLE DEPARTMENTS(DEPARTMENTS NUMBER(4) PRIMARY KEY, DEPARTMENT_NAME VARCHAR2(30) NOT NULL, MANAGER_ID NUMBER(6), LOCATION_ID NUMBER(4), FOREIGN KEY(MANAGER_ID) REFERENCES EMPLOYEES(EMPLOYEE_ID), FOREIGN KEY(LOCATION_ID) REFERENCES LOCATIONS(LOCATION_ID))
                                                                                                                                                                                   *
ERROR at line 1:
ORA-00942: table or view does not exist 


SQL> CREATE TABLE DEPARTMENTS(DEPARTMENTS NUMBER(4) PRIMARY KEY, DEPARTMENT_NAME VARCHAR2(30) NOT NULL, MANAGER_ID NUMBER(6), LOCATION_ID NUMBER(4), FOREIGN KEY(LOCATION_ID) REFERENCES LOCATIONS(LOCATION_ID));

Table created.

SQL> CREATE TABLE EMPLOYEES(EMPLOYEE_ID NUMBER(6) PRIMARY KEY, FIRST_NAME VARCHAR2(20) NOT NULL, LAST_NAME VARCHAR2(25) NOT NULL, EMAIL VARCHAR2(25) NOT NULL, PHONE_NUMBER VARCHAR2(20), HIRE_DATE DATE, JOB_ID VARCHAR2(10) NOT NULL, FOREIGN KEY(JOB_ID), SALARY NUMBER(8,2), CONSTRAINT SALARY_CHECK CHECK(SALARY>0) , COMMISSION_PCT NUMBER(2,2), MANAGER_ID NUMBER(6), DEPARTMENT_ID NUMBER(4), PRIMARY KEY(MANAGER_ID) REFERENCES EMPLOYEE(EMPLOYEE_ID), PRIMARY KEY(DEPARTMENT_ID) REFERENCES DEPARTMENTS(DEPARTMENT_ID));
CREATE TABLE EMPLOYEES(EMPLOYEE_ID NUMBER(6) PRIMARY KEY, FIRST_NAME VARCHAR2(20) NOT NULL, LAST_NAME VARCHAR2(25) NOT NULL, EMAIL VARCHAR2(25) NOT NULL, PHONE_NUMBER VARCHAR2(20), HIRE_DATE DATE, JOB_ID VARCHAR2(10) NOT NULL, FOREIGN KEY(JOB_ID), SALARY NUMBER(8,2), CONSTRAINT SALARY_CHECK CHECK(SALARY>0) , COMMISSION_PCT NUMBER(2,2), MANAGER_ID NUMBER(6), DEPARTMENT_ID NUMBER(4), PRIMARY KEY(MANAGER_ID) REFERENCES EMPLOYEE(EMPLOYEE_ID), PRIMARY KEY(DEPARTMENT_ID) REFERENCES DEPARTMENTS(DEPARTMENT_ID))
                                                                                                                                                                                                                                                      *
ERROR at line 1:
ORA-00905: missing keyword 


SQL> CREATE TABLE EMPLOYEES(EMPLOYEE_ID NUMBER(6) PRIMARY KEY, FIRST_NAME VARCHAR2(20) NOT NULL, LAST_NAME VARCHAR2(25) NOT NULL, EMAIL VARCHAR2(25) NOT NULL, PHONE_NUMBER VARCHAR2(20), HIRE_DATE DATE, JOB_ID VARCHAR2(10) NOT NULL, FOREIGN KEY(JOB_ID), SALARY NUMBER(8,2), CONSTRAINT SALARY_CHECK CHECK(SALARY>0) , COMMISSION_PCT NUMBER(2,2), MANAGER_ID NUMBER(6), DEPARTMENT_ID NUMBER(4), PRIMARY KEY(MANAGER_ID) REFERENCES EMPLOYEES(EMPLOYEE_ID), PRIMARY KEY(DEPARTMENT_ID) REFERENCES DEPARTMENTS(DEPARTMENT_ID));
CREATE TABLE EMPLOYEES(EMPLOYEE_ID NUMBER(6) PRIMARY KEY, FIRST_NAME VARCHAR2(20) NOT NULL, LAST_NAME VARCHAR2(25) NOT NULL, EMAIL VARCHAR2(25) NOT NULL, PHONE_NUMBER VARCHAR2(20), HIRE_DATE DATE, JOB_ID VARCHAR2(10) NOT NULL, FOREIGN KEY(JOB_ID), SALARY NUMBER(8,2), CONSTRAINT SALARY_CHECK CHECK(SALARY>0) , COMMISSION_PCT NUMBER(2,2), MANAGER_ID NUMBER(6), DEPARTMENT_ID NUMBER(4), PRIMARY KEY(MANAGER_ID) REFERENCES EMPLOYEES(EMPLOYEE_ID), PRIMARY KEY(DEPARTMENT_ID) REFERENCES DEPARTMENTS(DEPARTMENT_ID))
                                                                                                                                                                                                                                                      *
ERROR at line 1:
ORA-00905: missing keyword 


SQL> CREATE TABLE EMPLOYEES(EMPLOYEE_ID NUMBER(6) PRIMARY KEY, FIRST_NAME VARCHAR2(20) NOT NULL, LAST_NAME VARCHAR2(25) NOT NULL, EMAIL VARCHAR2(25) NOT NULL, PHONE_NUMBER VARCHAR2(20), HIRE_DATE DATE, JOB_ID VARCHAR2(10) NOT NULL, FOREIGN KEY(JOB_ID), SALARY NUMBER(8,2),
  2  CONSTRAINT SALARY_CHECK CHECK(SALARY>0) ,
  3  COMMISSION_PCT NUMBER(2,2), MANAGER_ID NUMBER(6), DEPARTMENT_ID NUMBER(4), PRIMARY KEY(MANAGER_ID) REFERENCES EMPLOYEES(EMPLOYEE_ID), PRIMARY KEY(DEPARTMENT_ID) REFERENCES DEPARTMENTS(DEPARTMENT_ID));
CREATE TABLE EMPLOYEES(EMPLOYEE_ID NUMBER(6) PRIMARY KEY, FIRST_NAME VARCHAR2(20) NOT NULL, LAST_NAME VARCHAR2(25) NOT NULL, EMAIL VARCHAR2(25) NOT NULL, PHONE_NUMBER VARCHAR2(20), HIRE_DATE DATE, JOB_ID VARCHAR2(10) NOT NULL, FOREIGN KEY(JOB_ID), SALARY NUMBER(8,2),
                                                                                                                                                                                                                                                      *
ERROR at line 1:
ORA-00905: missing keyword 


SQL> CREATE TABLE EMPLOYEES(
  2      EMPLOYEE_ID NUMBER(6) PRIMARY KEY,
  3      FIRST_NAME VARCHAR2(20) NOT NULL,
  4      LAST_NAME VARCHAR2(25) NOT NULL,
  5      EMAIL VARCHAR2(25) NOT NULL,
  6      PHONE_NUMBER VARCHAR2(20),
  7      HIRE_DATE DATE,
  8      JOB_ID VARCHAR2(10) NOT NULL,
  9      FOREIGN KEY(JOB_ID),
 10      SALARY NUMBER (8, 2),
 11      CONSTRAINT SALARY_CHECK CHECK (SALARY > 0),
 12      COMMISSION_PCT NUMBER (2, 2),
 13      MANAGER_ID NUMBER (6),
 14      DEPARTMENT_ID NUMBER (4),
 15      PRIMARY KEY (MANAGER_ID) REFERENCES EMPLOYEES (EMPLOYEE_ID),
 16      PRIMARY KEY (DEPARTMENT_ID) REFERENCES DEPARTMENTS (DEPARTMENT_ID)
 17  );
    FOREIGN KEY(JOB_ID),
                       *
ERROR at line 9:
ORA-00905: missing keyword 


SQL> CREATE TABLE JOBS (
  2      JOB_ID VARCHAR2(10) PRIMARY KEY;
    JOB_ID VARCHAR2(10) PRIMARY KEY
                                  *
ERROR at line 2:
ORA-00907: missing right parenthesis 


SQL>     JOB_TITLE VARCHAR2(35) NOT NULL;
SP2-0734: unknown command beginning "JOB_TITLE ..." - rest of line ignored.
SQL>     MIN_SALARY NUMBER(6);
SP2-0734: unknown command beginning "MIN_SALARY..." - rest of line ignored.
SQL>     MAX_SALARY NUMBER(6);
SP2-0734: unknown command beginning "MAX_SALARY..." - rest of line ignored.
SQL> CREATE TABLE JOBS (
  2      JOB_ID VARCHAR2(10) PRIMARY KEY,
  3      JOB_TITLE VARCHAR2(35) NOT NULL,
  4      MIN_SALARY NUMBER(6),
  5      MAX_SALARY NUMBER(6)
  6  );

Table created.

SQL> CREATE TABLE EMPLOYEES(
  2      EMPLOYEE_ID NUMBER(6) PRIMARY KEY,
  3      FIRST_NAME VARCHAR2(20) NOT NULL,
  4      LAST_NAME VARCHAR2(25) NOT NULL,
  5      EMAIL VARCHAR2(25) NOT NULL,
  6      PHONE_NUMBER VARCHAR2(20),
  7      HIRE_DATE DATE,
  8      JOB_ID VARCHAR2(10) NOT NULL,
  9      FOREIGN KEY(JOB_ID) REFERENCES JOBS(JOB_ID),
 10      SALARY NUMBER (8, 2),
 11      CONSTRAINT SALARY_CHECK CHECK (SALARY > 0),
 12      COMMISSION_PCT NUMBER (2, 2),
 13      MANAGER_ID NUMBER (6),
 14      DEPARTMENT_ID NUMBER (4),
 15      PRIMARY KEY (MANAGER_ID) REFERENCES EMPLOYEES (EMPLOYEE_ID),
 16      PRIMARY KEY (DEPARTMENT_ID) REFERENCES DEPARTMENTS (DEPARTMENT_ID)
 17  );
    PRIMARY KEY (MANAGER_ID) REFERENCES EMPLOYEES (EMPLOYEE_ID),
    *
ERROR at line 15:
ORA-02260: table can have only one primary key 


SQL> CREATE TABLE EMPLOYEES(
  2      EMPLOYEE_ID NUMBER(6) PRIMARY KEY,
  3      FIRST_NAME VARCHAR2(20) NOT NULL,
  4      LAST_NAME VARCHAR2(25) NOT NULL,
  5      EMAIL VARCHAR2(25) NOT NULL,
  6      PHONE_NUMBER VARCHAR2(20),
  7      HIRE_DATE DATE,
  8      JOB_ID VARCHAR2(10) NOT NULL,
  9      FOREIGN KEY(JOB_ID) REFERENCES JOBS(JOB_ID),
 10      SALARY NUMBER (8, 2),
 11      CONSTRAINT SALARY_CHECK CHECK (SALARY > 0),
 12      COMMISSION_PCT NUMBER (2, 2),
 13      MANAGER_ID NUMBER (6),
 14      DEPARTMENT_ID NUMBER (4),
 15      FOREIGN KEY (MANAGER_ID) REFERENCES EMPLOYEES (EMPLOYEE_ID),
 16      FOREIGN KEY (DEPARTMENT_ID) REFERENCES DEPARTMENTS (DEPARTMENT_ID)
 17  );
    FOREIGN KEY (DEPARTMENT_ID) REFERENCES DEPARTMENTS (DEPARTMENT_ID)
                                                        *
ERROR at line 16:
ORA-00904: "DEPARTMENT_ID": invalid identifier 


SQL> CREATE TABLE EMPLOYEES(
  2      EMPLOYEE_ID NUMBER(6) PRIMARY KEY,
  3      FIRST_NAME VARCHAR2(20) NOT NULL,
  4      LAST_NAME VARCHAR2(25) NOT NULL,
  5      EMAIL VARCHAR2(25) NOT NULL,
  6      PHONE_NUMBER VARCHAR2(20),
  7      HIRE_DATE DATE,
  8      JOB_ID VARCHAR2(10) NOT NULL,
  9      FOREIGN KEY(JOB_ID) REFERENCES JOBS(JOB_ID),
 10      SALARY NUMBER (8, 2),
 11      CONSTRAINT SALARY_CHECK CHECK (SALARY > 0),
 12      COMMISSION_PCT NUMBER (2, 2),
 13      MANAGER_ID NUMBER (6),
 14      DEPARTMENT_ID NUMBER (4),
 15      FOREIGN KEY (MANAGER_ID) REFERENCES EMPLOYEES (EMPLOYEE_ID),
 16      FOREIGN KEY (DEPARTMENT_ID) REFERENCES DEPARTMENTS(DEPARTMENT_ID)
 17  );
    FOREIGN KEY (DEPARTMENT_ID) REFERENCES DEPARTMENTS(DEPARTMENT_ID)
                                                       *
ERROR at line 16:
ORA-00904: "DEPARTMENT_ID": invalid identifier 


SQL> DESC DEPARTMENTS;
 Name                                      Null?    Type
 ----------------------------------------- -------- ----------------------------
 DEPARTMENTS                               NOT NULL NUMBER(4)
 DEPARTMENT_NAME                           NOT NULL VARCHAR2(30)
 MANAGER_ID                                         NUMBER(6)
 LOCATION_ID                                        NUMBER(4)

SQL> ALTER TABLE DEPARTMENTS
  2  RENAME DEPARTMENT DEPARTMENT_ID;
RENAME DEPARTMENT DEPARTMENT_ID
       *
ERROR at line 2:
ORA-14155: missing PARTITION or SUBPARTITION keyword 


SQL> ALTER TABLE DEPARTMENTS
  2  MODIFY DEPARTMENT DEPARTMENT_ID;
MODIFY DEPARTMENT DEPARTMENT_ID
       *
ERROR at line 2:
ORA-00904: "DEPARTMENT": invalid identifier 


SQL> DESC DEPARTMENT
ERROR:
ORA-04043: object DEPARTMENT does not exist 


SQL> ALTER TABLE DEPARTMENTS
  2  MODIFY DEPARTMENTS DEPARTMENT_ID;
MODIFY DEPARTMENTS DEPARTMENT_ID
       *
ERROR at line 2:
ORA-22858: invalid alteration of datatype 


SQL> ALTER TABLE DEPARTMENTS
  2  RENAME DEPARTMENTS DEPARTMENT_ID;
RENAME DEPARTMENTS DEPARTMENT_ID
       *
ERROR at line 2:
ORA-14155: missing PARTITION or SUBPARTITION keyword 


SQL> ALTER TABLE DEPARTMENTS RENAME COLUMN DEPARTMENTS TO DEPARTMENT_ID;

Table altered.

SQL> DESC DEPARTMENTS
 Name                                      Null?    Type
 ----------------------------------------- -------- ----------------------------
 DEPARTMENT_ID                             NOT NULL NUMBER(4)
 DEPARTMENT_NAME                           NOT NULL VARCHAR2(30)
 MANAGER_ID                                         NUMBER(6)
 LOCATION_ID                                        NUMBER(4)

SQL> CREATE TABLE EMPLOYEES(
  2      EMPLOYEE_ID NUMBER(6) PRIMARY KEY,
  3      FIRST_NAME VARCHAR2(20) NOT NULL,
  4      LAST_NAME VARCHAR2(25) NOT NULL,
  5      EMAIL VARCHAR2(25) NOT NULL,
  6      PHONE_NUMBER VARCHAR2(20),
  7      HIRE_DATE DATE,
  8      JOB_ID VARCHAR2(10) NOT NULL,
  9      FOREIGN KEY(JOB_ID) REFERENCES JOBS(JOB_ID),
 10      SALARY NUMBER (8, 2),
 11      CONSTRAINT SALARY_CHECK CHECK (SALARY > 0),
 12      COMMISSION_PCT NUMBER (2, 2),
 13      MANAGER_ID NUMBER (6),
 14      DEPARTMENT_ID NUMBER (4),
 15      FOREIGN KEY (MANAGER_ID) REFERENCES EMPLOYEES (EMPLOYEE_ID),
 16      FOREIGN KEY (DEPARTMENT_ID) REFERENCES DEPARTMENTS(DEPARTMENT_ID)
 17  );

Table created.

SQL> ALTER TABLE DEPARTMENTS
  2  ADD CONSTRAINTS FOREIGN KEY(MANAGER_ID) REFERENCES EMPLOYEES(EMPLOYEE_ID);
ADD CONSTRAINTS FOREIGN KEY(MANAGER_ID) REFERENCES EMPLOYEES(EMPLOYEE_ID)
                           *
ERROR at line 2:
ORA-00902: invalid datatype 


SQL> ALTER TABLE DEPARTMENTS
  2  ADD  FOREIGN KEY(MANAGER_ID) REFERENCES EMPLOYEES(EMPLOYEE_ID);

Table altered.

SQL> CREATE TABLE JOB_HISTORY(
  2      EMPLOYEE_ID NUMBER(6) NOT NULL,
  3      FOREIGN KEY(EMPLOYEE_ID) REFERENCES EMPLOYEES(EMPLOYEE_ID);
    FOREIGN KEY(EMPLOYEE_ID) REFERENCES EMPLOYEES(EMPLOYEE_ID)
                                                             *
ERROR at line 3:
ORA-00907: missing right parenthesis 


SQL>     START_DATE DATE NOT NULL,
SP2-0310: unable to open file "_DATE.sql"
SQL>     END_DATE DATE NOT NULL,
SP2-0734: unknown command beginning "END_DATE D..." - rest of line ignored.
SQL>     JOB_ID VARCHAR2(10) NOT NULL,
SP2-0734: unknown command beginning "JOB_ID VAR..." - rest of line ignored.
SQL>     DEPARTMENT_ID NUMBER(4),
SP2-0734: unknown command beginning "DEPARTMENT..." - rest of line ignored.
SQL>     FOREIGN KEY(JOB_ID) REFERENCES JOBS(JOB_ID),
SP2-0734: unknown command beginning "FOREIGN KE..." - rest of line ignored.
SP2-0044: For a list of known commands enter HELP
and to leave enter EXIT.
SQL>     FOREIGN KEY(DEPARTMENT_ID) REFERENCES DEPARTMENTS(DEPARTMENT_ID)
SP2-0734: unknown command beginning "FOREIGN KE..." - rest of line ignored.
SQL> );
SP2-0042: unknown command ")" - rest of line ignored.
SQL> CREATE TABLE JOB_HISTORY(
  2      EMPLOYEE_ID NUMBER(6) NOT NULL,
  3      FOREIGN KEY(EMPLOYEE_ID) REFERENCES EMPLOYEES(EMPLOYEE_ID),
  4      START_DATE DATE NOT NULL,
  5      END_DATE DATE NOT NULL,
  6      JOB_ID VARCHAR2(10) NOT NULL,
  7      DEPARTMENT_ID NUMBER(4),
  8      FOREIGN KEY(JOB_ID) REFERENCES JOBS(JOB_ID),
  9      FOREIGN KEY(DEPARTMENT_ID) REFERENCES DEPARTMENTS(DEPARTMENT_ID)
 10  );

Table created.

SQL> SHOW USER
USER is "BGZOCG"
SQL> SELECT * FORM USER_TABLES;
SELECT * FORM USER_TABLES
         *
ERROR at line 1:
ORA-00923: FROM keyword not found where expected 


SQL> SELECT * FROM USER_TABLES;

TABLE_NAME                     TABLESPACE_NAME                                  
------------------------------ ------------------------------                   
CLUSTER_NAME                   IOT_NAME                       STATUS            
------------------------------ ------------------------------ --------          
  PCT_FREE   PCT_USED  INI_TRANS  MAX_TRANS INITIAL_EXTENT NEXT_EXTENT          
---------- ---------- ---------- ---------- -------------- -----------          
MIN_EXTENTS MAX_EXTENTS PCT_INCREASE  FREELISTS FREELIST_GROUPS LOG B   NUM_ROWS
----------- ----------- ------------ ---------- --------------- --- - ----------
    BLOCKS EMPTY_BLOCKS  AVG_SPACE  CHAIN_CNT AVG_ROW_LEN                       
---------- ------------ ---------- ---------- -----------                       
AVG_SPACE_FREELIST_BLOCKS NUM_FREELIST_BLOCKS DEGREE     INSTANCES  CACHE       
------------------------- ------------------- ---------- ---------- -----       
TABLE_LO SAMPLE_SIZE LAST_ANAL PAR IOT_TYPE     T S NES BUFFER_ FLASH_C CELL_FL 
-------- ----------- --------- --- ------------ - - --- ------- ------- ------- 
ROW_MOVE GLO USE DURATION        SKIP_COR MON CLUSTER_OWNER                     
-------- --- --- --------------- -------- --- ------------------------------    
DEPENDEN COMPRESS COMPRESS_FOR DRO REA SEG RESULT_                              
-------- -------- ------------ --- --- --- -------                              
STUDENT                        USERS                                            

TABLE_NAME                     TABLESPACE_NAME                                  
------------------------------ ------------------------------                   
CLUSTER_NAME                   IOT_NAME                       STATUS            
------------------------------ ------------------------------ --------          
  PCT_FREE   PCT_USED  INI_TRANS  MAX_TRANS INITIAL_EXTENT NEXT_EXTENT          
---------- ---------- ---------- ---------- -------------- -----------          
MIN_EXTENTS MAX_EXTENTS PCT_INCREASE  FREELISTS FREELIST_GROUPS LOG B   NUM_ROWS
----------- ----------- ------------ ---------- --------------- --- - ----------
    BLOCKS EMPTY_BLOCKS  AVG_SPACE  CHAIN_CNT AVG_ROW_LEN                       
---------- ------------ ---------- ---------- -----------                       
AVG_SPACE_FREELIST_BLOCKS NUM_FREELIST_BLOCKS DEGREE     INSTANCES  CACHE       
------------------------- ------------------- ---------- ---------- -----       
TABLE_LO SAMPLE_SIZE LAST_ANAL PAR IOT_TYPE     T S NES BUFFER_ FLASH_C CELL_FL 
-------- ----------- --------- --- ------------ - - --- ------- ------- ------- 
ROW_MOVE GLO USE DURATION        SKIP_COR MON CLUSTER_OWNER                     
-------- --- --- --------------- -------- --- ------------------------------    
DEPENDEN COMPRESS COMPRESS_FOR DRO REA SEG RESULT_                              
-------- -------- ------------ --- --- --- -------                              
                                                              VALID             

TABLE_NAME                     TABLESPACE_NAME                                  
------------------------------ ------------------------------                   
CLUSTER_NAME                   IOT_NAME                       STATUS            
------------------------------ ------------------------------ --------          
  PCT_FREE   PCT_USED  INI_TRANS  MAX_TRANS INITIAL_EXTENT NEXT_EXTENT          
---------- ---------- ---------- ---------- -------------- -----------          
MIN_EXTENTS MAX_EXTENTS PCT_INCREASE  FREELISTS FREELIST_GROUPS LOG B   NUM_ROWS
----------- ----------- ------------ ---------- --------------- --- - ----------
    BLOCKS EMPTY_BLOCKS  AVG_SPACE  CHAIN_CNT AVG_ROW_LEN                       
---------- ------------ ---------- ---------- -----------                       
AVG_SPACE_FREELIST_BLOCKS NUM_FREELIST_BLOCKS DEGREE     INSTANCES  CACHE       
------------------------- ------------------- ---------- ---------- -----       
TABLE_LO SAMPLE_SIZE LAST_ANAL PAR IOT_TYPE     T S NES BUFFER_ FLASH_C CELL_FL 
-------- ----------- --------- --- ------------ - - --- ------- ------- ------- 
ROW_MOVE GLO USE DURATION        SKIP_COR MON CLUSTER_OWNER                     
-------- --- --- --------------- -------- --- ------------------------------    
DEPENDEN COMPRESS COMPRESS_FOR DRO REA SEG RESULT_                              
-------- -------- ------------ --- --- --- -------                              
        10                     1        255          65536     1048576          

TABLE_NAME                     TABLESPACE_NAME                                  
------------------------------ ------------------------------                   
CLUSTER_NAME                   IOT_NAME                       STATUS            
------------------------------ ------------------------------ --------          
  PCT_FREE   PCT_USED  INI_TRANS  MAX_TRANS INITIAL_EXTENT NEXT_EXTENT          
---------- ---------- ---------- ---------- -------------- -----------          
MIN_EXTENTS MAX_EXTENTS PCT_INCREASE  FREELISTS FREELIST_GROUPS LOG B   NUM_ROWS
----------- ----------- ------------ ---------- --------------- --- - ----------
    BLOCKS EMPTY_BLOCKS  AVG_SPACE  CHAIN_CNT AVG_ROW_LEN                       
---------- ------------ ---------- ---------- -----------                       
AVG_SPACE_FREELIST_BLOCKS NUM_FREELIST_BLOCKS DEGREE     INSTANCES  CACHE       
------------------------- ------------------- ---------- ---------- -----       
TABLE_LO SAMPLE_SIZE LAST_ANAL PAR IOT_TYPE     T S NES BUFFER_ FLASH_C CELL_FL 
-------- ----------- --------- --- ------------ - - --- ------- ------- ------- 
ROW_MOVE GLO USE DURATION        SKIP_COR MON CLUSTER_OWNER                     
-------- --- --- --------------- -------- --- ------------------------------    
DEPENDEN COMPRESS COMPRESS_FOR DRO REA SEG RESULT_                              
-------- -------- ------------ --- --- --- -------                              
          1  2147483645                                         YES N          4

TABLE_NAME                     TABLESPACE_NAME                                  
------------------------------ ------------------------------                   
CLUSTER_NAME                   IOT_NAME                       STATUS            
------------------------------ ------------------------------ --------          
  PCT_FREE   PCT_USED  INI_TRANS  MAX_TRANS INITIAL_EXTENT NEXT_EXTENT          
---------- ---------- ---------- ---------- -------------- -----------          
MIN_EXTENTS MAX_EXTENTS PCT_INCREASE  FREELISTS FREELIST_GROUPS LOG B   NUM_ROWS
----------- ----------- ------------ ---------- --------------- --- - ----------
    BLOCKS EMPTY_BLOCKS  AVG_SPACE  CHAIN_CNT AVG_ROW_LEN                       
---------- ------------ ---------- ---------- -----------                       
AVG_SPACE_FREELIST_BLOCKS NUM_FREELIST_BLOCKS DEGREE     INSTANCES  CACHE       
------------------------- ------------------- ---------- ---------- -----       
TABLE_LO SAMPLE_SIZE LAST_ANAL PAR IOT_TYPE     T S NES BUFFER_ FLASH_C CELL_FL 
-------- ----------- --------- --- ------------ - - --- ------- ------- ------- 
ROW_MOVE GLO USE DURATION        SKIP_COR MON CLUSTER_OWNER                     
-------- --- --- --------------- -------- --- ------------------------------    
DEPENDEN COMPRESS COMPRESS_FOR DRO REA SEG RESULT_                              
-------- -------- ------------ --- --- --- -------                              
         5            0          0          0          58                       

TABLE_NAME                     TABLESPACE_NAME                                  
------------------------------ ------------------------------                   
CLUSTER_NAME                   IOT_NAME                       STATUS            
------------------------------ ------------------------------ --------          
  PCT_FREE   PCT_USED  INI_TRANS  MAX_TRANS INITIAL_EXTENT NEXT_EXTENT          
---------- ---------- ---------- ---------- -------------- -----------          
MIN_EXTENTS MAX_EXTENTS PCT_INCREASE  FREELISTS FREELIST_GROUPS LOG B   NUM_ROWS
----------- ----------- ------------ ---------- --------------- --- - ----------
    BLOCKS EMPTY_BLOCKS  AVG_SPACE  CHAIN_CNT AVG_ROW_LEN                       
---------- ------------ ---------- ---------- -----------                       
AVG_SPACE_FREELIST_BLOCKS NUM_FREELIST_BLOCKS DEGREE     INSTANCES  CACHE       
------------------------- ------------------- ---------- ---------- -----       
TABLE_LO SAMPLE_SIZE LAST_ANAL PAR IOT_TYPE     T S NES BUFFER_ FLASH_C CELL_FL 
-------- ----------- --------- --- ------------ - - --- ------- ------- ------- 
ROW_MOVE GLO USE DURATION        SKIP_COR MON CLUSTER_OWNER                     
-------- --- --- --------------- -------- --- ------------------------------    
DEPENDEN COMPRESS COMPRESS_FOR DRO REA SEG RESULT_                              
-------- -------- ------------ --- --- --- -------                              
                        0                   0          1          1     N       

TABLE_NAME                     TABLESPACE_NAME                                  
------------------------------ ------------------------------                   
CLUSTER_NAME                   IOT_NAME                       STATUS            
------------------------------ ------------------------------ --------          
  PCT_FREE   PCT_USED  INI_TRANS  MAX_TRANS INITIAL_EXTENT NEXT_EXTENT          
---------- ---------- ---------- ---------- -------------- -----------          
MIN_EXTENTS MAX_EXTENTS PCT_INCREASE  FREELISTS FREELIST_GROUPS LOG B   NUM_ROWS
----------- ----------- ------------ ---------- --------------- --- - ----------
    BLOCKS EMPTY_BLOCKS  AVG_SPACE  CHAIN_CNT AVG_ROW_LEN                       
---------- ------------ ---------- ---------- -----------                       
AVG_SPACE_FREELIST_BLOCKS NUM_FREELIST_BLOCKS DEGREE     INSTANCES  CACHE       
------------------------- ------------------- ---------- ---------- -----       
TABLE_LO SAMPLE_SIZE LAST_ANAL PAR IOT_TYPE     T S NES BUFFER_ FLASH_C CELL_FL 
-------- ----------- --------- --- ------------ - - --- ------- ------- ------- 
ROW_MOVE GLO USE DURATION        SKIP_COR MON CLUSTER_OWNER                     
-------- --- --- --------------- -------- --- ------------------------------    
DEPENDEN COMPRESS COMPRESS_FOR DRO REA SEG RESULT_                              
-------- -------- ------------ --- --- --- -------                              
ENABLED            4 09-APR-21 NO               N N NO  DEFAULT DEFAULT DEFAULT 

TABLE_NAME                     TABLESPACE_NAME                                  
------------------------------ ------------------------------                   
CLUSTER_NAME                   IOT_NAME                       STATUS            
------------------------------ ------------------------------ --------          
  PCT_FREE   PCT_USED  INI_TRANS  MAX_TRANS INITIAL_EXTENT NEXT_EXTENT          
---------- ---------- ---------- ---------- -------------- -----------          
MIN_EXTENTS MAX_EXTENTS PCT_INCREASE  FREELISTS FREELIST_GROUPS LOG B   NUM_ROWS
----------- ----------- ------------ ---------- --------------- --- - ----------
    BLOCKS EMPTY_BLOCKS  AVG_SPACE  CHAIN_CNT AVG_ROW_LEN                       
---------- ------------ ---------- ---------- -----------                       
AVG_SPACE_FREELIST_BLOCKS NUM_FREELIST_BLOCKS DEGREE     INSTANCES  CACHE       
------------------------- ------------------- ---------- ---------- -----       
TABLE_LO SAMPLE_SIZE LAST_ANAL PAR IOT_TYPE     T S NES BUFFER_ FLASH_C CELL_FL 
-------- ----------- --------- --- ------------ - - --- ------- ------- ------- 
ROW_MOVE GLO USE DURATION        SKIP_COR MON CLUSTER_OWNER                     
-------- --- --- --------------- -------- --- ------------------------------    
DEPENDEN COMPRESS COMPRESS_FOR DRO REA SEG RESULT_                              
-------- -------- ------------ --- --- --- -------                              
DISABLED YES NO                  DISABLED YES                                   

TABLE_NAME                     TABLESPACE_NAME                                  
------------------------------ ------------------------------                   
CLUSTER_NAME                   IOT_NAME                       STATUS            
------------------------------ ------------------------------ --------          
  PCT_FREE   PCT_USED  INI_TRANS  MAX_TRANS INITIAL_EXTENT NEXT_EXTENT          
---------- ---------- ---------- ---------- -------------- -----------          
MIN_EXTENTS MAX_EXTENTS PCT_INCREASE  FREELISTS FREELIST_GROUPS LOG B   NUM_ROWS
----------- ----------- ------------ ---------- --------------- --- - ----------
    BLOCKS EMPTY_BLOCKS  AVG_SPACE  CHAIN_CNT AVG_ROW_LEN                       
---------- ------------ ---------- ---------- -----------                       
AVG_SPACE_FREELIST_BLOCKS NUM_FREELIST_BLOCKS DEGREE     INSTANCES  CACHE       
------------------------- ------------------- ---------- ---------- -----       
TABLE_LO SAMPLE_SIZE LAST_ANAL PAR IOT_TYPE     T S NES BUFFER_ FLASH_C CELL_FL 
-------- ----------- --------- --- ------------ - - --- ------- ------- ------- 
ROW_MOVE GLO USE DURATION        SKIP_COR MON CLUSTER_OWNER                     
-------- --- --- --------------- -------- --- ------------------------------    
DEPENDEN COMPRESS COMPRESS_FOR DRO REA SEG RESULT_                              
-------- -------- ------------ --- --- --- -------                              
DISABLED DISABLED              NO  NO  YES DEFAULT                              

TABLE_NAME                     TABLESPACE_NAME                                  
------------------------------ ------------------------------                   
CLUSTER_NAME                   IOT_NAME                       STATUS            
------------------------------ ------------------------------ --------          
  PCT_FREE   PCT_USED  INI_TRANS  MAX_TRANS INITIAL_EXTENT NEXT_EXTENT          
---------- ---------- ---------- ---------- -------------- -----------          
MIN_EXTENTS MAX_EXTENTS PCT_INCREASE  FREELISTS FREELIST_GROUPS LOG B   NUM_ROWS
----------- ----------- ------------ ---------- --------------- --- - ----------
    BLOCKS EMPTY_BLOCKS  AVG_SPACE  CHAIN_CNT AVG_ROW_LEN                       
---------- ------------ ---------- ---------- -----------                       
AVG_SPACE_FREELIST_BLOCKS NUM_FREELIST_BLOCKS DEGREE     INSTANCES  CACHE       
------------------------- ------------------- ---------- ---------- -----       
TABLE_LO SAMPLE_SIZE LAST_ANAL PAR IOT_TYPE     T S NES BUFFER_ FLASH_C CELL_FL 
-------- ----------- --------- --- ------------ - - --- ------- ------- ------- 
ROW_MOVE GLO USE DURATION        SKIP_COR MON CLUSTER_OWNER                     
-------- --- --- --------------- -------- --- ------------------------------    
DEPENDEN COMPRESS COMPRESS_FOR DRO REA SEG RESULT_                              
-------- -------- ------------ --- --- --- -------                              
                                                                                

TABLE_NAME                     TABLESPACE_NAME                                  
------------------------------ ------------------------------                   
CLUSTER_NAME                   IOT_NAME                       STATUS            
------------------------------ ------------------------------ --------          
  PCT_FREE   PCT_USED  INI_TRANS  MAX_TRANS INITIAL_EXTENT NEXT_EXTENT          
---------- ---------- ---------- ---------- -------------- -----------          
MIN_EXTENTS MAX_EXTENTS PCT_INCREASE  FREELISTS FREELIST_GROUPS LOG B   NUM_ROWS
----------- ----------- ------------ ---------- --------------- --- - ----------
    BLOCKS EMPTY_BLOCKS  AVG_SPACE  CHAIN_CNT AVG_ROW_LEN                       
---------- ------------ ---------- ---------- -----------                       
AVG_SPACE_FREELIST_BLOCKS NUM_FREELIST_BLOCKS DEGREE     INSTANCES  CACHE       
------------------------- ------------------- ---------- ---------- -----       
TABLE_LO SAMPLE_SIZE LAST_ANAL PAR IOT_TYPE     T S NES BUFFER_ FLASH_C CELL_FL 
-------- ----------- --------- --- ------------ - - --- ------- ------- ------- 
ROW_MOVE GLO USE DURATION        SKIP_COR MON CLUSTER_OWNER                     
-------- --- --- --------------- -------- --- ------------------------------    
DEPENDEN COMPRESS COMPRESS_FOR DRO REA SEG RESULT_                              
-------- -------- ------------ --- --- --- -------                              
COURSE                         USERS                                            

TABLE_NAME                     TABLESPACE_NAME                                  
------------------------------ ------------------------------                   
CLUSTER_NAME                   IOT_NAME                       STATUS            
------------------------------ ------------------------------ --------          
  PCT_FREE   PCT_USED  INI_TRANS  MAX_TRANS INITIAL_EXTENT NEXT_EXTENT          
---------- ---------- ---------- ---------- -------------- -----------          
MIN_EXTENTS MAX_EXTENTS PCT_INCREASE  FREELISTS FREELIST_GROUPS LOG B   NUM_ROWS
----------- ----------- ------------ ---------- --------------- --- - ----------
    BLOCKS EMPTY_BLOCKS  AVG_SPACE  CHAIN_CNT AVG_ROW_LEN                       
---------- ------------ ---------- ---------- -----------                       
AVG_SPACE_FREELIST_BLOCKS NUM_FREELIST_BLOCKS DEGREE     INSTANCES  CACHE       
------------------------- ------------------- ---------- ---------- -----       
TABLE_LO SAMPLE_SIZE LAST_ANAL PAR IOT_TYPE     T S NES BUFFER_ FLASH_C CELL_FL 
-------- ----------- --------- --- ------------ - - --- ------- ------- ------- 
ROW_MOVE GLO USE DURATION        SKIP_COR MON CLUSTER_OWNER                     
-------- --- --- --------------- -------- --- ------------------------------    
DEPENDEN COMPRESS COMPRESS_FOR DRO REA SEG RESULT_                              
-------- -------- ------------ --- --- --- -------                              
                                                              VALID             

TABLE_NAME                     TABLESPACE_NAME                                  
------------------------------ ------------------------------                   
CLUSTER_NAME                   IOT_NAME                       STATUS            
------------------------------ ------------------------------ --------          
  PCT_FREE   PCT_USED  INI_TRANS  MAX_TRANS INITIAL_EXTENT NEXT_EXTENT          
---------- ---------- ---------- ---------- -------------- -----------          
MIN_EXTENTS MAX_EXTENTS PCT_INCREASE  FREELISTS FREELIST_GROUPS LOG B   NUM_ROWS
----------- ----------- ------------ ---------- --------------- --- - ----------
    BLOCKS EMPTY_BLOCKS  AVG_SPACE  CHAIN_CNT AVG_ROW_LEN                       
---------- ------------ ---------- ---------- -----------                       
AVG_SPACE_FREELIST_BLOCKS NUM_FREELIST_BLOCKS DEGREE     INSTANCES  CACHE       
------------------------- ------------------- ---------- ---------- -----       
TABLE_LO SAMPLE_SIZE LAST_ANAL PAR IOT_TYPE     T S NES BUFFER_ FLASH_C CELL_FL 
-------- ----------- --------- --- ------------ - - --- ------- ------- ------- 
ROW_MOVE GLO USE DURATION        SKIP_COR MON CLUSTER_OWNER                     
-------- --- --- --------------- -------- --- ------------------------------    
DEPENDEN COMPRESS COMPRESS_FOR DRO REA SEG RESULT_                              
-------- -------- ------------ --- --- --- -------                              
        10                     1        255          65536     1048576          

TABLE_NAME                     TABLESPACE_NAME                                  
------------------------------ ------------------------------                   
CLUSTER_NAME                   IOT_NAME                       STATUS            
------------------------------ ------------------------------ --------          
  PCT_FREE   PCT_USED  INI_TRANS  MAX_TRANS INITIAL_EXTENT NEXT_EXTENT          
---------- ---------- ---------- ---------- -------------- -----------          
MIN_EXTENTS MAX_EXTENTS PCT_INCREASE  FREELISTS FREELIST_GROUPS LOG B   NUM_ROWS
----------- ----------- ------------ ---------- --------------- --- - ----------
    BLOCKS EMPTY_BLOCKS  AVG_SPACE  CHAIN_CNT AVG_ROW_LEN                       
---------- ------------ ---------- ---------- -----------                       
AVG_SPACE_FREELIST_BLOCKS NUM_FREELIST_BLOCKS DEGREE     INSTANCES  CACHE       
------------------------- ------------------- ---------- ---------- -----       
TABLE_LO SAMPLE_SIZE LAST_ANAL PAR IOT_TYPE     T S NES BUFFER_ FLASH_C CELL_FL 
-------- ----------- --------- --- ------------ - - --- ------- ------- ------- 
ROW_MOVE GLO USE DURATION        SKIP_COR MON CLUSTER_OWNER                     
-------- --- --- --------------- -------- --- ------------------------------    
DEPENDEN COMPRESS COMPRESS_FOR DRO REA SEG RESULT_                              
-------- -------- ------------ --- --- --- -------                              
          1  2147483645                                         YES N          7

TABLE_NAME                     TABLESPACE_NAME                                  
------------------------------ ------------------------------                   
CLUSTER_NAME                   IOT_NAME                       STATUS            
------------------------------ ------------------------------ --------          
  PCT_FREE   PCT_USED  INI_TRANS  MAX_TRANS INITIAL_EXTENT NEXT_EXTENT          
---------- ---------- ---------- ---------- -------------- -----------          
MIN_EXTENTS MAX_EXTENTS PCT_INCREASE  FREELISTS FREELIST_GROUPS LOG B   NUM_ROWS
----------- ----------- ------------ ---------- --------------- --- - ----------
    BLOCKS EMPTY_BLOCKS  AVG_SPACE  CHAIN_CNT AVG_ROW_LEN                       
---------- ------------ ---------- ---------- -----------                       
AVG_SPACE_FREELIST_BLOCKS NUM_FREELIST_BLOCKS DEGREE     INSTANCES  CACHE       
------------------------- ------------------- ---------- ---------- -----       
TABLE_LO SAMPLE_SIZE LAST_ANAL PAR IOT_TYPE     T S NES BUFFER_ FLASH_C CELL_FL 
-------- ----------- --------- --- ------------ - - --- ------- ------- ------- 
ROW_MOVE GLO USE DURATION        SKIP_COR MON CLUSTER_OWNER                     
-------- --- --- --------------- -------- --- ------------------------------    
DEPENDEN COMPRESS COMPRESS_FOR DRO REA SEG RESULT_                              
-------- -------- ------------ --- --- --- -------                              
         5            0          0          0          53                       

TABLE_NAME                     TABLESPACE_NAME                                  
------------------------------ ------------------------------                   
CLUSTER_NAME                   IOT_NAME                       STATUS            
------------------------------ ------------------------------ --------          
  PCT_FREE   PCT_USED  INI_TRANS  MAX_TRANS INITIAL_EXTENT NEXT_EXTENT          
---------- ---------- ---------- ---------- -------------- -----------          
MIN_EXTENTS MAX_EXTENTS PCT_INCREASE  FREELISTS FREELIST_GROUPS LOG B   NUM_ROWS
----------- ----------- ------------ ---------- --------------- --- - ----------
    BLOCKS EMPTY_BLOCKS  AVG_SPACE  CHAIN_CNT AVG_ROW_LEN                       
---------- ------------ ---------- ---------- -----------                       
AVG_SPACE_FREELIST_BLOCKS NUM_FREELIST_BLOCKS DEGREE     INSTANCES  CACHE       
------------------------- ------------------- ---------- ---------- -----       
TABLE_LO SAMPLE_SIZE LAST_ANAL PAR IOT_TYPE     T S NES BUFFER_ FLASH_C CELL_FL 
-------- ----------- --------- --- ------------ - - --- ------- ------- ------- 
ROW_MOVE GLO USE DURATION        SKIP_COR MON CLUSTER_OWNER                     
-------- --- --- --------------- -------- --- ------------------------------    
DEPENDEN COMPRESS COMPRESS_FOR DRO REA SEG RESULT_                              
-------- -------- ------------ --- --- --- -------                              
                        0                   0          1          1     N       

TABLE_NAME                     TABLESPACE_NAME                                  
------------------------------ ------------------------------                   
CLUSTER_NAME                   IOT_NAME                       STATUS            
------------------------------ ------------------------------ --------          
  PCT_FREE   PCT_USED  INI_TRANS  MAX_TRANS INITIAL_EXTENT NEXT_EXTENT          
---------- ---------- ---------- ---------- -------------- -----------          
MIN_EXTENTS MAX_EXTENTS PCT_INCREASE  FREELISTS FREELIST_GROUPS LOG B   NUM_ROWS
----------- ----------- ------------ ---------- --------------- --- - ----------
    BLOCKS EMPTY_BLOCKS  AVG_SPACE  CHAIN_CNT AVG_ROW_LEN                       
---------- ------------ ---------- ---------- -----------                       
AVG_SPACE_FREELIST_BLOCKS NUM_FREELIST_BLOCKS DEGREE     INSTANCES  CACHE       
------------------------- ------------------- ---------- ---------- -----       
TABLE_LO SAMPLE_SIZE LAST_ANAL PAR IOT_TYPE     T S NES BUFFER_ FLASH_C CELL_FL 
-------- ----------- --------- --- ------------ - - --- ------- ------- ------- 
ROW_MOVE GLO USE DURATION        SKIP_COR MON CLUSTER_OWNER                     
-------- --- --- --------------- -------- --- ------------------------------    
DEPENDEN COMPRESS COMPRESS_FOR DRO REA SEG RESULT_                              
-------- -------- ------------ --- --- --- -------                              
ENABLED            7 09-APR-21 NO               N N NO  DEFAULT DEFAULT DEFAULT 

TABLE_NAME                     TABLESPACE_NAME                                  
------------------------------ ------------------------------                   
CLUSTER_NAME                   IOT_NAME                       STATUS            
------------------------------ ------------------------------ --------          
  PCT_FREE   PCT_USED  INI_TRANS  MAX_TRANS INITIAL_EXTENT NEXT_EXTENT          
---------- ---------- ---------- ---------- -------------- -----------          
MIN_EXTENTS MAX_EXTENTS PCT_INCREASE  FREELISTS FREELIST_GROUPS LOG B   NUM_ROWS
----------- ----------- ------------ ---------- --------------- --- - ----------
    BLOCKS EMPTY_BLOCKS  AVG_SPACE  CHAIN_CNT AVG_ROW_LEN                       
---------- ------------ ---------- ---------- -----------                       
AVG_SPACE_FREELIST_BLOCKS NUM_FREELIST_BLOCKS DEGREE     INSTANCES  CACHE       
------------------------- ------------------- ---------- ---------- -----       
TABLE_LO SAMPLE_SIZE LAST_ANAL PAR IOT_TYPE     T S NES BUFFER_ FLASH_C CELL_FL 
-------- ----------- --------- --- ------------ - - --- ------- ------- ------- 
ROW_MOVE GLO USE DURATION        SKIP_COR MON CLUSTER_OWNER                     
-------- --- --- --------------- -------- --- ------------------------------    
DEPENDEN COMPRESS COMPRESS_FOR DRO REA SEG RESULT_                              
-------- -------- ------------ --- --- --- -------                              
DISABLED YES NO                  DISABLED YES                                   

TABLE_NAME                     TABLESPACE_NAME                                  
------------------------------ ------------------------------                   
CLUSTER_NAME                   IOT_NAME                       STATUS            
------------------------------ ------------------------------ --------          
  PCT_FREE   PCT_USED  INI_TRANS  MAX_TRANS INITIAL_EXTENT NEXT_EXTENT          
---------- ---------- ---------- ---------- -------------- -----------          
MIN_EXTENTS MAX_EXTENTS PCT_INCREASE  FREELISTS FREELIST_GROUPS LOG B   NUM_ROWS
----------- ----------- ------------ ---------- --------------- --- - ----------
    BLOCKS EMPTY_BLOCKS  AVG_SPACE  CHAIN_CNT AVG_ROW_LEN                       
---------- ------------ ---------- ---------- -----------                       
AVG_SPACE_FREELIST_BLOCKS NUM_FREELIST_BLOCKS DEGREE     INSTANCES  CACHE       
------------------------- ------------------- ---------- ---------- -----       
TABLE_LO SAMPLE_SIZE LAST_ANAL PAR IOT_TYPE     T S NES BUFFER_ FLASH_C CELL_FL 
-------- ----------- --------- --- ------------ - - --- ------- ------- ------- 
ROW_MOVE GLO USE DURATION        SKIP_COR MON CLUSTER_OWNER                     
-------- --- --- --------------- -------- --- ------------------------------    
DEPENDEN COMPRESS COMPRESS_FOR DRO REA SEG RESULT_                              
-------- -------- ------------ --- --- --- -------                              
DISABLED DISABLED              NO  NO  YES DEFAULT                              

TABLE_NAME                     TABLESPACE_NAME                                  
------------------------------ ------------------------------                   
CLUSTER_NAME                   IOT_NAME                       STATUS            
------------------------------ ------------------------------ --------          
  PCT_FREE   PCT_USED  INI_TRANS  MAX_TRANS INITIAL_EXTENT NEXT_EXTENT          
---------- ---------- ---------- ---------- -------------- -----------          
MIN_EXTENTS MAX_EXTENTS PCT_INCREASE  FREELISTS FREELIST_GROUPS LOG B   NUM_ROWS
----------- ----------- ------------ ---------- --------------- --- - ----------
    BLOCKS EMPTY_BLOCKS  AVG_SPACE  CHAIN_CNT AVG_ROW_LEN                       
---------- ------------ ---------- ---------- -----------                       
AVG_SPACE_FREELIST_BLOCKS NUM_FREELIST_BLOCKS DEGREE     INSTANCES  CACHE       
------------------------- ------------------- ---------- ---------- -----       
TABLE_LO SAMPLE_SIZE LAST_ANAL PAR IOT_TYPE     T S NES BUFFER_ FLASH_C CELL_FL 
-------- ----------- --------- --- ------------ - - --- ------- ------- ------- 
ROW_MOVE GLO USE DURATION        SKIP_COR MON CLUSTER_OWNER                     
-------- --- --- --------------- -------- --- ------------------------------    
DEPENDEN COMPRESS COMPRESS_FOR DRO REA SEG RESULT_                              
-------- -------- ------------ --- --- --- -------                              
                                                                                

TABLE_NAME                     TABLESPACE_NAME                                  
------------------------------ ------------------------------                   
CLUSTER_NAME                   IOT_NAME                       STATUS            
------------------------------ ------------------------------ --------          
  PCT_FREE   PCT_USED  INI_TRANS  MAX_TRANS INITIAL_EXTENT NEXT_EXTENT          
---------- ---------- ---------- ---------- -------------- -----------          
MIN_EXTENTS MAX_EXTENTS PCT_INCREASE  FREELISTS FREELIST_GROUPS LOG B   NUM_ROWS
----------- ----------- ------------ ---------- --------------- --- - ----------
    BLOCKS EMPTY_BLOCKS  AVG_SPACE  CHAIN_CNT AVG_ROW_LEN                       
---------- ------------ ---------- ---------- -----------                       
AVG_SPACE_FREELIST_BLOCKS NUM_FREELIST_BLOCKS DEGREE     INSTANCES  CACHE       
------------------------- ------------------- ---------- ---------- -----       
TABLE_LO SAMPLE_SIZE LAST_ANAL PAR IOT_TYPE     T S NES BUFFER_ FLASH_C CELL_FL 
-------- ----------- --------- --- ------------ - - --- ------- ------- ------- 
ROW_MOVE GLO USE DURATION        SKIP_COR MON CLUSTER_OWNER                     
-------- --- --- --------------- -------- --- ------------------------------    
DEPENDEN COMPRESS COMPRESS_FOR DRO REA SEG RESULT_                              
-------- -------- ------------ --- --- --- -------                              
SC                             USERS                                            

TABLE_NAME                     TABLESPACE_NAME                                  
------------------------------ ------------------------------                   
CLUSTER_NAME                   IOT_NAME                       STATUS            
------------------------------ ------------------------------ --------          
  PCT_FREE   PCT_USED  INI_TRANS  MAX_TRANS INITIAL_EXTENT NEXT_EXTENT          
---------- ---------- ---------- ---------- -------------- -----------          
MIN_EXTENTS MAX_EXTENTS PCT_INCREASE  FREELISTS FREELIST_GROUPS LOG B   NUM_ROWS
----------- ----------- ------------ ---------- --------------- --- - ----------
    BLOCKS EMPTY_BLOCKS  AVG_SPACE  CHAIN_CNT AVG_ROW_LEN                       
---------- ------------ ---------- ---------- -----------                       
AVG_SPACE_FREELIST_BLOCKS NUM_FREELIST_BLOCKS DEGREE     INSTANCES  CACHE       
------------------------- ------------------- ---------- ---------- -----       
TABLE_LO SAMPLE_SIZE LAST_ANAL PAR IOT_TYPE     T S NES BUFFER_ FLASH_C CELL_FL 
-------- ----------- --------- --- ------------ - - --- ------- ------- ------- 
ROW_MOVE GLO USE DURATION        SKIP_COR MON CLUSTER_OWNER                     
-------- --- --- --------------- -------- --- ------------------------------    
DEPENDEN COMPRESS COMPRESS_FOR DRO REA SEG RESULT_                              
-------- -------- ------------ --- --- --- -------                              
                                                              VALID             

TABLE_NAME                     TABLESPACE_NAME                                  
------------------------------ ------------------------------                   
CLUSTER_NAME                   IOT_NAME                       STATUS            
------------------------------ ------------------------------ --------          
  PCT_FREE   PCT_USED  INI_TRANS  MAX_TRANS INITIAL_EXTENT NEXT_EXTENT          
---------- ---------- ---------- ---------- -------------- -----------          
MIN_EXTENTS MAX_EXTENTS PCT_INCREASE  FREELISTS FREELIST_GROUPS LOG B   NUM_ROWS
----------- ----------- ------------ ---------- --------------- --- - ----------
    BLOCKS EMPTY_BLOCKS  AVG_SPACE  CHAIN_CNT AVG_ROW_LEN                       
---------- ------------ ---------- ---------- -----------                       
AVG_SPACE_FREELIST_BLOCKS NUM_FREELIST_BLOCKS DEGREE     INSTANCES  CACHE       
------------------------- ------------------- ---------- ---------- -----       
TABLE_LO SAMPLE_SIZE LAST_ANAL PAR IOT_TYPE     T S NES BUFFER_ FLASH_C CELL_FL 
-------- ----------- --------- --- ------------ - - --- ------- ------- ------- 
ROW_MOVE GLO USE DURATION        SKIP_COR MON CLUSTER_OWNER                     
-------- --- --- --------------- -------- --- ------------------------------    
DEPENDEN COMPRESS COMPRESS_FOR DRO REA SEG RESULT_                              
-------- -------- ------------ --- --- --- -------                              
        10                     1        255          65536     1048576          

TABLE_NAME                     TABLESPACE_NAME                                  
------------------------------ ------------------------------                   
CLUSTER_NAME                   IOT_NAME                       STATUS            
------------------------------ ------------------------------ --------          
  PCT_FREE   PCT_USED  INI_TRANS  MAX_TRANS INITIAL_EXTENT NEXT_EXTENT          
---------- ---------- ---------- ---------- -------------- -----------          
MIN_EXTENTS MAX_EXTENTS PCT_INCREASE  FREELISTS FREELIST_GROUPS LOG B   NUM_ROWS
----------- ----------- ------------ ---------- --------------- --- - ----------
    BLOCKS EMPTY_BLOCKS  AVG_SPACE  CHAIN_CNT AVG_ROW_LEN                       
---------- ------------ ---------- ---------- -----------                       
AVG_SPACE_FREELIST_BLOCKS NUM_FREELIST_BLOCKS DEGREE     INSTANCES  CACHE       
------------------------- ------------------- ---------- ---------- -----       
TABLE_LO SAMPLE_SIZE LAST_ANAL PAR IOT_TYPE     T S NES BUFFER_ FLASH_C CELL_FL 
-------- ----------- --------- --- ------------ - - --- ------- ------- ------- 
ROW_MOVE GLO USE DURATION        SKIP_COR MON CLUSTER_OWNER                     
-------- --- --- --------------- -------- --- ------------------------------    
DEPENDEN COMPRESS COMPRESS_FOR DRO REA SEG RESULT_                              
-------- -------- ------------ --- --- --- -------                              
          1  2147483645                                         YES N          1

TABLE_NAME                     TABLESPACE_NAME                                  
------------------------------ ------------------------------                   
CLUSTER_NAME                   IOT_NAME                       STATUS            
------------------------------ ------------------------------ --------          
  PCT_FREE   PCT_USED  INI_TRANS  MAX_TRANS INITIAL_EXTENT NEXT_EXTENT          
---------- ---------- ---------- ---------- -------------- -----------          
MIN_EXTENTS MAX_EXTENTS PCT_INCREASE  FREELISTS FREELIST_GROUPS LOG B   NUM_ROWS
----------- ----------- ------------ ---------- --------------- --- - ----------
    BLOCKS EMPTY_BLOCKS  AVG_SPACE  CHAIN_CNT AVG_ROW_LEN                       
---------- ------------ ---------- ---------- -----------                       
AVG_SPACE_FREELIST_BLOCKS NUM_FREELIST_BLOCKS DEGREE     INSTANCES  CACHE       
------------------------- ------------------- ---------- ---------- -----       
TABLE_LO SAMPLE_SIZE LAST_ANAL PAR IOT_TYPE     T S NES BUFFER_ FLASH_C CELL_FL 
-------- ----------- --------- --- ------------ - - --- ------- ------- ------- 
ROW_MOVE GLO USE DURATION        SKIP_COR MON CLUSTER_OWNER                     
-------- --- --- --------------- -------- --- ------------------------------    
DEPENDEN COMPRESS COMPRESS_FOR DRO REA SEG RESULT_                              
-------- -------- ------------ --- --- --- -------                              
         5            0          0          0          15                       

TABLE_NAME                     TABLESPACE_NAME                                  
------------------------------ ------------------------------                   
CLUSTER_NAME                   IOT_NAME                       STATUS            
------------------------------ ------------------------------ --------          
  PCT_FREE   PCT_USED  INI_TRANS  MAX_TRANS INITIAL_EXTENT NEXT_EXTENT          
---------- ---------- ---------- ---------- -------------- -----------          
MIN_EXTENTS MAX_EXTENTS PCT_INCREASE  FREELISTS FREELIST_GROUPS LOG B   NUM_ROWS
----------- ----------- ------------ ---------- --------------- --- - ----------
    BLOCKS EMPTY_BLOCKS  AVG_SPACE  CHAIN_CNT AVG_ROW_LEN                       
---------- ------------ ---------- ---------- -----------                       
AVG_SPACE_FREELIST_BLOCKS NUM_FREELIST_BLOCKS DEGREE     INSTANCES  CACHE       
------------------------- ------------------- ---------- ---------- -----       
TABLE_LO SAMPLE_SIZE LAST_ANAL PAR IOT_TYPE     T S NES BUFFER_ FLASH_C CELL_FL 
-------- ----------- --------- --- ------------ - - --- ------- ------- ------- 
ROW_MOVE GLO USE DURATION        SKIP_COR MON CLUSTER_OWNER                     
-------- --- --- --------------- -------- --- ------------------------------    
DEPENDEN COMPRESS COMPRESS_FOR DRO REA SEG RESULT_                              
-------- -------- ------------ --- --- --- -------                              
                        0                   0          1          1     N       

TABLE_NAME                     TABLESPACE_NAME                                  
------------------------------ ------------------------------                   
CLUSTER_NAME                   IOT_NAME                       STATUS            
------------------------------ ------------------------------ --------          
  PCT_FREE   PCT_USED  INI_TRANS  MAX_TRANS INITIAL_EXTENT NEXT_EXTENT          
---------- ---------- ---------- ---------- -------------- -----------          
MIN_EXTENTS MAX_EXTENTS PCT_INCREASE  FREELISTS FREELIST_GROUPS LOG B   NUM_ROWS
----------- ----------- ------------ ---------- --------------- --- - ----------
    BLOCKS EMPTY_BLOCKS  AVG_SPACE  CHAIN_CNT AVG_ROW_LEN                       
---------- ------------ ---------- ---------- -----------                       
AVG_SPACE_FREELIST_BLOCKS NUM_FREELIST_BLOCKS DEGREE     INSTANCES  CACHE       
------------------------- ------------------- ---------- ---------- -----       
TABLE_LO SAMPLE_SIZE LAST_ANAL PAR IOT_TYPE     T S NES BUFFER_ FLASH_C CELL_FL 
-------- ----------- --------- --- ------------ - - --- ------- ------- ------- 
ROW_MOVE GLO USE DURATION        SKIP_COR MON CLUSTER_OWNER                     
-------- --- --- --------------- -------- --- ------------------------------    
DEPENDEN COMPRESS COMPRESS_FOR DRO REA SEG RESULT_                              
-------- -------- ------------ --- --- --- -------                              
ENABLED            1 09-APR-21 NO               N N NO  DEFAULT DEFAULT DEFAULT 

TABLE_NAME                     TABLESPACE_NAME                                  
------------------------------ ------------------------------                   
CLUSTER_NAME                   IOT_NAME                       STATUS            
------------------------------ ------------------------------ --------          
  PCT_FREE   PCT_USED  INI_TRANS  MAX_TRANS INITIAL_EXTENT NEXT_EXTENT          
---------- ---------- ---------- ---------- -------------- -----------          
MIN_EXTENTS MAX_EXTENTS PCT_INCREASE  FREELISTS FREELIST_GROUPS LOG B   NUM_ROWS
----------- ----------- ------------ ---------- --------------- --- - ----------
    BLOCKS EMPTY_BLOCKS  AVG_SPACE  CHAIN_CNT AVG_ROW_LEN                       
---------- ------------ ---------- ---------- -----------                       
AVG_SPACE_FREELIST_BLOCKS NUM_FREELIST_BLOCKS DEGREE     INSTANCES  CACHE       
------------------------- ------------------- ---------- ---------- -----       
TABLE_LO SAMPLE_SIZE LAST_ANAL PAR IOT_TYPE     T S NES BUFFER_ FLASH_C CELL_FL 
-------- ----------- --------- --- ------------ - - --- ------- ------- ------- 
ROW_MOVE GLO USE DURATION        SKIP_COR MON CLUSTER_OWNER                     
-------- --- --- --------------- -------- --- ------------------------------    
DEPENDEN COMPRESS COMPRESS_FOR DRO REA SEG RESULT_                              
-------- -------- ------------ --- --- --- -------                              
DISABLED YES NO                  DISABLED YES                                   

TABLE_NAME                     TABLESPACE_NAME                                  
------------------------------ ------------------------------                   
CLUSTER_NAME                   IOT_NAME                       STATUS            
------------------------------ ------------------------------ --------          
  PCT_FREE   PCT_USED  INI_TRANS  MAX_TRANS INITIAL_EXTENT NEXT_EXTENT          
---------- ---------- ---------- ---------- -------------- -----------          
MIN_EXTENTS MAX_EXTENTS PCT_INCREASE  FREELISTS FREELIST_GROUPS LOG B   NUM_ROWS
----------- ----------- ------------ ---------- --------------- --- - ----------
    BLOCKS EMPTY_BLOCKS  AVG_SPACE  CHAIN_CNT AVG_ROW_LEN                       
---------- ------------ ---------- ---------- -----------                       
AVG_SPACE_FREELIST_BLOCKS NUM_FREELIST_BLOCKS DEGREE     INSTANCES  CACHE       
------------------------- ------------------- ---------- ---------- -----       
TABLE_LO SAMPLE_SIZE LAST_ANAL PAR IOT_TYPE     T S NES BUFFER_ FLASH_C CELL_FL 
-------- ----------- --------- --- ------------ - - --- ------- ------- ------- 
ROW_MOVE GLO USE DURATION        SKIP_COR MON CLUSTER_OWNER                     
-------- --- --- --------------- -------- --- ------------------------------    
DEPENDEN COMPRESS COMPRESS_FOR DRO REA SEG RESULT_                              
-------- -------- ------------ --- --- --- -------                              
DISABLED DISABLED              NO  NO  YES DEFAULT                              

TABLE_NAME                     TABLESPACE_NAME                                  
------------------------------ ------------------------------                   
CLUSTER_NAME                   IOT_NAME                       STATUS            
------------------------------ ------------------------------ --------          
  PCT_FREE   PCT_USED  INI_TRANS  MAX_TRANS INITIAL_EXTENT NEXT_EXTENT          
---------- ---------- ---------- ---------- -------------- -----------          
MIN_EXTENTS MAX_EXTENTS PCT_INCREASE  FREELISTS FREELIST_GROUPS LOG B   NUM_ROWS
----------- ----------- ------------ ---------- --------------- --- - ----------
    BLOCKS EMPTY_BLOCKS  AVG_SPACE  CHAIN_CNT AVG_ROW_LEN                       
---------- ------------ ---------- ---------- -----------                       
AVG_SPACE_FREELIST_BLOCKS NUM_FREELIST_BLOCKS DEGREE     INSTANCES  CACHE       
------------------------- ------------------- ---------- ---------- -----       
TABLE_LO SAMPLE_SIZE LAST_ANAL PAR IOT_TYPE     T S NES BUFFER_ FLASH_C CELL_FL 
-------- ----------- --------- --- ------------ - - --- ------- ------- ------- 
ROW_MOVE GLO USE DURATION        SKIP_COR MON CLUSTER_OWNER                     
-------- --- --- --------------- -------- --- ------------------------------    
DEPENDEN COMPRESS COMPRESS_FOR DRO REA SEG RESULT_                              
-------- -------- ------------ --- --- --- -------                              
                                                                                

TABLE_NAME                     TABLESPACE_NAME                                  
------------------------------ ------------------------------                   
CLUSTER_NAME                   IOT_NAME                       STATUS            
------------------------------ ------------------------------ --------          
  PCT_FREE   PCT_USED  INI_TRANS  MAX_TRANS INITIAL_EXTENT NEXT_EXTENT          
---------- ---------- ---------- ---------- -------------- -----------          
MIN_EXTENTS MAX_EXTENTS PCT_INCREASE  FREELISTS FREELIST_GROUPS LOG B   NUM_ROWS
----------- ----------- ------------ ---------- --------------- --- - ----------
    BLOCKS EMPTY_BLOCKS  AVG_SPACE  CHAIN_CNT AVG_ROW_LEN                       
---------- ------------ ---------- ---------- -----------                       
AVG_SPACE_FREELIST_BLOCKS NUM_FREELIST_BLOCKS DEGREE     INSTANCES  CACHE       
------------------------- ------------------- ---------- ---------- -----       
TABLE_LO SAMPLE_SIZE LAST_ANAL PAR IOT_TYPE     T S NES BUFFER_ FLASH_C CELL_FL 
-------- ----------- --------- --- ------------ - - --- ------- ------- ------- 
ROW_MOVE GLO USE DURATION        SKIP_COR MON CLUSTER_OWNER                     
-------- --- --- --------------- -------- --- ------------------------------    
DEPENDEN COMPRESS COMPRESS_FOR DRO REA SEG RESULT_                              
-------- -------- ------------ --- --- --- -------                              
EMP                            USERS                                            

TABLE_NAME                     TABLESPACE_NAME                                  
------------------------------ ------------------------------                   
CLUSTER_NAME                   IOT_NAME                       STATUS            
------------------------------ ------------------------------ --------          
  PCT_FREE   PCT_USED  INI_TRANS  MAX_TRANS INITIAL_EXTENT NEXT_EXTENT          
---------- ---------- ---------- ---------- -------------- -----------          
MIN_EXTENTS MAX_EXTENTS PCT_INCREASE  FREELISTS FREELIST_GROUPS LOG B   NUM_ROWS
----------- ----------- ------------ ---------- --------------- --- - ----------
    BLOCKS EMPTY_BLOCKS  AVG_SPACE  CHAIN_CNT AVG_ROW_LEN                       
---------- ------------ ---------- ---------- -----------                       
AVG_SPACE_FREELIST_BLOCKS NUM_FREELIST_BLOCKS DEGREE     INSTANCES  CACHE       
------------------------- ------------------- ---------- ---------- -----       
TABLE_LO SAMPLE_SIZE LAST_ANAL PAR IOT_TYPE     T S NES BUFFER_ FLASH_C CELL_FL 
-------- ----------- --------- --- ------------ - - --- ------- ------- ------- 
ROW_MOVE GLO USE DURATION        SKIP_COR MON CLUSTER_OWNER                     
-------- --- --- --------------- -------- --- ------------------------------    
DEPENDEN COMPRESS COMPRESS_FOR DRO REA SEG RESULT_                              
-------- -------- ------------ --- --- --- -------                              
                                                              VALID             

TABLE_NAME                     TABLESPACE_NAME                                  
------------------------------ ------------------------------                   
CLUSTER_NAME                   IOT_NAME                       STATUS            
------------------------------ ------------------------------ --------          
  PCT_FREE   PCT_USED  INI_TRANS  MAX_TRANS INITIAL_EXTENT NEXT_EXTENT          
---------- ---------- ---------- ---------- -------------- -----------          
MIN_EXTENTS MAX_EXTENTS PCT_INCREASE  FREELISTS FREELIST_GROUPS LOG B   NUM_ROWS
----------- ----------- ------------ ---------- --------------- --- - ----------
    BLOCKS EMPTY_BLOCKS  AVG_SPACE  CHAIN_CNT AVG_ROW_LEN                       
---------- ------------ ---------- ---------- -----------                       
AVG_SPACE_FREELIST_BLOCKS NUM_FREELIST_BLOCKS DEGREE     INSTANCES  CACHE       
------------------------- ------------------- ---------- ---------- -----       
TABLE_LO SAMPLE_SIZE LAST_ANAL PAR IOT_TYPE     T S NES BUFFER_ FLASH_C CELL_FL 
-------- ----------- --------- --- ------------ - - --- ------- ------- ------- 
ROW_MOVE GLO USE DURATION        SKIP_COR MON CLUSTER_OWNER                     
-------- --- --- --------------- -------- --- ------------------------------    
DEPENDEN COMPRESS COMPRESS_FOR DRO REA SEG RESULT_                              
-------- -------- ------------ --- --- --- -------                              
        10                     1        255                                     

TABLE_NAME                     TABLESPACE_NAME                                  
------------------------------ ------------------------------                   
CLUSTER_NAME                   IOT_NAME                       STATUS            
------------------------------ ------------------------------ --------          
  PCT_FREE   PCT_USED  INI_TRANS  MAX_TRANS INITIAL_EXTENT NEXT_EXTENT          
---------- ---------- ---------- ---------- -------------- -----------          
MIN_EXTENTS MAX_EXTENTS PCT_INCREASE  FREELISTS FREELIST_GROUPS LOG B   NUM_ROWS
----------- ----------- ------------ ---------- --------------- --- - ----------
    BLOCKS EMPTY_BLOCKS  AVG_SPACE  CHAIN_CNT AVG_ROW_LEN                       
---------- ------------ ---------- ---------- -----------                       
AVG_SPACE_FREELIST_BLOCKS NUM_FREELIST_BLOCKS DEGREE     INSTANCES  CACHE       
------------------------- ------------------- ---------- ---------- -----       
TABLE_LO SAMPLE_SIZE LAST_ANAL PAR IOT_TYPE     T S NES BUFFER_ FLASH_C CELL_FL 
-------- ----------- --------- --- ------------ - - --- ------- ------- ------- 
ROW_MOVE GLO USE DURATION        SKIP_COR MON CLUSTER_OWNER                     
-------- --- --- --------------- -------- --- ------------------------------    
DEPENDEN COMPRESS COMPRESS_FOR DRO REA SEG RESULT_                              
-------- -------- ------------ --- --- --- -------                              
                                                                YES N           

TABLE_NAME                     TABLESPACE_NAME                                  
------------------------------ ------------------------------                   
CLUSTER_NAME                   IOT_NAME                       STATUS            
------------------------------ ------------------------------ --------          
  PCT_FREE   PCT_USED  INI_TRANS  MAX_TRANS INITIAL_EXTENT NEXT_EXTENT          
---------- ---------- ---------- ---------- -------------- -----------          
MIN_EXTENTS MAX_EXTENTS PCT_INCREASE  FREELISTS FREELIST_GROUPS LOG B   NUM_ROWS
----------- ----------- ------------ ---------- --------------- --- - ----------
    BLOCKS EMPTY_BLOCKS  AVG_SPACE  CHAIN_CNT AVG_ROW_LEN                       
---------- ------------ ---------- ---------- -----------                       
AVG_SPACE_FREELIST_BLOCKS NUM_FREELIST_BLOCKS DEGREE     INSTANCES  CACHE       
------------------------- ------------------- ---------- ---------- -----       
TABLE_LO SAMPLE_SIZE LAST_ANAL PAR IOT_TYPE     T S NES BUFFER_ FLASH_C CELL_FL 
-------- ----------- --------- --- ------------ - - --- ------- ------- ------- 
ROW_MOVE GLO USE DURATION        SKIP_COR MON CLUSTER_OWNER                     
-------- --- --- --------------- -------- --- ------------------------------    
DEPENDEN COMPRESS COMPRESS_FOR DRO REA SEG RESULT_                              
-------- -------- ------------ --- --- --- -------                              
                                                                                

TABLE_NAME                     TABLESPACE_NAME                                  
------------------------------ ------------------------------                   
CLUSTER_NAME                   IOT_NAME                       STATUS            
------------------------------ ------------------------------ --------          
  PCT_FREE   PCT_USED  INI_TRANS  MAX_TRANS INITIAL_EXTENT NEXT_EXTENT          
---------- ---------- ---------- ---------- -------------- -----------          
MIN_EXTENTS MAX_EXTENTS PCT_INCREASE  FREELISTS FREELIST_GROUPS LOG B   NUM_ROWS
----------- ----------- ------------ ---------- --------------- --- - ----------
    BLOCKS EMPTY_BLOCKS  AVG_SPACE  CHAIN_CNT AVG_ROW_LEN                       
---------- ------------ ---------- ---------- -----------                       
AVG_SPACE_FREELIST_BLOCKS NUM_FREELIST_BLOCKS DEGREE     INSTANCES  CACHE       
------------------------- ------------------- ---------- ---------- -----       
TABLE_LO SAMPLE_SIZE LAST_ANAL PAR IOT_TYPE     T S NES BUFFER_ FLASH_C CELL_FL 
-------- ----------- --------- --- ------------ - - --- ------- ------- ------- 
ROW_MOVE GLO USE DURATION        SKIP_COR MON CLUSTER_OWNER                     
-------- --- --- --------------- -------- --- ------------------------------    
DEPENDEN COMPRESS COMPRESS_FOR DRO REA SEG RESULT_                              
-------- -------- ------------ --- --- --- -------                              
                                                       1          1     N       

TABLE_NAME                     TABLESPACE_NAME                                  
------------------------------ ------------------------------                   
CLUSTER_NAME                   IOT_NAME                       STATUS            
------------------------------ ------------------------------ --------          
  PCT_FREE   PCT_USED  INI_TRANS  MAX_TRANS INITIAL_EXTENT NEXT_EXTENT          
---------- ---------- ---------- ---------- -------------- -----------          
MIN_EXTENTS MAX_EXTENTS PCT_INCREASE  FREELISTS FREELIST_GROUPS LOG B   NUM_ROWS
----------- ----------- ------------ ---------- --------------- --- - ----------
    BLOCKS EMPTY_BLOCKS  AVG_SPACE  CHAIN_CNT AVG_ROW_LEN                       
---------- ------------ ---------- ---------- -----------                       
AVG_SPACE_FREELIST_BLOCKS NUM_FREELIST_BLOCKS DEGREE     INSTANCES  CACHE       
------------------------- ------------------- ---------- ---------- -----       
TABLE_LO SAMPLE_SIZE LAST_ANAL PAR IOT_TYPE     T S NES BUFFER_ FLASH_C CELL_FL 
-------- ----------- --------- --- ------------ - - --- ------- ------- ------- 
ROW_MOVE GLO USE DURATION        SKIP_COR MON CLUSTER_OWNER                     
-------- --- --- --------------- -------- --- ------------------------------    
DEPENDEN COMPRESS COMPRESS_FOR DRO REA SEG RESULT_                              
-------- -------- ------------ --- --- --- -------                              
ENABLED                        NO               N N NO  DEFAULT DEFAULT DEFAULT 

TABLE_NAME                     TABLESPACE_NAME                                  
------------------------------ ------------------------------                   
CLUSTER_NAME                   IOT_NAME                       STATUS            
------------------------------ ------------------------------ --------          
  PCT_FREE   PCT_USED  INI_TRANS  MAX_TRANS INITIAL_EXTENT NEXT_EXTENT          
---------- ---------- ---------- ---------- -------------- -----------          
MIN_EXTENTS MAX_EXTENTS PCT_INCREASE  FREELISTS FREELIST_GROUPS LOG B   NUM_ROWS
----------- ----------- ------------ ---------- --------------- --- - ----------
    BLOCKS EMPTY_BLOCKS  AVG_SPACE  CHAIN_CNT AVG_ROW_LEN                       
---------- ------------ ---------- ---------- -----------                       
AVG_SPACE_FREELIST_BLOCKS NUM_FREELIST_BLOCKS DEGREE     INSTANCES  CACHE       
------------------------- ------------------- ---------- ---------- -----       
TABLE_LO SAMPLE_SIZE LAST_ANAL PAR IOT_TYPE     T S NES BUFFER_ FLASH_C CELL_FL 
-------- ----------- --------- --- ------------ - - --- ------- ------- ------- 
ROW_MOVE GLO USE DURATION        SKIP_COR MON CLUSTER_OWNER                     
-------- --- --- --------------- -------- --- ------------------------------    
DEPENDEN COMPRESS COMPRESS_FOR DRO REA SEG RESULT_                              
-------- -------- ------------ --- --- --- -------                              
DISABLED NO  NO                  DISABLED YES                                   

TABLE_NAME                     TABLESPACE_NAME                                  
------------------------------ ------------------------------                   
CLUSTER_NAME                   IOT_NAME                       STATUS            
------------------------------ ------------------------------ --------          
  PCT_FREE   PCT_USED  INI_TRANS  MAX_TRANS INITIAL_EXTENT NEXT_EXTENT          
---------- ---------- ---------- ---------- -------------- -----------          
MIN_EXTENTS MAX_EXTENTS PCT_INCREASE  FREELISTS FREELIST_GROUPS LOG B   NUM_ROWS
----------- ----------- ------------ ---------- --------------- --- - ----------
    BLOCKS EMPTY_BLOCKS  AVG_SPACE  CHAIN_CNT AVG_ROW_LEN                       
---------- ------------ ---------- ---------- -----------                       
AVG_SPACE_FREELIST_BLOCKS NUM_FREELIST_BLOCKS DEGREE     INSTANCES  CACHE       
------------------------- ------------------- ---------- ---------- -----       
TABLE_LO SAMPLE_SIZE LAST_ANAL PAR IOT_TYPE     T S NES BUFFER_ FLASH_C CELL_FL 
-------- ----------- --------- --- ------------ - - --- ------- ------- ------- 
ROW_MOVE GLO USE DURATION        SKIP_COR MON CLUSTER_OWNER                     
-------- --- --- --------------- -------- --- ------------------------------    
DEPENDEN COMPRESS COMPRESS_FOR DRO REA SEG RESULT_                              
-------- -------- ------------ --- --- --- -------                              
DISABLED DISABLED              NO  NO  NO  DEFAULT                              

TABLE_NAME                     TABLESPACE_NAME                                  
------------------------------ ------------------------------                   
CLUSTER_NAME                   IOT_NAME                       STATUS            
------------------------------ ------------------------------ --------          
  PCT_FREE   PCT_USED  INI_TRANS  MAX_TRANS INITIAL_EXTENT NEXT_EXTENT          
---------- ---------- ---------- ---------- -------------- -----------          
MIN_EXTENTS MAX_EXTENTS PCT_INCREASE  FREELISTS FREELIST_GROUPS LOG B   NUM_ROWS
----------- ----------- ------------ ---------- --------------- --- - ----------
    BLOCKS EMPTY_BLOCKS  AVG_SPACE  CHAIN_CNT AVG_ROW_LEN                       
---------- ------------ ---------- ---------- -----------                       
AVG_SPACE_FREELIST_BLOCKS NUM_FREELIST_BLOCKS DEGREE     INSTANCES  CACHE       
------------------------- ------------------- ---------- ---------- -----       
TABLE_LO SAMPLE_SIZE LAST_ANAL PAR IOT_TYPE     T S NES BUFFER_ FLASH_C CELL_FL 
-------- ----------- --------- --- ------------ - - --- ------- ------- ------- 
ROW_MOVE GLO USE DURATION        SKIP_COR MON CLUSTER_OWNER                     
-------- --- --- --------------- -------- --- ------------------------------    
DEPENDEN COMPRESS COMPRESS_FOR DRO REA SEG RESULT_                              
-------- -------- ------------ --- --- --- -------                              
                                                                                

TABLE_NAME                     TABLESPACE_NAME                                  
------------------------------ ------------------------------                   
CLUSTER_NAME                   IOT_NAME                       STATUS            
------------------------------ ------------------------------ --------          
  PCT_FREE   PCT_USED  INI_TRANS  MAX_TRANS INITIAL_EXTENT NEXT_EXTENT          
---------- ---------- ---------- ---------- -------------- -----------          
MIN_EXTENTS MAX_EXTENTS PCT_INCREASE  FREELISTS FREELIST_GROUPS LOG B   NUM_ROWS
----------- ----------- ------------ ---------- --------------- --- - ----------
    BLOCKS EMPTY_BLOCKS  AVG_SPACE  CHAIN_CNT AVG_ROW_LEN                       
---------- ------------ ---------- ---------- -----------                       
AVG_SPACE_FREELIST_BLOCKS NUM_FREELIST_BLOCKS DEGREE     INSTANCES  CACHE       
------------------------- ------------------- ---------- ---------- -----       
TABLE_LO SAMPLE_SIZE LAST_ANAL PAR IOT_TYPE     T S NES BUFFER_ FLASH_C CELL_FL 
-------- ----------- --------- --- ------------ - - --- ------- ------- ------- 
ROW_MOVE GLO USE DURATION        SKIP_COR MON CLUSTER_OWNER                     
-------- --- --- --------------- -------- --- ------------------------------    
DEPENDEN COMPRESS COMPRESS_FOR DRO REA SEG RESULT_                              
-------- -------- ------------ --- --- --- -------                              
DEPT                           USERS                                            

TABLE_NAME                     TABLESPACE_NAME                                  
------------------------------ ------------------------------                   
CLUSTER_NAME                   IOT_NAME                       STATUS            
------------------------------ ------------------------------ --------          
  PCT_FREE   PCT_USED  INI_TRANS  MAX_TRANS INITIAL_EXTENT NEXT_EXTENT          
---------- ---------- ---------- ---------- -------------- -----------          
MIN_EXTENTS MAX_EXTENTS PCT_INCREASE  FREELISTS FREELIST_GROUPS LOG B   NUM_ROWS
----------- ----------- ------------ ---------- --------------- --- - ----------
    BLOCKS EMPTY_BLOCKS  AVG_SPACE  CHAIN_CNT AVG_ROW_LEN                       
---------- ------------ ---------- ---------- -----------                       
AVG_SPACE_FREELIST_BLOCKS NUM_FREELIST_BLOCKS DEGREE     INSTANCES  CACHE       
------------------------- ------------------- ---------- ---------- -----       
TABLE_LO SAMPLE_SIZE LAST_ANAL PAR IOT_TYPE     T S NES BUFFER_ FLASH_C CELL_FL 
-------- ----------- --------- --- ------------ - - --- ------- ------- ------- 
ROW_MOVE GLO USE DURATION        SKIP_COR MON CLUSTER_OWNER                     
-------- --- --- --------------- -------- --- ------------------------------    
DEPENDEN COMPRESS COMPRESS_FOR DRO REA SEG RESULT_                              
-------- -------- ------------ --- --- --- -------                              
                                                              VALID             

TABLE_NAME                     TABLESPACE_NAME                                  
------------------------------ ------------------------------                   
CLUSTER_NAME                   IOT_NAME                       STATUS            
------------------------------ ------------------------------ --------          
  PCT_FREE   PCT_USED  INI_TRANS  MAX_TRANS INITIAL_EXTENT NEXT_EXTENT          
---------- ---------- ---------- ---------- -------------- -----------          
MIN_EXTENTS MAX_EXTENTS PCT_INCREASE  FREELISTS FREELIST_GROUPS LOG B   NUM_ROWS
----------- ----------- ------------ ---------- --------------- --- - ----------
    BLOCKS EMPTY_BLOCKS  AVG_SPACE  CHAIN_CNT AVG_ROW_LEN                       
---------- ------------ ---------- ---------- -----------                       
AVG_SPACE_FREELIST_BLOCKS NUM_FREELIST_BLOCKS DEGREE     INSTANCES  CACHE       
------------------------- ------------------- ---------- ---------- -----       
TABLE_LO SAMPLE_SIZE LAST_ANAL PAR IOT_TYPE     T S NES BUFFER_ FLASH_C CELL_FL 
-------- ----------- --------- --- ------------ - - --- ------- ------- ------- 
ROW_MOVE GLO USE DURATION        SKIP_COR MON CLUSTER_OWNER                     
-------- --- --- --------------- -------- --- ------------------------------    
DEPENDEN COMPRESS COMPRESS_FOR DRO REA SEG RESULT_                              
-------- -------- ------------ --- --- --- -------                              
        10                     1        255                                     

TABLE_NAME                     TABLESPACE_NAME                                  
------------------------------ ------------------------------                   
CLUSTER_NAME                   IOT_NAME                       STATUS            
------------------------------ ------------------------------ --------          
  PCT_FREE   PCT_USED  INI_TRANS  MAX_TRANS INITIAL_EXTENT NEXT_EXTENT          
---------- ---------- ---------- ---------- -------------- -----------          
MIN_EXTENTS MAX_EXTENTS PCT_INCREASE  FREELISTS FREELIST_GROUPS LOG B   NUM_ROWS
----------- ----------- ------------ ---------- --------------- --- - ----------
    BLOCKS EMPTY_BLOCKS  AVG_SPACE  CHAIN_CNT AVG_ROW_LEN                       
---------- ------------ ---------- ---------- -----------                       
AVG_SPACE_FREELIST_BLOCKS NUM_FREELIST_BLOCKS DEGREE     INSTANCES  CACHE       
------------------------- ------------------- ---------- ---------- -----       
TABLE_LO SAMPLE_SIZE LAST_ANAL PAR IOT_TYPE     T S NES BUFFER_ FLASH_C CELL_FL 
-------- ----------- --------- --- ------------ - - --- ------- ------- ------- 
ROW_MOVE GLO USE DURATION        SKIP_COR MON CLUSTER_OWNER                     
-------- --- --- --------------- -------- --- ------------------------------    
DEPENDEN COMPRESS COMPRESS_FOR DRO REA SEG RESULT_                              
-------- -------- ------------ --- --- --- -------                              
                                                                YES N           

TABLE_NAME                     TABLESPACE_NAME                                  
------------------------------ ------------------------------                   
CLUSTER_NAME                   IOT_NAME                       STATUS            
------------------------------ ------------------------------ --------          
  PCT_FREE   PCT_USED  INI_TRANS  MAX_TRANS INITIAL_EXTENT NEXT_EXTENT          
---------- ---------- ---------- ---------- -------------- -----------          
MIN_EXTENTS MAX_EXTENTS PCT_INCREASE  FREELISTS FREELIST_GROUPS LOG B   NUM_ROWS
----------- ----------- ------------ ---------- --------------- --- - ----------
    BLOCKS EMPTY_BLOCKS  AVG_SPACE  CHAIN_CNT AVG_ROW_LEN                       
---------- ------------ ---------- ---------- -----------                       
AVG_SPACE_FREELIST_BLOCKS NUM_FREELIST_BLOCKS DEGREE     INSTANCES  CACHE       
------------------------- ------------------- ---------- ---------- -----       
TABLE_LO SAMPLE_SIZE LAST_ANAL PAR IOT_TYPE     T S NES BUFFER_ FLASH_C CELL_FL 
-------- ----------- --------- --- ------------ - - --- ------- ------- ------- 
ROW_MOVE GLO USE DURATION        SKIP_COR MON CLUSTER_OWNER                     
-------- --- --- --------------- -------- --- ------------------------------    
DEPENDEN COMPRESS COMPRESS_FOR DRO REA SEG RESULT_                              
-------- -------- ------------ --- --- --- -------                              
                                                                                

TABLE_NAME                     TABLESPACE_NAME                                  
------------------------------ ------------------------------                   
CLUSTER_NAME                   IOT_NAME                       STATUS            
------------------------------ ------------------------------ --------          
  PCT_FREE   PCT_USED  INI_TRANS  MAX_TRANS INITIAL_EXTENT NEXT_EXTENT          
---------- ---------- ---------- ---------- -------------- -----------          
MIN_EXTENTS MAX_EXTENTS PCT_INCREASE  FREELISTS FREELIST_GROUPS LOG B   NUM_ROWS
----------- ----------- ------------ ---------- --------------- --- - ----------
    BLOCKS EMPTY_BLOCKS  AVG_SPACE  CHAIN_CNT AVG_ROW_LEN                       
---------- ------------ ---------- ---------- -----------                       
AVG_SPACE_FREELIST_BLOCKS NUM_FREELIST_BLOCKS DEGREE     INSTANCES  CACHE       
------------------------- ------------------- ---------- ---------- -----       
TABLE_LO SAMPLE_SIZE LAST_ANAL PAR IOT_TYPE     T S NES BUFFER_ FLASH_C CELL_FL 
-------- ----------- --------- --- ------------ - - --- ------- ------- ------- 
ROW_MOVE GLO USE DURATION        SKIP_COR MON CLUSTER_OWNER                     
-------- --- --- --------------- -------- --- ------------------------------    
DEPENDEN COMPRESS COMPRESS_FOR DRO REA SEG RESULT_                              
-------- -------- ------------ --- --- --- -------                              
                                                       1          1     N       

TABLE_NAME                     TABLESPACE_NAME                                  
------------------------------ ------------------------------                   
CLUSTER_NAME                   IOT_NAME                       STATUS            
------------------------------ ------------------------------ --------          
  PCT_FREE   PCT_USED  INI_TRANS  MAX_TRANS INITIAL_EXTENT NEXT_EXTENT          
---------- ---------- ---------- ---------- -------------- -----------          
MIN_EXTENTS MAX_EXTENTS PCT_INCREASE  FREELISTS FREELIST_GROUPS LOG B   NUM_ROWS
----------- ----------- ------------ ---------- --------------- --- - ----------
    BLOCKS EMPTY_BLOCKS  AVG_SPACE  CHAIN_CNT AVG_ROW_LEN                       
---------- ------------ ---------- ---------- -----------                       
AVG_SPACE_FREELIST_BLOCKS NUM_FREELIST_BLOCKS DEGREE     INSTANCES  CACHE       
------------------------- ------------------- ---------- ---------- -----       
TABLE_LO SAMPLE_SIZE LAST_ANAL PAR IOT_TYPE     T S NES BUFFER_ FLASH_C CELL_FL 
-------- ----------- --------- --- ------------ - - --- ------- ------- ------- 
ROW_MOVE GLO USE DURATION        SKIP_COR MON CLUSTER_OWNER                     
-------- --- --- --------------- -------- --- ------------------------------    
DEPENDEN COMPRESS COMPRESS_FOR DRO REA SEG RESULT_                              
-------- -------- ------------ --- --- --- -------                              
ENABLED                        NO               N N NO  DEFAULT DEFAULT DEFAULT 

TABLE_NAME                     TABLESPACE_NAME                                  
------------------------------ ------------------------------                   
CLUSTER_NAME                   IOT_NAME                       STATUS            
------------------------------ ------------------------------ --------          
  PCT_FREE   PCT_USED  INI_TRANS  MAX_TRANS INITIAL_EXTENT NEXT_EXTENT          
---------- ---------- ---------- ---------- -------------- -----------          
MIN_EXTENTS MAX_EXTENTS PCT_INCREASE  FREELISTS FREELIST_GROUPS LOG B   NUM_ROWS
----------- ----------- ------------ ---------- --------------- --- - ----------
    BLOCKS EMPTY_BLOCKS  AVG_SPACE  CHAIN_CNT AVG_ROW_LEN                       
---------- ------------ ---------- ---------- -----------                       
AVG_SPACE_FREELIST_BLOCKS NUM_FREELIST_BLOCKS DEGREE     INSTANCES  CACHE       
------------------------- ------------------- ---------- ---------- -----       
TABLE_LO SAMPLE_SIZE LAST_ANAL PAR IOT_TYPE     T S NES BUFFER_ FLASH_C CELL_FL 
-------- ----------- --------- --- ------------ - - --- ------- ------- ------- 
ROW_MOVE GLO USE DURATION        SKIP_COR MON CLUSTER_OWNER                     
-------- --- --- --------------- -------- --- ------------------------------    
DEPENDEN COMPRESS COMPRESS_FOR DRO REA SEG RESULT_                              
-------- -------- ------------ --- --- --- -------                              
DISABLED NO  NO                  DISABLED YES                                   

TABLE_NAME                     TABLESPACE_NAME                                  
------------------------------ ------------------------------                   
CLUSTER_NAME                   IOT_NAME                       STATUS            
------------------------------ ------------------------------ --------          
  PCT_FREE   PCT_USED  INI_TRANS  MAX_TRANS INITIAL_EXTENT NEXT_EXTENT          
---------- ---------- ---------- ---------- -------------- -----------          
MIN_EXTENTS MAX_EXTENTS PCT_INCREASE  FREELISTS FREELIST_GROUPS LOG B   NUM_ROWS
----------- ----------- ------------ ---------- --------------- --- - ----------
    BLOCKS EMPTY_BLOCKS  AVG_SPACE  CHAIN_CNT AVG_ROW_LEN                       
---------- ------------ ---------- ---------- -----------                       
AVG_SPACE_FREELIST_BLOCKS NUM_FREELIST_BLOCKS DEGREE     INSTANCES  CACHE       
------------------------- ------------------- ---------- ---------- -----       
TABLE_LO SAMPLE_SIZE LAST_ANAL PAR IOT_TYPE     T S NES BUFFER_ FLASH_C CELL_FL 
-------- ----------- --------- --- ------------ - - --- ------- ------- ------- 
ROW_MOVE GLO USE DURATION        SKIP_COR MON CLUSTER_OWNER                     
-------- --- --- --------------- -------- --- ------------------------------    
DEPENDEN COMPRESS COMPRESS_FOR DRO REA SEG RESULT_                              
-------- -------- ------------ --- --- --- -------                              
DISABLED DISABLED              NO  NO  NO  DEFAULT                              

TABLE_NAME                     TABLESPACE_NAME                                  
------------------------------ ------------------------------                   
CLUSTER_NAME                   IOT_NAME                       STATUS            
------------------------------ ------------------------------ --------          
  PCT_FREE   PCT_USED  INI_TRANS  MAX_TRANS INITIAL_EXTENT NEXT_EXTENT          
---------- ---------- ---------- ---------- -------------- -----------          
MIN_EXTENTS MAX_EXTENTS PCT_INCREASE  FREELISTS FREELIST_GROUPS LOG B   NUM_ROWS
----------- ----------- ------------ ---------- --------------- --- - ----------
    BLOCKS EMPTY_BLOCKS  AVG_SPACE  CHAIN_CNT AVG_ROW_LEN                       
---------- ------------ ---------- ---------- -----------                       
AVG_SPACE_FREELIST_BLOCKS NUM_FREELIST_BLOCKS DEGREE     INSTANCES  CACHE       
------------------------- ------------------- ---------- ---------- -----       
TABLE_LO SAMPLE_SIZE LAST_ANAL PAR IOT_TYPE     T S NES BUFFER_ FLASH_C CELL_FL 
-------- ----------- --------- --- ------------ - - --- ------- ------- ------- 
ROW_MOVE GLO USE DURATION        SKIP_COR MON CLUSTER_OWNER                     
-------- --- --- --------------- -------- --- ------------------------------    
DEPENDEN COMPRESS COMPRESS_FOR DRO REA SEG RESULT_                              
-------- -------- ------------ --- --- --- -------                              
                                                                                

TABLE_NAME                     TABLESPACE_NAME                                  
------------------------------ ------------------------------                   
CLUSTER_NAME                   IOT_NAME                       STATUS            
------------------------------ ------------------------------ --------          
  PCT_FREE   PCT_USED  INI_TRANS  MAX_TRANS INITIAL_EXTENT NEXT_EXTENT          
---------- ---------- ---------- ---------- -------------- -----------          
MIN_EXTENTS MAX_EXTENTS PCT_INCREASE  FREELISTS FREELIST_GROUPS LOG B   NUM_ROWS
----------- ----------- ------------ ---------- --------------- --- - ----------
    BLOCKS EMPTY_BLOCKS  AVG_SPACE  CHAIN_CNT AVG_ROW_LEN                       
---------- ------------ ---------- ---------- -----------                       
AVG_SPACE_FREELIST_BLOCKS NUM_FREELIST_BLOCKS DEGREE     INSTANCES  CACHE       
------------------------- ------------------- ---------- ---------- -----       
TABLE_LO SAMPLE_SIZE LAST_ANAL PAR IOT_TYPE     T S NES BUFFER_ FLASH_C CELL_FL 
-------- ----------- --------- --- ------------ - - --- ------- ------- ------- 
ROW_MOVE GLO USE DURATION        SKIP_COR MON CLUSTER_OWNER                     
-------- --- --- --------------- -------- --- ------------------------------    
DEPENDEN COMPRESS COMPRESS_FOR DRO REA SEG RESULT_                              
-------- -------- ------------ --- --- --- -------                              
REGIONS                        USERS                                            

TABLE_NAME                     TABLESPACE_NAME                                  
------------------------------ ------------------------------                   
CLUSTER_NAME                   IOT_NAME                       STATUS            
------------------------------ ------------------------------ --------          
  PCT_FREE   PCT_USED  INI_TRANS  MAX_TRANS INITIAL_EXTENT NEXT_EXTENT          
---------- ---------- ---------- ---------- -------------- -----------          
MIN_EXTENTS MAX_EXTENTS PCT_INCREASE  FREELISTS FREELIST_GROUPS LOG B   NUM_ROWS
----------- ----------- ------------ ---------- --------------- --- - ----------
    BLOCKS EMPTY_BLOCKS  AVG_SPACE  CHAIN_CNT AVG_ROW_LEN                       
---------- ------------ ---------- ---------- -----------                       
AVG_SPACE_FREELIST_BLOCKS NUM_FREELIST_BLOCKS DEGREE     INSTANCES  CACHE       
------------------------- ------------------- ---------- ---------- -----       
TABLE_LO SAMPLE_SIZE LAST_ANAL PAR IOT_TYPE     T S NES BUFFER_ FLASH_C CELL_FL 
-------- ----------- --------- --- ------------ - - --- ------- ------- ------- 
ROW_MOVE GLO USE DURATION        SKIP_COR MON CLUSTER_OWNER                     
-------- --- --- --------------- -------- --- ------------------------------    
DEPENDEN COMPRESS COMPRESS_FOR DRO REA SEG RESULT_                              
-------- -------- ------------ --- --- --- -------                              
                                                              VALID             

TABLE_NAME                     TABLESPACE_NAME                                  
------------------------------ ------------------------------                   
CLUSTER_NAME                   IOT_NAME                       STATUS            
------------------------------ ------------------------------ --------          
  PCT_FREE   PCT_USED  INI_TRANS  MAX_TRANS INITIAL_EXTENT NEXT_EXTENT          
---------- ---------- ---------- ---------- -------------- -----------          
MIN_EXTENTS MAX_EXTENTS PCT_INCREASE  FREELISTS FREELIST_GROUPS LOG B   NUM_ROWS
----------- ----------- ------------ ---------- --------------- --- - ----------
    BLOCKS EMPTY_BLOCKS  AVG_SPACE  CHAIN_CNT AVG_ROW_LEN                       
---------- ------------ ---------- ---------- -----------                       
AVG_SPACE_FREELIST_BLOCKS NUM_FREELIST_BLOCKS DEGREE     INSTANCES  CACHE       
------------------------- ------------------- ---------- ---------- -----       
TABLE_LO SAMPLE_SIZE LAST_ANAL PAR IOT_TYPE     T S NES BUFFER_ FLASH_C CELL_FL 
-------- ----------- --------- --- ------------ - - --- ------- ------- ------- 
ROW_MOVE GLO USE DURATION        SKIP_COR MON CLUSTER_OWNER                     
-------- --- --- --------------- -------- --- ------------------------------    
DEPENDEN COMPRESS COMPRESS_FOR DRO REA SEG RESULT_                              
-------- -------- ------------ --- --- --- -------                              
        10                     1        255                                     

TABLE_NAME                     TABLESPACE_NAME                                  
------------------------------ ------------------------------                   
CLUSTER_NAME                   IOT_NAME                       STATUS            
------------------------------ ------------------------------ --------          
  PCT_FREE   PCT_USED  INI_TRANS  MAX_TRANS INITIAL_EXTENT NEXT_EXTENT          
---------- ---------- ---------- ---------- -------------- -----------          
MIN_EXTENTS MAX_EXTENTS PCT_INCREASE  FREELISTS FREELIST_GROUPS LOG B   NUM_ROWS
----------- ----------- ------------ ---------- --------------- --- - ----------
    BLOCKS EMPTY_BLOCKS  AVG_SPACE  CHAIN_CNT AVG_ROW_LEN                       
---------- ------------ ---------- ---------- -----------                       
AVG_SPACE_FREELIST_BLOCKS NUM_FREELIST_BLOCKS DEGREE     INSTANCES  CACHE       
------------------------- ------------------- ---------- ---------- -----       
TABLE_LO SAMPLE_SIZE LAST_ANAL PAR IOT_TYPE     T S NES BUFFER_ FLASH_C CELL_FL 
-------- ----------- --------- --- ------------ - - --- ------- ------- ------- 
ROW_MOVE GLO USE DURATION        SKIP_COR MON CLUSTER_OWNER                     
-------- --- --- --------------- -------- --- ------------------------------    
DEPENDEN COMPRESS COMPRESS_FOR DRO REA SEG RESULT_                              
-------- -------- ------------ --- --- --- -------                              
                                                                YES N           

TABLE_NAME                     TABLESPACE_NAME                                  
------------------------------ ------------------------------                   
CLUSTER_NAME                   IOT_NAME                       STATUS            
------------------------------ ------------------------------ --------          
  PCT_FREE   PCT_USED  INI_TRANS  MAX_TRANS INITIAL_EXTENT NEXT_EXTENT          
---------- ---------- ---------- ---------- -------------- -----------          
MIN_EXTENTS MAX_EXTENTS PCT_INCREASE  FREELISTS FREELIST_GROUPS LOG B   NUM_ROWS
----------- ----------- ------------ ---------- --------------- --- - ----------
    BLOCKS EMPTY_BLOCKS  AVG_SPACE  CHAIN_CNT AVG_ROW_LEN                       
---------- ------------ ---------- ---------- -----------                       
AVG_SPACE_FREELIST_BLOCKS NUM_FREELIST_BLOCKS DEGREE     INSTANCES  CACHE       
------------------------- ------------------- ---------- ---------- -----       
TABLE_LO SAMPLE_SIZE LAST_ANAL PAR IOT_TYPE     T S NES BUFFER_ FLASH_C CELL_FL 
-------- ----------- --------- --- ------------ - - --- ------- ------- ------- 
ROW_MOVE GLO USE DURATION        SKIP_COR MON CLUSTER_OWNER                     
-------- --- --- --------------- -------- --- ------------------------------    
DEPENDEN COMPRESS COMPRESS_FOR DRO REA SEG RESULT_                              
-------- -------- ------------ --- --- --- -------                              
                                                                                

TABLE_NAME                     TABLESPACE_NAME                                  
------------------------------ ------------------------------                   
CLUSTER_NAME                   IOT_NAME                       STATUS            
------------------------------ ------------------------------ --------          
  PCT_FREE   PCT_USED  INI_TRANS  MAX_TRANS INITIAL_EXTENT NEXT_EXTENT          
---------- ---------- ---------- ---------- -------------- -----------          
MIN_EXTENTS MAX_EXTENTS PCT_INCREASE  FREELISTS FREELIST_GROUPS LOG B   NUM_ROWS
----------- ----------- ------------ ---------- --------------- --- - ----------
    BLOCKS EMPTY_BLOCKS  AVG_SPACE  CHAIN_CNT AVG_ROW_LEN                       
---------- ------------ ---------- ---------- -----------                       
AVG_SPACE_FREELIST_BLOCKS NUM_FREELIST_BLOCKS DEGREE     INSTANCES  CACHE       
------------------------- ------------------- ---------- ---------- -----       
TABLE_LO SAMPLE_SIZE LAST_ANAL PAR IOT_TYPE     T S NES BUFFER_ FLASH_C CELL_FL 
-------- ----------- --------- --- ------------ - - --- ------- ------- ------- 
ROW_MOVE GLO USE DURATION        SKIP_COR MON CLUSTER_OWNER                     
-------- --- --- --------------- -------- --- ------------------------------    
DEPENDEN COMPRESS COMPRESS_FOR DRO REA SEG RESULT_                              
-------- -------- ------------ --- --- --- -------                              
                                                       1          1     N       

TABLE_NAME                     TABLESPACE_NAME                                  
------------------------------ ------------------------------                   
CLUSTER_NAME                   IOT_NAME                       STATUS            
------------------------------ ------------------------------ --------          
  PCT_FREE   PCT_USED  INI_TRANS  MAX_TRANS INITIAL_EXTENT NEXT_EXTENT          
---------- ---------- ---------- ---------- -------------- -----------          
MIN_EXTENTS MAX_EXTENTS PCT_INCREASE  FREELISTS FREELIST_GROUPS LOG B   NUM_ROWS
----------- ----------- ------------ ---------- --------------- --- - ----------
    BLOCKS EMPTY_BLOCKS  AVG_SPACE  CHAIN_CNT AVG_ROW_LEN                       
---------- ------------ ---------- ---------- -----------                       
AVG_SPACE_FREELIST_BLOCKS NUM_FREELIST_BLOCKS DEGREE     INSTANCES  CACHE       
------------------------- ------------------- ---------- ---------- -----       
TABLE_LO SAMPLE_SIZE LAST_ANAL PAR IOT_TYPE     T S NES BUFFER_ FLASH_C CELL_FL 
-------- ----------- --------- --- ------------ - - --- ------- ------- ------- 
ROW_MOVE GLO USE DURATION        SKIP_COR MON CLUSTER_OWNER                     
-------- --- --- --------------- -------- --- ------------------------------    
DEPENDEN COMPRESS COMPRESS_FOR DRO REA SEG RESULT_                              
-------- -------- ------------ --- --- --- -------                              
ENABLED                        NO               N N NO  DEFAULT DEFAULT DEFAULT 

TABLE_NAME                     TABLESPACE_NAME                                  
------------------------------ ------------------------------                   
CLUSTER_NAME                   IOT_NAME                       STATUS            
------------------------------ ------------------------------ --------          
  PCT_FREE   PCT_USED  INI_TRANS  MAX_TRANS INITIAL_EXTENT NEXT_EXTENT          
---------- ---------- ---------- ---------- -------------- -----------          
MIN_EXTENTS MAX_EXTENTS PCT_INCREASE  FREELISTS FREELIST_GROUPS LOG B   NUM_ROWS
----------- ----------- ------------ ---------- --------------- --- - ----------
    BLOCKS EMPTY_BLOCKS  AVG_SPACE  CHAIN_CNT AVG_ROW_LEN                       
---------- ------------ ---------- ---------- -----------                       
AVG_SPACE_FREELIST_BLOCKS NUM_FREELIST_BLOCKS DEGREE     INSTANCES  CACHE       
------------------------- ------------------- ---------- ---------- -----       
TABLE_LO SAMPLE_SIZE LAST_ANAL PAR IOT_TYPE     T S NES BUFFER_ FLASH_C CELL_FL 
-------- ----------- --------- --- ------------ - - --- ------- ------- ------- 
ROW_MOVE GLO USE DURATION        SKIP_COR MON CLUSTER_OWNER                     
-------- --- --- --------------- -------- --- ------------------------------    
DEPENDEN COMPRESS COMPRESS_FOR DRO REA SEG RESULT_                              
-------- -------- ------------ --- --- --- -------                              
DISABLED NO  NO                  DISABLED YES                                   

TABLE_NAME                     TABLESPACE_NAME                                  
------------------------------ ------------------------------                   
CLUSTER_NAME                   IOT_NAME                       STATUS            
------------------------------ ------------------------------ --------          
  PCT_FREE   PCT_USED  INI_TRANS  MAX_TRANS INITIAL_EXTENT NEXT_EXTENT          
---------- ---------- ---------- ---------- -------------- -----------          
MIN_EXTENTS MAX_EXTENTS PCT_INCREASE  FREELISTS FREELIST_GROUPS LOG B   NUM_ROWS
----------- ----------- ------------ ---------- --------------- --- - ----------
    BLOCKS EMPTY_BLOCKS  AVG_SPACE  CHAIN_CNT AVG_ROW_LEN                       
---------- ------------ ---------- ---------- -----------                       
AVG_SPACE_FREELIST_BLOCKS NUM_FREELIST_BLOCKS DEGREE     INSTANCES  CACHE       
------------------------- ------------------- ---------- ---------- -----       
TABLE_LO SAMPLE_SIZE LAST_ANAL PAR IOT_TYPE     T S NES BUFFER_ FLASH_C CELL_FL 
-------- ----------- --------- --- ------------ - - --- ------- ------- ------- 
ROW_MOVE GLO USE DURATION        SKIP_COR MON CLUSTER_OWNER                     
-------- --- --- --------------- -------- --- ------------------------------    
DEPENDEN COMPRESS COMPRESS_FOR DRO REA SEG RESULT_                              
-------- -------- ------------ --- --- --- -------                              
DISABLED DISABLED              NO  NO  NO  DEFAULT                              

TABLE_NAME                     TABLESPACE_NAME                                  
------------------------------ ------------------------------                   
CLUSTER_NAME                   IOT_NAME                       STATUS            
------------------------------ ------------------------------ --------          
  PCT_FREE   PCT_USED  INI_TRANS  MAX_TRANS INITIAL_EXTENT NEXT_EXTENT          
---------- ---------- ---------- ---------- -------------- -----------          
MIN_EXTENTS MAX_EXTENTS PCT_INCREASE  FREELISTS FREELIST_GROUPS LOG B   NUM_ROWS
----------- ----------- ------------ ---------- --------------- --- - ----------
    BLOCKS EMPTY_BLOCKS  AVG_SPACE  CHAIN_CNT AVG_ROW_LEN                       
---------- ------------ ---------- ---------- -----------                       
AVG_SPACE_FREELIST_BLOCKS NUM_FREELIST_BLOCKS DEGREE     INSTANCES  CACHE       
------------------------- ------------------- ---------- ---------- -----       
TABLE_LO SAMPLE_SIZE LAST_ANAL PAR IOT_TYPE     T S NES BUFFER_ FLASH_C CELL_FL 
-------- ----------- --------- --- ------------ - - --- ------- ------- ------- 
ROW_MOVE GLO USE DURATION        SKIP_COR MON CLUSTER_OWNER                     
-------- --- --- --------------- -------- --- ------------------------------    
DEPENDEN COMPRESS COMPRESS_FOR DRO REA SEG RESULT_                              
-------- -------- ------------ --- --- --- -------                              
                                                                                

TABLE_NAME                     TABLESPACE_NAME                                  
------------------------------ ------------------------------                   
CLUSTER_NAME                   IOT_NAME                       STATUS            
------------------------------ ------------------------------ --------          
  PCT_FREE   PCT_USED  INI_TRANS  MAX_TRANS INITIAL_EXTENT NEXT_EXTENT          
---------- ---------- ---------- ---------- -------------- -----------          
MIN_EXTENTS MAX_EXTENTS PCT_INCREASE  FREELISTS FREELIST_GROUPS LOG B   NUM_ROWS
----------- ----------- ------------ ---------- --------------- --- - ----------
    BLOCKS EMPTY_BLOCKS  AVG_SPACE  CHAIN_CNT AVG_ROW_LEN                       
---------- ------------ ---------- ---------- -----------                       
AVG_SPACE_FREELIST_BLOCKS NUM_FREELIST_BLOCKS DEGREE     INSTANCES  CACHE       
------------------------- ------------------- ---------- ---------- -----       
TABLE_LO SAMPLE_SIZE LAST_ANAL PAR IOT_TYPE     T S NES BUFFER_ FLASH_C CELL_FL 
-------- ----------- --------- --- ------------ - - --- ------- ------- ------- 
ROW_MOVE GLO USE DURATION        SKIP_COR MON CLUSTER_OWNER                     
-------- --- --- --------------- -------- --- ------------------------------    
DEPENDEN COMPRESS COMPRESS_FOR DRO REA SEG RESULT_                              
-------- -------- ------------ --- --- --- -------                              
COUNTRIES                      USERS                                            

TABLE_NAME                     TABLESPACE_NAME                                  
------------------------------ ------------------------------                   
CLUSTER_NAME                   IOT_NAME                       STATUS            
------------------------------ ------------------------------ --------          
  PCT_FREE   PCT_USED  INI_TRANS  MAX_TRANS INITIAL_EXTENT NEXT_EXTENT          
---------- ---------- ---------- ---------- -------------- -----------          
MIN_EXTENTS MAX_EXTENTS PCT_INCREASE  FREELISTS FREELIST_GROUPS LOG B   NUM_ROWS
----------- ----------- ------------ ---------- --------------- --- - ----------
    BLOCKS EMPTY_BLOCKS  AVG_SPACE  CHAIN_CNT AVG_ROW_LEN                       
---------- ------------ ---------- ---------- -----------                       
AVG_SPACE_FREELIST_BLOCKS NUM_FREELIST_BLOCKS DEGREE     INSTANCES  CACHE       
------------------------- ------------------- ---------- ---------- -----       
TABLE_LO SAMPLE_SIZE LAST_ANAL PAR IOT_TYPE     T S NES BUFFER_ FLASH_C CELL_FL 
-------- ----------- --------- --- ------------ - - --- ------- ------- ------- 
ROW_MOVE GLO USE DURATION        SKIP_COR MON CLUSTER_OWNER                     
-------- --- --- --------------- -------- --- ------------------------------    
DEPENDEN COMPRESS COMPRESS_FOR DRO REA SEG RESULT_                              
-------- -------- ------------ --- --- --- -------                              
                                                              VALID             

TABLE_NAME                     TABLESPACE_NAME                                  
------------------------------ ------------------------------                   
CLUSTER_NAME                   IOT_NAME                       STATUS            
------------------------------ ------------------------------ --------          
  PCT_FREE   PCT_USED  INI_TRANS  MAX_TRANS INITIAL_EXTENT NEXT_EXTENT          
---------- ---------- ---------- ---------- -------------- -----------          
MIN_EXTENTS MAX_EXTENTS PCT_INCREASE  FREELISTS FREELIST_GROUPS LOG B   NUM_ROWS
----------- ----------- ------------ ---------- --------------- --- - ----------
    BLOCKS EMPTY_BLOCKS  AVG_SPACE  CHAIN_CNT AVG_ROW_LEN                       
---------- ------------ ---------- ---------- -----------                       
AVG_SPACE_FREELIST_BLOCKS NUM_FREELIST_BLOCKS DEGREE     INSTANCES  CACHE       
------------------------- ------------------- ---------- ---------- -----       
TABLE_LO SAMPLE_SIZE LAST_ANAL PAR IOT_TYPE     T S NES BUFFER_ FLASH_C CELL_FL 
-------- ----------- --------- --- ------------ - - --- ------- ------- ------- 
ROW_MOVE GLO USE DURATION        SKIP_COR MON CLUSTER_OWNER                     
-------- --- --- --------------- -------- --- ------------------------------    
DEPENDEN COMPRESS COMPRESS_FOR DRO REA SEG RESULT_                              
-------- -------- ------------ --- --- --- -------                              
        10                     1        255                                     

TABLE_NAME                     TABLESPACE_NAME                                  
------------------------------ ------------------------------                   
CLUSTER_NAME                   IOT_NAME                       STATUS            
------------------------------ ------------------------------ --------          
  PCT_FREE   PCT_USED  INI_TRANS  MAX_TRANS INITIAL_EXTENT NEXT_EXTENT          
---------- ---------- ---------- ---------- -------------- -----------          
MIN_EXTENTS MAX_EXTENTS PCT_INCREASE  FREELISTS FREELIST_GROUPS LOG B   NUM_ROWS
----------- ----------- ------------ ---------- --------------- --- - ----------
    BLOCKS EMPTY_BLOCKS  AVG_SPACE  CHAIN_CNT AVG_ROW_LEN                       
---------- ------------ ---------- ---------- -----------                       
AVG_SPACE_FREELIST_BLOCKS NUM_FREELIST_BLOCKS DEGREE     INSTANCES  CACHE       
------------------------- ------------------- ---------- ---------- -----       
TABLE_LO SAMPLE_SIZE LAST_ANAL PAR IOT_TYPE     T S NES BUFFER_ FLASH_C CELL_FL 
-------- ----------- --------- --- ------------ - - --- ------- ------- ------- 
ROW_MOVE GLO USE DURATION        SKIP_COR MON CLUSTER_OWNER                     
-------- --- --- --------------- -------- --- ------------------------------    
DEPENDEN COMPRESS COMPRESS_FOR DRO REA SEG RESULT_                              
-------- -------- ------------ --- --- --- -------                              
                                                                YES N           

TABLE_NAME                     TABLESPACE_NAME                                  
------------------------------ ------------------------------                   
CLUSTER_NAME                   IOT_NAME                       STATUS            
------------------------------ ------------------------------ --------          
  PCT_FREE   PCT_USED  INI_TRANS  MAX_TRANS INITIAL_EXTENT NEXT_EXTENT          
---------- ---------- ---------- ---------- -------------- -----------          
MIN_EXTENTS MAX_EXTENTS PCT_INCREASE  FREELISTS FREELIST_GROUPS LOG B   NUM_ROWS
----------- ----------- ------------ ---------- --------------- --- - ----------
    BLOCKS EMPTY_BLOCKS  AVG_SPACE  CHAIN_CNT AVG_ROW_LEN                       
---------- ------------ ---------- ---------- -----------                       
AVG_SPACE_FREELIST_BLOCKS NUM_FREELIST_BLOCKS DEGREE     INSTANCES  CACHE       
------------------------- ------------------- ---------- ---------- -----       
TABLE_LO SAMPLE_SIZE LAST_ANAL PAR IOT_TYPE     T S NES BUFFER_ FLASH_C CELL_FL 
-------- ----------- --------- --- ------------ - - --- ------- ------- ------- 
ROW_MOVE GLO USE DURATION        SKIP_COR MON CLUSTER_OWNER                     
-------- --- --- --------------- -------- --- ------------------------------    
DEPENDEN COMPRESS COMPRESS_FOR DRO REA SEG RESULT_                              
-------- -------- ------------ --- --- --- -------                              
                                                                                

TABLE_NAME                     TABLESPACE_NAME                                  
------------------------------ ------------------------------                   
CLUSTER_NAME                   IOT_NAME                       STATUS            
------------------------------ ------------------------------ --------          
  PCT_FREE   PCT_USED  INI_TRANS  MAX_TRANS INITIAL_EXTENT NEXT_EXTENT          
---------- ---------- ---------- ---------- -------------- -----------          
MIN_EXTENTS MAX_EXTENTS PCT_INCREASE  FREELISTS FREELIST_GROUPS LOG B   NUM_ROWS
----------- ----------- ------------ ---------- --------------- --- - ----------
    BLOCKS EMPTY_BLOCKS  AVG_SPACE  CHAIN_CNT AVG_ROW_LEN                       
---------- ------------ ---------- ---------- -----------                       
AVG_SPACE_FREELIST_BLOCKS NUM_FREELIST_BLOCKS DEGREE     INSTANCES  CACHE       
------------------------- ------------------- ---------- ---------- -----       
TABLE_LO SAMPLE_SIZE LAST_ANAL PAR IOT_TYPE     T S NES BUFFER_ FLASH_C CELL_FL 
-------- ----------- --------- --- ------------ - - --- ------- ------- ------- 
ROW_MOVE GLO USE DURATION        SKIP_COR MON CLUSTER_OWNER                     
-------- --- --- --------------- -------- --- ------------------------------    
DEPENDEN COMPRESS COMPRESS_FOR DRO REA SEG RESULT_                              
-------- -------- ------------ --- --- --- -------                              
                                                       1          1     N       

TABLE_NAME                     TABLESPACE_NAME                                  
------------------------------ ------------------------------                   
CLUSTER_NAME                   IOT_NAME                       STATUS            
------------------------------ ------------------------------ --------          
  PCT_FREE   PCT_USED  INI_TRANS  MAX_TRANS INITIAL_EXTENT NEXT_EXTENT          
---------- ---------- ---------- ---------- -------------- -----------          
MIN_EXTENTS MAX_EXTENTS PCT_INCREASE  FREELISTS FREELIST_GROUPS LOG B   NUM_ROWS
----------- ----------- ------------ ---------- --------------- --- - ----------
    BLOCKS EMPTY_BLOCKS  AVG_SPACE  CHAIN_CNT AVG_ROW_LEN                       
---------- ------------ ---------- ---------- -----------                       
AVG_SPACE_FREELIST_BLOCKS NUM_FREELIST_BLOCKS DEGREE     INSTANCES  CACHE       
------------------------- ------------------- ---------- ---------- -----       
TABLE_LO SAMPLE_SIZE LAST_ANAL PAR IOT_TYPE     T S NES BUFFER_ FLASH_C CELL_FL 
-------- ----------- --------- --- ------------ - - --- ------- ------- ------- 
ROW_MOVE GLO USE DURATION        SKIP_COR MON CLUSTER_OWNER                     
-------- --- --- --------------- -------- --- ------------------------------    
DEPENDEN COMPRESS COMPRESS_FOR DRO REA SEG RESULT_                              
-------- -------- ------------ --- --- --- -------                              
ENABLED                        NO               N N NO  DEFAULT DEFAULT DEFAULT 

TABLE_NAME                     TABLESPACE_NAME                                  
------------------------------ ------------------------------                   
CLUSTER_NAME                   IOT_NAME                       STATUS            
------------------------------ ------------------------------ --------          
  PCT_FREE   PCT_USED  INI_TRANS  MAX_TRANS INITIAL_EXTENT NEXT_EXTENT          
---------- ---------- ---------- ---------- -------------- -----------          
MIN_EXTENTS MAX_EXTENTS PCT_INCREASE  FREELISTS FREELIST_GROUPS LOG B   NUM_ROWS
----------- ----------- ------------ ---------- --------------- --- - ----------
    BLOCKS EMPTY_BLOCKS  AVG_SPACE  CHAIN_CNT AVG_ROW_LEN                       
---------- ------------ ---------- ---------- -----------                       
AVG_SPACE_FREELIST_BLOCKS NUM_FREELIST_BLOCKS DEGREE     INSTANCES  CACHE       
------------------------- ------------------- ---------- ---------- -----       
TABLE_LO SAMPLE_SIZE LAST_ANAL PAR IOT_TYPE     T S NES BUFFER_ FLASH_C CELL_FL 
-------- ----------- --------- --- ------------ - - --- ------- ------- ------- 
ROW_MOVE GLO USE DURATION        SKIP_COR MON CLUSTER_OWNER                     
-------- --- --- --------------- -------- --- ------------------------------    
DEPENDEN COMPRESS COMPRESS_FOR DRO REA SEG RESULT_                              
-------- -------- ------------ --- --- --- -------                              
DISABLED NO  NO                  DISABLED YES                                   

TABLE_NAME                     TABLESPACE_NAME                                  
------------------------------ ------------------------------                   
CLUSTER_NAME                   IOT_NAME                       STATUS            
------------------------------ ------------------------------ --------          
  PCT_FREE   PCT_USED  INI_TRANS  MAX_TRANS INITIAL_EXTENT NEXT_EXTENT          
---------- ---------- ---------- ---------- -------------- -----------          
MIN_EXTENTS MAX_EXTENTS PCT_INCREASE  FREELISTS FREELIST_GROUPS LOG B   NUM_ROWS
----------- ----------- ------------ ---------- --------------- --- - ----------
    BLOCKS EMPTY_BLOCKS  AVG_SPACE  CHAIN_CNT AVG_ROW_LEN                       
---------- ------------ ---------- ---------- -----------                       
AVG_SPACE_FREELIST_BLOCKS NUM_FREELIST_BLOCKS DEGREE     INSTANCES  CACHE       
------------------------- ------------------- ---------- ---------- -----       
TABLE_LO SAMPLE_SIZE LAST_ANAL PAR IOT_TYPE     T S NES BUFFER_ FLASH_C CELL_FL 
-------- ----------- --------- --- ------------ - - --- ------- ------- ------- 
ROW_MOVE GLO USE DURATION        SKIP_COR MON CLUSTER_OWNER                     
-------- --- --- --------------- -------- --- ------------------------------    
DEPENDEN COMPRESS COMPRESS_FOR DRO REA SEG RESULT_                              
-------- -------- ------------ --- --- --- -------                              
DISABLED DISABLED              NO  NO  NO  DEFAULT                              

TABLE_NAME                     TABLESPACE_NAME                                  
------------------------------ ------------------------------                   
CLUSTER_NAME                   IOT_NAME                       STATUS            
------------------------------ ------------------------------ --------          
  PCT_FREE   PCT_USED  INI_TRANS  MAX_TRANS INITIAL_EXTENT NEXT_EXTENT          
---------- ---------- ---------- ---------- -------------- -----------          
MIN_EXTENTS MAX_EXTENTS PCT_INCREASE  FREELISTS FREELIST_GROUPS LOG B   NUM_ROWS
----------- ----------- ------------ ---------- --------------- --- - ----------
    BLOCKS EMPTY_BLOCKS  AVG_SPACE  CHAIN_CNT AVG_ROW_LEN                       
---------- ------------ ---------- ---------- -----------                       
AVG_SPACE_FREELIST_BLOCKS NUM_FREELIST_BLOCKS DEGREE     INSTANCES  CACHE       
------------------------- ------------------- ---------- ---------- -----       
TABLE_LO SAMPLE_SIZE LAST_ANAL PAR IOT_TYPE     T S NES BUFFER_ FLASH_C CELL_FL 
-------- ----------- --------- --- ------------ - - --- ------- ------- ------- 
ROW_MOVE GLO USE DURATION        SKIP_COR MON CLUSTER_OWNER                     
-------- --- --- --------------- -------- --- ------------------------------    
DEPENDEN COMPRESS COMPRESS_FOR DRO REA SEG RESULT_                              
-------- -------- ------------ --- --- --- -------                              
                                                                                

TABLE_NAME                     TABLESPACE_NAME                                  
------------------------------ ------------------------------                   
CLUSTER_NAME                   IOT_NAME                       STATUS            
------------------------------ ------------------------------ --------          
  PCT_FREE   PCT_USED  INI_TRANS  MAX_TRANS INITIAL_EXTENT NEXT_EXTENT          
---------- ---------- ---------- ---------- -------------- -----------          
MIN_EXTENTS MAX_EXTENTS PCT_INCREASE  FREELISTS FREELIST_GROUPS LOG B   NUM_ROWS
----------- ----------- ------------ ---------- --------------- --- - ----------
    BLOCKS EMPTY_BLOCKS  AVG_SPACE  CHAIN_CNT AVG_ROW_LEN                       
---------- ------------ ---------- ---------- -----------                       
AVG_SPACE_FREELIST_BLOCKS NUM_FREELIST_BLOCKS DEGREE     INSTANCES  CACHE       
------------------------- ------------------- ---------- ---------- -----       
TABLE_LO SAMPLE_SIZE LAST_ANAL PAR IOT_TYPE     T S NES BUFFER_ FLASH_C CELL_FL 
-------- ----------- --------- --- ------------ - - --- ------- ------- ------- 
ROW_MOVE GLO USE DURATION        SKIP_COR MON CLUSTER_OWNER                     
-------- --- --- --------------- -------- --- ------------------------------    
DEPENDEN COMPRESS COMPRESS_FOR DRO REA SEG RESULT_                              
-------- -------- ------------ --- --- --- -------                              
LOCATIONS                      USERS                                            

TABLE_NAME                     TABLESPACE_NAME                                  
------------------------------ ------------------------------                   
CLUSTER_NAME                   IOT_NAME                       STATUS            
------------------------------ ------------------------------ --------          
  PCT_FREE   PCT_USED  INI_TRANS  MAX_TRANS INITIAL_EXTENT NEXT_EXTENT          
---------- ---------- ---------- ---------- -------------- -----------          
MIN_EXTENTS MAX_EXTENTS PCT_INCREASE  FREELISTS FREELIST_GROUPS LOG B   NUM_ROWS
----------- ----------- ------------ ---------- --------------- --- - ----------
    BLOCKS EMPTY_BLOCKS  AVG_SPACE  CHAIN_CNT AVG_ROW_LEN                       
---------- ------------ ---------- ---------- -----------                       
AVG_SPACE_FREELIST_BLOCKS NUM_FREELIST_BLOCKS DEGREE     INSTANCES  CACHE       
------------------------- ------------------- ---------- ---------- -----       
TABLE_LO SAMPLE_SIZE LAST_ANAL PAR IOT_TYPE     T S NES BUFFER_ FLASH_C CELL_FL 
-------- ----------- --------- --- ------------ - - --- ------- ------- ------- 
ROW_MOVE GLO USE DURATION        SKIP_COR MON CLUSTER_OWNER                     
-------- --- --- --------------- -------- --- ------------------------------    
DEPENDEN COMPRESS COMPRESS_FOR DRO REA SEG RESULT_                              
-------- -------- ------------ --- --- --- -------                              
                                                              VALID             

TABLE_NAME                     TABLESPACE_NAME                                  
------------------------------ ------------------------------                   
CLUSTER_NAME                   IOT_NAME                       STATUS            
------------------------------ ------------------------------ --------          
  PCT_FREE   PCT_USED  INI_TRANS  MAX_TRANS INITIAL_EXTENT NEXT_EXTENT          
---------- ---------- ---------- ---------- -------------- -----------          
MIN_EXTENTS MAX_EXTENTS PCT_INCREASE  FREELISTS FREELIST_GROUPS LOG B   NUM_ROWS
----------- ----------- ------------ ---------- --------------- --- - ----------
    BLOCKS EMPTY_BLOCKS  AVG_SPACE  CHAIN_CNT AVG_ROW_LEN                       
---------- ------------ ---------- ---------- -----------                       
AVG_SPACE_FREELIST_BLOCKS NUM_FREELIST_BLOCKS DEGREE     INSTANCES  CACHE       
------------------------- ------------------- ---------- ---------- -----       
TABLE_LO SAMPLE_SIZE LAST_ANAL PAR IOT_TYPE     T S NES BUFFER_ FLASH_C CELL_FL 
-------- ----------- --------- --- ------------ - - --- ------- ------- ------- 
ROW_MOVE GLO USE DURATION        SKIP_COR MON CLUSTER_OWNER                     
-------- --- --- --------------- -------- --- ------------------------------    
DEPENDEN COMPRESS COMPRESS_FOR DRO REA SEG RESULT_                              
-------- -------- ------------ --- --- --- -------                              
        10                     1        255                                     

TABLE_NAME                     TABLESPACE_NAME                                  
------------------------------ ------------------------------                   
CLUSTER_NAME                   IOT_NAME                       STATUS            
------------------------------ ------------------------------ --------          
  PCT_FREE   PCT_USED  INI_TRANS  MAX_TRANS INITIAL_EXTENT NEXT_EXTENT          
---------- ---------- ---------- ---------- -------------- -----------          
MIN_EXTENTS MAX_EXTENTS PCT_INCREASE  FREELISTS FREELIST_GROUPS LOG B   NUM_ROWS
----------- ----------- ------------ ---------- --------------- --- - ----------
    BLOCKS EMPTY_BLOCKS  AVG_SPACE  CHAIN_CNT AVG_ROW_LEN                       
---------- ------------ ---------- ---------- -----------                       
AVG_SPACE_FREELIST_BLOCKS NUM_FREELIST_BLOCKS DEGREE     INSTANCES  CACHE       
------------------------- ------------------- ---------- ---------- -----       
TABLE_LO SAMPLE_SIZE LAST_ANAL PAR IOT_TYPE     T S NES BUFFER_ FLASH_C CELL_FL 
-------- ----------- --------- --- ------------ - - --- ------- ------- ------- 
ROW_MOVE GLO USE DURATION        SKIP_COR MON CLUSTER_OWNER                     
-------- --- --- --------------- -------- --- ------------------------------    
DEPENDEN COMPRESS COMPRESS_FOR DRO REA SEG RESULT_                              
-------- -------- ------------ --- --- --- -------                              
                                                                YES N           

TABLE_NAME                     TABLESPACE_NAME                                  
------------------------------ ------------------------------                   
CLUSTER_NAME                   IOT_NAME                       STATUS            
------------------------------ ------------------------------ --------          
  PCT_FREE   PCT_USED  INI_TRANS  MAX_TRANS INITIAL_EXTENT NEXT_EXTENT          
---------- ---------- ---------- ---------- -------------- -----------          
MIN_EXTENTS MAX_EXTENTS PCT_INCREASE  FREELISTS FREELIST_GROUPS LOG B   NUM_ROWS
----------- ----------- ------------ ---------- --------------- --- - ----------
    BLOCKS EMPTY_BLOCKS  AVG_SPACE  CHAIN_CNT AVG_ROW_LEN                       
---------- ------------ ---------- ---------- -----------                       
AVG_SPACE_FREELIST_BLOCKS NUM_FREELIST_BLOCKS DEGREE     INSTANCES  CACHE       
------------------------- ------------------- ---------- ---------- -----       
TABLE_LO SAMPLE_SIZE LAST_ANAL PAR IOT_TYPE     T S NES BUFFER_ FLASH_C CELL_FL 
-------- ----------- --------- --- ------------ - - --- ------- ------- ------- 
ROW_MOVE GLO USE DURATION        SKIP_COR MON CLUSTER_OWNER                     
-------- --- --- --------------- -------- --- ------------------------------    
DEPENDEN COMPRESS COMPRESS_FOR DRO REA SEG RESULT_                              
-------- -------- ------------ --- --- --- -------                              
                                                                                

TABLE_NAME                     TABLESPACE_NAME                                  
------------------------------ ------------------------------                   
CLUSTER_NAME                   IOT_NAME                       STATUS            
------------------------------ ------------------------------ --------          
  PCT_FREE   PCT_USED  INI_TRANS  MAX_TRANS INITIAL_EXTENT NEXT_EXTENT          
---------- ---------- ---------- ---------- -------------- -----------          
MIN_EXTENTS MAX_EXTENTS PCT_INCREASE  FREELISTS FREELIST_GROUPS LOG B   NUM_ROWS
----------- ----------- ------------ ---------- --------------- --- - ----------
    BLOCKS EMPTY_BLOCKS  AVG_SPACE  CHAIN_CNT AVG_ROW_LEN                       
---------- ------------ ---------- ---------- -----------                       
AVG_SPACE_FREELIST_BLOCKS NUM_FREELIST_BLOCKS DEGREE     INSTANCES  CACHE       
------------------------- ------------------- ---------- ---------- -----       
TABLE_LO SAMPLE_SIZE LAST_ANAL PAR IOT_TYPE     T S NES BUFFER_ FLASH_C CELL_FL 
-------- ----------- --------- --- ------------ - - --- ------- ------- ------- 
ROW_MOVE GLO USE DURATION        SKIP_COR MON CLUSTER_OWNER                     
-------- --- --- --------------- -------- --- ------------------------------    
DEPENDEN COMPRESS COMPRESS_FOR DRO REA SEG RESULT_                              
-------- -------- ------------ --- --- --- -------                              
                                                       1          1     N       

TABLE_NAME                     TABLESPACE_NAME                                  
------------------------------ ------------------------------                   
CLUSTER_NAME                   IOT_NAME                       STATUS            
------------------------------ ------------------------------ --------          
  PCT_FREE   PCT_USED  INI_TRANS  MAX_TRANS INITIAL_EXTENT NEXT_EXTENT          
---------- ---------- ---------- ---------- -------------- -----------          
MIN_EXTENTS MAX_EXTENTS PCT_INCREASE  FREELISTS FREELIST_GROUPS LOG B   NUM_ROWS
----------- ----------- ------------ ---------- --------------- --- - ----------
    BLOCKS EMPTY_BLOCKS  AVG_SPACE  CHAIN_CNT AVG_ROW_LEN                       
---------- ------------ ---------- ---------- -----------                       
AVG_SPACE_FREELIST_BLOCKS NUM_FREELIST_BLOCKS DEGREE     INSTANCES  CACHE       
------------------------- ------------------- ---------- ---------- -----       
TABLE_LO SAMPLE_SIZE LAST_ANAL PAR IOT_TYPE     T S NES BUFFER_ FLASH_C CELL_FL 
-------- ----------- --------- --- ------------ - - --- ------- ------- ------- 
ROW_MOVE GLO USE DURATION        SKIP_COR MON CLUSTER_OWNER                     
-------- --- --- --------------- -------- --- ------------------------------    
DEPENDEN COMPRESS COMPRESS_FOR DRO REA SEG RESULT_                              
-------- -------- ------------ --- --- --- -------                              
ENABLED                        NO               N N NO  DEFAULT DEFAULT DEFAULT 

TABLE_NAME                     TABLESPACE_NAME                                  
------------------------------ ------------------------------                   
CLUSTER_NAME                   IOT_NAME                       STATUS            
------------------------------ ------------------------------ --------          
  PCT_FREE   PCT_USED  INI_TRANS  MAX_TRANS INITIAL_EXTENT NEXT_EXTENT          
---------- ---------- ---------- ---------- -------------- -----------          
MIN_EXTENTS MAX_EXTENTS PCT_INCREASE  FREELISTS FREELIST_GROUPS LOG B   NUM_ROWS
----------- ----------- ------------ ---------- --------------- --- - ----------
    BLOCKS EMPTY_BLOCKS  AVG_SPACE  CHAIN_CNT AVG_ROW_LEN                       
---------- ------------ ---------- ---------- -----------                       
AVG_SPACE_FREELIST_BLOCKS NUM_FREELIST_BLOCKS DEGREE     INSTANCES  CACHE       
------------------------- ------------------- ---------- ---------- -----       
TABLE_LO SAMPLE_SIZE LAST_ANAL PAR IOT_TYPE     T S NES BUFFER_ FLASH_C CELL_FL 
-------- ----------- --------- --- ------------ - - --- ------- ------- ------- 
ROW_MOVE GLO USE DURATION        SKIP_COR MON CLUSTER_OWNER                     
-------- --- --- --------------- -------- --- ------------------------------    
DEPENDEN COMPRESS COMPRESS_FOR DRO REA SEG RESULT_                              
-------- -------- ------------ --- --- --- -------                              
DISABLED NO  NO                  DISABLED YES                                   

TABLE_NAME                     TABLESPACE_NAME                                  
------------------------------ ------------------------------                   
CLUSTER_NAME                   IOT_NAME                       STATUS            
------------------------------ ------------------------------ --------          
  PCT_FREE   PCT_USED  INI_TRANS  MAX_TRANS INITIAL_EXTENT NEXT_EXTENT          
---------- ---------- ---------- ---------- -------------- -----------          
MIN_EXTENTS MAX_EXTENTS PCT_INCREASE  FREELISTS FREELIST_GROUPS LOG B   NUM_ROWS
----------- ----------- ------------ ---------- --------------- --- - ----------
    BLOCKS EMPTY_BLOCKS  AVG_SPACE  CHAIN_CNT AVG_ROW_LEN                       
---------- ------------ ---------- ---------- -----------                       
AVG_SPACE_FREELIST_BLOCKS NUM_FREELIST_BLOCKS DEGREE     INSTANCES  CACHE       
------------------------- ------------------- ---------- ---------- -----       
TABLE_LO SAMPLE_SIZE LAST_ANAL PAR IOT_TYPE     T S NES BUFFER_ FLASH_C CELL_FL 
-------- ----------- --------- --- ------------ - - --- ------- ------- ------- 
ROW_MOVE GLO USE DURATION        SKIP_COR MON CLUSTER_OWNER                     
-------- --- --- --------------- -------- --- ------------------------------    
DEPENDEN COMPRESS COMPRESS_FOR DRO REA SEG RESULT_                              
-------- -------- ------------ --- --- --- -------                              
DISABLED DISABLED              NO  NO  NO  DEFAULT                              

TABLE_NAME                     TABLESPACE_NAME                                  
------------------------------ ------------------------------                   
CLUSTER_NAME                   IOT_NAME                       STATUS            
------------------------------ ------------------------------ --------          
  PCT_FREE   PCT_USED  INI_TRANS  MAX_TRANS INITIAL_EXTENT NEXT_EXTENT          
---------- ---------- ---------- ---------- -------------- -----------          
MIN_EXTENTS MAX_EXTENTS PCT_INCREASE  FREELISTS FREELIST_GROUPS LOG B   NUM_ROWS
----------- ----------- ------------ ---------- --------------- --- - ----------
    BLOCKS EMPTY_BLOCKS  AVG_SPACE  CHAIN_CNT AVG_ROW_LEN                       
---------- ------------ ---------- ---------- -----------                       
AVG_SPACE_FREELIST_BLOCKS NUM_FREELIST_BLOCKS DEGREE     INSTANCES  CACHE       
------------------------- ------------------- ---------- ---------- -----       
TABLE_LO SAMPLE_SIZE LAST_ANAL PAR IOT_TYPE     T S NES BUFFER_ FLASH_C CELL_FL 
-------- ----------- --------- --- ------------ - - --- ------- ------- ------- 
ROW_MOVE GLO USE DURATION        SKIP_COR MON CLUSTER_OWNER                     
-------- --- --- --------------- -------- --- ------------------------------    
DEPENDEN COMPRESS COMPRESS_FOR DRO REA SEG RESULT_                              
-------- -------- ------------ --- --- --- -------                              
                                                                                

TABLE_NAME                     TABLESPACE_NAME                                  
------------------------------ ------------------------------                   
CLUSTER_NAME                   IOT_NAME                       STATUS            
------------------------------ ------------------------------ --------          
  PCT_FREE   PCT_USED  INI_TRANS  MAX_TRANS INITIAL_EXTENT NEXT_EXTENT          
---------- ---------- ---------- ---------- -------------- -----------          
MIN_EXTENTS MAX_EXTENTS PCT_INCREASE  FREELISTS FREELIST_GROUPS LOG B   NUM_ROWS
----------- ----------- ------------ ---------- --------------- --- - ----------
    BLOCKS EMPTY_BLOCKS  AVG_SPACE  CHAIN_CNT AVG_ROW_LEN                       
---------- ------------ ---------- ---------- -----------                       
AVG_SPACE_FREELIST_BLOCKS NUM_FREELIST_BLOCKS DEGREE     INSTANCES  CACHE       
------------------------- ------------------- ---------- ---------- -----       
TABLE_LO SAMPLE_SIZE LAST_ANAL PAR IOT_TYPE     T S NES BUFFER_ FLASH_C CELL_FL 
-------- ----------- --------- --- ------------ - - --- ------- ------- ------- 
ROW_MOVE GLO USE DURATION        SKIP_COR MON CLUSTER_OWNER                     
-------- --- --- --------------- -------- --- ------------------------------    
DEPENDEN COMPRESS COMPRESS_FOR DRO REA SEG RESULT_                              
-------- -------- ------------ --- --- --- -------                              
DEPARTMENTS                    USERS                                            

TABLE_NAME                     TABLESPACE_NAME                                  
------------------------------ ------------------------------                   
CLUSTER_NAME                   IOT_NAME                       STATUS            
------------------------------ ------------------------------ --------          
  PCT_FREE   PCT_USED  INI_TRANS  MAX_TRANS INITIAL_EXTENT NEXT_EXTENT          
---------- ---------- ---------- ---------- -------------- -----------          
MIN_EXTENTS MAX_EXTENTS PCT_INCREASE  FREELISTS FREELIST_GROUPS LOG B   NUM_ROWS
----------- ----------- ------------ ---------- --------------- --- - ----------
    BLOCKS EMPTY_BLOCKS  AVG_SPACE  CHAIN_CNT AVG_ROW_LEN                       
---------- ------------ ---------- ---------- -----------                       
AVG_SPACE_FREELIST_BLOCKS NUM_FREELIST_BLOCKS DEGREE     INSTANCES  CACHE       
------------------------- ------------------- ---------- ---------- -----       
TABLE_LO SAMPLE_SIZE LAST_ANAL PAR IOT_TYPE     T S NES BUFFER_ FLASH_C CELL_FL 
-------- ----------- --------- --- ------------ - - --- ------- ------- ------- 
ROW_MOVE GLO USE DURATION        SKIP_COR MON CLUSTER_OWNER                     
-------- --- --- --------------- -------- --- ------------------------------    
DEPENDEN COMPRESS COMPRESS_FOR DRO REA SEG RESULT_                              
-------- -------- ------------ --- --- --- -------                              
                                                              VALID             

TABLE_NAME                     TABLESPACE_NAME                                  
------------------------------ ------------------------------                   
CLUSTER_NAME                   IOT_NAME                       STATUS            
------------------------------ ------------------------------ --------          
  PCT_FREE   PCT_USED  INI_TRANS  MAX_TRANS INITIAL_EXTENT NEXT_EXTENT          
---------- ---------- ---------- ---------- -------------- -----------          
MIN_EXTENTS MAX_EXTENTS PCT_INCREASE  FREELISTS FREELIST_GROUPS LOG B   NUM_ROWS
----------- ----------- ------------ ---------- --------------- --- - ----------
    BLOCKS EMPTY_BLOCKS  AVG_SPACE  CHAIN_CNT AVG_ROW_LEN                       
---------- ------------ ---------- ---------- -----------                       
AVG_SPACE_FREELIST_BLOCKS NUM_FREELIST_BLOCKS DEGREE     INSTANCES  CACHE       
------------------------- ------------------- ---------- ---------- -----       
TABLE_LO SAMPLE_SIZE LAST_ANAL PAR IOT_TYPE     T S NES BUFFER_ FLASH_C CELL_FL 
-------- ----------- --------- --- ------------ - - --- ------- ------- ------- 
ROW_MOVE GLO USE DURATION        SKIP_COR MON CLUSTER_OWNER                     
-------- --- --- --------------- -------- --- ------------------------------    
DEPENDEN COMPRESS COMPRESS_FOR DRO REA SEG RESULT_                              
-------- -------- ------------ --- --- --- -------                              
        10                     1        255                                     

TABLE_NAME                     TABLESPACE_NAME                                  
------------------------------ ------------------------------                   
CLUSTER_NAME                   IOT_NAME                       STATUS            
------------------------------ ------------------------------ --------          
  PCT_FREE   PCT_USED  INI_TRANS  MAX_TRANS INITIAL_EXTENT NEXT_EXTENT          
---------- ---------- ---------- ---------- -------------- -----------          
MIN_EXTENTS MAX_EXTENTS PCT_INCREASE  FREELISTS FREELIST_GROUPS LOG B   NUM_ROWS
----------- ----------- ------------ ---------- --------------- --- - ----------
    BLOCKS EMPTY_BLOCKS  AVG_SPACE  CHAIN_CNT AVG_ROW_LEN                       
---------- ------------ ---------- ---------- -----------                       
AVG_SPACE_FREELIST_BLOCKS NUM_FREELIST_BLOCKS DEGREE     INSTANCES  CACHE       
------------------------- ------------------- ---------- ---------- -----       
TABLE_LO SAMPLE_SIZE LAST_ANAL PAR IOT_TYPE     T S NES BUFFER_ FLASH_C CELL_FL 
-------- ----------- --------- --- ------------ - - --- ------- ------- ------- 
ROW_MOVE GLO USE DURATION        SKIP_COR MON CLUSTER_OWNER                     
-------- --- --- --------------- -------- --- ------------------------------    
DEPENDEN COMPRESS COMPRESS_FOR DRO REA SEG RESULT_                              
-------- -------- ------------ --- --- --- -------                              
                                                                YES N           

TABLE_NAME                     TABLESPACE_NAME                                  
------------------------------ ------------------------------                   
CLUSTER_NAME                   IOT_NAME                       STATUS            
------------------------------ ------------------------------ --------          
  PCT_FREE   PCT_USED  INI_TRANS  MAX_TRANS INITIAL_EXTENT NEXT_EXTENT          
---------- ---------- ---------- ---------- -------------- -----------          
MIN_EXTENTS MAX_EXTENTS PCT_INCREASE  FREELISTS FREELIST_GROUPS LOG B   NUM_ROWS
----------- ----------- ------------ ---------- --------------- --- - ----------
    BLOCKS EMPTY_BLOCKS  AVG_SPACE  CHAIN_CNT AVG_ROW_LEN                       
---------- ------------ ---------- ---------- -----------                       
AVG_SPACE_FREELIST_BLOCKS NUM_FREELIST_BLOCKS DEGREE     INSTANCES  CACHE       
------------------------- ------------------- ---------- ---------- -----       
TABLE_LO SAMPLE_SIZE LAST_ANAL PAR IOT_TYPE     T S NES BUFFER_ FLASH_C CELL_FL 
-------- ----------- --------- --- ------------ - - --- ------- ------- ------- 
ROW_MOVE GLO USE DURATION        SKIP_COR MON CLUSTER_OWNER                     
-------- --- --- --------------- -------- --- ------------------------------    
DEPENDEN COMPRESS COMPRESS_FOR DRO REA SEG RESULT_                              
-------- -------- ------------ --- --- --- -------                              
                                                                                

TABLE_NAME                     TABLESPACE_NAME                                  
------------------------------ ------------------------------                   
CLUSTER_NAME                   IOT_NAME                       STATUS            
------------------------------ ------------------------------ --------          
  PCT_FREE   PCT_USED  INI_TRANS  MAX_TRANS INITIAL_EXTENT NEXT_EXTENT          
---------- ---------- ---------- ---------- -------------- -----------          
MIN_EXTENTS MAX_EXTENTS PCT_INCREASE  FREELISTS FREELIST_GROUPS LOG B   NUM_ROWS
----------- ----------- ------------ ---------- --------------- --- - ----------
    BLOCKS EMPTY_BLOCKS  AVG_SPACE  CHAIN_CNT AVG_ROW_LEN                       
---------- ------------ ---------- ---------- -----------                       
AVG_SPACE_FREELIST_BLOCKS NUM_FREELIST_BLOCKS DEGREE     INSTANCES  CACHE       
------------------------- ------------------- ---------- ---------- -----       
TABLE_LO SAMPLE_SIZE LAST_ANAL PAR IOT_TYPE     T S NES BUFFER_ FLASH_C CELL_FL 
-------- ----------- --------- --- ------------ - - --- ------- ------- ------- 
ROW_MOVE GLO USE DURATION        SKIP_COR MON CLUSTER_OWNER                     
-------- --- --- --------------- -------- --- ------------------------------    
DEPENDEN COMPRESS COMPRESS_FOR DRO REA SEG RESULT_                              
-------- -------- ------------ --- --- --- -------                              
                                                       1          1     N       

TABLE_NAME                     TABLESPACE_NAME                                  
------------------------------ ------------------------------                   
CLUSTER_NAME                   IOT_NAME                       STATUS            
------------------------------ ------------------------------ --------          
  PCT_FREE   PCT_USED  INI_TRANS  MAX_TRANS INITIAL_EXTENT NEXT_EXTENT          
---------- ---------- ---------- ---------- -------------- -----------          
MIN_EXTENTS MAX_EXTENTS PCT_INCREASE  FREELISTS FREELIST_GROUPS LOG B   NUM_ROWS
----------- ----------- ------------ ---------- --------------- --- - ----------
    BLOCKS EMPTY_BLOCKS  AVG_SPACE  CHAIN_CNT AVG_ROW_LEN                       
---------- ------------ ---------- ---------- -----------                       
AVG_SPACE_FREELIST_BLOCKS NUM_FREELIST_BLOCKS DEGREE     INSTANCES  CACHE       
------------------------- ------------------- ---------- ---------- -----       
TABLE_LO SAMPLE_SIZE LAST_ANAL PAR IOT_TYPE     T S NES BUFFER_ FLASH_C CELL_FL 
-------- ----------- --------- --- ------------ - - --- ------- ------- ------- 
ROW_MOVE GLO USE DURATION        SKIP_COR MON CLUSTER_OWNER                     
-------- --- --- --------------- -------- --- ------------------------------    
DEPENDEN COMPRESS COMPRESS_FOR DRO REA SEG RESULT_                              
-------- -------- ------------ --- --- --- -------                              
ENABLED                        NO               N N NO  DEFAULT DEFAULT DEFAULT 

TABLE_NAME                     TABLESPACE_NAME                                  
------------------------------ ------------------------------                   
CLUSTER_NAME                   IOT_NAME                       STATUS            
------------------------------ ------------------------------ --------          
  PCT_FREE   PCT_USED  INI_TRANS  MAX_TRANS INITIAL_EXTENT NEXT_EXTENT          
---------- ---------- ---------- ---------- -------------- -----------          
MIN_EXTENTS MAX_EXTENTS PCT_INCREASE  FREELISTS FREELIST_GROUPS LOG B   NUM_ROWS
----------- ----------- ------------ ---------- --------------- --- - ----------
    BLOCKS EMPTY_BLOCKS  AVG_SPACE  CHAIN_CNT AVG_ROW_LEN                       
---------- ------------ ---------- ---------- -----------                       
AVG_SPACE_FREELIST_BLOCKS NUM_FREELIST_BLOCKS DEGREE     INSTANCES  CACHE       
------------------------- ------------------- ---------- ---------- -----       
TABLE_LO SAMPLE_SIZE LAST_ANAL PAR IOT_TYPE     T S NES BUFFER_ FLASH_C CELL_FL 
-------- ----------- --------- --- ------------ - - --- ------- ------- ------- 
ROW_MOVE GLO USE DURATION        SKIP_COR MON CLUSTER_OWNER                     
-------- --- --- --------------- -------- --- ------------------------------    
DEPENDEN COMPRESS COMPRESS_FOR DRO REA SEG RESULT_                              
-------- -------- ------------ --- --- --- -------                              
DISABLED NO  NO                  DISABLED YES                                   

TABLE_NAME                     TABLESPACE_NAME                                  
------------------------------ ------------------------------                   
CLUSTER_NAME                   IOT_NAME                       STATUS            
------------------------------ ------------------------------ --------          
  PCT_FREE   PCT_USED  INI_TRANS  MAX_TRANS INITIAL_EXTENT NEXT_EXTENT          
---------- ---------- ---------- ---------- -------------- -----------          
MIN_EXTENTS MAX_EXTENTS PCT_INCREASE  FREELISTS FREELIST_GROUPS LOG B   NUM_ROWS
----------- ----------- ------------ ---------- --------------- --- - ----------
    BLOCKS EMPTY_BLOCKS  AVG_SPACE  CHAIN_CNT AVG_ROW_LEN                       
---------- ------------ ---------- ---------- -----------                       
AVG_SPACE_FREELIST_BLOCKS NUM_FREELIST_BLOCKS DEGREE     INSTANCES  CACHE       
------------------------- ------------------- ---------- ---------- -----       
TABLE_LO SAMPLE_SIZE LAST_ANAL PAR IOT_TYPE     T S NES BUFFER_ FLASH_C CELL_FL 
-------- ----------- --------- --- ------------ - - --- ------- ------- ------- 
ROW_MOVE GLO USE DURATION        SKIP_COR MON CLUSTER_OWNER                     
-------- --- --- --------------- -------- --- ------------------------------    
DEPENDEN COMPRESS COMPRESS_FOR DRO REA SEG RESULT_                              
-------- -------- ------------ --- --- --- -------                              
DISABLED DISABLED              NO  NO  NO  DEFAULT                              

TABLE_NAME                     TABLESPACE_NAME                                  
------------------------------ ------------------------------                   
CLUSTER_NAME                   IOT_NAME                       STATUS            
------------------------------ ------------------------------ --------          
  PCT_FREE   PCT_USED  INI_TRANS  MAX_TRANS INITIAL_EXTENT NEXT_EXTENT          
---------- ---------- ---------- ---------- -------------- -----------          
MIN_EXTENTS MAX_EXTENTS PCT_INCREASE  FREELISTS FREELIST_GROUPS LOG B   NUM_ROWS
----------- ----------- ------------ ---------- --------------- --- - ----------
    BLOCKS EMPTY_BLOCKS  AVG_SPACE  CHAIN_CNT AVG_ROW_LEN                       
---------- ------------ ---------- ---------- -----------                       
AVG_SPACE_FREELIST_BLOCKS NUM_FREELIST_BLOCKS DEGREE     INSTANCES  CACHE       
------------------------- ------------------- ---------- ---------- -----       
TABLE_LO SAMPLE_SIZE LAST_ANAL PAR IOT_TYPE     T S NES BUFFER_ FLASH_C CELL_FL 
-------- ----------- --------- --- ------------ - - --- ------- ------- ------- 
ROW_MOVE GLO USE DURATION        SKIP_COR MON CLUSTER_OWNER                     
-------- --- --- --------------- -------- --- ------------------------------    
DEPENDEN COMPRESS COMPRESS_FOR DRO REA SEG RESULT_                              
-------- -------- ------------ --- --- --- -------                              
                                                                                

TABLE_NAME                     TABLESPACE_NAME                                  
------------------------------ ------------------------------                   
CLUSTER_NAME                   IOT_NAME                       STATUS            
------------------------------ ------------------------------ --------          
  PCT_FREE   PCT_USED  INI_TRANS  MAX_TRANS INITIAL_EXTENT NEXT_EXTENT          
---------- ---------- ---------- ---------- -------------- -----------          
MIN_EXTENTS MAX_EXTENTS PCT_INCREASE  FREELISTS FREELIST_GROUPS LOG B   NUM_ROWS
----------- ----------- ------------ ---------- --------------- --- - ----------
    BLOCKS EMPTY_BLOCKS  AVG_SPACE  CHAIN_CNT AVG_ROW_LEN                       
---------- ------------ ---------- ---------- -----------                       
AVG_SPACE_FREELIST_BLOCKS NUM_FREELIST_BLOCKS DEGREE     INSTANCES  CACHE       
------------------------- ------------------- ---------- ---------- -----       
TABLE_LO SAMPLE_SIZE LAST_ANAL PAR IOT_TYPE     T S NES BUFFER_ FLASH_C CELL_FL 
-------- ----------- --------- --- ------------ - - --- ------- ------- ------- 
ROW_MOVE GLO USE DURATION        SKIP_COR MON CLUSTER_OWNER                     
-------- --- --- --------------- -------- --- ------------------------------    
DEPENDEN COMPRESS COMPRESS_FOR DRO REA SEG RESULT_                              
-------- -------- ------------ --- --- --- -------                              
JOBS                           USERS                                            

TABLE_NAME                     TABLESPACE_NAME                                  
------------------------------ ------------------------------                   
CLUSTER_NAME                   IOT_NAME                       STATUS            
------------------------------ ------------------------------ --------          
  PCT_FREE   PCT_USED  INI_TRANS  MAX_TRANS INITIAL_EXTENT NEXT_EXTENT          
---------- ---------- ---------- ---------- -------------- -----------          
MIN_EXTENTS MAX_EXTENTS PCT_INCREASE  FREELISTS FREELIST_GROUPS LOG B   NUM_ROWS
----------- ----------- ------------ ---------- --------------- --- - ----------
    BLOCKS EMPTY_BLOCKS  AVG_SPACE  CHAIN_CNT AVG_ROW_LEN                       
---------- ------------ ---------- ---------- -----------                       
AVG_SPACE_FREELIST_BLOCKS NUM_FREELIST_BLOCKS DEGREE     INSTANCES  CACHE       
------------------------- ------------------- ---------- ---------- -----       
TABLE_LO SAMPLE_SIZE LAST_ANAL PAR IOT_TYPE     T S NES BUFFER_ FLASH_C CELL_FL 
-------- ----------- --------- --- ------------ - - --- ------- ------- ------- 
ROW_MOVE GLO USE DURATION        SKIP_COR MON CLUSTER_OWNER                     
-------- --- --- --------------- -------- --- ------------------------------    
DEPENDEN COMPRESS COMPRESS_FOR DRO REA SEG RESULT_                              
-------- -------- ------------ --- --- --- -------                              
                                                              VALID             

TABLE_NAME                     TABLESPACE_NAME                                  
------------------------------ ------------------------------                   
CLUSTER_NAME                   IOT_NAME                       STATUS            
------------------------------ ------------------------------ --------          
  PCT_FREE   PCT_USED  INI_TRANS  MAX_TRANS INITIAL_EXTENT NEXT_EXTENT          
---------- ---------- ---------- ---------- -------------- -----------          
MIN_EXTENTS MAX_EXTENTS PCT_INCREASE  FREELISTS FREELIST_GROUPS LOG B   NUM_ROWS
----------- ----------- ------------ ---------- --------------- --- - ----------
    BLOCKS EMPTY_BLOCKS  AVG_SPACE  CHAIN_CNT AVG_ROW_LEN                       
---------- ------------ ---------- ---------- -----------                       
AVG_SPACE_FREELIST_BLOCKS NUM_FREELIST_BLOCKS DEGREE     INSTANCES  CACHE       
------------------------- ------------------- ---------- ---------- -----       
TABLE_LO SAMPLE_SIZE LAST_ANAL PAR IOT_TYPE     T S NES BUFFER_ FLASH_C CELL_FL 
-------- ----------- --------- --- ------------ - - --- ------- ------- ------- 
ROW_MOVE GLO USE DURATION        SKIP_COR MON CLUSTER_OWNER                     
-------- --- --- --------------- -------- --- ------------------------------    
DEPENDEN COMPRESS COMPRESS_FOR DRO REA SEG RESULT_                              
-------- -------- ------------ --- --- --- -------                              
        10                     1        255                                     

TABLE_NAME                     TABLESPACE_NAME                                  
------------------------------ ------------------------------                   
CLUSTER_NAME                   IOT_NAME                       STATUS            
------------------------------ ------------------------------ --------          
  PCT_FREE   PCT_USED  INI_TRANS  MAX_TRANS INITIAL_EXTENT NEXT_EXTENT          
---------- ---------- ---------- ---------- -------------- -----------          
MIN_EXTENTS MAX_EXTENTS PCT_INCREASE  FREELISTS FREELIST_GROUPS LOG B   NUM_ROWS
----------- ----------- ------------ ---------- --------------- --- - ----------
    BLOCKS EMPTY_BLOCKS  AVG_SPACE  CHAIN_CNT AVG_ROW_LEN                       
---------- ------------ ---------- ---------- -----------                       
AVG_SPACE_FREELIST_BLOCKS NUM_FREELIST_BLOCKS DEGREE     INSTANCES  CACHE       
------------------------- ------------------- ---------- ---------- -----       
TABLE_LO SAMPLE_SIZE LAST_ANAL PAR IOT_TYPE     T S NES BUFFER_ FLASH_C CELL_FL 
-------- ----------- --------- --- ------------ - - --- ------- ------- ------- 
ROW_MOVE GLO USE DURATION        SKIP_COR MON CLUSTER_OWNER                     
-------- --- --- --------------- -------- --- ------------------------------    
DEPENDEN COMPRESS COMPRESS_FOR DRO REA SEG RESULT_                              
-------- -------- ------------ --- --- --- -------                              
                                                                YES N           

TABLE_NAME                     TABLESPACE_NAME                                  
------------------------------ ------------------------------                   
CLUSTER_NAME                   IOT_NAME                       STATUS            
------------------------------ ------------------------------ --------          
  PCT_FREE   PCT_USED  INI_TRANS  MAX_TRANS INITIAL_EXTENT NEXT_EXTENT          
---------- ---------- ---------- ---------- -------------- -----------          
MIN_EXTENTS MAX_EXTENTS PCT_INCREASE  FREELISTS FREELIST_GROUPS LOG B   NUM_ROWS
----------- ----------- ------------ ---------- --------------- --- - ----------
    BLOCKS EMPTY_BLOCKS  AVG_SPACE  CHAIN_CNT AVG_ROW_LEN                       
---------- ------------ ---------- ---------- -----------                       
AVG_SPACE_FREELIST_BLOCKS NUM_FREELIST_BLOCKS DEGREE     INSTANCES  CACHE       
------------------------- ------------------- ---------- ---------- -----       
TABLE_LO SAMPLE_SIZE LAST_ANAL PAR IOT_TYPE     T S NES BUFFER_ FLASH_C CELL_FL 
-------- ----------- --------- --- ------------ - - --- ------- ------- ------- 
ROW_MOVE GLO USE DURATION        SKIP_COR MON CLUSTER_OWNER                     
-------- --- --- --------------- -------- --- ------------------------------    
DEPENDEN COMPRESS COMPRESS_FOR DRO REA SEG RESULT_                              
-------- -------- ------------ --- --- --- -------                              
                                                                                

TABLE_NAME                     TABLESPACE_NAME                                  
------------------------------ ------------------------------                   
CLUSTER_NAME                   IOT_NAME                       STATUS            
------------------------------ ------------------------------ --------          
  PCT_FREE   PCT_USED  INI_TRANS  MAX_TRANS INITIAL_EXTENT NEXT_EXTENT          
---------- ---------- ---------- ---------- -------------- -----------          
MIN_EXTENTS MAX_EXTENTS PCT_INCREASE  FREELISTS FREELIST_GROUPS LOG B   NUM_ROWS
----------- ----------- ------------ ---------- --------------- --- - ----------
    BLOCKS EMPTY_BLOCKS  AVG_SPACE  CHAIN_CNT AVG_ROW_LEN                       
---------- ------------ ---------- ---------- -----------                       
AVG_SPACE_FREELIST_BLOCKS NUM_FREELIST_BLOCKS DEGREE     INSTANCES  CACHE       
------------------------- ------------------- ---------- ---------- -----       
TABLE_LO SAMPLE_SIZE LAST_ANAL PAR IOT_TYPE     T S NES BUFFER_ FLASH_C CELL_FL 
-------- ----------- --------- --- ------------ - - --- ------- ------- ------- 
ROW_MOVE GLO USE DURATION        SKIP_COR MON CLUSTER_OWNER                     
-------- --- --- --------------- -------- --- ------------------------------    
DEPENDEN COMPRESS COMPRESS_FOR DRO REA SEG RESULT_                              
-------- -------- ------------ --- --- --- -------                              
                                                       1          1     N       

TABLE_NAME                     TABLESPACE_NAME                                  
------------------------------ ------------------------------                   
CLUSTER_NAME                   IOT_NAME                       STATUS            
------------------------------ ------------------------------ --------          
  PCT_FREE   PCT_USED  INI_TRANS  MAX_TRANS INITIAL_EXTENT NEXT_EXTENT          
---------- ---------- ---------- ---------- -------------- -----------          
MIN_EXTENTS MAX_EXTENTS PCT_INCREASE  FREELISTS FREELIST_GROUPS LOG B   NUM_ROWS
----------- ----------- ------------ ---------- --------------- --- - ----------
    BLOCKS EMPTY_BLOCKS  AVG_SPACE  CHAIN_CNT AVG_ROW_LEN                       
---------- ------------ ---------- ---------- -----------                       
AVG_SPACE_FREELIST_BLOCKS NUM_FREELIST_BLOCKS DEGREE     INSTANCES  CACHE       
------------------------- ------------------- ---------- ---------- -----       
TABLE_LO SAMPLE_SIZE LAST_ANAL PAR IOT_TYPE     T S NES BUFFER_ FLASH_C CELL_FL 
-------- ----------- --------- --- ------------ - - --- ------- ------- ------- 
ROW_MOVE GLO USE DURATION        SKIP_COR MON CLUSTER_OWNER                     
-------- --- --- --------------- -------- --- ------------------------------    
DEPENDEN COMPRESS COMPRESS_FOR DRO REA SEG RESULT_                              
-------- -------- ------------ --- --- --- -------                              
ENABLED                        NO               N N NO  DEFAULT DEFAULT DEFAULT 

TABLE_NAME                     TABLESPACE_NAME                                  
------------------------------ ------------------------------                   
CLUSTER_NAME                   IOT_NAME                       STATUS            
------------------------------ ------------------------------ --------          
  PCT_FREE   PCT_USED  INI_TRANS  MAX_TRANS INITIAL_EXTENT NEXT_EXTENT          
---------- ---------- ---------- ---------- -------------- -----------          
MIN_EXTENTS MAX_EXTENTS PCT_INCREASE  FREELISTS FREELIST_GROUPS LOG B   NUM_ROWS
----------- ----------- ------------ ---------- --------------- --- - ----------
    BLOCKS EMPTY_BLOCKS  AVG_SPACE  CHAIN_CNT AVG_ROW_LEN                       
---------- ------------ ---------- ---------- -----------                       
AVG_SPACE_FREELIST_BLOCKS NUM_FREELIST_BLOCKS DEGREE     INSTANCES  CACHE       
------------------------- ------------------- ---------- ---------- -----       
TABLE_LO SAMPLE_SIZE LAST_ANAL PAR IOT_TYPE     T S NES BUFFER_ FLASH_C CELL_FL 
-------- ----------- --------- --- ------------ - - --- ------- ------- ------- 
ROW_MOVE GLO USE DURATION        SKIP_COR MON CLUSTER_OWNER                     
-------- --- --- --------------- -------- --- ------------------------------    
DEPENDEN COMPRESS COMPRESS_FOR DRO REA SEG RESULT_                              
-------- -------- ------------ --- --- --- -------                              
DISABLED NO  NO                  DISABLED YES                                   

TABLE_NAME                     TABLESPACE_NAME                                  
------------------------------ ------------------------------                   
CLUSTER_NAME                   IOT_NAME                       STATUS            
------------------------------ ------------------------------ --------          
  PCT_FREE   PCT_USED  INI_TRANS  MAX_TRANS INITIAL_EXTENT NEXT_EXTENT          
---------- ---------- ---------- ---------- -------------- -----------          
MIN_EXTENTS MAX_EXTENTS PCT_INCREASE  FREELISTS FREELIST_GROUPS LOG B   NUM_ROWS
----------- ----------- ------------ ---------- --------------- --- - ----------
    BLOCKS EMPTY_BLOCKS  AVG_SPACE  CHAIN_CNT AVG_ROW_LEN                       
---------- ------------ ---------- ---------- -----------                       
AVG_SPACE_FREELIST_BLOCKS NUM_FREELIST_BLOCKS DEGREE     INSTANCES  CACHE       
------------------------- ------------------- ---------- ---------- -----       
TABLE_LO SAMPLE_SIZE LAST_ANAL PAR IOT_TYPE     T S NES BUFFER_ FLASH_C CELL_FL 
-------- ----------- --------- --- ------------ - - --- ------- ------- ------- 
ROW_MOVE GLO USE DURATION        SKIP_COR MON CLUSTER_OWNER                     
-------- --- --- --------------- -------- --- ------------------------------    
DEPENDEN COMPRESS COMPRESS_FOR DRO REA SEG RESULT_                              
-------- -------- ------------ --- --- --- -------                              
DISABLED DISABLED              NO  NO  NO  DEFAULT                              

TABLE_NAME                     TABLESPACE_NAME                                  
------------------------------ ------------------------------                   
CLUSTER_NAME                   IOT_NAME                       STATUS            
------------------------------ ------------------------------ --------          
  PCT_FREE   PCT_USED  INI_TRANS  MAX_TRANS INITIAL_EXTENT NEXT_EXTENT          
---------- ---------- ---------- ---------- -------------- -----------          
MIN_EXTENTS MAX_EXTENTS PCT_INCREASE  FREELISTS FREELIST_GROUPS LOG B   NUM_ROWS
----------- ----------- ------------ ---------- --------------- --- - ----------
    BLOCKS EMPTY_BLOCKS  AVG_SPACE  CHAIN_CNT AVG_ROW_LEN                       
---------- ------------ ---------- ---------- -----------                       
AVG_SPACE_FREELIST_BLOCKS NUM_FREELIST_BLOCKS DEGREE     INSTANCES  CACHE       
------------------------- ------------------- ---------- ---------- -----       
TABLE_LO SAMPLE_SIZE LAST_ANAL PAR IOT_TYPE     T S NES BUFFER_ FLASH_C CELL_FL 
-------- ----------- --------- --- ------------ - - --- ------- ------- ------- 
ROW_MOVE GLO USE DURATION        SKIP_COR MON CLUSTER_OWNER                     
-------- --- --- --------------- -------- --- ------------------------------    
DEPENDEN COMPRESS COMPRESS_FOR DRO REA SEG RESULT_                              
-------- -------- ------------ --- --- --- -------                              
                                                                                

TABLE_NAME                     TABLESPACE_NAME                                  
------------------------------ ------------------------------                   
CLUSTER_NAME                   IOT_NAME                       STATUS            
------------------------------ ------------------------------ --------          
  PCT_FREE   PCT_USED  INI_TRANS  MAX_TRANS INITIAL_EXTENT NEXT_EXTENT          
---------- ---------- ---------- ---------- -------------- -----------          
MIN_EXTENTS MAX_EXTENTS PCT_INCREASE  FREELISTS FREELIST_GROUPS LOG B   NUM_ROWS
----------- ----------- ------------ ---------- --------------- --- - ----------
    BLOCKS EMPTY_BLOCKS  AVG_SPACE  CHAIN_CNT AVG_ROW_LEN                       
---------- ------------ ---------- ---------- -----------                       
AVG_SPACE_FREELIST_BLOCKS NUM_FREELIST_BLOCKS DEGREE     INSTANCES  CACHE       
------------------------- ------------------- ---------- ---------- -----       
TABLE_LO SAMPLE_SIZE LAST_ANAL PAR IOT_TYPE     T S NES BUFFER_ FLASH_C CELL_FL 
-------- ----------- --------- --- ------------ - - --- ------- ------- ------- 
ROW_MOVE GLO USE DURATION        SKIP_COR MON CLUSTER_OWNER                     
-------- --- --- --------------- -------- --- ------------------------------    
DEPENDEN COMPRESS COMPRESS_FOR DRO REA SEG RESULT_                              
-------- -------- ------------ --- --- --- -------                              
EMPLOYEES                      USERS                                            

TABLE_NAME                     TABLESPACE_NAME                                  
------------------------------ ------------------------------                   
CLUSTER_NAME                   IOT_NAME                       STATUS            
------------------------------ ------------------------------ --------          
  PCT_FREE   PCT_USED  INI_TRANS  MAX_TRANS INITIAL_EXTENT NEXT_EXTENT          
---------- ---------- ---------- ---------- -------------- -----------          
MIN_EXTENTS MAX_EXTENTS PCT_INCREASE  FREELISTS FREELIST_GROUPS LOG B   NUM_ROWS
----------- ----------- ------------ ---------- --------------- --- - ----------
    BLOCKS EMPTY_BLOCKS  AVG_SPACE  CHAIN_CNT AVG_ROW_LEN                       
---------- ------------ ---------- ---------- -----------                       
AVG_SPACE_FREELIST_BLOCKS NUM_FREELIST_BLOCKS DEGREE     INSTANCES  CACHE       
------------------------- ------------------- ---------- ---------- -----       
TABLE_LO SAMPLE_SIZE LAST_ANAL PAR IOT_TYPE     T S NES BUFFER_ FLASH_C CELL_FL 
-------- ----------- --------- --- ------------ - - --- ------- ------- ------- 
ROW_MOVE GLO USE DURATION        SKIP_COR MON CLUSTER_OWNER                     
-------- --- --- --------------- -------- --- ------------------------------    
DEPENDEN COMPRESS COMPRESS_FOR DRO REA SEG RESULT_                              
-------- -------- ------------ --- --- --- -------                              
                                                              VALID             

TABLE_NAME                     TABLESPACE_NAME                                  
------------------------------ ------------------------------                   
CLUSTER_NAME                   IOT_NAME                       STATUS            
------------------------------ ------------------------------ --------          
  PCT_FREE   PCT_USED  INI_TRANS  MAX_TRANS INITIAL_EXTENT NEXT_EXTENT          
---------- ---------- ---------- ---------- -------------- -----------          
MIN_EXTENTS MAX_EXTENTS PCT_INCREASE  FREELISTS FREELIST_GROUPS LOG B   NUM_ROWS
----------- ----------- ------------ ---------- --------------- --- - ----------
    BLOCKS EMPTY_BLOCKS  AVG_SPACE  CHAIN_CNT AVG_ROW_LEN                       
---------- ------------ ---------- ---------- -----------                       
AVG_SPACE_FREELIST_BLOCKS NUM_FREELIST_BLOCKS DEGREE     INSTANCES  CACHE       
------------------------- ------------------- ---------- ---------- -----       
TABLE_LO SAMPLE_SIZE LAST_ANAL PAR IOT_TYPE     T S NES BUFFER_ FLASH_C CELL_FL 
-------- ----------- --------- --- ------------ - - --- ------- ------- ------- 
ROW_MOVE GLO USE DURATION        SKIP_COR MON CLUSTER_OWNER                     
-------- --- --- --------------- -------- --- ------------------------------    
DEPENDEN COMPRESS COMPRESS_FOR DRO REA SEG RESULT_                              
-------- -------- ------------ --- --- --- -------                              
        10                     1        255                                     

TABLE_NAME                     TABLESPACE_NAME                                  
------------------------------ ------------------------------                   
CLUSTER_NAME                   IOT_NAME                       STATUS            
------------------------------ ------------------------------ --------          
  PCT_FREE   PCT_USED  INI_TRANS  MAX_TRANS INITIAL_EXTENT NEXT_EXTENT          
---------- ---------- ---------- ---------- -------------- -----------          
MIN_EXTENTS MAX_EXTENTS PCT_INCREASE  FREELISTS FREELIST_GROUPS LOG B   NUM_ROWS
----------- ----------- ------------ ---------- --------------- --- - ----------
    BLOCKS EMPTY_BLOCKS  AVG_SPACE  CHAIN_CNT AVG_ROW_LEN                       
---------- ------------ ---------- ---------- -----------                       
AVG_SPACE_FREELIST_BLOCKS NUM_FREELIST_BLOCKS DEGREE     INSTANCES  CACHE       
------------------------- ------------------- ---------- ---------- -----       
TABLE_LO SAMPLE_SIZE LAST_ANAL PAR IOT_TYPE     T S NES BUFFER_ FLASH_C CELL_FL 
-------- ----------- --------- --- ------------ - - --- ------- ------- ------- 
ROW_MOVE GLO USE DURATION        SKIP_COR MON CLUSTER_OWNER                     
-------- --- --- --------------- -------- --- ------------------------------    
DEPENDEN COMPRESS COMPRESS_FOR DRO REA SEG RESULT_                              
-------- -------- ------------ --- --- --- -------                              
                                                                YES N           

TABLE_NAME                     TABLESPACE_NAME                                  
------------------------------ ------------------------------                   
CLUSTER_NAME                   IOT_NAME                       STATUS            
------------------------------ ------------------------------ --------          
  PCT_FREE   PCT_USED  INI_TRANS  MAX_TRANS INITIAL_EXTENT NEXT_EXTENT          
---------- ---------- ---------- ---------- -------------- -----------          
MIN_EXTENTS MAX_EXTENTS PCT_INCREASE  FREELISTS FREELIST_GROUPS LOG B   NUM_ROWS
----------- ----------- ------------ ---------- --------------- --- - ----------
    BLOCKS EMPTY_BLOCKS  AVG_SPACE  CHAIN_CNT AVG_ROW_LEN                       
---------- ------------ ---------- ---------- -----------                       
AVG_SPACE_FREELIST_BLOCKS NUM_FREELIST_BLOCKS DEGREE     INSTANCES  CACHE       
------------------------- ------------------- ---------- ---------- -----       
TABLE_LO SAMPLE_SIZE LAST_ANAL PAR IOT_TYPE     T S NES BUFFER_ FLASH_C CELL_FL 
-------- ----------- --------- --- ------------ - - --- ------- ------- ------- 
ROW_MOVE GLO USE DURATION        SKIP_COR MON CLUSTER_OWNER                     
-------- --- --- --------------- -------- --- ------------------------------    
DEPENDEN COMPRESS COMPRESS_FOR DRO REA SEG RESULT_                              
-------- -------- ------------ --- --- --- -------                              
                                                                                

TABLE_NAME                     TABLESPACE_NAME                                  
------------------------------ ------------------------------                   
CLUSTER_NAME                   IOT_NAME                       STATUS            
------------------------------ ------------------------------ --------          
  PCT_FREE   PCT_USED  INI_TRANS  MAX_TRANS INITIAL_EXTENT NEXT_EXTENT          
---------- ---------- ---------- ---------- -------------- -----------          
MIN_EXTENTS MAX_EXTENTS PCT_INCREASE  FREELISTS FREELIST_GROUPS LOG B   NUM_ROWS
----------- ----------- ------------ ---------- --------------- --- - ----------
    BLOCKS EMPTY_BLOCKS  AVG_SPACE  CHAIN_CNT AVG_ROW_LEN                       
---------- ------------ ---------- ---------- -----------                       
AVG_SPACE_FREELIST_BLOCKS NUM_FREELIST_BLOCKS DEGREE     INSTANCES  CACHE       
------------------------- ------------------- ---------- ---------- -----       
TABLE_LO SAMPLE_SIZE LAST_ANAL PAR IOT_TYPE     T S NES BUFFER_ FLASH_C CELL_FL 
-------- ----------- --------- --- ------------ - - --- ------- ------- ------- 
ROW_MOVE GLO USE DURATION        SKIP_COR MON CLUSTER_OWNER                     
-------- --- --- --------------- -------- --- ------------------------------    
DEPENDEN COMPRESS COMPRESS_FOR DRO REA SEG RESULT_                              
-------- -------- ------------ --- --- --- -------                              
                                                       1          1     N       

TABLE_NAME                     TABLESPACE_NAME                                  
------------------------------ ------------------------------                   
CLUSTER_NAME                   IOT_NAME                       STATUS            
------------------------------ ------------------------------ --------          
  PCT_FREE   PCT_USED  INI_TRANS  MAX_TRANS INITIAL_EXTENT NEXT_EXTENT          
---------- ---------- ---------- ---------- -------------- -----------          
MIN_EXTENTS MAX_EXTENTS PCT_INCREASE  FREELISTS FREELIST_GROUPS LOG B   NUM_ROWS
----------- ----------- ------------ ---------- --------------- --- - ----------
    BLOCKS EMPTY_BLOCKS  AVG_SPACE  CHAIN_CNT AVG_ROW_LEN                       
---------- ------------ ---------- ---------- -----------                       
AVG_SPACE_FREELIST_BLOCKS NUM_FREELIST_BLOCKS DEGREE     INSTANCES  CACHE       
------------------------- ------------------- ---------- ---------- -----       
TABLE_LO SAMPLE_SIZE LAST_ANAL PAR IOT_TYPE     T S NES BUFFER_ FLASH_C CELL_FL 
-------- ----------- --------- --- ------------ - - --- ------- ------- ------- 
ROW_MOVE GLO USE DURATION        SKIP_COR MON CLUSTER_OWNER                     
-------- --- --- --------------- -------- --- ------------------------------    
DEPENDEN COMPRESS COMPRESS_FOR DRO REA SEG RESULT_                              
-------- -------- ------------ --- --- --- -------                              
ENABLED                        NO               N N NO  DEFAULT DEFAULT DEFAULT 

TABLE_NAME                     TABLESPACE_NAME                                  
------------------------------ ------------------------------                   
CLUSTER_NAME                   IOT_NAME                       STATUS            
------------------------------ ------------------------------ --------          
  PCT_FREE   PCT_USED  INI_TRANS  MAX_TRANS INITIAL_EXTENT NEXT_EXTENT          
---------- ---------- ---------- ---------- -------------- -----------          
MIN_EXTENTS MAX_EXTENTS PCT_INCREASE  FREELISTS FREELIST_GROUPS LOG B   NUM_ROWS
----------- ----------- ------------ ---------- --------------- --- - ----------
    BLOCKS EMPTY_BLOCKS  AVG_SPACE  CHAIN_CNT AVG_ROW_LEN                       
---------- ------------ ---------- ---------- -----------                       
AVG_SPACE_FREELIST_BLOCKS NUM_FREELIST_BLOCKS DEGREE     INSTANCES  CACHE       
------------------------- ------------------- ---------- ---------- -----       
TABLE_LO SAMPLE_SIZE LAST_ANAL PAR IOT_TYPE     T S NES BUFFER_ FLASH_C CELL_FL 
-------- ----------- --------- --- ------------ - - --- ------- ------- ------- 
ROW_MOVE GLO USE DURATION        SKIP_COR MON CLUSTER_OWNER                     
-------- --- --- --------------- -------- --- ------------------------------    
DEPENDEN COMPRESS COMPRESS_FOR DRO REA SEG RESULT_                              
-------- -------- ------------ --- --- --- -------                              
DISABLED NO  NO                  DISABLED YES                                   

TABLE_NAME                     TABLESPACE_NAME                                  
------------------------------ ------------------------------                   
CLUSTER_NAME                   IOT_NAME                       STATUS            
------------------------------ ------------------------------ --------          
  PCT_FREE   PCT_USED  INI_TRANS  MAX_TRANS INITIAL_EXTENT NEXT_EXTENT          
---------- ---------- ---------- ---------- -------------- -----------          
MIN_EXTENTS MAX_EXTENTS PCT_INCREASE  FREELISTS FREELIST_GROUPS LOG B   NUM_ROWS
----------- ----------- ------------ ---------- --------------- --- - ----------
    BLOCKS EMPTY_BLOCKS  AVG_SPACE  CHAIN_CNT AVG_ROW_LEN                       
---------- ------------ ---------- ---------- -----------                       
AVG_SPACE_FREELIST_BLOCKS NUM_FREELIST_BLOCKS DEGREE     INSTANCES  CACHE       
------------------------- ------------------- ---------- ---------- -----       
TABLE_LO SAMPLE_SIZE LAST_ANAL PAR IOT_TYPE     T S NES BUFFER_ FLASH_C CELL_FL 
-------- ----------- --------- --- ------------ - - --- ------- ------- ------- 
ROW_MOVE GLO USE DURATION        SKIP_COR MON CLUSTER_OWNER                     
-------- --- --- --------------- -------- --- ------------------------------    
DEPENDEN COMPRESS COMPRESS_FOR DRO REA SEG RESULT_                              
-------- -------- ------------ --- --- --- -------                              
DISABLED DISABLED              NO  NO  NO  DEFAULT                              

TABLE_NAME                     TABLESPACE_NAME                                  
------------------------------ ------------------------------                   
CLUSTER_NAME                   IOT_NAME                       STATUS            
------------------------------ ------------------------------ --------          
  PCT_FREE   PCT_USED  INI_TRANS  MAX_TRANS INITIAL_EXTENT NEXT_EXTENT          
---------- ---------- ---------- ---------- -------------- -----------          
MIN_EXTENTS MAX_EXTENTS PCT_INCREASE  FREELISTS FREELIST_GROUPS LOG B   NUM_ROWS
----------- ----------- ------------ ---------- --------------- --- - ----------
    BLOCKS EMPTY_BLOCKS  AVG_SPACE  CHAIN_CNT AVG_ROW_LEN                       
---------- ------------ ---------- ---------- -----------                       
AVG_SPACE_FREELIST_BLOCKS NUM_FREELIST_BLOCKS DEGREE     INSTANCES  CACHE       
------------------------- ------------------- ---------- ---------- -----       
TABLE_LO SAMPLE_SIZE LAST_ANAL PAR IOT_TYPE     T S NES BUFFER_ FLASH_C CELL_FL 
-------- ----------- --------- --- ------------ - - --- ------- ------- ------- 
ROW_MOVE GLO USE DURATION        SKIP_COR MON CLUSTER_OWNER                     
-------- --- --- --------------- -------- --- ------------------------------    
DEPENDEN COMPRESS COMPRESS_FOR DRO REA SEG RESULT_                              
-------- -------- ------------ --- --- --- -------                              
                                                                                

TABLE_NAME                     TABLESPACE_NAME                                  
------------------------------ ------------------------------                   
CLUSTER_NAME                   IOT_NAME                       STATUS            
------------------------------ ------------------------------ --------          
  PCT_FREE   PCT_USED  INI_TRANS  MAX_TRANS INITIAL_EXTENT NEXT_EXTENT          
---------- ---------- ---------- ---------- -------------- -----------          
MIN_EXTENTS MAX_EXTENTS PCT_INCREASE  FREELISTS FREELIST_GROUPS LOG B   NUM_ROWS
----------- ----------- ------------ ---------- --------------- --- - ----------
    BLOCKS EMPTY_BLOCKS  AVG_SPACE  CHAIN_CNT AVG_ROW_LEN                       
---------- ------------ ---------- ---------- -----------                       
AVG_SPACE_FREELIST_BLOCKS NUM_FREELIST_BLOCKS DEGREE     INSTANCES  CACHE       
------------------------- ------------------- ---------- ---------- -----       
TABLE_LO SAMPLE_SIZE LAST_ANAL PAR IOT_TYPE     T S NES BUFFER_ FLASH_C CELL_FL 
-------- ----------- --------- --- ------------ - - --- ------- ------- ------- 
ROW_MOVE GLO USE DURATION        SKIP_COR MON CLUSTER_OWNER                     
-------- --- --- --------------- -------- --- ------------------------------    
DEPENDEN COMPRESS COMPRESS_FOR DRO REA SEG RESULT_                              
-------- -------- ------------ --- --- --- -------                              
JOB_HISTORY                    USERS                                            

TABLE_NAME                     TABLESPACE_NAME                                  
------------------------------ ------------------------------                   
CLUSTER_NAME                   IOT_NAME                       STATUS            
------------------------------ ------------------------------ --------          
  PCT_FREE   PCT_USED  INI_TRANS  MAX_TRANS INITIAL_EXTENT NEXT_EXTENT          
---------- ---------- ---------- ---------- -------------- -----------          
MIN_EXTENTS MAX_EXTENTS PCT_INCREASE  FREELISTS FREELIST_GROUPS LOG B   NUM_ROWS
----------- ----------- ------------ ---------- --------------- --- - ----------
    BLOCKS EMPTY_BLOCKS  AVG_SPACE  CHAIN_CNT AVG_ROW_LEN                       
---------- ------------ ---------- ---------- -----------                       
AVG_SPACE_FREELIST_BLOCKS NUM_FREELIST_BLOCKS DEGREE     INSTANCES  CACHE       
------------------------- ------------------- ---------- ---------- -----       
TABLE_LO SAMPLE_SIZE LAST_ANAL PAR IOT_TYPE     T S NES BUFFER_ FLASH_C CELL_FL 
-------- ----------- --------- --- ------------ - - --- ------- ------- ------- 
ROW_MOVE GLO USE DURATION        SKIP_COR MON CLUSTER_OWNER                     
-------- --- --- --------------- -------- --- ------------------------------    
DEPENDEN COMPRESS COMPRESS_FOR DRO REA SEG RESULT_                              
-------- -------- ------------ --- --- --- -------                              
                                                              VALID             

TABLE_NAME                     TABLESPACE_NAME                                  
------------------------------ ------------------------------                   
CLUSTER_NAME                   IOT_NAME                       STATUS            
------------------------------ ------------------------------ --------          
  PCT_FREE   PCT_USED  INI_TRANS  MAX_TRANS INITIAL_EXTENT NEXT_EXTENT          
---------- ---------- ---------- ---------- -------------- -----------          
MIN_EXTENTS MAX_EXTENTS PCT_INCREASE  FREELISTS FREELIST_GROUPS LOG B   NUM_ROWS
----------- ----------- ------------ ---------- --------------- --- - ----------
    BLOCKS EMPTY_BLOCKS  AVG_SPACE  CHAIN_CNT AVG_ROW_LEN                       
---------- ------------ ---------- ---------- -----------                       
AVG_SPACE_FREELIST_BLOCKS NUM_FREELIST_BLOCKS DEGREE     INSTANCES  CACHE       
------------------------- ------------------- ---------- ---------- -----       
TABLE_LO SAMPLE_SIZE LAST_ANAL PAR IOT_TYPE     T S NES BUFFER_ FLASH_C CELL_FL 
-------- ----------- --------- --- ------------ - - --- ------- ------- ------- 
ROW_MOVE GLO USE DURATION        SKIP_COR MON CLUSTER_OWNER                     
-------- --- --- --------------- -------- --- ------------------------------    
DEPENDEN COMPRESS COMPRESS_FOR DRO REA SEG RESULT_                              
-------- -------- ------------ --- --- --- -------                              
        10                     1        255                                     

TABLE_NAME                     TABLESPACE_NAME                                  
------------------------------ ------------------------------                   
CLUSTER_NAME                   IOT_NAME                       STATUS            
------------------------------ ------------------------------ --------          
  PCT_FREE   PCT_USED  INI_TRANS  MAX_TRANS INITIAL_EXTENT NEXT_EXTENT          
---------- ---------- ---------- ---------- -------------- -----------          
MIN_EXTENTS MAX_EXTENTS PCT_INCREASE  FREELISTS FREELIST_GROUPS LOG B   NUM_ROWS
----------- ----------- ------------ ---------- --------------- --- - ----------
    BLOCKS EMPTY_BLOCKS  AVG_SPACE  CHAIN_CNT AVG_ROW_LEN                       
---------- ------------ ---------- ---------- -----------                       
AVG_SPACE_FREELIST_BLOCKS NUM_FREELIST_BLOCKS DEGREE     INSTANCES  CACHE       
------------------------- ------------------- ---------- ---------- -----       
TABLE_LO SAMPLE_SIZE LAST_ANAL PAR IOT_TYPE     T S NES BUFFER_ FLASH_C CELL_FL 
-------- ----------- --------- --- ------------ - - --- ------- ------- ------- 
ROW_MOVE GLO USE DURATION        SKIP_COR MON CLUSTER_OWNER                     
-------- --- --- --------------- -------- --- ------------------------------    
DEPENDEN COMPRESS COMPRESS_FOR DRO REA SEG RESULT_                              
-------- -------- ------------ --- --- --- -------                              
                                                                YES N           

TABLE_NAME                     TABLESPACE_NAME                                  
------------------------------ ------------------------------                   
CLUSTER_NAME                   IOT_NAME                       STATUS            
------------------------------ ------------------------------ --------          
  PCT_FREE   PCT_USED  INI_TRANS  MAX_TRANS INITIAL_EXTENT NEXT_EXTENT          
---------- ---------- ---------- ---------- -------------- -----------          
MIN_EXTENTS MAX_EXTENTS PCT_INCREASE  FREELISTS FREELIST_GROUPS LOG B   NUM_ROWS
----------- ----------- ------------ ---------- --------------- --- - ----------
    BLOCKS EMPTY_BLOCKS  AVG_SPACE  CHAIN_CNT AVG_ROW_LEN                       
---------- ------------ ---------- ---------- -----------                       
AVG_SPACE_FREELIST_BLOCKS NUM_FREELIST_BLOCKS DEGREE     INSTANCES  CACHE       
------------------------- ------------------- ---------- ---------- -----       
TABLE_LO SAMPLE_SIZE LAST_ANAL PAR IOT_TYPE     T S NES BUFFER_ FLASH_C CELL_FL 
-------- ----------- --------- --- ------------ - - --- ------- ------- ------- 
ROW_MOVE GLO USE DURATION        SKIP_COR MON CLUSTER_OWNER                     
-------- --- --- --------------- -------- --- ------------------------------    
DEPENDEN COMPRESS COMPRESS_FOR DRO REA SEG RESULT_                              
-------- -------- ------------ --- --- --- -------                              
                                                                                

TABLE_NAME                     TABLESPACE_NAME                                  
------------------------------ ------------------------------                   
CLUSTER_NAME                   IOT_NAME                       STATUS            
------------------------------ ------------------------------ --------          
  PCT_FREE   PCT_USED  INI_TRANS  MAX_TRANS INITIAL_EXTENT NEXT_EXTENT          
---------- ---------- ---------- ---------- -------------- -----------          
MIN_EXTENTS MAX_EXTENTS PCT_INCREASE  FREELISTS FREELIST_GROUPS LOG B   NUM_ROWS
----------- ----------- ------------ ---------- --------------- --- - ----------
    BLOCKS EMPTY_BLOCKS  AVG_SPACE  CHAIN_CNT AVG_ROW_LEN                       
---------- ------------ ---------- ---------- -----------                       
AVG_SPACE_FREELIST_BLOCKS NUM_FREELIST_BLOCKS DEGREE     INSTANCES  CACHE       
------------------------- ------------------- ---------- ---------- -----       
TABLE_LO SAMPLE_SIZE LAST_ANAL PAR IOT_TYPE     T S NES BUFFER_ FLASH_C CELL_FL 
-------- ----------- --------- --- ------------ - - --- ------- ------- ------- 
ROW_MOVE GLO USE DURATION        SKIP_COR MON CLUSTER_OWNER                     
-------- --- --- --------------- -------- --- ------------------------------    
DEPENDEN COMPRESS COMPRESS_FOR DRO REA SEG RESULT_                              
-------- -------- ------------ --- --- --- -------                              
                                                       1          1     N       

TABLE_NAME                     TABLESPACE_NAME                                  
------------------------------ ------------------------------                   
CLUSTER_NAME                   IOT_NAME                       STATUS            
------------------------------ ------------------------------ --------          
  PCT_FREE   PCT_USED  INI_TRANS  MAX_TRANS INITIAL_EXTENT NEXT_EXTENT          
---------- ---------- ---------- ---------- -------------- -----------          
MIN_EXTENTS MAX_EXTENTS PCT_INCREASE  FREELISTS FREELIST_GROUPS LOG B   NUM_ROWS
----------- ----------- ------------ ---------- --------------- --- - ----------
    BLOCKS EMPTY_BLOCKS  AVG_SPACE  CHAIN_CNT AVG_ROW_LEN                       
---------- ------------ ---------- ---------- -----------                       
AVG_SPACE_FREELIST_BLOCKS NUM_FREELIST_BLOCKS DEGREE     INSTANCES  CACHE       
------------------------- ------------------- ---------- ---------- -----       
TABLE_LO SAMPLE_SIZE LAST_ANAL PAR IOT_TYPE     T S NES BUFFER_ FLASH_C CELL_FL 
-------- ----------- --------- --- ------------ - - --- ------- ------- ------- 
ROW_MOVE GLO USE DURATION        SKIP_COR MON CLUSTER_OWNER                     
-------- --- --- --------------- -------- --- ------------------------------    
DEPENDEN COMPRESS COMPRESS_FOR DRO REA SEG RESULT_                              
-------- -------- ------------ --- --- --- -------                              
ENABLED                        NO               N N NO  DEFAULT DEFAULT DEFAULT 

TABLE_NAME                     TABLESPACE_NAME                                  
------------------------------ ------------------------------                   
CLUSTER_NAME                   IOT_NAME                       STATUS            
------------------------------ ------------------------------ --------          
  PCT_FREE   PCT_USED  INI_TRANS  MAX_TRANS INITIAL_EXTENT NEXT_EXTENT          
---------- ---------- ---------- ---------- -------------- -----------          
MIN_EXTENTS MAX_EXTENTS PCT_INCREASE  FREELISTS FREELIST_GROUPS LOG B   NUM_ROWS
----------- ----------- ------------ ---------- --------------- --- - ----------
    BLOCKS EMPTY_BLOCKS  AVG_SPACE  CHAIN_CNT AVG_ROW_LEN                       
---------- ------------ ---------- ---------- -----------                       
AVG_SPACE_FREELIST_BLOCKS NUM_FREELIST_BLOCKS DEGREE     INSTANCES  CACHE       
------------------------- ------------------- ---------- ---------- -----       
TABLE_LO SAMPLE_SIZE LAST_ANAL PAR IOT_TYPE     T S NES BUFFER_ FLASH_C CELL_FL 
-------- ----------- --------- --- ------------ - - --- ------- ------- ------- 
ROW_MOVE GLO USE DURATION        SKIP_COR MON CLUSTER_OWNER                     
-------- --- --- --------------- -------- --- ------------------------------    
DEPENDEN COMPRESS COMPRESS_FOR DRO REA SEG RESULT_                              
-------- -------- ------------ --- --- --- -------                              
DISABLED NO  NO                  DISABLED YES                                   

TABLE_NAME                     TABLESPACE_NAME                                  
------------------------------ ------------------------------                   
CLUSTER_NAME                   IOT_NAME                       STATUS            
------------------------------ ------------------------------ --------          
  PCT_FREE   PCT_USED  INI_TRANS  MAX_TRANS INITIAL_EXTENT NEXT_EXTENT          
---------- ---------- ---------- ---------- -------------- -----------          
MIN_EXTENTS MAX_EXTENTS PCT_INCREASE  FREELISTS FREELIST_GROUPS LOG B   NUM_ROWS
----------- ----------- ------------ ---------- --------------- --- - ----------
    BLOCKS EMPTY_BLOCKS  AVG_SPACE  CHAIN_CNT AVG_ROW_LEN                       
---------- ------------ ---------- ---------- -----------                       
AVG_SPACE_FREELIST_BLOCKS NUM_FREELIST_BLOCKS DEGREE     INSTANCES  CACHE       
------------------------- ------------------- ---------- ---------- -----       
TABLE_LO SAMPLE_SIZE LAST_ANAL PAR IOT_TYPE     T S NES BUFFER_ FLASH_C CELL_FL 
-------- ----------- --------- --- ------------ - - --- ------- ------- ------- 
ROW_MOVE GLO USE DURATION        SKIP_COR MON CLUSTER_OWNER                     
-------- --- --- --------------- -------- --- ------------------------------    
DEPENDEN COMPRESS COMPRESS_FOR DRO REA SEG RESULT_                              
-------- -------- ------------ --- --- --- -------                              
DISABLED DISABLED              NO  NO  NO  DEFAULT                              

TABLE_NAME                     TABLESPACE_NAME                                  
------------------------------ ------------------------------                   
CLUSTER_NAME                   IOT_NAME                       STATUS            
------------------------------ ------------------------------ --------          
  PCT_FREE   PCT_USED  INI_TRANS  MAX_TRANS INITIAL_EXTENT NEXT_EXTENT          
---------- ---------- ---------- ---------- -------------- -----------          
MIN_EXTENTS MAX_EXTENTS PCT_INCREASE  FREELISTS FREELIST_GROUPS LOG B   NUM_ROWS
----------- ----------- ------------ ---------- --------------- --- - ----------
    BLOCKS EMPTY_BLOCKS  AVG_SPACE  CHAIN_CNT AVG_ROW_LEN                       
---------- ------------ ---------- ---------- -----------                       
AVG_SPACE_FREELIST_BLOCKS NUM_FREELIST_BLOCKS DEGREE     INSTANCES  CACHE       
------------------------- ------------------- ---------- ---------- -----       
TABLE_LO SAMPLE_SIZE LAST_ANAL PAR IOT_TYPE     T S NES BUFFER_ FLASH_C CELL_FL 
-------- ----------- --------- --- ------------ - - --- ------- ------- ------- 
ROW_MOVE GLO USE DURATION        SKIP_COR MON CLUSTER_OWNER                     
-------- --- --- --------------- -------- --- ------------------------------    
DEPENDEN COMPRESS COMPRESS_FOR DRO REA SEG RESULT_                              
-------- -------- ------------ --- --- --- -------                              
                                                                                

12 rows selected.

SQL> DESC DEPT;
 Name                                      Null?    Type
 ----------------------------------------- -------- ----------------------------
 DEPTNO                                    NOT NULL NUMBER(4)
 DNAME                                              VARCHAR2(14)
 LOC                                                VARCHAR2(13)

SQL> INSERT INTO DEPT VALUES(10,'ACCOUNTING','NEW YORK');

1 row created.

SQL> INSERT INTO DEPT VALUES(20,'RESEARCH','DALLAS');

1 row created.

SQL> INSERT INTO DEPT VALUES(30,'SALES','CHICAGO');

1 row created.

SQL> INSERT INTO DEPT VALUES(40,'OPERATIONS','BOSTON');

1 row created.

SQL> DESC EMP;
 Name                                      Null?    Type
 ----------------------------------------- -------- ----------------------------
 EMPNO                                     NOT NULL NUMBER(4)
 ENAME                                              VARCHAR2(10)
 JOB                                                VARCHAR2(9)
 MGR                                                NUMBER(4)
 HIREDATE                                           DATE
 SAL                                                NUMBER(7,2)
 COMM                                               NUMBER(7,2)
 DEPTNO                                             NUMBER(4)

SQL> DESC EMP
 Name                                      Null?    Type
 ----------------------------------------- -------- ----------------------------
 EMPNO                                     NOT NULL NUMBER(4)
 ENAME                                              VARCHAR2(10)
 JOB                                                VARCHAR2(9)
 MGR                                                NUMBER(4)
 HIREDATE                                           DATE
 SAL                                                NUMBER(7,2)
 COMM                                               NUMBER(7,2)
 DEPTNO                                             NUMBER(4)

SQL> desc departments
 Name                                      Null?    Type
 ----------------------------------------- -------- ----------------------------
 DEPARTMENT_ID                             NOT NULL NUMBER(4)
 DEPARTMENT_NAME                           NOT NULL VARCHAR2(30)
 MANAGER_ID                                         NUMBER(6)
 LOCATION_ID                                        NUMBER(4)
SQL> desc emp
 Name                                      Null?    Type
 ----------------------------------------- -------- ----------------------------
 EMPNO                                     NOT NULL NUMBER(4)
 ENAME                                              VARCHAR2(10)
 JOB                                                VARCHAR2(9)
 MGR                                                NUMBER(4)
 HIREDATE                                           DATE
 SAL                                                NUMBER(7,2)
 COMM                                               NUMBER(7,2)
 DEPTNO                                             NUMBER(4)

SQL> INSERT INTO EMP VALUES(7369, 'SMITH', 'CLERK', 7902, TO_DATE('17-12-80',''DD-MM-YY'), 800, 20);
ERROR:
ORA-01756: quoted string not properly terminated


SQL> INSERT INTO EMP VALUES(7369, 'SMITH', 'CLERK', 7902, TO_DATE('17-12-80','DD-MM-YY'), 800, 20);
INSERT INTO EMP VALUES(7369, 'SMITH', 'CLERK', 7902, TO_DATE('17-12-80','DD-MM-YY'), 800, 20)
            *
ERROR at line 1:
ORA-00947: not enough values


SQL>  INSERT INTO EMP VALUES(7369, 'SMITH', 'CLERK', 7902, TO_DATE('17-12-80','DD-MM-YY'), 800,NULL, 20);
 INSERT INTO EMP VALUES(7369, 'SMITH', 'CLERK', 7902, TO_DATE('17-12-80','DD-MM-YY'), 800,NULL, 20)
*
ERROR at line 1:
ORA-02291: integrity constraint (BGZOCG.EMP_SELF_KEY) violated - parent key not
found


SQL> ALTER TABLE EMP DISABLE CONSTRAINT EMP_SELF_KEY;

Table altered.

SQL>  INSERT INTO EMP VALUES(7369, 'SMITH', 'CLERK', 7902, TO_DATE('17-12-80','DD-MM-YY'), 800,NULL, 20);

1 row created.

SQL>  INSERT INTO EMP VALUES(7499, 'ALLEN', 'SALESMAN', 7698, TO_DATE('20-2-81','DD-MM-YY'), 1600, 300,30);

1 row created.

SQL>  INSERT INTO EMP VALUES(7521, 'WARD', 'SALESMAN', 7698, TO_DATE('22-2-81','DD-MM-YY'), 1250, 500, 30);

1 row created.

SQL>  INSERT INTO EMP VALUES(7566, 'JONES', 'MANAGER', 7839, TO_DATE('02-4-81','DD-MM-YY'), 2975, NULL,20);

1 row created.

SQL>  INSERT INTO EMP VALUES(7654, 'MARTIN', 'SALESMAN', 7698, TO_DATE('28-9-81','DD-MM-YY'), 1250, 1400, 30);

1 row created.

SQL>  INSERT INTO EMP VALUES(7698, 'BLAKE', 'MANAGER', 7839, TO_DATE('01-5-81','DD-MM-YY'), 2850, NULL,30);

1 row created.

SQL>  INSERT INTO EMP VALUES(7782, 'CLARK', 'MANAGER', 7839, TO_DATE('09-6-81','DD-MM-YY'), 2450, NULL, 10);

1 row created.

SQL>  INSERT INTO EMP VALUES(7788, 'SCOTT', 'ANALYST', 7566, TO_DATE('19-4-87','DD-MM-YY'), 3000, NULL, 20);

1 row created.

SQL>  INSERT INTO EMP VALUES(7839, 'KING', 'PRESIDENT', NULL, TO_DATE('17-11-81','DD-MM-YY'), 5000, NULL, 10);

1 row created.

SQL>  INSERT INTO EMP VALUES(7844, 'TURNER', 'SALESMAN', 7698, TO_DATE('08-9-81','DD-MM-YY'), 1500, 0, 30);

1 row created.

SQL>  INSERT INTO EMP VALUES(7876, 'ADAMS', 'CLERK', 7788, TO_DATE('23-5-87','DD-MM-YY'), 1100, NULL, 20);

1 row created.

SQL>  INSERT INTO EMP VALUES(7900, 'JAMES', 'CLERK', 7698, TO_DATE('03-12-81','DD-MM-YY'), 950, NULL, 30);

1 row created.

SQL>  INSERT INTO EMP VALUES(7902, 'FORD', 'ANALYST', 7566, TO_DATE('03-12-81','DD-MM-YY'), 3000, NULL, 20);

1 row created.

SQL>  INSERT INTO EMP VALUES(7934, 'MILLER', 'CLERK', 7782, TO_DATE('23-1-82','DD-MM-YY'), 1300, NULL, 10);

1 row created.

SQL> ALTER TABLE EMP ENABLE CONSTRAINT EMP_SELF_KEY;

Table altered.

SQL> SELECT * FROM EMP;

     EMPNO ENAME      JOB              MGR HIREDATE         SAL       COMM
---------- ---------- --------- ---------- --------- ---------- ----------
    DEPTNO
----------
      7369 SMITH      CLERK           7902 17-DEC-80        800
        20

      7499 ALLEN      SALESMAN        7698 20-FEB-81       1600        300
        30

      7521 WARD       SALESMAN        7698 22-FEB-81       1250        500
        30


     EMPNO ENAME      JOB              MGR HIREDATE         SAL       COMM
---------- ---------- --------- ---------- --------- ---------- ----------
    DEPTNO
----------
      7566 JONES      MANAGER         7839 02-APR-81       2975
        20

      7654 MARTIN     SALESMAN        7698 28-SEP-81       1250       1400
        30

      7698 BLAKE      MANAGER         7839 01-MAY-81       2850
        30


     EMPNO ENAME      JOB              MGR HIREDATE         SAL       COMM
---------- ---------- --------- ---------- --------- ---------- ----------
    DEPTNO
----------
      7782 CLARK      MANAGER         7839 09-JUN-81       2450
        10

      7788 SCOTT      ANALYST         7566 19-APR-87       3000
        20

      7839 KING       PRESIDENT            17-NOV-81       5000
        10


     EMPNO ENAME      JOB              MGR HIREDATE         SAL       COMM
---------- ---------- --------- ---------- --------- ---------- ----------
    DEPTNO
----------
      7844 TURNER     SALESMAN        7698 08-SEP-81       1500          0
        30

      7876 ADAMS      CLERK           7788 23-MAY-87       1100
        20

      7900 JAMES      CLERK           7698 03-DEC-81        950
        30


     EMPNO ENAME      JOB              MGR HIREDATE         SAL       COMM
---------- ---------- --------- ---------- --------- ---------- ----------
    DEPTNO
----------
      7902 FORD       ANALYST         7566 03-DEC-81       3000
        20

      7934 MILLER     CLERK           7782 23-JAN-82       1300
        10


14 rows selected.

SQL> INSERT INTO  REGIONS VALUES(1,'Europe');

1 row created.

SQL> INSERT INTO  REGIONS VALUES(2,'Americas');

1 row created.

SQL> INSERT INTO  REGIONS VALUES(3,'Asia');

1 row created.

SQL> INSERT INTO  REGIONS VALUES(4,'Middle East and Africa');

1 row created.

SQL> INSERT INTO COUNTRIES VALUES('AR', 'Argentina', 2);

1 row created.

SQL> INSERT INTO COUNTRIES VALUES('AU', 'Australia', 3);

1 row created.

SQL> INSERT INTO COUNTRIES VALUES('BE', 'Belgium', 1);

1 row created.

SQL> INSERT INTO COUNTRIES VALUES('BR', 'Brazil', 2);

1 row created.

SQL> INSERT INTO COUNTRIES VALUES('CA', 'Canada', 2);

1 row created.

SQL> INSERT INTO COUNTRIES VALUES('CH', 'Switzerland', 1);

1 row created.

SQL> INSERT INTO COUNTRIES VALUES('CN', 'China', 3);

1 row created.

SQL> INSERT INTO COUNTRIES VALUES('DE', 'Germany', 1);

1 row created.

SQL> INSERT INTO COUNTRIES VALUES('DK', 'Denmark', 1);

1 row created.

SQL> INSERT INTO COUNTRIES VALUES('EG', 'Egypt', 4);

1 row created.

SQL> INSERT INTO COUNTRIES VALUES('FR', 'France', 1);

1 row created.

SQL> INSERT INTO COUNTRIES VALUES('HK', 'HongKong', 3);

1 row created.

SQL> INSERT INTO COUNTRIES VALUES('IL', 'Israel', 4);

1 row created.

SQL> INSERT INTO COUNTRIES VALUES('IN', 'India', 3);

1 row created.

SQL> INSERT INTO COUNTRIES VALUES('IT', 'Italy', 1);

1 row created.

SQL> INSERT INTO COUNTRIES VALUES('JP', 'Japan', 3);

1 row created.

SQL> INSERT INTO COUNTRIES VALUES('KW', 'Kuwait', 4);

1 row created.

SQL> INSERT INTO COUNTRIES VALUES('MX', 'Mexico', 2);

1 row created.

SQL> INSERT INTO COUNTRIES VALUES('NG', 'Nigeria', 4);

1 row created.

SQL> INSERT INTO COUNTRIES VALUES('NL', 'Netherlands', 1);

1 row created.

SQL> INSERT INTO COUNTRIES VALUES('SG', 'Singapore', 3);

1 row created.

SQL> INSERT INTO COUNTRIES VALUES('UK', 'United Kingdom' 1);
INSERT INTO COUNTRIES VALUES('UK', 'United Kingdom' 1)
                                                    *
ERROR at line 1:
ORA-00917: missing comma


SQL> INSERT INTO COUNTRIES VALUES('US', 'United States of America' 2);
INSERT INTO COUNTRIES VALUES('US', 'United States of America' 2)
                                                              *
ERROR at line 1:
ORA-00917: missing comma


SQL> INSERT INTO COUNTRIES VALUES('ZM', 'Zambia', 4);

1 row created.

SQL> INSERT INTO COUNTRIES VALUES('ZW', 'Zimbabwe', 4);

1 row created.

SQL> INSERT INTO COUNTRIES VALUES('US', 'United States of America', 2);

1 row created.

SQL> DESC
Usage: DESCRIBE [schema.]object[@db_link]
SQL> DESC COUNTRIES
 Name                                      Null?    Type
 ----------------------------------------- -------- ----------------------------
 COUNTRY_ID                                NOT NULL CHAR(2)
 COUNTRY_NAME                                       VARCHAR2(40)
 REGION_ID                                          NUMBER

SQL> DELETE FROM COUNTRIES WHERE COUNTRY_ID='ZM';

1 row deleted.

SQL> DELETE FROM COUNTRIES WHERE COUNTRY_ID='ZW';

1 row deleted.

SQL> DELETE FROM COUNTRIES WHERE COUNTRY_ID='US';

1 row deleted.

SQL> INSERT INTO COUNTRIES VALUES('UK', 'United Kingdom', 1);

1 row created.

SQL> INSERT INTO COUNTRIES VALUES('US', 'United States of America', 2);

1 row created.

SQL> INSERT INTO COUNTRIES VALUES('ZM', 'Zambia', 4);

1 row created.

SQL> INSERT INTO COUNTRIES VALUES('ZW', 'Zimbabwe', 4);

1 row created.

SQL> SELECT * FROM COUNTRIES;

CO COUNTRY_NAME                              REGION_ID
-- ---------------------------------------- ----------
AR Argentina                                         2
AU Australia                                         3
BE Belgium                                           1
BR Brazil                                            2
CA Canada                                            2
CH Switzerland                                       1
CN China                                             3
DE Germany                                           1
DK Denmark                                           1
EG Egypt                                             4
FR France                                            1

CO COUNTRY_NAME                              REGION_ID
-- ---------------------------------------- ----------
HK HongKong                                          3
IL Israel                                            4
IN India                                             3
IT Italy                                             1
JP Japan                                             3
KW Kuwait                                            4
MX Mexico                                            2
NG Nigeria                                           4
NL Netherlands                                       1
SG Singapore                                         3
UK United Kingdom                                    1

CO COUNTRY_NAME                              REGION_ID
-- ---------------------------------------- ----------
US United States of America                          2
ZM Zambia                                            4
ZW Zimbabwe                                          4

25 rows selected.

SQL> desc loctions
ERROR:
ORA-04043: object loctions does not exist


SQL> desc locations
 Name                                      Null?    Type
 ----------------------------------------- -------- ----------------------------
 LOCATION_ID                               NOT NULL NUMBER(4)
 STREET_ADDRESS                                     VARCHAR2(40)
 POSTAL_CODE                                        VARCHAR2(12)
 CITY                                               VARCHAR2(30)
 STATE_PROVINCE                                     VARCHAR2(25)
 COUNTRY_ID                                         CHAR(2)

SQL> INSERT INTO LOCATIONS VALUES('1000', '1297 Via Cola di Rie', '00989', 'Roma', NULL,'IT');

1 row created.

SQL> INSERT INTO LOCATIONS VALUES('1100', '93091 Calle della Testa', '10934', 'Venice',NULL, 'IT');

1 row created.

SQL> INSERT INTO LOCATIONS VALUES('1200', '2017 Shinjuku-ku', '1689', 'Tokyo', 'Tokyo Prefecture',NULL, 'JP');
INSERT INTO LOCATIONS VALUES('1200', '2017 Shinjuku-ku', '1689', 'Tokyo', 'Tokyo Prefecture',NULL, 'JP')
            *
ERROR at line 1:
ORA-00913: too many values


SQL> INSERT INTO LOCATIONS VALUES('1300', '9450 Kamiya-cho', '6823', 'Hiroshima', NULL, 'JP');

1 row created.

SQL> INSERT INTO LOCATIONS VALUES('1400', '2014 Jabberwocky Rd', '26192', 'Southlake', 'Texas', 'US');

1 row created.

SQL> INSERT INTO LOCATIONS VALUES('1500', '2011 Interiors Blvd', '99236', 'South San Francisco', 'California', 'US');

1 row created.

SQL> INSERT INTO LOCATIONS VALUES('1600', '2007 Zagora St', '50090', 'South Brunswick', 'New', 'Jersey', 'US');
INSERT INTO LOCATIONS VALUES('1600', '2007 Zagora St', '50090', 'South Brunswick', 'New', 'Jersey', 'US')
            *
ERROR at line 1:
ORA-00913: too many values


SQL> INSERT INTO LOCATIONS VALUES('1700', '2004 Charade Rd', '98199', 'Seattle', 'Washington', 'US');

1 row created.

SQL> INSERT INTO LOCATIONS VALUES('1800', '147 Spadina Ave', 'M5V 2L7', 'Toronto', 'Ontario', 'CA');

1 row created.

SQL> INSERT INTO LOCATIONS VALUES('1900', '6092 Boxwood St', 'YSW 9T2', 'Whitehorse', 'Yukon', 'CA');

1 row created.

SQL> INSERT INTO LOCATIONS VALUES('2000', '40-5-12 Laogianggen', '190518', 'Beijing', NULL, 'CN');

1 row created.

SQL> INSERT INTO LOCATIONS VALUES('2100', '1298 Vileparle(E)', '490231', 'Bombay', 'Maharashtra', 'IN');

1 row created.

SQL> INSERT INTO LOCATIONS VALUES('2200', '12-98 Victoria Street', '2901', 'Sydney', 'New South', 'Wales', 'AU');
INSERT INTO LOCATIONS VALUES('2200', '12-98 Victoria Street', '2901', 'Sydney', 'New South', 'Wales', 'AU')
            *
ERROR at line 1:
ORA-00913: too many values


SQL> INSERT INTO LOCATIONS VALUES('2300', '198 Clementi North', '540198', 'Singapore', NULL,'SG');

1 row created.

SQL> INSERT INTO LOCATIONS VALUES('2400', '8204 Arthur St',NULL, 'London', 'UK');
INSERT INTO LOCATIONS VALUES('2400', '8204 Arthur St',NULL, 'London', 'UK')
            *
ERROR at line 1:
ORA-00947: not enough values


SQL> INSERT INTO LOCATIONS VALUES('2500', 'Magdalen Centre, The Oxford Science Park', 'OX9 9ZB', 'Oxford', 'Oxford', NULL,'UK');
INSERT INTO LOCATIONS VALUES('2500', 'Magdalen Centre, The Oxford Science Park', 'OX9 9ZB', 'Oxford', 'Oxford', NULL,'UK')
            *
ERROR at line 1:
ORA-00913: too many values


SQL> INSERT INTO LOCATIONS VALUES('2600', '9702 Chester Road', '09629850293', 'Stretford', 'Manchester', 'UK');

1 row created.

SQL> INSERT INTO LOCATIONS VALUES('2700', 'Schwanthalerstr. 7031', '80925', 'Munich', 'Bavaria', 'DE');

1 row created.

SQL> INSERT INTO LOCATIONS VALUES('2800', 'Rua Frei Caneca 1360', '01307-002', 'Sao Paulo', 'Sao Paulo', 'BR');

1 row created.

SQL> INSERT INTO LOCATIONS VALUES('2900', '20 Rue des Corps-Saints', '1730', 'Geneva', 'Geneve', 'CH');

1 row created.

SQL> INSERT INTO LOCATIONS VALUES('3000', 'Murtenstrasse 921', '3095', 'Bern', 'BE', 'CH');

1 row created.

SQL> INSERT INTO LOCATIONS VALUES('3100', 'Pieter Breughelstraat 837', '3029SK', 'Utrecht', 'Utrecht', 'NL');

1 row created.

SQL> INSERT INTO LOCATIONS VALUES('3200', 'Mariano Escobedo 9991', '11932', 'Mexico City', 'Distrito Federal', 'MX');

1 row created.

SQL> SELECT * FROM LOCATIONS
  2  ;

LOCATION_ID STREET_ADDRESS                           POSTAL_CODE
----------- ---------------------------------------- ------------
CITY                           STATE_PROVINCE            CO
------------------------------ ------------------------- --
       1000 1297 Via Cola di Rie                     00989
Roma                                                     IT

       1100 93091 Calle della Testa                  10934
Venice                                                   IT

       1300 9450 Kamiya-cho                          6823
Hiroshima                                                JP


LOCATION_ID STREET_ADDRESS                           POSTAL_CODE
----------- ---------------------------------------- ------------
CITY                           STATE_PROVINCE            CO
------------------------------ ------------------------- --
       1400 2014 Jabberwocky Rd                      26192
Southlake                      Texas                     US

       1500 2011 Interiors Blvd                      99236
South San Francisco            California                US

       1700 2004 Charade Rd                          98199
Seattle                        Washington                US


LOCATION_ID STREET_ADDRESS                           POSTAL_CODE
----------- ---------------------------------------- ------------
CITY                           STATE_PROVINCE            CO
------------------------------ ------------------------- --
       1800 147 Spadina Ave                          M5V 2L7
Toronto                        Ontario                   CA

       1900 6092 Boxwood St                          YSW 9T2
Whitehorse                     Yukon                     CA

       2000 40-5-12 Laogianggen                      190518
Beijing                                                  CN


LOCATION_ID STREET_ADDRESS                           POSTAL_CODE
----------- ---------------------------------------- ------------
CITY                           STATE_PROVINCE            CO
------------------------------ ------------------------- --
       2100 1298 Vileparle(E)                        490231
Bombay                         Maharashtra               IN

       2300 198 Clementi North                       540198
Singapore                                                SG

       2600 9702 Chester Road                        09629850293
Stretford                      Manchester                UK


LOCATION_ID STREET_ADDRESS                           POSTAL_CODE
----------- ---------------------------------------- ------------
CITY                           STATE_PROVINCE            CO
------------------------------ ------------------------- --
       2700 Schwanthalerstr. 7031                    80925
Munich                         Bavaria                   DE

       2800 Rua Frei Caneca 1360                     01307-002
Sao Paulo                      Sao Paulo                 BR

       2900 20 Rue des Corps-Saints                  1730
Geneva                         Geneve                    CH


LOCATION_ID STREET_ADDRESS                           POSTAL_CODE
----------- ---------------------------------------- ------------
CITY                           STATE_PROVINCE            CO
------------------------------ ------------------------- --
       3000 Murtenstrasse 921                        3095
Bern                           BE                        CH

       3100 Pieter Breughelstraat 837                3029SK
Utrecht                        Utrecht                   NL

       3200 Mariano Escobedo 9991                    11932
Mexico City                    Distrito Federal          MX


18 rows selected.

SQL> TRUNCATE TABLE LOCATION;
TRUNCATE TABLE LOCATION
               *
ERROR at line 1:
ORA-00942: table or view does not exist


SQL> TRUNCATE TABLE LOCATIONS;
TRUNCATE TABLE LOCATIONS
               *
ERROR at line 1:
ORA-02266: unique/primary keys in table referenced by enabled foreign keys


SQL> DELETE FROM LOCATIONS WHERE LOCATION_ID=1300;

1 row deleted.

SQL> DELETE FROM LOCATIONS WHERE LOCATION_ID=1400;

1 row deleted.

SQL> DELETE FROM LOCATIONS WHERE LOCATION_ID=1500;

1 row deleted.

SQL> DELETE FROM LOCATIONS WHERE LOCATION_ID=1600;

0 rows deleted.

SQL> DELETE FROM LOCATIONS WHERE LOCATION_ID=1700;

1 row deleted.

SQL> DELETE FROM LOCATIONS WHERE LOCATION_ID=1800;

1 row deleted.

SQL> DELETE FROM LOCATIONS WHERE LOCATION_ID=1900;

1 row deleted.

SQL> DELETE FROM LOCATIONS WHERE LOCATION_ID=2000;

1 row deleted.

SQL> DELETE FROM LOCATIONS WHERE LOCATION_ID=2100;

1 row deleted.

SQL> DELETE FROM LOCATIONS WHERE LOCATION_ID=2200;

0 rows deleted.

SQL> DELETE FROM LOCATIONS WHERE LOCATION_ID=2300;

1 row deleted.

SQL> DELETE FROM LOCATIONS WHERE LOCATION_ID=2400;

0 rows deleted.

SQL> DELETE FROM LOCATIONS WHERE LOCATION_ID=2500;

0 rows deleted.

SQL> DELETE FROM LOCATIONS WHERE LOCATION_ID=2600;

1 row deleted.

SQL> DELETE FROM LOCATIONS WHERE LOCATION_ID=2700;

1 row deleted.

SQL> DELETE FROM LOCATIONS WHERE LOCATION_ID=2800;

1 row deleted.

SQL> DELETE FROM LOCATIONS WHERE LOCATION_ID=2900;

1 row deleted.

SQL> DELETE FROM LOCATIONS WHERE LOCATION_ID=3000;

1 row deleted.

SQL> DELETE FROM LOCATIONS WHERE LOCATION_ID=3100;

1 row deleted.

SQL> DELETE FROM LOCATIONS WHERE LOCATION_ID=3200;

1 row deleted.

SQL> DELETE FROM LOCATIONS WHERE LOCATION_ID=3300;

0 rows deleted.

SQL> SELECT FROM * LOCATIONS;
SELECT FROM * LOCATIONS
       *
ERROR at line 1:
ORA-00936: missing expression


SQL> SELECT * FROM LOCATIONS;

LOCATION_ID STREET_ADDRESS                           POSTAL_CODE
----------- ---------------------------------------- ------------
CITY                           STATE_PROVINCE            CO
------------------------------ ------------------------- --
       1000 1297 Via Cola di Rie                     00989
Roma                                                     IT

       1100 93091 Calle della Testa                  10934
Venice                                                   IT


SQL>    INSERT INTO LOCATIONS VALUES('1200', '2017 Shinjuku-ku', '1689', 'Tokyo', 'Tokyo Prefecture',NULL, 'JP');
        INSERT INTO LOCATIONS VALUES('1200', '2017 Shinjuku-ku', '1689', 'Tokyo', 'Tokyo Prefecture',NULL, 'JP')
                    *
ERROR at line 1:
ORA-00913: too many values


SQL> INSERT INTO LOCATIONS VALUES('1200', '2017 Shinjuku-ku', '1689', 'Tokyo', 'Tokyo Prefecture', 'JP');

1 row created.

SQL> INSERT INTO LOCATIONS VALUES('1300', '9450 Kamiya-cho', '6823', 'Hiroshima', NULL, 'JP');

1 row created.

SQL> INSERT INTO LOCATIONS VALUES('1400', '2014 Jabberwocky Rd', '26192', 'Southlake', 'Texas', 'US');

1 row created.

SQL> INSERT INTO LOCATIONS VALUES('1500', '2011 Interiors Blvd', '99236', 'South San Francisco', 'California', 'US');

1 row created.

SQL> INSERT INTO LOCATIONS VALUES('1600', '2007 Zagora St', '50090', 'South Brunswick', 'New', 'Jersey', 'US');
INSERT INTO LOCATIONS VALUES('1600', '2007 Zagora St', '50090', 'South Brunswick', 'New', 'Jersey', 'US')
            *
ERROR at line 1:
ORA-00913: too many values


SQL> INSERT INTO LOCATIONS VALUES('1600', '2007 Zagora St', '50090', 'South Brunswick', 'New Jersey', 'US');

1 row created.

SQL> INSERT INTO LOCATIONS VALUES('1700', '2004 Charade Rd', '98199', 'Seattle', 'Washington', 'US');

1 row created.

SQL> INSERT INTO LOCATIONS VALUES('1800', '147 Spadina Ave', 'M5V 2L7', 'Toronto', 'Ontario', 'CA');

1 row created.

SQL> INSERT INTO LOCATIONS VALUES('1900', '6092 Boxwood St', 'YSW 9T2', 'Whitehorse', 'Yukon', 'CA');

1 row created.

SQL> INSERT INTO LOCATIONS VALUES('2000', '40-5-12 Laogianggen', '190518', 'Beijing', NULL, 'CN');

1 row created.

SQL> INSERT INTO LOCATIONS VALUES('2100', '1298 Vileparle(E)', '490231', 'Bombay', 'Maharashtra', 'IN');

1 row created.

SQL> INSERT INTO LOCATIONS VALUES('2200', '12-98 Victoria Street', '2901', 'Sydney', 'New South', 'Wales', 'AU');
INSERT INTO LOCATIONS VALUES('2200', '12-98 Victoria Street', '2901', 'Sydney', 'New South', 'Wales', 'AU')
            *
ERROR at line 1:
ORA-00913: too many values


SQL> INSERT INTO LOCATIONS VALUES('2200', '12-98 Victoria Street', '2901', 'Sydney', 'New South Wales', 'AU');

1 row created.

SQL> INSERT INTO LOCATIONS VALUES('2300', '198 Clementi North', '540198', 'Singapore', NULL,'SG');

1 row created.

SQL> INSERT INTO LOCATIONS VALUES('2400', '8204 Arthur St',NULL, 'London', 'UK');
INSERT INTO LOCATIONS VALUES('2400', '8204 Arthur St',NULL, 'London', 'UK')
            *
ERROR at line 1:
ORA-00947: not enough values


SQL> INSERT INTO LOCATIONS VALUES('2400', '8204 Arthur St',NULL, 'London', NULL, 'UK');

1 row created.

SQL> INSERT INTO LOCATIONS VALUES('2500', 'Magdalen Centre, The Oxford Science Park', 'OX9 9ZB', 'Oxford', 'Oxford', NULL,'UK');
INSERT INTO LOCATIONS VALUES('2500', 'Magdalen Centre, The Oxford Science Park', 'OX9 9ZB', 'Oxford', 'Oxford', NULL,'UK')
            *
ERROR at line 1:
ORA-00913: too many values


SQL> INSERT INTO LOCATIONS VALUES('2500', 'Magdalen Centre, The Oxford Science Park', 'OX9 9ZB', 'Oxford', 'Oxford','UK');

1 row created.

SQL> INSERT INTO LOCATIONS VALUES('2600', '9702 Chester Road', '09629850293', 'Stretford', 'Manchester', 'UK');

1 row created.

SQL> INSERT INTO LOCATIONS VALUES('2700', 'Schwanthalerstr. 7031', '80925', 'Munich', 'Bavaria', 'DE');

1 row created.

SQL> INSERT INTO LOCATIONS VALUES('2800', 'Rua Frei Caneca 1360', '01307-002', 'Sao Paulo', 'Sao Paulo', 'BR');

1 row created.

SQL> INSERT INTO LOCATIONS VALUES('2900', '20 Rue des Corps-Saints', '1730', 'Geneva', 'Geneve', 'CH');

1 row created.

SQL> INSERT INTO LOCATIONS VALUES('3000', 'Murtenstrasse 921', '3095', 'Bern', 'BE', 'CH');

1 row created.

SQL> INSERT INTO LOCATIONS VALUES('3100', 'Pieter Breughelstraat 837', '3029SK', 'Utrecht', 'Utrecht', 'NL');

1 row created.

SQL> INSERT INTO LOCATIONS VALUES('3200', 'Mariano Escobedo 9991', '11932', 'Mexico City', 'Distrito Federal', 'MX');

1 row created.

SQL> SELECT * FROM LOCATIONS;

LOCATION_ID STREET_ADDRESS                           POSTAL_CODE
----------- ---------------------------------------- ------------
CITY                           STATE_PROVINCE            CO
------------------------------ ------------------------- --
       1000 1297 Via Cola di Rie                     00989
Roma                                                     IT

       1100 93091 Calle della Testa                  10934
Venice                                                   IT

       1200 2017 Shinjuku-ku                         1689
Tokyo                          Tokyo Prefecture          JP


LOCATION_ID STREET_ADDRESS                           POSTAL_CODE
----------- ---------------------------------------- ------------
CITY                           STATE_PROVINCE            CO
------------------------------ ------------------------- --
       1300 9450 Kamiya-cho                          6823
Hiroshima                                                JP

       1400 2014 Jabberwocky Rd                      26192
Southlake                      Texas                     US

       1500 2011 Interiors Blvd                      99236
South San Francisco            California                US


LOCATION_ID STREET_ADDRESS                           POSTAL_CODE
----------- ---------------------------------------- ------------
CITY                           STATE_PROVINCE            CO
------------------------------ ------------------------- --
       1600 2007 Zagora St                           50090
South Brunswick                New Jersey                US

       1700 2004 Charade Rd                          98199
Seattle                        Washington                US

       1800 147 Spadina Ave                          M5V 2L7
Toronto                        Ontario                   CA


LOCATION_ID STREET_ADDRESS                           POSTAL_CODE
----------- ---------------------------------------- ------------
CITY                           STATE_PROVINCE            CO
------------------------------ ------------------------- --
       1900 6092 Boxwood St                          YSW 9T2
Whitehorse                     Yukon                     CA

       2000 40-5-12 Laogianggen                      190518
Beijing                                                  CN

       2100 1298 Vileparle(E)                        490231
Bombay                         Maharashtra               IN


LOCATION_ID STREET_ADDRESS                           POSTAL_CODE
----------- ---------------------------------------- ------------
CITY                           STATE_PROVINCE            CO
------------------------------ ------------------------- --
       2200 12-98 Victoria Street                    2901
Sydney                         New South Wales           AU

       2300 198 Clementi North                       540198
Singapore                                                SG

       2400 8204 Arthur St
London                                                   UK


LOCATION_ID STREET_ADDRESS                           POSTAL_CODE
----------- ---------------------------------------- ------------
CITY                           STATE_PROVINCE            CO
------------------------------ ------------------------- --
       2500 Magdalen Centre, The Oxford Science Park OX9 9ZB
Oxford                         Oxford                    UK

       2600 9702 Chester Road                        09629850293
Stretford                      Manchester                UK

       2700 Schwanthalerstr. 7031                    80925
Munich                         Bavaria                   DE


LOCATION_ID STREET_ADDRESS                           POSTAL_CODE
----------- ---------------------------------------- ------------
CITY                           STATE_PROVINCE            CO
------------------------------ ------------------------- --
       2800 Rua Frei Caneca 1360                     01307-002
Sao Paulo                      Sao Paulo                 BR

       2900 20 Rue des Corps-Saints                  1730
Geneva                         Geneve                    CH

       3000 Murtenstrasse 921                        3095
Bern                           BE                        CH


LOCATION_ID STREET_ADDRESS                           POSTAL_CODE
----------- ---------------------------------------- ------------
CITY                           STATE_PROVINCE            CO
------------------------------ ------------------------- --
       3100 Pieter Breughelstraat 837                3029SK
Utrecht                        Utrecht                   NL

       3200 Mariano Escobedo 9991                    11932
Mexico City                    Distrito Federal          MX


23 rows selected.

SQL> SELECT * FROM JOB_HISTORY;

no rows selected

SQL> INSERT INTO JOB_HISTORY VALUES(102 , TO_DATE(13-01-93,'DD-MM-YY') , TO_DATE(24-07-98,'DD-MM-YY') ,'IT_PROG', 60);
INSERT INTO JOB_HISTORY VALUES(102 , TO_DATE(13-01-93,'DD-MM-YY') , TO_DATE(24-07-98,'DD-MM-YY') ,'IT_PROG', 60)
                                                  *
ERROR at line 1:
ORA-01847: day of month must be between 1 and last day of month


SQL> INSERT INTO JOB_HISTORY VALUES(102 , TO_DATE('13-01-93','DD-MM-YY') , TO_DATE('24-07-98','DD-MM-YY') ,'IT_PROG', 60);
INSERT INTO JOB_HISTORY VALUES(102 , TO_DATE('13-01-93','DD-MM-YY') , TO_DATE('24-07-98','DD-MM-YY') ,'IT_PROG', 60)
*
ERROR at line 1:
ORA-02291: integrity constraint (BGZOCG.SYS_C0011154) violated - parent key not
found


SQL> SELECT * FROM DEPARTMENTS;

no rows selected

SQL> ALTER TABLE EMPLOYEES
  2  DISABLE CONSTRAINT
  3
SQL> SELECT CONSTRAINT_NAME, TABLE_NAME,SEARCH_CONDITION
  2  FROM USER_CONSTRAINTS;

CONSTRAINT_NAME                TABLE_NAME
------------------------------ ------------------------------
SEARCH_CONDITION
--------------------------------------------------------------------------------
SYS_C0011105                   COURSE
"CNAME" IS NOT NULL

SYS_C0011133                   DEPARTMENTS
"DEPARTMENT_NAME" IS NOT NULL

SYS_C0011136                   JOBS
"JOB_TITLE" IS NOT NULL


CONSTRAINT_NAME                TABLE_NAME
------------------------------ ------------------------------
SEARCH_CONDITION
--------------------------------------------------------------------------------
SYS_C0011138                   EMPLOYEES
"FIRST_NAME" IS NOT NULL

SYS_C0011139                   EMPLOYEES
"LAST_NAME" IS NOT NULL

SYS_C0011140                   EMPLOYEES
"EMAIL" IS NOT NULL


CONSTRAINT_NAME                TABLE_NAME
------------------------------ ------------------------------
SEARCH_CONDITION
--------------------------------------------------------------------------------
SYS_C0011141                   EMPLOYEES
"JOB_ID" IS NOT NULL

SALARY_CHECK                   EMPLOYEES
SALARY > 0

SYS_C0011148                   JOB_HISTORY
"EMPLOYEE_ID" IS NOT NULL


CONSTRAINT_NAME                TABLE_NAME
------------------------------ ------------------------------
SEARCH_CONDITION
--------------------------------------------------------------------------------
SYS_C0011149                   JOB_HISTORY
"START_DATE" IS NOT NULL

SYS_C0011150                   JOB_HISTORY
"END_DATE" IS NOT NULL

SYS_C0011151                   JOB_HISTORY
"JOB_ID" IS NOT NULL


CONSTRAINT_NAME                TABLE_NAME
------------------------------ ------------------------------
SEARCH_CONDITION
--------------------------------------------------------------------------------
SYS_C0011145                   EMPLOYEES


SYS_C0011147                   DEPARTMENTS


SYS_C0011152                   JOB_HISTORY



CONSTRAINT_NAME                TABLE_NAME
------------------------------ ------------------------------
SEARCH_CONDITION
--------------------------------------------------------------------------------
SYS_C0011144                   EMPLOYEES


SYS_C0011153                   JOB_HISTORY


SYS_C0011146                   EMPLOYEES



CONSTRAINT_NAME                TABLE_NAME
------------------------------ ------------------------------
SEARCH_CONDITION
--------------------------------------------------------------------------------
SYS_C0011154                   JOB_HISTORY


SYS_C0011135                   DEPARTMENTS


SYS_C0011132                   LOCATIONS



CONSTRAINT_NAME                TABLE_NAME
------------------------------ ------------------------------
SEARCH_CONDITION
--------------------------------------------------------------------------------
SYS_C0011129                   COUNTRIES


EMP_SELF_KEY                   EMP


SYS_C0011107                   COURSE



CONSTRAINT_NAME                TABLE_NAME
------------------------------ ------------------------------
SEARCH_CONDITION
--------------------------------------------------------------------------------
SYS_C0011110                   SC


SYS_C0011109                   SC


SYS_C0011103                   STUDENT



CONSTRAINT_NAME                TABLE_NAME
------------------------------ ------------------------------
SEARCH_CONDITION
--------------------------------------------------------------------------------
SYS_C0011104                   STUDENT


SYS_C0011106                   COURSE


SYS_C0011108                   SC



CONSTRAINT_NAME                TABLE_NAME
------------------------------ ------------------------------
SEARCH_CONDITION
--------------------------------------------------------------------------------
SYS_C0011111                   COURSE


SYS_C0011125                   EMP


SYS_C0011127                   DEPT



CONSTRAINT_NAME                TABLE_NAME
------------------------------ ------------------------------
SEARCH_CONDITION
--------------------------------------------------------------------------------
SYS_C0011128                   REGIONS


LATER_ADD_PRI                  COUNTRIES


SYS_C0011131                   LOCATIONS



CONSTRAINT_NAME                TABLE_NAME
------------------------------ ------------------------------
SEARCH_CONDITION
--------------------------------------------------------------------------------
SYS_C0011134                   DEPARTMENTS


SYS_C0011137                   JOBS


SYS_C0011143                   EMPLOYEES



39 rows selected.

SQL> ALTER TABLE EMPLOYEES
  2  DISABLE CONSTRAINT SYS_C0011146;

Table altered.

SQL> ALTER TABLE EMPLOYEES
  2  DISABLE CONSTRAINT SYS_C0011144;

Table altered.

SQL> ALTER TABLE EMPLOYEES
  2  DISABLE CONSTRAINT SYS_C0011143;
ALTER TABLE EMPLOYEES
*
ERROR at line 1:
ORA-02297: cannot disable constraint (BGZOCG.SYS_C0011143) - dependencies exist


SQL> ALTER TABLE EMPLOYEES
  2  DISABLE CONSTRAINT SYS_C0011145;

Table altered.

SQL> DESC EMPLOYEES;
 Name                                      Null?    Type
 ----------------------------------------- -------- ----------------------------
 EMPLOYEE_ID                               NOT NULL NUMBER(6)
 FIRST_NAME                                NOT NULL VARCHAR2(20)
 LAST_NAME                                 NOT NULL VARCHAR2(25)
 EMAIL                                     NOT NULL VARCHAR2(25)
 PHONE_NUMBER                                       VARCHAR2(20)
 HIRE_DATE                                          DATE
 JOB_ID                                    NOT NULL VARCHAR2(10)
 SALARY                                             NUMBER(8,2)
 COMMISSION_PCT                                     NUMBER(2,2)
 MANAGER_ID                                         NUMBER(6)
 DEPARTMENT_ID                                      NUMBER(4)

SQL> INSERT INTO
  2  INTO EMPLOYEES VALUES( '100','Steven','King','SKING', '515.123.4567' , TO_DATE('17-JUN-87', 'DD-MM-YY'), 'AD_PRES', '24000',NULL, '90')
  3  INTO EMPLOYEES VALUES( '101','Neena','Kochhar','NKOCHHAR', '515.123.4568' , TO_DATE('21-SEP-89', 'DD-MM-YY'), 'AD_VP' NULL, '17000', '100', '90')
  4  INTO EMPLOYEES VALUES( '102', 'Lex' ,'De Haan', 'LDEHAAN', '515.123.4569' , TO_DATE('13-JAN-93', 'DD-MM-YY'), 'AD_VP' NULL, '17000', '100', '90')
  5  INTO EMPLOYEES VALUES( '103','Alexander','Hunold','AHUNOLD', '590.423.4567' , TO_DATE('03-JAN-90', 'DD-MM-YY'), 'IT_PROG' NULL, '9000', '102', '60')
  6  INTO EMPLOYEES VALUES( '104','Bruce','Ernst','BERNST', '590.423.4568' , TO_DATE('21-MAY-91', 'DD-MM-YY'), 'IT_PROG' NULL, '6000', '103', '60')
  7  INTO EMPLOYEES VALUES( '105','David','Austin','DAUSTIN', '590.423.4569' , TO_DATE('25-JUN-97', 'DD-MM-YY'), 'IT_PROG' NULL, '4800', '103', '60')
  8  INTO EMPLOYEES VALUES( '106','Valli','Pataballa','VPATABAL', '590.423.4560' , TO_DATE('05-FEB-98', 'DD-MM-YY'), 'IT_PROG' NULL, '4800', '103', '60')
  9  INTO EMPLOYEES VALUES( '107','Diana','Lorentz','DLORENTZ', '590.423.5567' , TO_DATE('07-FEB-99', 'DD-MM-YY'), 'IT_PROG' NULL, '4200', '103', '60')
 10  INTO EMPLOYEES VALUES( '108','Nancy','Greenberg','NGREENBE', '515.124.4569' , TO_DATE('17-AUG-94', 'DD-MM-YY'), 'FI_MGR' NULL, '12000', '101', '100')
 11  INTO EMPLOYEES VALUES( '109','Daniel','Faviet','DFAVIET', '515.124.4169' , TO_DATE('16-AUG-94', 'DD-MM-YY'), 'FI_ACCOUNT' NULL, '9000', '108', '100')
 12  INTO EMPLOYEES VALUES( '110','John','Chen','JCHEN', '515.124.4269' , TO_DATE('28-SEP-97', 'DD-MM-YY'), 'FI_ACCOUNT' NULL, '8200', '108', '100')
 13  INTO EMPLOYEES VALUES( '111','Ismael','Sciarra','ISCIARRA', '515.124.4369' , TO_DATE('30-SEP-97', 'DD-MM-YY'), 'FI_ACCOUNT' NULL, '7700', '108', '100')
 14  INTO EMPLOYEES VALUES( '112','Jose Manuel', 'Urman', 'JMURMAN', '515.124.4469' , TO_DATE('07-MAR-98', 'DD-MM-YY'), 'FI_ACCOUNT' NULL, '7800', '108', '100')
 15  INTO EMPLOYEES VALUES( '113','Luis','Popp','LPOPP', '515.124.4567' , TO_DATE('07-DEC-99', 'DD-MM-YY'), 'FI_ACCOUNT' NULL, '6900', '108', '100')
 16  INTO EMPLOYEES VALUES( '114','Den','Raphaely','DRAPHEAL', '515.127.4561' , TO_DATE('07-DEC-94', 'DD-MM-YY'), 'PU_MAN' NULL, '11000', '100', '30')
 17  INTO EMPLOYEES VALUES( '115','Alexander','Khoo','AKHOO', '515.127.4562' , TO_DATE('18-MAY-95', 'DD-MM-YY'), 'PU_CLERK' NULL, '3100', '114', '30')
 18  INTO EMPLOYEES VALUES( '116','Shelli','Baida','SBAIDA', '515.127.4563' , TO_DATE('24-DEC-97', 'DD-MM-YY'), 'PU_CLERK' NULL, '2900', '114', '30')
 19  INTO EMPLOYEES VALUES( '117','Sigal','Tobias','STOBIAS', '515.127.4564' , TO_DATE('24-JUL-97', 'DD-MM-YY'), 'PU_CLERK' NULL, '2800', '114', '30')
 20  INTO EMPLOYEES VALUES( '118','Guy','Himuro','GHIMURO', '515.127.4565' , TO_DATE('15-NOV-98', 'DD-MM-YY'), 'PU_CLERK' NULL, '2600', '114', '30')
 21  INTO EMPLOYEES VALUES( '119','Karen','Colmenares','KCOLMENA', '515.127.4566' , TO_DATE('10-AUG-99', 'DD-MM-YY'), 'PU_CLERK' NULL, '2500', '114', '30')
 22  INTO EMPLOYEES VALUES( '120','Matthew','Weiss','MWEISS', '650.123.1234' , TO_DATE('18-JUL-96', 'DD-MM-YY'), 'ST_MAN' NULL, '8000', '100', '50')
 23  INTO EMPLOYEES VALUES( '121','Adam','Fripp','AFRIPP', '650.123.2234' , TO_DATE('10-APR-97', 'DD-MM-YY'), 'ST_MAN' NULL, '8200', '100', '50')
 24  INTO EMPLOYEES VALUES( '122','Payam','Kaufling','PKAUFLIN', '650.123.3234' , TO_DATE('01-MAY-95', 'DD-MM-YY'), 'ST_MAN' NULL, '7900', '100', '50')
 25  INTO EMPLOYEES VALUES( '123','Shanta','Vollman','SVOLLMAN', '650.123.4234' , TO_DATE('10-OCT-97', 'DD-MM-YY'), 'ST_MAN' NULL, '6500', '100', '50')
 26  INTO EMPLOYEES VALUES( '124','Kevin','Mourgos','KMOURGOS', '650.123.5234' , TO_DATE('16-NOV-99', 'DD-MM-YY'), 'ST_MAN' NULL, '5800', '100', '50')
 27  INTO EMPLOYEES VALUES( '125','Julia','Nayer','JNAYER', '650.124.1214' , TO_DATE('16-JUL-97', 'DD-MM-YY'), 'ST_CLERK' NULL, '3200', '120', '50')
 28  INTO EMPLOYEES VALUES( '126','Irene','Mikkilineni','IMIKKILI', '650.124.1224' , TO_DATE('28-SEP-98', 'DD-MM-YY'), 'ST_CLERK' NULL, '2700', '120', '50')
 29  INTO EMPLOYEES VALUES( '127','James','Landry','JLANDRY', '650.124.1334' , TO_DATE('14-JAN-99', 'DD-MM-YY'), 'ST_CLERK' NULL, '2400', '120', '50')
 30  INTO EMPLOYEES VALUES( '128','Steven','Markle','SMARKLE', '650.124.1434' , TO_DATE('08-MAR-00', 'DD-MM-YY'), 'ST_CLERK' NULL, '2200', '120', '50')
 31  INTO EMPLOYEES VALUES( '129','Laura','Bissot','LBISSOT', '650.124.5234' , TO_DATE('20-AUG-97', 'DD-MM-YY'), 'ST_CLERK' NULL, '3300', '121', '50')
 32  INTO EMPLOYEES VALUES( '130','Mozhe','Atkinson','MATKINSO', '650.124.6234' , TO_DATE('30-OCT-97', 'DD-MM-YY'), 'ST_CLERK' NULL, '2800', '121', '50')
 33  INTO EMPLOYEES VALUES( '131','James','Marlow','JAMRLOW', '650.124.7234' , TO_DATE('16-FEB-97', 'DD-MM-YY'), 'ST_CLERK' NULL, '2500', '121', '50')
 34  INTO EMPLOYEES VALUES( '132','TJ','Olson','TJOLSON', '650.124.8234' , TO_DATE('10-APR-99', 'DD-MM-YY'), 'ST_CLERK' NULL, '2100', '121', '50')
 35  INTO EMPLOYEES VALUES( '133','Jason','Mallin','JMALLIN', '650.127.1934' , TO_DATE('14-JUN-96', 'DD-MM-YY'), 'ST_CLERK' NULL, '3300', '122', '50')
 36  INTO EMPLOYEES VALUES( '134','Michael','Rogers','MROGERS', '650.127.1834' , TO_DATE('26-AUG-98', 'DD-MM-YY'), 'ST_CLERK' NULL, '2900', '122', '50')
 37  INTO EMPLOYEES VALUES( '135','Ki','Gee','KGEE', '650.127.1734' , TO_DATE('12-DEC-99', 'DD-MM-YY'), 'ST_CLERK' NULL, '2400', '122', '50')
 38  INTO EMPLOYEES VALUES( '136','Hazel','Philtanker','HPHILTAN', '650.127.1634' , TO_DATE('06-FEB-00', 'DD-MM-YY'), 'ST_CLERK' NULL, '2200', '122', '50')
 39  INTO EMPLOYEES VALUES( '137','Renske','Ladwig','RLADWIG', '650.121.1234' , TO_DATE('14-JUL-95', 'DD-MM-YY'), 'ST_CLERK' NULL, '3600', '123', '50')
 40  INTO EMPLOYEES VALUES( '138','Stephen','Stiles','SSTILES', '650.121.2034' , TO_DATE('26-OCT-97', 'DD-MM-YY'), 'ST_CLERK' NULL, '3200', '123', '50')
 41  INTO EMPLOYEES VALUES( '139','John','Seo','JSEO', '650.121.2019' , TO_DATE('12-FEB-98', 'DD-MM-YY'), 'ST_CLERK' NULL, '2700', '123', '50')
 42  INTO EMPLOYEES VALUES( '140','Joshua','Patel','JPATEL', '650.121.1834' , TO_DATE('06-APR-98', 'DD-MM-YY'), 'ST_CLERK' NULL, '2500', '123', '50')
 43  INTO EMPLOYEES VALUES( '141','Trenna','Rajs','TRAJS', '650.121.8009' , TO_DATE('17-OCT-95', 'DD-MM-YY'), 'ST_CLERK' NULL, '3500', '124', '50')
 44  INTO EMPLOYEES VALUES( '142','Curtis','Davies','CDAVIES', '650.121.2994' , TO_DATE('29-JAN-97', 'DD-MM-YY'), 'ST_CLERK' NULL, '3100', '124', '50')
 45  INTO EMPLOYEES VALUES( '143','Randall','Matos','RMATOS', '650.121.2874' , TO_DATE('15-MAR-98', 'DD-MM-YY'), 'ST_CLERK' NULL, '2600', '124', '50')
 46  INTO EMPLOYEES VALUES( '144','Peter','Vargas','PVARGAS', '650.121.2004' , TO_DATE('09-JUL-98', 'DD-MM-YY'), 'ST_CLERK' NULL, '2500', '124', '50')
 47  INTO EMPLOYEES VALUES( '145','John','Russell','JRUSSEL', '011.44.1344'.'429268' , TO_DATE('01-OCT-96', 'DD-MM-YY'), 'SA_MAN' , '14000', '.4', '100', '80')
 48  INTO EMPLOYEES VALUES( '146','Karen','Partners','KPARTNER', '011.44.1344'.'467268' , TO_DATE('05-JAN-97', 'DD-MM-YY'), 'SA_MAN' , '13500', '.3', '100', '80')
 49  INTO EMPLOYEES VALUES( '147','Alberto','Errazuriz','AERRAZUR', '011.44.1344'.'429278' , TO_DATE('10-MAR-97', 'DD-MM-YY'), 'SA_MAN' , '12000', '.3', '100', '80')
 50  INTO EMPLOYEES VALUES( '148','Gerald','Cambrault','GCAMBRAU', '011.44.1344'.'619268' , TO_DATE('15-OCT-99', 'DD-MM-YY'), 'SA_MAN' , '11000', '.3', '100', '80')
 51  INTO EMPLOYEES VALUES( '149','Eleni','Zlotkey','EZLOTKEY', '011.44.1344'.'429018' , TO_DATE('29-JAN-00', 'DD-MM-YY'), 'SA_MAN' , '10500', '.2', '100', '80')
 52  INTO EMPLOYEES VALUES( '150','Peter','Tucker','PTUCKER', '011.44.1344'.'129268' , TO_DATE('30-JAN-97', 'DD-MM-YY'), 'SA_REP' , '10000', '.3', '145', '80')
 53  INTO EMPLOYEES VALUES( '151','David','Bernstein','DBERNSTE', '011.44.1344'.'345268' , TO_DATE('24-MAR-97', 'DD-MM-YY'), 'SA_REP' , '9500', '.25', '145', '80')
 54  INTO EMPLOYEES VALUES( '152','Peter','Hall','PHALL', '011.44.1344'.'478968' , TO_DATE('20-AUG-97', 'DD-MM-YY'), 'SA_REP' , '9000', '.25', '145', '80')
 55  INTO EMPLOYEES VALUES( '153','Christopher','Olsen','COLSEN', '011.44.1344'.'498718' , TO_DATE('30-MAR-98', 'DD-MM-YY'), 'SA_REP' , '8000', '.2', '145', '80')
 56  INTO EMPLOYEES VALUES( '154','Nanette','Cambrault','NCAMBRAU', '011.44.1344'.'987668' , TO_DATE('09-DEC-98', 'DD-MM-YY'), 'SA_REP' , '7500', '.2', '145', '80')
 57  INTO EMPLOYEES VALUES( '155','Oliver','Tuvault','OTUVAULT', '011.44.1344'.'486508' , TO_DATE('23-NOV-99', 'DD-MM-YY'), 'SA_REP' , '7000', '.15', '145', '80')
 58  INTO EMPLOYEES VALUES( '156','Janette','King','JKING', '011.44.1345'.'429268' , TO_DATE('30-JAN-96', 'DD-MM-YY'), 'SA_REP' , '10000', '.35', '146', '80')
 59  INTO EMPLOYEES VALUES( '157','Patrick','Sully','PSULLY', '011.44.1345'.'929268' , TO_DATE('04-MAR-96', 'DD-MM-YY'), 'SA_REP' , '9500', '.35', '146', '80')
 60  INTO EMPLOYEES VALUES( '158','Allan','McEwen','AMCEWEN', '011.44.1345'.'829268' , TO_DATE('01-AUG-96', 'DD-MM-YY'), 'SA_REP' , '9000', '.35', '146', '80')
 61  INTO EMPLOYEES VALUES( '159','Lindsey','Smith','LSMITH', '011.44.1345'.'729268' , TO_DATE('10-MAR-97', 'DD-MM-YY'), 'SA_REP' , '8000', '.3', '146', '80')
 62  INTO EMPLOYEES VALUES( '160','Louise','Doran','LDORAN', '011.44.1345'.'629268' , TO_DATE('15-DEC-97', 'DD-MM-YY'), 'SA_REP' , '7500', '.3', '146', '80')
 63  INTO EMPLOYEES VALUES( '161','Sarath','Sewall','SSEWALL', '011.44.1345'.'529268' , TO_DATE('03-NOV-98', 'DD-MM-YY'), 'SA_REP' , '7000', '.25', '146', '80')
 64  INTO EMPLOYEES VALUES( '162','Clara','Vishney','CVISHNEY', '011.44.1346'.'129268' , TO_DATE('11-NOV-97', 'DD-MM-YY'), 'SA_REP' , '10500', '.25', '147', '80')
 65  INTO EMPLOYEES VALUES( '163','Danielle','Greene','DGREENE', '011.44.1346'.'229268' , TO_DATE('19-MAR-99', 'DD-MM-YY'), 'SA_REP' , '9500', '.15', '147', '80')
 66  INTO EMPLOYEES VALUES( '164','Mattea','Marvins','MMARVINS', '011.44.1346'.'329268' , TO_DATE('24-JAN-00', 'DD-MM-YY'), 'SA_REP' , '7200', '.1', '147', '80')
 67  INTO EMPLOYEES VALUES( '165','David','Lee','DLEE', '011.44.1346'.'529268' , TO_DATE('23-FEB-00', 'DD-MM-YY'), 'SA_REP' , '6800', '.1', '147', '80')
 68  INTO EMPLOYEES VALUES( '166','Sundar','Ande','SANDE', '011.44.1346'.'629268' , TO_DATE('24-MAR-00', 'DD-MM-YY'), 'SA_REP' , '6400', '.1', '147', '80')
 69  INTO EMPLOYEES VALUES( '167','Amit','Banda','ABANDA', '011.44.1346'.'729268' , TO_DATE('21-APR-00', 'DD-MM-YY'), 'SA_REP' , '6200', '.1', '147', '80')
 70  INTO EMPLOYEES VALUES( '168','Lisa','Ozer','LOZER', '011.44.1343'.'929268' , TO_DATE('11-MAR-97', 'DD-MM-YY'), 'SA_REP' , '11500', '.25', '148', '80')
 71  INTO EMPLOYEES VALUES( '169','Harrison','Bloom','HBLOOM', '011.44.1343'.'829268' , TO_DATE('23-MAR-98', 'DD-MM-YY'), 'SA_REP' , '10000', '.2', '148', '80')
 72  INTO EMPLOYEES VALUES( '170','Tayler','Fox','TFOX', '011.44.1343'.'729268' , TO_DATE('24-JAN-98', 'DD-MM-YY'), 'SA_REP' , '9600', '.2', '148', '80')
 73  INTO EMPLOYEES VALUES( '171','William','Smith','WSMITH', '011.44.1343'.'629268' , TO_DATE('23-FEB-99', 'DD-MM-YY'), 'SA_REP' , '7400', '.15', '148', '80')
 74  INTO EMPLOYEES VALUES( '172','Elizabeth','Bates','EBATES', '011.44.1343'.'529268' , TO_DATE('24-MAR-99', 'DD-MM-YY'), 'SA_REP' , '7300', '.15', '148', '80')
 75  INTO EMPLOYEES VALUES( '173','Sundita','Kumar','SKUMAR', '011.44.1343'.'329268' , TO_DATE('21-APR-00', 'DD-MM-YY'), 'SA_REP' , '6100', '.1', '148', '80')
 76  INTO EMPLOYEES VALUES( '174','Ellen','Abel','EABEL', '011.44.1644'.'429267' , TO_DATE('11-MAY-96', 'DD-MM-YY'), 'SA_REP' , '11000', '.3', '149', '80')
 77  INTO EMPLOYEES VALUES( '175','Alyssa','Hutton','AHUTTON', '011.44.1644'.'429266' , TO_DATE('19-MAR-97', 'DD-MM-YY'), 'SA_REP' , '8800', '.25', '149', '80')
 78  INTO EMPLOYEES VALUES( '176','Jonathon','Taylor','JTAYLOR', '011.44.1644'.'429265' , TO_DATE('24-MAR-98', 'DD-MM-YY'), 'SA_REP' , '8600', '.2', '149', '80')
 79  INTO EMPLOYEES VALUES( '177','Jack','Livingston','JLIVINGS', '011.44.1644'.'429264' , TO_DATE('23-APR-98', 'DD-MM-YY'), 'SA_REP' , '8400', '.2', '149', '80')
 80  INTO EMPLOYEES VALUES( '178','Kimberely','Grant','KGRANT', '011.44.1644'.'429263' , TO_DATE('24-MAY-99', 'DD-MM-YY'), 'SA_REP', '7000', '.15', '149',NULL)
 81  INTO EMPLOYEES VALUES( '179','Charles','Johnson','CJOHNSON', '011.44.1644'.'429262' , TO_DATE('04-JAN-00', 'DD-MM-YY'), 'SA_REP' , '6200', '.1', '149', '80')
 82  INTO EMPLOYEES VALUES( '180','Winston','Taylor','WTAYLOR', '650.507.9876' , TO_DATE('24-JAN-98', 'DD-MM-YY'), 'SH_CLERK' NULL, '3200', '120', '50')
 83  INTO EMPLOYEES VALUES( '181','Jean','Fleaur','JFLEAUR', '650.507.9877' , TO_DATE('23-FEB-98', 'DD-MM-YY'), 'SH_CLERK' NULL, '3100', '120', '50')
 84  INTO EMPLOYEES VALUES( '182','Martha','Sullivan','MSULLIVA', '650.507.9878' , TO_DATE('21-JUN-99', 'DD-MM-YY'), 'SH_CLERK' NULL, '2500', '120', '50')
 85  INTO EMPLOYEES VALUES( '183','Girard','Geoni','GGEONI', '650.507.9879' , TO_DATE('03-FEB-00', 'DD-MM-YY'), 'SH_CLERK' NULL, '2800', '120', '50')
 86  INTO EMPLOYEES VALUES( '184','Nandita','Sarchand','NSARCHAN', '650.509.1876' , TO_DATE('27-JAN-96', 'DD-MM-YY'), 'SH_CLERK' NULL, '4200', '121', '50')
 87  INTO EMPLOYEES VALUES( '185','Alexis','Bull','ABULL', '650.509.2876' , TO_DATE('20-FEB-97', 'DD-MM-YY'), 'SH_CLERK' NULL, '4100', '121', '50')
 88  INTO EMPLOYEES VALUES( '186','Julia','Dellinger','JDELLING', '650.509.3876' , TO_DATE('24-JUN-98', 'DD-MM-YY'), 'SH_CLERK' NULL, '3400', '121', '50')
 89  INTO EMPLOYEES VALUES( '187','Anthony','Cabrio','ACABRIO', '650.509.4876' , TO_DATE('07-FEB-99', 'DD-MM-YY'), 'SH_CLERK' NULL, '3000', '121', '50')
 90  INTO EMPLOYEES VALUES( '188','Kelly','Chung','KCHUNG', '650.505.1876' , TO_DATE('14-JUN-97', 'DD-MM-YY'), 'SH_CLERK' NULL, '3800', '122', '50')
 91  INTO EMPLOYEES VALUES( '189','Jennifer','Dilly','JDILLY', '650.505.2876' , TO_DATE('13-AUG-97', 'DD-MM-YY'), 'SH_CLERK' NULL, '3600', '122', '50')
 92  INTO EMPLOYEES VALUES( '190','Timothy','Gates','TGATES', '650.505.3876' , TO_DATE('11-JUL-98', 'DD-MM-YY'), 'SH_CLERK' NULL, '2900', '122', '50')
 93  INTO EMPLOYEES VALUES( '191','Randall','Perkins','RPERKINS', '650.505.4876' , TO_DATE('19-DEC-99', 'DD-MM-YY'), 'SH_CLERK' NULL, '2500', '122', '50')
 94  INTO EMPLOYEES VALUES( '192','Sarah','Bell','SBELL', '650.501.1876' , TO_DATE('04-FEB-96', 'DD-MM-YY'), 'SH_CLERK' NULL, '4000', '123', '50')
 95  INTO EMPLOYEES VALUES( '193','Britney','Everett','BEVERETT', '650.501.2876' , TO_DATE('03-MAR-97', 'DD-MM-YY'), 'SH_CLERK' NULL, '3900', '123', '50')
 96  INTO EMPLOYEES VALUES( '194','Samuel','McCain','SMCCAIN', '650.501.3876' , TO_DATE('01-JUL-98', 'DD-MM-YY'), 'SH_CLERK' NULL, '3200', '123', '50')
 97  INTO EMPLOYEES VALUES( '195','Vance','Jones','VJONES', '650.501.4876' , TO_DATE('17-MAR-99', 'DD-MM-YY'), 'SH_CLERK' NULL, '2800', '123', '50')
 98  INTO EMPLOYEES VALUES( '196','Alana','Walsh','AWALSH', '650.507.9811' , TO_DATE('24-APR-98', 'DD-MM-YY'), 'SH_CLERK' NULL, '3100', '124', '50' )
 99  INTO EMPLOYEES VALUES( '197','Kevin','Feeney','KFEENEY', '650.507.9822' , TO_DATE('23-MAY-98', 'DD-MM-YY'), 'SH_CLERK' NULL, '3000', '124', '50')
100  INTO EMPLOYEES VALUES( '198','Donald','OConnell','DOCONNEL', '650.507.9833' , TO_DATE('21-JUN-99', 'DD-MM-YY'), 'SH_CLERK' NULL, '2600', '124', '50')
101  INTO EMPLOYEES VALUES( '199','Douglas','Grant','DGRANT', '650.507.9844' , TO_DATE('13-JAN-00', 'DD-MM-YY'), 'SH_CLERK' NULL, '2600', '124', '50')
102  INTO EMPLOYEES VALUES( '200','Jennifer','Whalen','JWHALEN', '515.123.4444' , TO_DATE('17-SEP-87', 'DD-MM-YY'), 'AD_ASST' NULL, '4400', '101', '10')
103  INTO EMPLOYEES VALUES( '201','Michael','Hartstein','MHARTSTE', '515.123.5555' , TO_DATE('17-FEB-96', 'DD-MM-YY'), 'MK_MAN' NULL, '13000', '100', '20')
104  INTO EMPLOYEES VALUES( '202','Pat','Fay','PFAY', '603.123.6666' , TO_DATE('17-AUG-97', 'DD-MM-YY'), 'MK_REP' NULL, '6000', '201', '20')
105  INTO EMPLOYEES VALUES( '203','Susan','Mavris','SMAVRIS', '515.123.7777' , TO_DATE('07-JUN-94', 'DD-MM-YY'), 'HR_REP' NULL, '6500', '101', '40')
106  INTO EMPLOYEES VALUES( '204','Hermann','Baer','HBAER', '515.123.8888' , TO_DATE('07-JUN-94', 'DD-MM-YY'), 'PR_REP' NULL, '10000', '101', '70')
107  INTO EMPLOYEES VALUES( '205','Shelley','Higgins','SHIGGINS', '515.123.8080' , TO_DATE('07-JUN-94', 'DD-MM-YY'), 'AC_MGR' NULL, '12000', '101', '110')
108  INTO EMPLOYEES VALUES( '206','William','Gietz','WGIETZ', '515.123.8181' , TO_DATE('07-JUN-94', 'DD-MM-YY'), 'AC_ACCOUNT' NULL, '8300', '205', '110')
109  ;
INTO EMPLOYEES VALUES( '100','Steven','King','SKING', '515.123.4567' , TO_DATE('17-JUN-87', 'DD-MM-YY'), 'AD_PRES', '24000',NULL, '90')
*
ERROR at line 2:
ORA-00903: invalid table name


SQL> INSERT ALL
  2  INTO EMPLOYEES VALUES( '100','Steven','King','SKING', '515.123.4567' , TO_DATE('17-JUN-87', 'DD-MM-YY'), 'AD_PRES', '24000',NULL, '90')
  3  INTO EMPLOYEES VALUES( '101','Neena','Kochhar','NKOCHHAR', '515.123.4568' , TO_DATE('21-SEP-89', 'DD-MM-YY'), 'AD_VP' NULL, '17000', '100', '90')
  4  INTO EMPLOYEES VALUES( '102', 'Lex' ,'De Haan', 'LDEHAAN', '515.123.4569' , TO_DATE('13-JAN-93', 'DD-MM-YY'), 'AD_VP' NULL, '17000', '100', '90')
  5  INTO EMPLOYEES VALUES( '103','Alexander','Hunold','AHUNOLD', '590.423.4567' , TO_DATE('03-JAN-90', 'DD-MM-YY'), 'IT_PROG' NULL, '9000', '102', '60')
  6  INTO EMPLOYEES VALUES( '104','Bruce','Ernst','BERNST', '590.423.4568' , TO_DATE('21-MAY-91', 'DD-MM-YY'), 'IT_PROG' NULL, '6000', '103', '60')
  7  INTO EMPLOYEES VALUES( '105','David','Austin','DAUSTIN', '590.423.4569' , TO_DATE('25-JUN-97', 'DD-MM-YY'), 'IT_PROG' NULL, '4800', '103', '60')
  8  INTO EMPLOYEES VALUES( '106','Valli','Pataballa','VPATABAL', '590.423.4560' , TO_DATE('05-FEB-98', 'DD-MM-YY'), 'IT_PROG' NULL, '4800', '103', '60')
  9  INTO EMPLOYEES VALUES( '107','Diana','Lorentz','DLORENTZ', '590.423.5567' , TO_DATE('07-FEB-99', 'DD-MM-YY'), 'IT_PROG' NULL, '4200', '103', '60')
 10  INTO EMPLOYEES VALUES( '108','Nancy','Greenberg','NGREENBE', '515.124.4569' , TO_DATE('17-AUG-94', 'DD-MM-YY'), 'FI_MGR' NULL, '12000', '101', '100')
 11  INTO EMPLOYEES VALUES( '109','Daniel','Faviet','DFAVIET', '515.124.4169' , TO_DATE('16-AUG-94', 'DD-MM-YY'), 'FI_ACCOUNT' NULL, '9000', '108', '100')
 12  INTO EMPLOYEES VALUES( '110','John','Chen','JCHEN', '515.124.4269' , TO_DATE('28-SEP-97', 'DD-MM-YY'), 'FI_ACCOUNT' NULL, '8200', '108', '100')
 13  INTO EMPLOYEES VALUES( '111','Ismael','Sciarra','ISCIARRA', '515.124.4369' , TO_DATE('30-SEP-97', 'DD-MM-YY'), 'FI_ACCOUNT' NULL, '7700', '108', '100')
 14  INTO EMPLOYEES VALUES( '112','Jose Manuel', 'Urman', 'JMURMAN', '515.124.4469' , TO_DATE('07-MAR-98', 'DD-MM-YY'), 'FI_ACCOUNT' NULL, '7800', '108', '100')
 15  INTO EMPLOYEES VALUES( '113','Luis','Popp','LPOPP', '515.124.4567' , TO_DATE('07-DEC-99', 'DD-MM-YY'), 'FI_ACCOUNT' NULL, '6900', '108', '100')
 16  INTO EMPLOYEES VALUES( '114','Den','Raphaely','DRAPHEAL', '515.127.4561' , TO_DATE('07-DEC-94', 'DD-MM-YY'), 'PU_MAN' NULL, '11000', '100', '30')
 17  INTO EMPLOYEES VALUES( '115','Alexander','Khoo','AKHOO', '515.127.4562' , TO_DATE('18-MAY-95', 'DD-MM-YY'), 'PU_CLERK' NULL, '3100', '114', '30')
 18  INTO EMPLOYEES VALUES( '116','Shelli','Baida','SBAIDA', '515.127.4563' , TO_DATE('24-DEC-97', 'DD-MM-YY'), 'PU_CLERK' NULL, '2900', '114', '30')
 19  INTO EMPLOYEES VALUES( '117','Sigal','Tobias','STOBIAS', '515.127.4564' , TO_DATE('24-JUL-97', 'DD-MM-YY'), 'PU_CLERK' NULL, '2800', '114', '30')
 20  INTO EMPLOYEES VALUES( '118','Guy','Himuro','GHIMURO', '515.127.4565' , TO_DATE('15-NOV-98', 'DD-MM-YY'), 'PU_CLERK' NULL, '2600', '114', '30')
 21  INTO EMPLOYEES VALUES( '119','Karen','Colmenares','KCOLMENA', '515.127.4566' , TO_DATE('10-AUG-99', 'DD-MM-YY'), 'PU_CLERK' NULL, '2500', '114', '30')
 22  INTO EMPLOYEES VALUES( '120','Matthew','Weiss','MWEISS', '650.123.1234' , TO_DATE('18-JUL-96', 'DD-MM-YY'), 'ST_MAN' NULL, '8000', '100', '50')
 23  INTO EMPLOYEES VALUES( '121','Adam','Fripp','AFRIPP', '650.123.2234' , TO_DATE('10-APR-97', 'DD-MM-YY'), 'ST_MAN' NULL, '8200', '100', '50')
 24  INTO EMPLOYEES VALUES( '122','Payam','Kaufling','PKAUFLIN', '650.123.3234' , TO_DATE('01-MAY-95', 'DD-MM-YY'), 'ST_MAN' NULL, '7900', '100', '50')
 25  INTO EMPLOYEES VALUES( '123','Shanta','Vollman','SVOLLMAN', '650.123.4234' , TO_DATE('10-OCT-97', 'DD-MM-YY'), 'ST_MAN' NULL, '6500', '100', '50')
 26  INTO EMPLOYEES VALUES( '124','Kevin','Mourgos','KMOURGOS', '650.123.5234' , TO_DATE('16-NOV-99', 'DD-MM-YY'), 'ST_MAN' NULL, '5800', '100', '50')
 27  INTO EMPLOYEES VALUES( '125','Julia','Nayer','JNAYER', '650.124.1214' , TO_DATE('16-JUL-97', 'DD-MM-YY'), 'ST_CLERK' NULL, '3200', '120', '50')
 28  INTO EMPLOYEES VALUES( '126','Irene','Mikkilineni','IMIKKILI', '650.124.1224' , TO_DATE('28-SEP-98', 'DD-MM-YY'), 'ST_CLERK' NULL, '2700', '120', '50')
 29  INTO EMPLOYEES VALUES( '127','James','Landry','JLANDRY', '650.124.1334' , TO_DATE('14-JAN-99', 'DD-MM-YY'), 'ST_CLERK' NULL, '2400', '120', '50')
 30  INTO EMPLOYEES VALUES( '128','Steven','Markle','SMARKLE', '650.124.1434' , TO_DATE('08-MAR-00', 'DD-MM-YY'), 'ST_CLERK' NULL, '2200', '120', '50')
 31  INTO EMPLOYEES VALUES( '129','Laura','Bissot','LBISSOT', '650.124.5234' , TO_DATE('20-AUG-97', 'DD-MM-YY'), 'ST_CLERK' NULL, '3300', '121', '50')
 32  INTO EMPLOYEES VALUES( '130','Mozhe','Atkinson','MATKINSO', '650.124.6234' , TO_DATE('30-OCT-97', 'DD-MM-YY'), 'ST_CLERK' NULL, '2800', '121', '50')
 33  INTO EMPLOYEES VALUES( '131','James','Marlow','JAMRLOW', '650.124.7234' , TO_DATE('16-FEB-97', 'DD-MM-YY'), 'ST_CLERK' NULL, '2500', '121', '50')
 34  INTO EMPLOYEES VALUES( '132','TJ','Olson','TJOLSON', '650.124.8234' , TO_DATE('10-APR-99', 'DD-MM-YY'), 'ST_CLERK' NULL, '2100', '121', '50')
 35  INTO EMPLOYEES VALUES( '133','Jason','Mallin','JMALLIN', '650.127.1934' , TO_DATE('14-JUN-96', 'DD-MM-YY'), 'ST_CLERK' NULL, '3300', '122', '50')
 36  INTO EMPLOYEES VALUES( '134','Michael','Rogers','MROGERS', '650.127.1834' , TO_DATE('26-AUG-98', 'DD-MM-YY'), 'ST_CLERK' NULL, '2900', '122', '50')
 37  INTO EMPLOYEES VALUES( '135','Ki','Gee','KGEE', '650.127.1734' , TO_DATE('12-DEC-99', 'DD-MM-YY'), 'ST_CLERK' NULL, '2400', '122', '50')
 38  INTO EMPLOYEES VALUES( '136','Hazel','Philtanker','HPHILTAN', '650.127.1634' , TO_DATE('06-FEB-00', 'DD-MM-YY'), 'ST_CLERK' NULL, '2200', '122', '50')
 39  INTO EMPLOYEES VALUES( '137','Renske','Ladwig','RLADWIG', '650.121.1234' , TO_DATE('14-JUL-95', 'DD-MM-YY'), 'ST_CLERK' NULL, '3600', '123', '50')
 40  INTO EMPLOYEES VALUES( '138','Stephen','Stiles','SSTILES', '650.121.2034' , TO_DATE('26-OCT-97', 'DD-MM-YY'), 'ST_CLERK' NULL, '3200', '123', '50')
 41  INTO EMPLOYEES VALUES( '139','John','Seo','JSEO', '650.121.2019' , TO_DATE('12-FEB-98', 'DD-MM-YY'), 'ST_CLERK' NULL, '2700', '123', '50')
 42  INTO EMPLOYEES VALUES( '140','Joshua','Patel','JPATEL', '650.121.1834' , TO_DATE('06-APR-98', 'DD-MM-YY'), 'ST_CLERK' NULL, '2500', '123', '50')
 43  INTO EMPLOYEES VALUES( '141','Trenna','Rajs','TRAJS', '650.121.8009' , TO_DATE('17-OCT-95', 'DD-MM-YY'), 'ST_CLERK' NULL, '3500', '124', '50')
 44  INTO EMPLOYEES VALUES( '142','Curtis','Davies','CDAVIES', '650.121.2994' , TO_DATE('29-JAN-97', 'DD-MM-YY'), 'ST_CLERK' NULL, '3100', '124', '50')
 45  INTO EMPLOYEES VALUES( '143','Randall','Matos','RMATOS', '650.121.2874' , TO_DATE('15-MAR-98', 'DD-MM-YY'), 'ST_CLERK' NULL, '2600', '124', '50')
 46  INTO EMPLOYEES VALUES( '144','Peter','Vargas','PVARGAS', '650.121.2004' , TO_DATE('09-JUL-98', 'DD-MM-YY'), 'ST_CLERK' NULL, '2500', '124', '50')
 47  INTO EMPLOYEES VALUES( '145','John','Russell','JRUSSEL', '011.44.1344'.'429268' , TO_DATE('01-OCT-96', 'DD-MM-YY'), 'SA_MAN' , '14000', '.4', '100', '80')
 48  INTO EMPLOYEES VALUES( '146','Karen','Partners','KPARTNER', '011.44.1344'.'467268' , TO_DATE('05-JAN-97', 'DD-MM-YY'), 'SA_MAN' , '13500', '.3', '100', '80')
 49  INTO EMPLOYEES VALUES( '147','Alberto','Errazuriz','AERRAZUR', '011.44.1344'.'429278' , TO_DATE('10-MAR-97', 'DD-MM-YY'), 'SA_MAN' , '12000', '.3', '100', '80')
 50  INTO EMPLOYEES VALUES( '148','Gerald','Cambrault','GCAMBRAU', '011.44.1344'.'619268' , TO_DATE('15-OCT-99', 'DD-MM-YY'), 'SA_MAN' , '11000', '.3', '100', '80')
 51  INTO EMPLOYEES VALUES( '149','Eleni','Zlotkey','EZLOTKEY', '011.44.1344'.'429018' , TO_DATE('29-JAN-00', 'DD-MM-YY'), 'SA_MAN' , '10500', '.2', '100', '80')
 52  INTO EMPLOYEES VALUES( '150','Peter','Tucker','PTUCKER', '011.44.1344'.'129268' , TO_DATE('30-JAN-97', 'DD-MM-YY'), 'SA_REP' , '10000', '.3', '145', '80')
 53  INTO EMPLOYEES VALUES( '151','David','Bernstein','DBERNSTE', '011.44.1344'.'345268' , TO_DATE('24-MAR-97', 'DD-MM-YY'), 'SA_REP' , '9500', '.25', '145', '80')
 54  INTO EMPLOYEES VALUES( '152','Peter','Hall','PHALL', '011.44.1344'.'478968' , TO_DATE('20-AUG-97', 'DD-MM-YY'), 'SA_REP' , '9000', '.25', '145', '80')
 55  INTO EMPLOYEES VALUES( '153','Christopher','Olsen','COLSEN', '011.44.1344'.'498718' , TO_DATE('30-MAR-98', 'DD-MM-YY'), 'SA_REP' , '8000', '.2', '145', '80')
 56  INTO EMPLOYEES VALUES( '154','Nanette','Cambrault','NCAMBRAU', '011.44.1344'.'987668' , TO_DATE('09-DEC-98', 'DD-MM-YY'), 'SA_REP' , '7500', '.2', '145', '80')
 57  INTO EMPLOYEES VALUES( '155','Oliver','Tuvault','OTUVAULT', '011.44.1344'.'486508' , TO_DATE('23-NOV-99', 'DD-MM-YY'), 'SA_REP' , '7000', '.15', '145', '80')
 58  INTO EMPLOYEES VALUES( '156','Janette','King','JKING', '011.44.1345'.'429268' , TO_DATE('30-JAN-96', 'DD-MM-YY'), 'SA_REP' , '10000', '.35', '146', '80')
 59  INTO EMPLOYEES VALUES( '157','Patrick','Sully','PSULLY', '011.44.1345'.'929268' , TO_DATE('04-MAR-96', 'DD-MM-YY'), 'SA_REP' , '9500', '.35', '146', '80')
 60  INTO EMPLOYEES VALUES( '158','Allan','McEwen','AMCEWEN', '011.44.1345'.'829268' , TO_DATE('01-AUG-96', 'DD-MM-YY'), 'SA_REP' , '9000', '.35', '146', '80')
 61  INTO EMPLOYEES VALUES( '159','Lindsey','Smith','LSMITH', '011.44.1345'.'729268' , TO_DATE('10-MAR-97', 'DD-MM-YY'), 'SA_REP' , '8000', '.3', '146', '80')
 62  INTO EMPLOYEES VALUES( '160','Louise','Doran','LDORAN', '011.44.1345'.'629268' , TO_DATE('15-DEC-97', 'DD-MM-YY'), 'SA_REP' , '7500', '.3', '146', '80')
 63  INTO EMPLOYEES VALUES( '161','Sarath','Sewall','SSEWALL', '011.44.1345'.'529268' , TO_DATE('03-NOV-98', 'DD-MM-YY'), 'SA_REP' , '7000', '.25', '146', '80')
 64  INTO EMPLOYEES VALUES( '162','Clara','Vishney','CVISHNEY', '011.44.1346'.'129268' , TO_DATE('11-NOV-97', 'DD-MM-YY'), 'SA_REP' , '10500', '.25', '147', '80')
 65  INTO EMPLOYEES VALUES( '163','Danielle','Greene','DGREENE', '011.44.1346'.'229268' , TO_DATE('19-MAR-99', 'DD-MM-YY'), 'SA_REP' , '9500', '.15', '147', '80')
 66  INTO EMPLOYEES VALUES( '164','Mattea','Marvins','MMARVINS', '011.44.1346'.'329268' , TO_DATE('24-JAN-00', 'DD-MM-YY'), 'SA_REP' , '7200', '.1', '147', '80')
 67  INTO EMPLOYEES VALUES( '165','David','Lee','DLEE', '011.44.1346'.'529268' , TO_DATE('23-FEB-00', 'DD-MM-YY'), 'SA_REP' , '6800', '.1', '147', '80')
 68  INTO EMPLOYEES VALUES( '166','Sundar','Ande','SANDE', '011.44.1346'.'629268' , TO_DATE('24-MAR-00', 'DD-MM-YY'), 'SA_REP' , '6400', '.1', '147', '80')
 69  INTO EMPLOYEES VALUES( '167','Amit','Banda','ABANDA', '011.44.1346'.'729268' , TO_DATE('21-APR-00', 'DD-MM-YY'), 'SA_REP' , '6200', '.1', '147', '80')
 70  INTO EMPLOYEES VALUES( '168','Lisa','Ozer','LOZER', '011.44.1343'.'929268' , TO_DATE('11-MAR-97', 'DD-MM-YY'), 'SA_REP' , '11500', '.25', '148', '80')
 71  INTO EMPLOYEES VALUES( '169','Harrison','Bloom','HBLOOM', '011.44.1343'.'829268' , TO_DATE('23-MAR-98', 'DD-MM-YY'), 'SA_REP' , '10000', '.2', '148', '80')
 72  INTO EMPLOYEES VALUES( '170','Tayler','Fox','TFOX', '011.44.1343'.'729268' , TO_DATE('24-JAN-98', 'DD-MM-YY'), 'SA_REP' , '9600', '.2', '148', '80')
 73  INTO EMPLOYEES VALUES( '171','William','Smith','WSMITH', '011.44.1343'.'629268' , TO_DATE('23-FEB-99', 'DD-MM-YY'), 'SA_REP' , '7400', '.15', '148', '80')
 74  INTO EMPLOYEES VALUES( '172','Elizabeth','Bates','EBATES', '011.44.1343'.'529268' , TO_DATE('24-MAR-99', 'DD-MM-YY'), 'SA_REP' , '7300', '.15', '148', '80')
 75  INTO EMPLOYEES VALUES( '173','Sundita','Kumar','SKUMAR', '011.44.1343'.'329268' , TO_DATE('21-APR-00', 'DD-MM-YY'), 'SA_REP' , '6100', '.1', '148', '80')
 76  INTO EMPLOYEES VALUES( '174','Ellen','Abel','EABEL', '011.44.1644'.'429267' , TO_DATE('11-MAY-96', 'DD-MM-YY'), 'SA_REP' , '11000', '.3', '149', '80')
 77  INTO EMPLOYEES VALUES( '175','Alyssa','Hutton','AHUTTON', '011.44.1644'.'429266' , TO_DATE('19-MAR-97', 'DD-MM-YY'), 'SA_REP' , '8800', '.25', '149', '80')
 78  INTO EMPLOYEES VALUES( '176','Jonathon','Taylor','JTAYLOR', '011.44.1644'.'429265' , TO_DATE('24-MAR-98', 'DD-MM-YY'), 'SA_REP' , '8600', '.2', '149', '80')
 79  INTO EMPLOYEES VALUES( '177','Jack','Livingston','JLIVINGS', '011.44.1644'.'429264' , TO_DATE('23-APR-98', 'DD-MM-YY'), 'SA_REP' , '8400', '.2', '149', '80')
 80  INTO EMPLOYEES VALUES( '178','Kimberely','Grant','KGRANT', '011.44.1644'.'429263' , TO_DATE('24-MAY-99', 'DD-MM-YY'), 'SA_REP', '7000', '.15', '149',NULL)
 81  INTO EMPLOYEES VALUES( '179','Charles','Johnson','CJOHNSON', '011.44.1644'.'429262' , TO_DATE('04-JAN-00', 'DD-MM-YY'), 'SA_REP' , '6200', '.1', '149', '80')
 82  INTO EMPLOYEES VALUES( '180','Winston','Taylor','WTAYLOR', '650.507.9876' , TO_DATE('24-JAN-98', 'DD-MM-YY'), 'SH_CLERK' NULL, '3200', '120', '50')
 83  INTO EMPLOYEES VALUES( '181','Jean','Fleaur','JFLEAUR', '650.507.9877' , TO_DATE('23-FEB-98', 'DD-MM-YY'), 'SH_CLERK' NULL, '3100', '120', '50')
 84  INTO EMPLOYEES VALUES( '182','Martha','Sullivan','MSULLIVA', '650.507.9878' , TO_DATE('21-JUN-99', 'DD-MM-YY'), 'SH_CLERK' NULL, '2500', '120', '50')
 85  INTO EMPLOYEES VALUES( '183','Girard','Geoni','GGEONI', '650.507.9879' , TO_DATE('03-FEB-00', 'DD-MM-YY'), 'SH_CLERK' NULL, '2800', '120', '50')
 86  INTO EMPLOYEES VALUES( '184','Nandita','Sarchand','NSARCHAN', '650.509.1876' , TO_DATE('27-JAN-96', 'DD-MM-YY'), 'SH_CLERK' NULL, '4200', '121', '50')
 87  INTO EMPLOYEES VALUES( '185','Alexis','Bull','ABULL', '650.509.2876' , TO_DATE('20-FEB-97', 'DD-MM-YY'), 'SH_CLERK' NULL, '4100', '121', '50')
 88  INTO EMPLOYEES VALUES( '186','Julia','Dellinger','JDELLING', '650.509.3876' , TO_DATE('24-JUN-98', 'DD-MM-YY'), 'SH_CLERK' NULL, '3400', '121', '50')
 89  INTO EMPLOYEES VALUES( '187','Anthony','Cabrio','ACABRIO', '650.509.4876' , TO_DATE('07-FEB-99', 'DD-MM-YY'), 'SH_CLERK' NULL, '3000', '121', '50')
 90  INTO EMPLOYEES VALUES( '188','Kelly','Chung','KCHUNG', '650.505.1876' , TO_DATE('14-JUN-97', 'DD-MM-YY'), 'SH_CLERK' NULL, '3800', '122', '50')
 91  INTO EMPLOYEES VALUES( '189','Jennifer','Dilly','JDILLY', '650.505.2876' , TO_DATE('13-AUG-97', 'DD-MM-YY'), 'SH_CLERK' NULL, '3600', '122', '50')
 92  INTO EMPLOYEES VALUES( '190','Timothy','Gates','TGATES', '650.505.3876' , TO_DATE('11-JUL-98', 'DD-MM-YY'), 'SH_CLERK' NULL, '2900', '122', '50')
 93  INTO EMPLOYEES VALUES( '191','Randall','Perkins','RPERKINS', '650.505.4876' , TO_DATE('19-DEC-99', 'DD-MM-YY'), 'SH_CLERK' NULL, '2500', '122', '50')
 94  INTO EMPLOYEES VALUES( '192','Sarah','Bell','SBELL', '650.501.1876' , TO_DATE('04-FEB-96', 'DD-MM-YY'), 'SH_CLERK' NULL, '4000', '123', '50')
 95  INTO EMPLOYEES VALUES( '193','Britney','Everett','BEVERETT', '650.501.2876' , TO_DATE('03-MAR-97', 'DD-MM-YY'), 'SH_CLERK' NULL, '3900', '123', '50')
 96  INTO EMPLOYEES VALUES( '194','Samuel','McCain','SMCCAIN', '650.501.3876' , TO_DATE('01-JUL-98', 'DD-MM-YY'), 'SH_CLERK' NULL, '3200', '123', '50')
 97  INTO EMPLOYEES VALUES( '195','Vance','Jones','VJONES', '650.501.4876' , TO_DATE('17-MAR-99', 'DD-MM-YY'), 'SH_CLERK' NULL, '2800', '123', '50')
 98  INTO EMPLOYEES VALUES( '196','Alana','Walsh','AWALSH', '650.507.9811' , TO_DATE('24-APR-98', 'DD-MM-YY'), 'SH_CLERK' NULL, '3100', '124', '50' )
 99  INTO EMPLOYEES VALUES( '197','Kevin','Feeney','KFEENEY', '650.507.9822' , TO_DATE('23-MAY-98', 'DD-MM-YY'), 'SH_CLERK' NULL, '3000', '124', '50')
100  INTO EMPLOYEES VALUES( '198','Donald','OConnell','DOCONNEL', '650.507.9833' , TO_DATE('21-JUN-99', 'DD-MM-YY'), 'SH_CLERK' NULL, '2600', '124', '50')
101  INTO EMPLOYEES VALUES( '199','Douglas','Grant','DGRANT', '650.507.9844' , TO_DATE('13-JAN-00', 'DD-MM-YY'), 'SH_CLERK' NULL, '2600', '124', '50')
102  INTO EMPLOYEES VALUES( '200','Jennifer','Whalen','JWHALEN', '515.123.4444' , TO_DATE('17-SEP-87', 'DD-MM-YY'), 'AD_ASST' NULL, '4400', '101', '10')
103  INTO EMPLOYEES VALUES( '201','Michael','Hartstein','MHARTSTE', '515.123.5555' , TO_DATE('17-FEB-96', 'DD-MM-YY'), 'MK_MAN' NULL, '13000', '100', '20')
104  INTO EMPLOYEES VALUES( '202','Pat','Fay','PFAY', '603.123.6666' , TO_DATE('17-AUG-97', 'DD-MM-YY'), 'MK_REP' NULL, '6000', '201', '20')
105  INTO EMPLOYEES VALUES( '203','Susan','Mavris','SMAVRIS', '515.123.7777' , TO_DATE('07-JUN-94', 'DD-MM-YY'), 'HR_REP' NULL, '6500', '101', '40')
106  INTO EMPLOYEES VALUES( '204','Hermann','Baer','HBAER', '515.123.8888' , TO_DATE('07-JUN-94', 'DD-MM-YY'), 'PR_REP' NULL, '10000', '101', '70')
107  INTO EMPLOYEES VALUES( '205','Shelley','Higgins','SHIGGINS', '515.123.8080' , TO_DATE('07-JUN-94', 'DD-MM-YY'), 'AC_MGR' NULL, '12000', '101', '110')
108  INTO EMPLOYEES VALUES( '206','William','Gietz','WGIETZ', '515.123.8181' , TO_DATE('07-JUN-94', 'DD-MM-YY'), 'AC_ACCOUNT' NULL, '8300', '205', '110')
109  ;
INTO EMPLOYEES VALUES( '101','Neena','Kochhar','NKOCHHAR', '515.123.4568' , TO_DATE('21-SEP-89', 'DD-MM-YY'), 'AD_VP' NULL, '17000', '100', '90')

                            *
ERROR at line 3:
ORA-00917: missing comma


SQL> INSERT ALL
  2  INTO EMPLOYEES VALUES( '101','Neena','Kochhar','NKOCHHAR', '515.123.4568' , TO_DATE('21-SEP-89', 'DD-MM-YY'), 'AD_VP' ,, NULL,'17000', '100', '90')
  3  INTO EMPLOYEES VALUES( '102', 'Lex' ,'De Haan', 'LDEHAAN', '515.123.4569' , TO_DATE('13-JAN-93', 'DD-MM-YY'), 'AD_VP' ,, NULL,'17000', '100', '90')
  4  INTO EMPLOYEES VALUES( '103','Alexander','Hunold','AHUNOLD', '590.423.4567' , TO_DATE('03-JAN-90', 'DD-MM-YY'), 'IT_PROG' , NULL,'9000', '102', '60')
  5  INTO EMPLOYEES VALUES( '104','Bruce','Ernst','BERNST', '590.423.4568' , TO_DATE('21-MAY-91', 'DD-MM-YY'), 'IT_PROG' , NULL,'6000', '103', '60')
  6  INTO EMPLOYEES VALUES( '105','David','Austin','DAUSTIN', '590.423.4569' , TO_DATE('25-JUN-97', 'DD-MM-YY'), 'IT_PROG' , NULL,'4800', '103', '60')
  7  INTO EMPLOYEES VALUES( '106','Valli','Pataballa','VPATABAL', '590.423.4560' , TO_DATE('05-FEB-98', 'DD-MM-YY'), 'IT_PROG' , NULL,'4800', '103', '60')
  8  INTO EMPLOYEES VALUES( '107','Diana','Lorentz','DLORENTZ', '590.423.5567' , TO_DATE('07-FEB-99', 'DD-MM-YY'), 'IT_PROG' , NULL,'4200', '103', '60')
  9  INTO EMPLOYEES VALUES( '108','Nancy','Greenberg','NGREENBE', '515.124.4569' , TO_DATE('17-AUG-94', 'DD-MM-YY'), 'FI_MGR' , NULL,'12000', '101', '100')
 10  INTO EMPLOYEES VALUES( '109','Daniel','Faviet','DFAVIET', '515.124.4169' , TO_DATE('16-AUG-94', 'DD-MM-YY'), 'FI_ACCOUNT' , NULL,'9000', '108', '100')
 11  INTO EMPLOYEES VALUES( '110','John','Chen','JCHEN', '515.124.4269' , TO_DATE('28-SEP-97', 'DD-MM-YY'), 'FI_ACCOUNT' , NULL,'8200', '108', '100')
 12  INTO EMPLOYEES VALUES( '111','Ismael','Sciarra','ISCIARRA', '515.124.4369' , TO_DATE('30-SEP-97', 'DD-MM-YY'), 'FI_ACCOUNT' , NULL,'7700', '108', '100')
 13  INTO EMPLOYEES VALUES( '112','Jose Manuel', 'Urman', 'JMURMAN', '515.124.4469' , TO_DATE('07-MAR-98', 'DD-MM-YY'), 'FI_ACCOUNT' , NULL,'7800', '108', '100')
 14  INTO EMPLOYEES VALUES( '113','Luis','Popp','LPOPP', '515.124.4567' , TO_DATE('07-DEC-99', 'DD-MM-YY'), 'FI_ACCOUNT' , NULL,'6900', '108', '100')
 15  INTO EMPLOYEES VALUES( '114','Den','Raphaely','DRAPHEAL', '515.127.4561' , TO_DATE('07-DEC-94', 'DD-MM-YY'), 'PU_MAN' , NULL,'11000', '100', '30')
 16  INTO EMPLOYEES VALUES( '115','Alexander','Khoo','AKHOO', '515.127.4562' , TO_DATE('18-MAY-95', 'DD-MM-YY'), 'PU_CLERK' , NULL,'3100', '114', '30')
 17  INTO EMPLOYEES VALUES( '116','Shelli','Baida','SBAIDA', '515.127.4563' , TO_DATE('24-DEC-97', 'DD-MM-YY'), 'PU_CLERK' , NULL,'2900', '114', '30')
 18  INTO EMPLOYEES VALUES( '117','Sigal','Tobias','STOBIAS', '515.127.4564' , TO_DATE('24-JUL-97', 'DD-MM-YY'), 'PU_CLERK' , NULL,'2800', '114', '30')
 19  INTO EMPLOYEES VALUES( '118','Guy','Himuro','GHIMURO', '515.127.4565' , TO_DATE('15-NOV-98', 'DD-MM-YY'), 'PU_CLERK' , NULL,'2600', '114', '30')
 20  INTO EMPLOYEES VALUES( '119','Karen','Colmenares','KCOLMENA', '515.127.4566' , TO_DATE('10-AUG-99', 'DD-MM-YY'), 'PU_CLERK' , NULL,'2500', '114', '30')
 21  INTO EMPLOYEES VALUES( '120','Matthew','Weiss','MWEISS', '650.123.1234' , TO_DATE('18-JUL-96', 'DD-MM-YY'), 'ST_MAN' , NULL,'8000', '100', '50')
 22  INTO EMPLOYEES VALUES( '121','Adam','Fripp','AFRIPP', '650.123.2234' , TO_DATE('10-APR-97', 'DD-MM-YY'), 'ST_MAN' , NULL,'8200', '100', '50')
 23  INTO EMPLOYEES VALUES( '122','Payam','Kaufling','PKAUFLIN', '650.123.3234' , TO_DATE('01-MAY-95', 'DD-MM-YY'), 'ST_MAN' , NULL,'7900', '100', '50')
 24  INTO EMPLOYEES VALUES( '123','Shanta','Vollman','SVOLLMAN', '650.123.4234' , TO_DATE('10-OCT-97', 'DD-MM-YY'), 'ST_MAN' , NULL,'6500', '100', '50')
 25  INTO EMPLOYEES VALUES( '124','Kevin','Mourgos','KMOURGOS', '650.123.5234' , TO_DATE('16-NOV-99', 'DD-MM-YY'), 'ST_MAN' , NULL,'5800', '100', '50')
 26  INTO EMPLOYEES VALUES( '125','Julia','Nayer','JNAYER', '650.124.1214' , TO_DATE('16-JUL-97', 'DD-MM-YY'), 'ST_CLERK' , NULL,'3200', '120', '50')
 27  INTO EMPLOYEES VALUES( '126','Irene','Mikkilineni','IMIKKILI', '650.124.1224' , TO_DATE('28-SEP-98', 'DD-MM-YY'), 'ST_CLERK' , NULL,'2700', '120', '50')
 28  INTO EMPLOYEES VALUES( '127','James','Landry','JLANDRY', '650.124.1334' , TO_DATE('14-JAN-99', 'DD-MM-YY'), 'ST_CLERK' , NULL,'2400', '120', '50')
 29  INTO EMPLOYEES VALUES( '128','Steven','Markle','SMARKLE', '650.124.1434' , TO_DATE('08-MAR-00', 'DD-MM-YY'), 'ST_CLERK' , NULL,'2200', '120', '50')
 30  INTO EMPLOYEES VALUES( '129','Laura','Bissot','LBISSOT', '650.124.5234' , TO_DATE('20-AUG-97', 'DD-MM-YY'), 'ST_CLERK' , NULL,'3300', '121', '50')
 31  INTO EMPLOYEES VALUES( '130','Mozhe','Atkinson','MATKINSO', '650.124.6234' , TO_DATE('30-OCT-97', 'DD-MM-YY'), 'ST_CLERK' , NULL,'2800', '121', '50')
 32  INTO EMPLOYEES VALUES( '131','James','Marlow','JAMRLOW', '650.124.7234' , TO_DATE('16-FEB-97', 'DD-MM-YY'), 'ST_CLERK' , NULL,'2500', '121', '50')
 33  INTO EMPLOYEES VALUES( '132','TJ','Olson','TJOLSON', '650.124.8234' , TO_DATE('10-APR-99', 'DD-MM-YY'), 'ST_CLERK' , NULL,'2100', '121', '50')
 34  INTO EMPLOYEES VALUES( '133','Jason','Mallin','JMALLIN', '650.127.1934' , TO_DATE('14-JUN-96', 'DD-MM-YY'), 'ST_CLERK' , NULL,'3300', '122', '50')
 35  INTO EMPLOYEES VALUES( '134','Michael','Rogers','MROGERS', '650.127.1834' , TO_DATE('26-AUG-98', 'DD-MM-YY'), 'ST_CLERK' , NULL,'2900', '122', '50')
 36  INTO EMPLOYEES VALUES( '135','Ki','Gee','KGEE', '650.127.1734' , TO_DATE('12-DEC-99', 'DD-MM-YY'), 'ST_CLERK' , NULL,'2400', '122', '50')
 37  INTO EMPLOYEES VALUES( '136','Hazel','Philtanker','HPHILTAN', '650.127.1634' , TO_DATE('06-FEB-00', 'DD-MM-YY'), 'ST_CLERK' , NULL,'2200', '122', '50')
 38  INTO EMPLOYEES VALUES( '137','Renske','Ladwig','RLADWIG', '650.121.1234' , TO_DATE('14-JUL-95', 'DD-MM-YY'), 'ST_CLERK' , NULL,'3600', '123', '50')
 39  INTO EMPLOYEES VALUES( '138','Stephen','Stiles','SSTILES', '650.121.2034' , TO_DATE('26-OCT-97', 'DD-MM-YY'), 'ST_CLERK' , NULL,'3200', '123', '50')
 40  INTO EMPLOYEES VALUES( '139','John','Seo','JSEO', '650.121.2019' , TO_DATE('12-FEB-98', 'DD-MM-YY'), 'ST_CLERK' , NULL,'2700', '123', '50')
 41  INTO EMPLOYEES VALUES( '140','Joshua','Patel','JPATEL', '650.121.1834' , TO_DATE('06-APR-98', 'DD-MM-YY'), 'ST_CLERK' , NULL,'2500', '123', '50')
 42  INTO EMPLOYEES VALUES( '141','Trenna','Rajs','TRAJS', '650.121.8009' , TO_DATE('17-OCT-95', 'DD-MM-YY'), 'ST_CLERK' , NULL,'3500', '124', '50')
 43  INTO EMPLOYEES VALUES( '142','Curtis','Davies','CDAVIES', '650.121.2994' , TO_DATE('29-JAN-97', 'DD-MM-YY'), 'ST_CLERK' , NULL,'3100', '124', '50')
 44  INTO EMPLOYEES VALUES( '143','Randall','Matos','RMATOS', '650.121.2874' , TO_DATE('15-MAR-98', 'DD-MM-YY'), 'ST_CLERK' , NULL,'2600', '124', '50')
 45  INTO EMPLOYEES VALUES( '144','Peter','Vargas','PVARGAS', '650.121.2004' , TO_DATE('09-JUL-98', 'DD-MM-YY'), 'ST_CLERK' , NULL,'2500', '124', '50')
 46  INTO EMPLOYEES VALUES( '145','John','Russell','JRUSSEL', '011.44.1344'.'429268' , TO_DATE('01-OCT-96', 'DD-MM-YY'), 'SA_MAN' , '14000', '.4', '100', '80')
 47  INTO EMPLOYEES VALUES( '146','Karen','Partners','KPARTNER', '011.44.1344'.'467268' , TO_DATE('05-JAN-97', 'DD-MM-YY'), 'SA_MAN' , '13500', '.3', '100', '80')
 48  INTO EMPLOYEES VALUES( '147','Alberto','Errazuriz','AERRAZUR', '011.44.1344'.'429278' , TO_DATE('10-MAR-97', 'DD-MM-YY'), 'SA_MAN' , '12000', '.3', '100', '80')
 49  INTO EMPLOYEES VALUES( '148','Gerald','Cambrault','GCAMBRAU', '011.44.1344'.'619268' , TO_DATE('15-OCT-99', 'DD-MM-YY'), 'SA_MAN' , '11000', '.3', '100', '80')
 50  INTO EMPLOYEES VALUES( '149','Eleni','Zlotkey','EZLOTKEY', '011.44.1344'.'429018' , TO_DATE('29-JAN-00', 'DD-MM-YY'), 'SA_MAN' , '10500', '.2', '100', '80')
 51  INTO EMPLOYEES VALUES( '150','Peter','Tucker','PTUCKER', '011.44.1344'.'129268' , TO_DATE('30-JAN-97', 'DD-MM-YY'), 'SA_REP' , '10000', '.3', '145', '80')
 52  INTO EMPLOYEES VALUES( '151','David','Bernstein','DBERNSTE', '011.44.1344'.'345268' , TO_DATE('24-MAR-97', 'DD-MM-YY'), 'SA_REP' , '9500', '.25', '145', '80')
 53  INTO EMPLOYEES VALUES( '152','Peter','Hall','PHALL', '011.44.1344'.'478968' , TO_DATE('20-AUG-97', 'DD-MM-YY'), 'SA_REP' , '9000', '.25', '145', '80')
 54  INTO EMPLOYEES VALUES( '153','Christopher','Olsen','COLSEN', '011.44.1344'.'498718' , TO_DATE('30-MAR-98', 'DD-MM-YY'), 'SA_REP' , '8000', '.2', '145', '80')
 55  INTO EMPLOYEES VALUES( '154','Nanette','Cambrault','NCAMBRAU', '011.44.1344'.'987668' , TO_DATE('09-DEC-98', 'DD-MM-YY'), 'SA_REP' , '7500', '.2', '145', '80')
 56  INTO EMPLOYEES VALUES( '155','Oliver','Tuvault','OTUVAULT', '011.44.1344'.'486508' , TO_DATE('23-NOV-99', 'DD-MM-YY'), 'SA_REP' , '7000', '.15', '145', '80')
 57  INTO EMPLOYEES VALUES( '156','Janette','King','JKING', '011.44.1345'.'429268' , TO_DATE('30-JAN-96', 'DD-MM-YY'), 'SA_REP' , '10000', '.35', '146', '80')
 58  INTO EMPLOYEES VALUES( '157','Patrick','Sully','PSULLY', '011.44.1345'.'929268' , TO_DATE('04-MAR-96', 'DD-MM-YY'), 'SA_REP' , '9500', '.35', '146', '80')
 59  INTO EMPLOYEES VALUES( '158','Allan','McEwen','AMCEWEN', '011.44.1345'.'829268' , TO_DATE('01-AUG-96', 'DD-MM-YY'), 'SA_REP' , '9000', '.35', '146', '80')
 60  INTO EMPLOYEES VALUES( '159','Lindsey','Smith','LSMITH', '011.44.1345'.'729268' , TO_DATE('10-MAR-97', 'DD-MM-YY'), 'SA_REP' , '8000', '.3', '146', '80')
 61  INTO EMPLOYEES VALUES( '160','Louise','Doran','LDORAN', '011.44.1345'.'629268' , TO_DATE('15-DEC-97', 'DD-MM-YY'), 'SA_REP' , '7500', '.3', '146', '80')
 62  INTO EMPLOYEES VALUES( '161','Sarath','Sewall','SSEWALL', '011.44.1345'.'529268' , TO_DATE('03-NOV-98', 'DD-MM-YY'), 'SA_REP' , '7000', '.25', '146', '80')
 63  INTO EMPLOYEES VALUES( '162','Clara','Vishney','CVISHNEY', '011.44.1346'.'129268' , TO_DATE('11-NOV-97', 'DD-MM-YY'), 'SA_REP' , '10500', '.25', '147', '80')
 64  INTO EMPLOYEES VALUES( '163','Danielle','Greene','DGREENE', '011.44.1346'.'229268' , TO_DATE('19-MAR-99', 'DD-MM-YY'), 'SA_REP' , '9500', '.15', '147', '80')
 65  INTO EMPLOYEES VALUES( '164','Mattea','Marvins','MMARVINS', '011.44.1346'.'329268' , TO_DATE('24-JAN-00', 'DD-MM-YY'), 'SA_REP' , '7200', '.1', '147', '80')
 66  INTO EMPLOYEES VALUES( '165','David','Lee','DLEE', '011.44.1346'.'529268' , TO_DATE('23-FEB-00', 'DD-MM-YY'), 'SA_REP' , '6800', '.1', '147', '80')
 67  INTO EMPLOYEES VALUES( '166','Sundar','Ande','SANDE', '011.44.1346'.'629268' , TO_DATE('24-MAR-00', 'DD-MM-YY'), 'SA_REP' , '6400', '.1', '147', '80')
 68  INTO EMPLOYEES VALUES( '167','Amit','Banda','ABANDA', '011.44.1346'.'729268' , TO_DATE('21-APR-00', 'DD-MM-YY'), 'SA_REP' , '6200', '.1', '147', '80')
 69  INTO EMPLOYEES VALUES( '168','Lisa','Ozer','LOZER', '011.44.1343'.'929268' , TO_DATE('11-MAR-97', 'DD-MM-YY'), 'SA_REP' , '11500', '.25', '148', '80')
 70  INTO EMPLOYEES VALUES( '169','Harrison','Bloom','HBLOOM', '011.44.1343'.'829268' , TO_DATE('23-MAR-98', 'DD-MM-YY'), 'SA_REP' , '10000', '.2', '148', '80')
 71  INTO EMPLOYEES VALUES( '170','Tayler','Fox','TFOX', '011.44.1343'.'729268' , TO_DATE('24-JAN-98', 'DD-MM-YY'), 'SA_REP' , '9600', '.2', '148', '80')
 72  INTO EMPLOYEES VALUES( '171','William','Smith','WSMITH', '011.44.1343'.'629268' , TO_DATE('23-FEB-99', 'DD-MM-YY'), 'SA_REP' , '7400', '.15', '148', '80')
 73  INTO EMPLOYEES VALUES( '172','Elizabeth','Bates','EBATES', '011.44.1343'.'529268' , TO_DATE('24-MAR-99', 'DD-MM-YY'), 'SA_REP' , '7300', '.15', '148', '80')
 74  INTO EMPLOYEES VALUES( '173','Sundita','Kumar','SKUMAR', '011.44.1343'.'329268' , TO_DATE('21-APR-00', 'DD-MM-YY'), 'SA_REP' , '6100', '.1', '148', '80')
 75  INTO EMPLOYEES VALUES( '174','Ellen','Abel','EABEL', '011.44.1644'.'429267' , TO_DATE('11-MAY-96', 'DD-MM-YY'), 'SA_REP' , '11000', '.3', '149', '80')
 76  INTO EMPLOYEES VALUES( '175','Alyssa','Hutton','AHUTTON', '011.44.1644'.'429266' , TO_DATE('19-MAR-97', 'DD-MM-YY'), 'SA_REP' , '8800', '.25', '149', '80')
 77  INTO EMPLOYEES VALUES( '176','Jonathon','Taylor','JTAYLOR', '011.44.1644'.'429265' , TO_DATE('24-MAR-98', 'DD-MM-YY'), 'SA_REP' , '8600', '.2', '149', '80')
 78  INTO EMPLOYEES VALUES( '177','Jack','Livingston','JLIVINGS', '011.44.1644'.'429264' , TO_DATE('23-APR-98', 'DD-MM-YY'), 'SA_REP' , '8400', '.2', '149', '80')
 79  INTO EMPLOYEES VALUES( '178','Kimberely','Grant','KGRANT', '011.44.1644'.'429263' , TO_DATE('24-MAY-99', 'DD-MM-YY'), 'SA_REP', '7000', '.15', '149',NULL)
 80  INTO EMPLOYEES VALUES( '179','Charles','Johnson','CJOHNSON', '011.44.1644'.'429262' , TO_DATE('04-JAN-00', 'DD-MM-YY'), 'SA_REP' , '6200', '.1', '149', '80')
 81  INTO EMPLOYEES VALUES( '180','Winston','Taylor','WTAYLOR', '650.507.9876' , TO_DATE('24-JAN-98', 'DD-MM-YY'), 'SH_CLERK' , NULL,'3200', '120', '50')
 82  INTO EMPLOYEES VALUES( '181','Jean','Fleaur','JFLEAUR', '650.507.9877' , TO_DATE('23-FEB-98', 'DD-MM-YY'), 'SH_CLERK' , NULL,'3100', '120', '50')
 83  INTO EMPLOYEES VALUES( '182','Martha','Sullivan','MSULLIVA', '650.507.9878' , TO_DATE('21-JUN-99', 'DD-MM-YY'), 'SH_CLERK' , NULL,'2500', '120', '50')
 84  INTO EMPLOYEES VALUES( '183','Girard','Geoni','GGEONI', '650.507.9879' , TO_DATE('03-FEB-00', 'DD-MM-YY'), 'SH_CLERK' , NULL,'2800', '120', '50')
 85  INTO EMPLOYEES VALUES( '184','Nandita','Sarchand','NSARCHAN', '650.509.1876' , TO_DATE('27-JAN-96', 'DD-MM-YY'), 'SH_CLERK' , NULL,'4200', '121', '50')
 86  INTO EMPLOYEES VALUES( '185','Alexis','Bull','ABULL', '650.509.2876' , TO_DATE('20-FEB-97', 'DD-MM-YY'), 'SH_CLERK' , NULL,'4100', '121', '50')
 87  INTO EMPLOYEES VALUES( '186','Julia','Dellinger','JDELLING', '650.509.3876' , TO_DATE('24-JUN-98', 'DD-MM-YY'), 'SH_CLERK' , NULL,'3400', '121', '50')
 88  INTO EMPLOYEES VALUES( '187','Anthony','Cabrio','ACABRIO', '650.509.4876' , TO_DATE('07-FEB-99', 'DD-MM-YY'), 'SH_CLERK' , NULL,'3000', '121', '50')
 89  INTO EMPLOYEES VALUES( '188','Kelly','Chung','KCHUNG', '650.505.1876' , TO_DATE('14-JUN-97', 'DD-MM-YY'), 'SH_CLERK' , NULL,'3800', '122', '50')
 90  INTO EMPLOYEES VALUES( '189','Jennifer','Dilly','JDILLY', '650.505.2876' , TO_DATE('13-AUG-97', 'DD-MM-YY'), 'SH_CLERK' , NULL,'3600', '122', '50')
 91  INTO EMPLOYEES VALUES( '190','Timothy','Gates','TGATES', '650.505.3876' , TO_DATE('11-JUL-98', 'DD-MM-YY'), 'SH_CLERK' , NULL,'2900', '122', '50')
 92  INTO EMPLOYEES VALUES( '191','Randall','Perkins','RPERKINS', '650.505.4876' , TO_DATE('19-DEC-99', 'DD-MM-YY'), 'SH_CLERK' , NULL,'2500', '122', '50')
 93  INTO EMPLOYEES VALUES( '192','Sarah','Bell','SBELL', '650.501.1876' , TO_DATE('04-FEB-96', 'DD-MM-YY'), 'SH_CLERK' , NULL,'4000', '123', '50')
 94  INTO EMPLOYEES VALUES( '193','Britney','Everett','BEVERETT', '650.501.2876' , TO_DATE('03-MAR-97', 'DD-MM-YY'), 'SH_CLERK' , NULL,'3900', '123', '50')
 95  INTO EMPLOYEES VALUES( '194','Samuel','McCain','SMCCAIN', '650.501.3876' , TO_DATE('01-JUL-98', 'DD-MM-YY'), 'SH_CLERK' , NULL,'3200', '123', '50')
 96  INTO EMPLOYEES VALUES( '195','Vance','Jones','VJONES', '650.501.4876' , TO_DATE('17-MAR-99', 'DD-MM-YY'), 'SH_CLERK' , NULL,'2800', '123', '50')
 97  INTO EMPLOYEES VALUES( '196','Alana','Walsh','AWALSH', '650.507.9811' , TO_DATE('24-APR-98', 'DD-MM-YY'), 'SH_CLERK' , NULL,'3100', '124', '50' )
 98  INTO EMPLOYEES VALUES( '197','Kevin','Feeney','KFEENEY', '650.507.9822' , TO_DATE('23-MAY-98', 'DD-MM-YY'), 'SH_CLERK' , NULL,'3000', '124', '50')
 99  INTO EMPLOYEES VALUES( '198','Donald','OConnell','DOCONNEL', '650.507.9833' , TO_DATE('21-JUN-99', 'DD-MM-YY'), 'SH_CLERK' , NULL,'2600', '124', '50')
100  INTO EMPLOYEES VALUES( '199','Douglas','Grant','DGRANT', '650.507.9844' , TO_DATE('13-JAN-00', 'DD-MM-YY'), 'SH_CLERK' , NULL,'2600', '124', '50')
101  INTO EMPLOYEES VALUES( '200','Jennifer','Whalen','JWHALEN', '515.123.4444' , TO_DATE('17-SEP-87', 'DD-MM-YY'), 'AD_ASST' , NULL,'4400', '101', '10')
102  INTO EMPLOYEES VALUES( '201','Michael','Hartstein','MHARTSTE', '515.123.5555' , TO_DATE('17-FEB-96', 'DD-MM-YY'), 'MK_MAN' , NULL,'13000', '100', '20')
103  INTO EMPLOYEES VALUES( '202','Pat','Fay','PFAY', '603.123.6666' , TO_DATE('17-AUG-97', 'DD-MM-YY'), 'MK_REP' , NULL,'6000', '201', '20')
104  INTO EMPLOYEES VALUES( '203','Susan','Mavris','SMAVRIS', '515.123.7777' , TO_DATE('07-JUN-94', 'DD-MM-YY'), 'HR_REP' , NULL,'6500', '101', '40')
105  INTO EMPLOYEES VALUES( '204','Hermann','Baer','HBAER', '515.123.8888' , TO_DATE('07-JUN-94', 'DD-MM-YY'), 'PR_REP' , NULL,'10000', '101', '70')
106  INTO EMPLOYEES VALUES( '205','Shelley','Higgins','SHIGGINS', '515.123.8080' , TO_DATE('07-JUN-94', 'DD-MM-YY'), 'AC_MGR' , NULL,'12000', '101', '110')
107  INTO EMPLOYEES VALUES( '206','William','Gietz','WGIETZ', '515.123.8181' , TO_DATE('07-JUN-94', 'DD-MM-YY'), 'AC_ACCOUNT' , NULL,'8300', '205', '110')
108
SQL> INSERT ALL
  2  INTO EMPLOYEES VALUES( '101','Neena','Kochhar','NKOCHHAR', '515.123.4568' , TO_DATE('21-SEP-89', 'DD-MM-YY'), 'AD_VP' ,, NULL,'17000', '100', '90')
  3  INTO EMPLOYEES VALUES( '102', 'Lex' ,'De Haan', 'LDEHAAN', '515.123.4569' , TO_DATE('13-JAN-93', 'DD-MM-YY'), 'AD_VP' ,, NULL,'17000', '100', '90')
  4  INTO EMPLOYEES VALUES( '103','Alexander','Hunold','AHUNOLD', '590.423.4567' , TO_DATE('03-JAN-90', 'DD-MM-YY'), 'IT_PROG' , NULL,'9000', '102', '60')
  5  INTO EMPLOYEES VALUES( '104','Bruce','Ernst','BERNST', '590.423.4568' , TO_DATE('21-MAY-91', 'DD-MM-YY'), 'IT_PROG' , NULL,'6000', '103', '60')
  6  INTO EMPLOYEES VALUES( '105','David','Austin','DAUSTIN', '590.423.4569' , TO_DATE('25-JUN-97', 'DD-MM-YY'), 'IT_PROG' , NULL,'4800', '103', '60')
  7  INTO EMPLOYEES VALUES( '106','Valli','Pataballa','VPATABAL', '590.423.4560' , TO_DATE('05-FEB-98', 'DD-MM-YY'), 'IT_PROG' , NULL,'4800', '103', '60')
  8  INTO EMPLOYEES VALUES( '107','Diana','Lorentz','DLORENTZ', '590.423.5567' , TO_DATE('07-FEB-99', 'DD-MM-YY'), 'IT_PROG' , NULL,'4200', '103', '60')
  9  INTO EMPLOYEES VALUES( '108','Nancy','Greenberg','NGREENBE', '515.124.4569' , TO_DATE('17-AUG-94', 'DD-MM-YY'), 'FI_MGR' , NULL,'12000', '101', '100')
 10  INTO EMPLOYEES VALUES( '109','Daniel','Faviet','DFAVIET', '515.124.4169' , TO_DATE('16-AUG-94', 'DD-MM-YY'), 'FI_ACCOUNT' , NULL,'9000', '108', '100')
 11  INTO EMPLOYEES VALUES( '110','John','Chen','JCHEN', '515.124.4269' , TO_DATE('28-SEP-97', 'DD-MM-YY'), 'FI_ACCOUNT' , NULL,'8200', '108', '100')
 12  INTO EMPLOYEES VALUES( '111','Ismael','Sciarra','ISCIARRA', '515.124.4369' , TO_DATE('30-SEP-97', 'DD-MM-YY'), 'FI_ACCOUNT' , NULL,'7700', '108', '100')
 13  INTO EMPLOYEES VALUES( '112','Jose Manuel', 'Urman', 'JMURMAN', '515.124.4469' , TO_DATE('07-MAR-98', 'DD-MM-YY'), 'FI_ACCOUNT' , NULL,'7800', '108', '100')
 14  INTO EMPLOYEES VALUES( '113','Luis','Popp','LPOPP', '515.124.4567' , TO_DATE('07-DEC-99', 'DD-MM-YY'), 'FI_ACCOUNT' , NULL,'6900', '108', '100')
 15  INTO EMPLOYEES VALUES( '114','Den','Raphaely','DRAPHEAL', '515.127.4561' , TO_DATE('07-DEC-94', 'DD-MM-YY'), 'PU_MAN' , NULL,'11000', '100', '30')
 16  INTO EMPLOYEES VALUES( '115','Alexander','Khoo','AKHOO', '515.127.4562' , TO_DATE('18-MAY-95', 'DD-MM-YY'), 'PU_CLERK' , NULL,'3100', '114', '30')
 17  INTO EMPLOYEES VALUES( '116','Shelli','Baida','SBAIDA', '515.127.4563' , TO_DATE('24-DEC-97', 'DD-MM-YY'), 'PU_CLERK' , NULL,'2900', '114', '30')
 18  INTO EMPLOYEES VALUES( '117','Sigal','Tobias','STOBIAS', '515.127.4564' , TO_DATE('24-JUL-97', 'DD-MM-YY'), 'PU_CLERK' , NULL,'2800', '114', '30')
 19  INTO EMPLOYEES VALUES( '118','Guy','Himuro','GHIMURO', '515.127.4565' , TO_DATE('15-NOV-98', 'DD-MM-YY'), 'PU_CLERK' , NULL,'2600', '114', '30')
 20  INTO EMPLOYEES VALUES( '119','Karen','Colmenares','KCOLMENA', '515.127.4566' , TO_DATE('10-AUG-99', 'DD-MM-YY'), 'PU_CLERK' , NULL,'2500', '114', '30')
 21  INTO EMPLOYEES VALUES( '120','Matthew','Weiss','MWEISS', '650.123.1234' , TO_DATE('18-JUL-96', 'DD-MM-YY'), 'ST_MAN' , NULL,'8000', '100', '50')
 22  INTO EMPLOYEES VALUES( '121','Adam','Fripp','AFRIPP', '650.123.2234' , TO_DATE('10-APR-97', 'DD-MM-YY'), 'ST_MAN' , NULL,'8200', '100', '50')
 23  INTO EMPLOYEES VALUES( '122','Payam','Kaufling','PKAUFLIN', '650.123.3234' , TO_DATE('01-MAY-95', 'DD-MM-YY'), 'ST_MAN' , NULL,'7900', '100', '50')
 24  INTO EMPLOYEES VALUES( '123','Shanta','Vollman','SVOLLMAN', '650.123.4234' , TO_DATE('10-OCT-97', 'DD-MM-YY'), 'ST_MAN' , NULL,'6500', '100', '50')
 25  INTO EMPLOYEES VALUES( '124','Kevin','Mourgos','KMOURGOS', '650.123.5234' , TO_DATE('16-NOV-99', 'DD-MM-YY'), 'ST_MAN' , NULL,'5800', '100', '50')
 26  INTO EMPLOYEES VALUES( '125','Julia','Nayer','JNAYER', '650.124.1214' , TO_DATE('16-JUL-97', 'DD-MM-YY'), 'ST_CLERK' , NULL,'3200', '120', '50')
 27  INTO EMPLOYEES VALUES( '126','Irene','Mikkilineni','IMIKKILI', '650.124.1224' , TO_DATE('28-SEP-98', 'DD-MM-YY'), 'ST_CLERK' , NULL,'2700', '120', '50')
 28  INTO EMPLOYEES VALUES( '127','James','Landry','JLANDRY', '650.124.1334' , TO_DATE('14-JAN-99', 'DD-MM-YY'), 'ST_CLERK' , NULL,'2400', '120', '50')
 29  INTO EMPLOYEES VALUES( '128','Steven','Markle','SMARKLE', '650.124.1434' , TO_DATE('08-MAR-00', 'DD-MM-YY'), 'ST_CLERK' , NULL,'2200', '120', '50')
 30  INTO EMPLOYEES VALUES( '129','Laura','Bissot','LBISSOT', '650.124.5234' , TO_DATE('20-AUG-97', 'DD-MM-YY'), 'ST_CLERK' , NULL,'3300', '121', '50')
 31  INTO EMPLOYEES VALUES( '130','Mozhe','Atkinson','MATKINSO', '650.124.6234' , TO_DATE('30-OCT-97', 'DD-MM-YY'), 'ST_CLERK' , NULL,'2800', '121', '50')
 32  INTO EMPLOYEES VALUES( '131','James','Marlow','JAMRLOW', '650.124.7234' , TO_DATE('16-FEB-97', 'DD-MM-YY'), 'ST_CLERK' , NULL,'2500', '121', '50')
 33  INTO EMPLOYEES VALUES( '132','TJ','Olson','TJOLSON', '650.124.8234' , TO_DATE('10-APR-99', 'DD-MM-YY'), 'ST_CLERK' , NULL,'2100', '121', '50')
 34  INTO EMPLOYEES VALUES( '133','Jason','Mallin','JMALLIN', '650.127.1934' , TO_DATE('14-JUN-96', 'DD-MM-YY'), 'ST_CLERK' , NULL,'3300', '122', '50')
 35  INTO EMPLOYEES VALUES( '134','Michael','Rogers','MROGERS', '650.127.1834' , TO_DATE('26-AUG-98', 'DD-MM-YY'), 'ST_CLERK' , NULL,'2900', '122', '50')
 36  INTO EMPLOYEES VALUES( '135','Ki','Gee','KGEE', '650.127.1734' , TO_DATE('12-DEC-99', 'DD-MM-YY'), 'ST_CLERK' , NULL,'2400', '122', '50')
 37  INTO EMPLOYEES VALUES( '136','Hazel','Philtanker','HPHILTAN', '650.127.1634' , TO_DATE('06-FEB-00', 'DD-MM-YY'), 'ST_CLERK' , NULL,'2200', '122', '50')
 38  INTO EMPLOYEES VALUES( '137','Renske','Ladwig','RLADWIG', '650.121.1234' , TO_DATE('14-JUL-95', 'DD-MM-YY'), 'ST_CLERK' , NULL,'3600', '123', '50')
 39  INTO EMPLOYEES VALUES( '138','Stephen','Stiles','SSTILES', '650.121.2034' , TO_DATE('26-OCT-97', 'DD-MM-YY'), 'ST_CLERK' , NULL,'3200', '123', '50')
 40  INTO EMPLOYEES VALUES( '139','John','Seo','JSEO', '650.121.2019' , TO_DATE('12-FEB-98', 'DD-MM-YY'), 'ST_CLERK' , NULL,'2700', '123', '50')
 41  INTO EMPLOYEES VALUES( '140','Joshua','Patel','JPATEL', '650.121.1834' , TO_DATE('06-APR-98', 'DD-MM-YY'), 'ST_CLERK' , NULL,'2500', '123', '50')
 42  INTO EMPLOYEES VALUES( '141','Trenna','Rajs','TRAJS', '650.121.8009' , TO_DATE('17-OCT-95', 'DD-MM-YY'), 'ST_CLERK' , NULL,'3500', '124', '50')
 43  INTO EMPLOYEES VALUES( '142','Curtis','Davies','CDAVIES', '650.121.2994' , TO_DATE('29-JAN-97', 'DD-MM-YY'), 'ST_CLERK' , NULL,'3100', '124', '50')
 44  INTO EMPLOYEES VALUES( '143','Randall','Matos','RMATOS', '650.121.2874' , TO_DATE('15-MAR-98', 'DD-MM-YY'), 'ST_CLERK' , NULL,'2600', '124', '50')
 45  INTO EMPLOYEES VALUES( '144','Peter','Vargas','PVARGAS', '650.121.2004' , TO_DATE('09-JUL-98', 'DD-MM-YY'), 'ST_CLERK' , NULL,'2500', '124', '50')
 46  INTO EMPLOYEES VALUES( '145','John','Russell','JRUSSEL', '011.44.1344'.'429268' , TO_DATE('01-OCT-96', 'DD-MM-YY'), 'SA_MAN' , '14000', '.4', '100', '80')
 47  INTO EMPLOYEES VALUES( '146','Karen','Partners','KPARTNER', '011.44.1344'.'467268' , TO_DATE('05-JAN-97', 'DD-MM-YY'), 'SA_MAN' , '13500', '.3', '100', '80')
 48  INTO EMPLOYEES VALUES( '147','Alberto','Errazuriz','AERRAZUR', '011.44.1344'.'429278' , TO_DATE('10-MAR-97', 'DD-MM-YY'), 'SA_MAN' , '12000', '.3', '100', '80')
 49  INTO EMPLOYEES VALUES( '148','Gerald','Cambrault','GCAMBRAU', '011.44.1344'.'619268' , TO_DATE('15-OCT-99', 'DD-MM-YY'), 'SA_MAN' , '11000', '.3', '100', '80')
 50  INTO EMPLOYEES VALUES( '149','Eleni','Zlotkey','EZLOTKEY', '011.44.1344'.'429018' , TO_DATE('29-JAN-00', 'DD-MM-YY'), 'SA_MAN' , '10500', '.2', '100', '80')
 51  INTO EMPLOYEES VALUES( '150','Peter','Tucker','PTUCKER', '011.44.1344'.'129268' , TO_DATE('30-JAN-97', 'DD-MM-YY'), 'SA_REP' , '10000', '.3', '145', '80')
 52  INTO EMPLOYEES VALUES( '151','David','Bernstein','DBERNSTE', '011.44.1344'.'345268' , TO_DATE('24-MAR-97', 'DD-MM-YY'), 'SA_REP' , '9500', '.25', '145', '80')
 53  INTO EMPLOYEES VALUES( '152','Peter','Hall','PHALL', '011.44.1344'.'478968' , TO_DATE('20-AUG-97', 'DD-MM-YY'), 'SA_REP' , '9000', '.25', '145', '80')
 54  INTO EMPLOYEES VALUES( '153','Christopher','Olsen','COLSEN', '011.44.1344'.'498718' , TO_DATE('30-MAR-98', 'DD-MM-YY'), 'SA_REP' , '8000', '.2', '145', '80')
 55  INTO EMPLOYEES VALUES( '154','Nanette','Cambrault','NCAMBRAU', '011.44.1344'.'987668' , TO_DATE('09-DEC-98', 'DD-MM-YY'), 'SA_REP' , '7500', '.2', '145', '80')
 56  INTO EMPLOYEES VALUES( '155','Oliver','Tuvault','OTUVAULT', '011.44.1344'.'486508' , TO_DATE('23-NOV-99', 'DD-MM-YY'), 'SA_REP' , '7000', '.15', '145', '80')
 57  INTO EMPLOYEES VALUES( '156','Janette','King','JKING', '011.44.1345'.'429268' , TO_DATE('30-JAN-96', 'DD-MM-YY'), 'SA_REP' , '10000', '.35', '146', '80')
 58  INTO EMPLOYEES VALUES( '157','Patrick','Sully','PSULLY', '011.44.1345'.'929268' , TO_DATE('04-MAR-96', 'DD-MM-YY'), 'SA_REP' , '9500', '.35', '146', '80')
 59  INTO EMPLOYEES VALUES( '158','Allan','McEwen','AMCEWEN', '011.44.1345'.'829268' , TO_DATE('01-AUG-96', 'DD-MM-YY'), 'SA_REP' , '9000', '.35', '146', '80')
 60  INTO EMPLOYEES VALUES( '159','Lindsey','Smith','LSMITH', '011.44.1345'.'729268' , TO_DATE('10-MAR-97', 'DD-MM-YY'), 'SA_REP' , '8000', '.3', '146', '80')
 61  INTO EMPLOYEES VALUES( '160','Louise','Doran','LDORAN', '011.44.1345'.'629268' , TO_DATE('15-DEC-97', 'DD-MM-YY'), 'SA_REP' , '7500', '.3', '146', '80')
 62  INTO EMPLOYEES VALUES( '161','Sarath','Sewall','SSEWALL', '011.44.1345'.'529268' , TO_DATE('03-NOV-98', 'DD-MM-YY'), 'SA_REP' , '7000', '.25', '146', '80')
 63  INTO EMPLOYEES VALUES( '162','Clara','Vishney','CVISHNEY', '011.44.1346'.'129268' , TO_DATE('11-NOV-97', 'DD-MM-YY'), 'SA_REP' , '10500', '.25', '147', '80')
 64  INTO EMPLOYEES VALUES( '163','Danielle','Greene','DGREENE', '011.44.1346'.'229268' , TO_DATE('19-MAR-99', 'DD-MM-YY'), 'SA_REP' , '9500', '.15', '147', '80')
 65  INTO EMPLOYEES VALUES( '164','Mattea','Marvins','MMARVINS', '011.44.1346'.'329268' , TO_DATE('24-JAN-00', 'DD-MM-YY'), 'SA_REP' , '7200', '.1', '147', '80')
 66  INTO EMPLOYEES VALUES( '165','David','Lee','DLEE', '011.44.1346'.'529268' , TO_DATE('23-FEB-00', 'DD-MM-YY'), 'SA_REP' , '6800', '.1', '147', '80')
 67  INTO EMPLOYEES VALUES( '166','Sundar','Ande','SANDE', '011.44.1346'.'629268' , TO_DATE('24-MAR-00', 'DD-MM-YY'), 'SA_REP' , '6400', '.1', '147', '80')
 68  INTO EMPLOYEES VALUES( '167','Amit','Banda','ABANDA', '011.44.1346'.'729268' , TO_DATE('21-APR-00', 'DD-MM-YY'), 'SA_REP' , '6200', '.1', '147', '80')
 69  INTO EMPLOYEES VALUES( '168','Lisa','Ozer','LOZER', '011.44.1343'.'929268' , TO_DATE('11-MAR-97', 'DD-MM-YY'), 'SA_REP' , '11500', '.25', '148', '80')
 70  INTO EMPLOYEES VALUES( '169','Harrison','Bloom','HBLOOM', '011.44.1343'.'829268' , TO_DATE('23-MAR-98', 'DD-MM-YY'), 'SA_REP' , '10000', '.2', '148', '80')
 71  INTO EMPLOYEES VALUES( '170','Tayler','Fox','TFOX', '011.44.1343'.'729268' , TO_DATE('24-JAN-98', 'DD-MM-YY'), 'SA_REP' , '9600', '.2', '148', '80')
 72  INTO EMPLOYEES VALUES( '171','William','Smith','WSMITH', '011.44.1343'.'629268' , TO_DATE('23-FEB-99', 'DD-MM-YY'), 'SA_REP' , '7400', '.15', '148', '80')
 73  INTO EMPLOYEES VALUES( '172','Elizabeth','Bates','EBATES', '011.44.1343'.'529268' , TO_DATE('24-MAR-99', 'DD-MM-YY'), 'SA_REP' , '7300', '.15', '148', '80')
 74  INTO EMPLOYEES VALUES( '173','Sundita','Kumar','SKUMAR', '011.44.1343'.'329268' , TO_DATE('21-APR-00', 'DD-MM-YY'), 'SA_REP' , '6100', '.1', '148', '80')
 75  INTO EMPLOYEES VALUES( '174','Ellen','Abel','EABEL', '011.44.1644'.'429267' , TO_DATE('11-MAY-96', 'DD-MM-YY'), 'SA_REP' , '11000', '.3', '149', '80')
 76  INTO EMPLOYEES VALUES( '175','Alyssa','Hutton','AHUTTON', '011.44.1644'.'429266' , TO_DATE('19-MAR-97', 'DD-MM-YY'), 'SA_REP' , '8800', '.25', '149', '80')
 77  INTO EMPLOYEES VALUES( '176','Jonathon','Taylor','JTAYLOR', '011.44.1644'.'429265' , TO_DATE('24-MAR-98', 'DD-MM-YY'), 'SA_REP' , '8600', '.2', '149', '80')
 78  INTO EMPLOYEES VALUES( '177','Jack','Livingston','JLIVINGS', '011.44.1644'.'429264' , TO_DATE('23-APR-98', 'DD-MM-YY'), 'SA_REP' , '8400', '.2', '149', '80')
 79  INTO EMPLOYEES VALUES( '178','Kimberely','Grant','KGRANT', '011.44.1644'.'429263' , TO_DATE('24-MAY-99', 'DD-MM-YY'), 'SA_REP', '7000', '.15', '149',NULL)
 80  INTO EMPLOYEES VALUES( '179','Charles','Johnson','CJOHNSON', '011.44.1644'.'429262' , TO_DATE('04-JAN-00', 'DD-MM-YY'), 'SA_REP' , '6200', '.1', '149', '80')
 81  INTO EMPLOYEES VALUES( '180','Winston','Taylor','WTAYLOR', '650.507.9876' , TO_DATE('24-JAN-98', 'DD-MM-YY'), 'SH_CLERK' , NULL,'3200', '120', '50')
 82  INTO EMPLOYEES VALUES( '181','Jean','Fleaur','JFLEAUR', '650.507.9877' , TO_DATE('23-FEB-98', 'DD-MM-YY'), 'SH_CLERK' , NULL,'3100', '120', '50')
 83  INTO EMPLOYEES VALUES( '182','Martha','Sullivan','MSULLIVA', '650.507.9878' , TO_DATE('21-JUN-99', 'DD-MM-YY'), 'SH_CLERK' , NULL,'2500', '120', '50')
 84  INTO EMPLOYEES VALUES( '183','Girard','Geoni','GGEONI', '650.507.9879' , TO_DATE('03-FEB-00', 'DD-MM-YY'), 'SH_CLERK' , NULL,'2800', '120', '50')
 85  INTO EMPLOYEES VALUES( '184','Nandita','Sarchand','NSARCHAN', '650.509.1876' , TO_DATE('27-JAN-96', 'DD-MM-YY'), 'SH_CLERK' , NULL,'4200', '121', '50')
 86  INTO EMPLOYEES VALUES( '185','Alexis','Bull','ABULL', '650.509.2876' , TO_DATE('20-FEB-97', 'DD-MM-YY'), 'SH_CLERK' , NULL,'4100', '121', '50')
 87  INTO EMPLOYEES VALUES( '186','Julia','Dellinger','JDELLING', '650.509.3876' , TO_DATE('24-JUN-98', 'DD-MM-YY'), 'SH_CLERK' , NULL,'3400', '121', '50')
 88  INTO EMPLOYEES VALUES( '187','Anthony','Cabrio','ACABRIO', '650.509.4876' , TO_DATE('07-FEB-99', 'DD-MM-YY'), 'SH_CLERK' , NULL,'3000', '121', '50')
 89  INTO EMPLOYEES VALUES( '188','Kelly','Chung','KCHUNG', '650.505.1876' , TO_DATE('14-JUN-97', 'DD-MM-YY'), 'SH_CLERK' , NULL,'3800', '122', '50')
 90  INTO EMPLOYEES VALUES( '189','Jennifer','Dilly','JDILLY', '650.505.2876' , TO_DATE('13-AUG-97', 'DD-MM-YY'), 'SH_CLERK' , NULL,'3600', '122', '50')
 91  INTO EMPLOYEES VALUES( '190','Timothy','Gates','TGATES', '650.505.3876' , TO_DATE('11-JUL-98', 'DD-MM-YY'), 'SH_CLERK' , NULL,'2900', '122', '50')
 92  INTO EMPLOYEES VALUES( '191','Randall','Perkins','RPERKINS', '650.505.4876' , TO_DATE('19-DEC-99', 'DD-MM-YY'), 'SH_CLERK' , NULL,'2500', '122', '50')
 93  INTO EMPLOYEES VALUES( '192','Sarah','Bell','SBELL', '650.501.1876' , TO_DATE('04-FEB-96', 'DD-MM-YY'), 'SH_CLERK' , NULL,'4000', '123', '50')
 94  INTO EMPLOYEES VALUES( '193','Britney','Everett','BEVERETT', '650.501.2876' , TO_DATE('03-MAR-97', 'DD-MM-YY'), 'SH_CLERK' , NULL,'3900', '123', '50')
 95  INTO EMPLOYEES VALUES( '194','Samuel','McCain','SMCCAIN', '650.501.3876' , TO_DATE('01-JUL-98', 'DD-MM-YY'), 'SH_CLERK' , NULL,'3200', '123', '50')
 96  INTO EMPLOYEES VALUES( '195','Vance','Jones','VJONES', '650.501.4876' , TO_DATE('17-MAR-99', 'DD-MM-YY'), 'SH_CLERK' , NULL,'2800', '123', '50')
 97  INTO EMPLOYEES VALUES( '196','Alana','Walsh','AWALSH', '650.507.9811' , TO_DATE('24-APR-98', 'DD-MM-YY'), 'SH_CLERK' , NULL,'3100', '124', '50' )
 98  INTO EMPLOYEES VALUES( '197','Kevin','Feeney','KFEENEY', '650.507.9822' , TO_DATE('23-MAY-98', 'DD-MM-YY'), 'SH_CLERK' , NULL,'3000', '124', '50')
('21-JUN-99', 'DD-MM-YY'), 'SH_CLERK' , NULL,'2600', '124', '50')
100  INTO EMPLOYEES VALUES( '199','Douglas','Grant','DGRANT', '650.507.9844' , TO_DATE('13-JAN-00', 'DD-MM-YY'), 'SH_CLERK' , NULL,'2600', '124', '50')
101  INTO EMPLOYEES VALUES( '200','Jennifer','Whalen','JWHALEN', '515.123.4444' , TO_DATE('17-SEP-87', 'DD-MM-YY'), 'AD_ASST' , NULL,'4400', '101', '10')
102  INTO EMPLOYEES VALUES( '201','Michael','Hartstein','MHARTSTE', '515.123.5555' , TO_DATE('17-FEB-96', 'DD-MM-YY'), 'MK_MAN' , NULL,'13000', '100', '20')
103  INTO EMPLOYEES VALUES( '202','Pat','Fay','PFAY', '603.123.6666' , TO_DATE('17-AUG-97', 'DD-MM-YY'), 'MK_REP' , NULL,'6000', '201', '20')
104  INTO EMPLOYEES VALUES( '203','Susan','Mavris','SMAVRIS', '515.123.7777' , TO_DATE('07-JUN-94', 'DD-MM-YY'), 'HR_REP' , NULL,'6500', '101', '40')
105  INTO EMPLOYEES VALUES( '204','Hermann','Baer','HBAER', '515.123.8888' , TO_DATE('07-JUN-94', 'DD-MM-YY'), 'PR_REP' , NULL,'10000', '101', '70')
106  INTO EMPLOYEES VALUES( '205','Shelley','Higgins','SHIGGINS', '515.123.8080' , TO_DATE('07-JUN-94', 'DD-MM-YY'), 'AC_MGR' , NULL,'12000', '101', '110')
107  INTO EMPLOYEES VALUES( '206','William','Gietz','WGIETZ', '515.123.8181' , TO_DATE('07-JUN-94', 'DD-MM-YY'), 'AC_ACCOUNT' , NULL,'8300', '205', '110');
INTO EMPLOYEES VALUES( '101','Neena','Kochhar','NKOCHHAR', '515.123.4568' , TO_DATE('21-SEP-89', 'DD-MM-YY'), 'AD_VP' ,, NULL,'17000', '100', '90')
                                                                                                                       *
ERROR at line 2:
ORA-00936: missing expression

SQL> INSERT ALL
  2  INTO EMPLOYEES VALUES( '101','Neena','Kochhar','NKOCHHAR', '515.123.4568' , TO_DATE('21-SEP-89', 'DD-MM-YY'), 'AD_VP' , NULL,'17000', '100', '90')
  3  INTO EMPLOYEES VALUES( '102', 'Lex' ,'De Haan', 'LDEHAAN', '515.123.4569' , TO_DATE('13-JAN-93', 'DD-MM-YY'), 'AD_VP' , NULL,'17000', '100', '90')
  4  INTO EMPLOYEES VALUES( '103','Alexander','Hunold','AHUNOLD', '590.423.4567' , TO_DATE('03-JAN-90', 'DD-MM-YY'), 'IT_PROG' , NULL,'9000', '102', '60')
  5  INTO EMPLOYEES VALUES( '104','Bruce','Ernst','BERNST', '590.423.4568' , TO_DATE('21-MAY-91', 'DD-MM-YY'), 'IT_PROG' , NULL,'6000', '103', '60')
  6  INTO EMPLOYEES VALUES( '105','David','Austin','DAUSTIN', '590.423.4569' , TO_DATE('25-JUN-97', 'DD-MM-YY'), 'IT_PROG' , NULL,'4800', '103', '60')
  7  INTO EMPLOYEES VALUES( '106','Valli','Pataballa','VPATABAL', '590.423.4560' , TO_DATE('05-FEB-98', 'DD-MM-YY'), 'IT_PROG' , NULL,'4800', '103', '60')
  8  INTO EMPLOYEES VALUES( '107','Diana','Lorentz','DLORENTZ', '590.423.5567' , TO_DATE('07-FEB-99', 'DD-MM-YY'), 'IT_PROG' , NULL,'4200', '103', '60')
  9  INTO EMPLOYEES VALUES( '108','Nancy','Greenberg','NGREENBE', '515.124.4569' , TO_DATE('17-AUG-94', 'DD-MM-YY'), 'FI_MGR' , NULL,'12000', '101', '100')
 10  INTO EMPLOYEES VALUES( '109','Daniel','Faviet','DFAVIET', '515.124.4169' , TO_DATE('16-AUG-94', 'DD-MM-YY'), 'FI_ACCOUNT' , NULL,'9000', '108', '100')
 11  INTO EMPLOYEES VALUES( '110','John','Chen','JCHEN', '515.124.4269' , TO_DATE('28-SEP-97', 'DD-MM-YY'), 'FI_ACCOUNT' , NULL,'8200', '108', '100')
 12  INTO EMPLOYEES VALUES( '111','Ismael','Sciarra','ISCIARRA', '515.124.4369' , TO_DATE('30-SEP-97', 'DD-MM-YY'), 'FI_ACCOUNT' , NULL,'7700', '108', '100')
 13  INTO EMPLOYEES VALUES( '112','Jose Manuel', 'Urman', 'JMURMAN', '515.124.4469' , TO_DATE('07-MAR-98', 'DD-MM-YY'), 'FI_ACCOUNT' , NULL,'7800', '108', '100')
 14  INTO EMPLOYEES VALUES( '113','Luis','Popp','LPOPP', '515.124.4567' , TO_DATE('07-DEC-99', 'DD-MM-YY'), 'FI_ACCOUNT' , NULL,'6900', '108', '100')
 15  INTO EMPLOYEES VALUES( '114','Den','Raphaely','DRAPHEAL', '515.127.4561' , TO_DATE('07-DEC-94', 'DD-MM-YY'), 'PU_MAN' , NULL,'11000', '100', '30')
 16  INTO EMPLOYEES VALUES( '115','Alexander','Khoo','AKHOO', '515.127.4562' , TO_DATE('18-MAY-95', 'DD-MM-YY'), 'PU_CLERK' , NULL,'3100', '114', '30')
 17  INTO EMPLOYEES VALUES( '116','Shelli','Baida','SBAIDA', '515.127.4563' , TO_DATE('24-DEC-97', 'DD-MM-YY'), 'PU_CLERK' , NULL,'2900', '114', '30')
 18  INTO EMPLOYEES VALUES( '117','Sigal','Tobias','STOBIAS', '515.127.4564' , TO_DATE('24-JUL-97', 'DD-MM-YY'), 'PU_CLERK' , NULL,'2800', '114', '30')
 19  INTO EMPLOYEES VALUES( '118','Guy','Himuro','GHIMURO', '515.127.4565' , TO_DATE('15-NOV-98', 'DD-MM-YY'), 'PU_CLERK' , NULL,'2600', '114', '30')
 20  INTO EMPLOYEES VALUES( '119','Karen','Colmenares','KCOLMENA', '515.127.4566' , TO_DATE('10-AUG-99', 'DD-MM-YY'), 'PU_CLERK' , NULL,'2500', '114', '30')
 21  INTO EMPLOYEES VALUES( '120','Matthew','Weiss','MWEISS', '650.123.1234' , TO_DATE('18-JUL-96', 'DD-MM-YY'), 'ST_MAN' , NULL,'8000', '100', '50')
 22  INTO EMPLOYEES VALUES( '121','Adam','Fripp','AFRIPP', '650.123.2234' , TO_DATE('10-APR-97', 'DD-MM-YY'), 'ST_MAN' , NULL,'8200', '100', '50')
 23  INTO EMPLOYEES VALUES( '122','Payam','Kaufling','PKAUFLIN', '650.123.3234' , TO_DATE('01-MAY-95', 'DD-MM-YY'), 'ST_MAN' , NULL,'7900', '100', '50')
 24  INTO EMPLOYEES VALUES( '123','Shanta','Vollman','SVOLLMAN', '650.123.4234' , TO_DATE('10-OCT-97', 'DD-MM-YY'), 'ST_MAN' , NULL,'6500', '100', '50')
 25  INTO EMPLOYEES VALUES( '124','Kevin','Mourgos','KMOURGOS', '650.123.5234' , TO_DATE('16-NOV-99', 'DD-MM-YY'), 'ST_MAN' , NULL,'5800', '100', '50')
 26  INTO EMPLOYEES VALUES( '125','Julia','Nayer','JNAYER', '650.124.1214' , TO_DATE('16-JUL-97', 'DD-MM-YY'), 'ST_CLERK' , NULL,'3200', '120', '50')
 27  INTO EMPLOYEES VALUES( '126','Irene','Mikkilineni','IMIKKILI', '650.124.1224' , TO_DATE('28-SEP-98', 'DD-MM-YY'), 'ST_CLERK' , NULL,'2700', '120', '50')
 28  INTO EMPLOYEES VALUES( '127','James','Landry','JLANDRY', '650.124.1334' , TO_DATE('14-JAN-99', 'DD-MM-YY'), 'ST_CLERK' , NULL,'2400', '120', '50')
 29  INTO EMPLOYEES VALUES( '128','Steven','Markle','SMARKLE', '650.124.1434' , TO_DATE('08-MAR-00', 'DD-MM-YY'), 'ST_CLERK' , NULL,'2200', '120', '50')
 30  INTO EMPLOYEES VALUES( '129','Laura','Bissot','LBISSOT', '650.124.5234' , TO_DATE('20-AUG-97', 'DD-MM-YY'), 'ST_CLERK' , NULL,'3300', '121', '50')
 31  INTO EMPLOYEES VALUES( '130','Mozhe','Atkinson','MATKINSO', '650.124.6234' , TO_DATE('30-OCT-97', 'DD-MM-YY'), 'ST_CLERK' , NULL,'2800', '121', '50')
 32  INTO EMPLOYEES VALUES( '131','James','Marlow','JAMRLOW', '650.124.7234' , TO_DATE('16-FEB-97', 'DD-MM-YY'), 'ST_CLERK' , NULL,'2500', '121', '50')
 33  INTO EMPLOYEES VALUES( '132','TJ','Olson','TJOLSON', '650.124.8234' , TO_DATE('10-APR-99', 'DD-MM-YY'), 'ST_CLERK' , NULL,'2100', '121', '50')
 34  INTO EMPLOYEES VALUES( '133','Jason','Mallin','JMALLIN', '650.127.1934' , TO_DATE('14-JUN-96', 'DD-MM-YY'), 'ST_CLERK' , NULL,'3300', '122', '50')
 35  INTO EMPLOYEES VALUES( '134','Michael','Rogers','MROGERS', '650.127.1834' , TO_DATE('26-AUG-98', 'DD-MM-YY'), 'ST_CLERK' , NULL,'2900', '122', '50')
 36  INTO EMPLOYEES VALUES( '135','Ki','Gee','KGEE', '650.127.1734' , TO_DATE('12-DEC-99', 'DD-MM-YY'), 'ST_CLERK' , NULL,'2400', '122', '50')
 37  INTO EMPLOYEES VALUES( '136','Hazel','Philtanker','HPHILTAN', '650.127.1634' , TO_DATE('06-FEB-00', 'DD-MM-YY'), 'ST_CLERK' , NULL,'2200', '122', '50')
 38  INTO EMPLOYEES VALUES( '137','Renske','Ladwig','RLADWIG', '650.121.1234' , TO_DATE('14-JUL-95', 'DD-MM-YY'), 'ST_CLERK' , NULL,'3600', '123', '50')
 39  INTO EMPLOYEES VALUES( '138','Stephen','Stiles','SSTILES', '650.121.2034' , TO_DATE('26-OCT-97', 'DD-MM-YY'), 'ST_CLERK' , NULL,'3200', '123', '50')
 40  INTO EMPLOYEES VALUES( '139','John','Seo','JSEO', '650.121.2019' , TO_DATE('12-FEB-98', 'DD-MM-YY'), 'ST_CLERK' , NULL,'2700', '123', '50')
 41  INTO EMPLOYEES VALUES( '140','Joshua','Patel','JPATEL', '650.121.1834' , TO_DATE('06-APR-98', 'DD-MM-YY'), 'ST_CLERK' , NULL,'2500', '123', '50')
 42  INTO EMPLOYEES VALUES( '141','Trenna','Rajs','TRAJS', '650.121.8009' , TO_DATE('17-OCT-95', 'DD-MM-YY'), 'ST_CLERK' , NULL,'3500', '124', '50')
 43  INTO EMPLOYEES VALUES( '142','Curtis','Davies','CDAVIES', '650.121.2994' , TO_DATE('29-JAN-97', 'DD-MM-YY'), 'ST_CLERK' , NULL,'3100', '124', '50')
 44  INTO EMPLOYEES VALUES( '143','Randall','Matos','RMATOS', '650.121.2874' , TO_DATE('15-MAR-98', 'DD-MM-YY'), 'ST_CLERK' , NULL,'2600', '124', '50')
 45  INTO EMPLOYEES VALUES( '144','Peter','Vargas','PVARGAS', '650.121.2004' , TO_DATE('09-JUL-98', 'DD-MM-YY'), 'ST_CLERK' , NULL,'2500', '124', '50')
 46  INTO EMPLOYEES VALUES( '145','John','Russell','JRUSSEL', '011.44.1344'.'429268' , TO_DATE('01-OCT-96', 'DD-MM-YY'), 'SA_MAN' , '14000', '.4', '100', '80')
 47  INTO EMPLOYEES VALUES( '146','Karen','Partners','KPARTNER', '011.44.1344'.'467268' , TO_DATE('05-JAN-97', 'DD-MM-YY'), 'SA_MAN' , '13500', '.3', '100', '80')
 48  INTO EMPLOYEES VALUES( '147','Alberto','Errazuriz','AERRAZUR', '011.44.1344'.'429278' , TO_DATE('10-MAR-97', 'DD-MM-YY'), 'SA_MAN' , '12000', '.3', '100', '80')
 49  INTO EMPLOYEES VALUES( '148','Gerald','Cambrault','GCAMBRAU', '011.44.1344'.'619268' , TO_DATE('15-OCT-99', 'DD-MM-YY'), 'SA_MAN' , '11000', '.3', '100', '80')
 50  INTO EMPLOYEES VALUES( '149','Eleni','Zlotkey','EZLOTKEY', '011.44.1344'.'429018' , TO_DATE('29-JAN-00', 'DD-MM-YY'), 'SA_MAN' , '10500', '.2', '100', '80')
 51  INTO EMPLOYEES VALUES( '150','Peter','Tucker','PTUCKER', '011.44.1344'.'129268' , TO_DATE('30-JAN-97', 'DD-MM-YY'), 'SA_REP' , '10000', '.3', '145', '80')
 52  INTO EMPLOYEES VALUES( '151','David','Bernstein','DBERNSTE', '011.44.1344'.'345268' , TO_DATE('24-MAR-97', 'DD-MM-YY'), 'SA_REP' , '9500', '.25', '145', '80')
 53  INTO EMPLOYEES VALUES( '152','Peter','Hall','PHALL', '011.44.1344'.'478968' , TO_DATE('20-AUG-97', 'DD-MM-YY'), 'SA_REP' , '9000', '.25', '145', '80')
 54  INTO EMPLOYEES VALUES( '153','Christopher','Olsen','COLSEN', '011.44.1344'.'498718' , TO_DATE('30-MAR-98', 'DD-MM-YY'), 'SA_REP' , '8000', '.2', '145', '80')
 55  INTO EMPLOYEES VALUES( '154','Nanette','Cambrault','NCAMBRAU', '011.44.1344'.'987668' , TO_DATE('09-DEC-98', 'DD-MM-YY'), 'SA_REP' , '7500', '.2', '145', '80')
 56  INTO EMPLOYEES VALUES( '155','Oliver','Tuvault','OTUVAULT', '011.44.1344'.'486508' , TO_DATE('23-NOV-99', 'DD-MM-YY'), 'SA_REP' , '7000', '.15', '145', '80')
 57  INTO EMPLOYEES VALUES( '156','Janette','King','JKING', '011.44.1345'.'429268' , TO_DATE('30-JAN-96', 'DD-MM-YY'), 'SA_REP' , '10000', '.35', '146', '80')
 58  INTO EMPLOYEES VALUES( '157','Patrick','Sully','PSULLY', '011.44.1345'.'929268' , TO_DATE('04-MAR-96', 'DD-MM-YY'), 'SA_REP' , '9500', '.35', '146', '80')
 59  INTO EMPLOYEES VALUES( '158','Allan','McEwen','AMCEWEN', '011.44.1345'.'829268' , TO_DATE('01-AUG-96', 'DD-MM-YY'), 'SA_REP' , '9000', '.35', '146', '80')
 60  INTO EMPLOYEES VALUES( '159','Lindsey','Smith','LSMITH', '011.44.1345'.'729268' , TO_DATE('10-MAR-97', 'DD-MM-YY'), 'SA_REP' , '8000', '.3', '146', '80')
 61  INTO EMPLOYEES VALUES( '160','Louise','Doran','LDORAN', '011.44.1345'.'629268' , TO_DATE('15-DEC-97', 'DD-MM-YY'), 'SA_REP' , '7500', '.3', '146', '80')
 62  INTO EMPLOYEES VALUES( '161','Sarath','Sewall','SSEWALL', '011.44.1345'.'529268' , TO_DATE('03-NOV-98', 'DD-MM-YY'), 'SA_REP' , '7000', '.25', '146', '80')
 63  INTO EMPLOYEES VALUES( '162','Clara','Vishney','CVISHNEY', '011.44.1346'.'129268' , TO_DATE('11-NOV-97', 'DD-MM-YY'), 'SA_REP' , '10500', '.25', '147', '80')
 64  INTO EMPLOYEES VALUES( '163','Danielle','Greene','DGREENE', '011.44.1346'.'229268' , TO_DATE('19-MAR-99', 'DD-MM-YY'), 'SA_REP' , '9500', '.15', '147', '80')
 65  INTO EMPLOYEES VALUES( '164','Mattea','Marvins','MMARVINS', '011.44.1346'.'329268' , TO_DATE('24-JAN-00', 'DD-MM-YY'), 'SA_REP' , '7200', '.1', '147', '80')
 66  INTO EMPLOYEES VALUES( '165','David','Lee','DLEE', '011.44.1346'.'529268' , TO_DATE('23-FEB-00', 'DD-MM-YY'), 'SA_REP' , '6800', '.1', '147', '80')
 67  INTO EMPLOYEES VALUES( '166','Sundar','Ande','SANDE', '011.44.1346'.'629268' , TO_DATE('24-MAR-00', 'DD-MM-YY'), 'SA_REP' , '6400', '.1', '147', '80')
 68  INTO EMPLOYEES VALUES( '167','Amit','Banda','ABANDA', '011.44.1346'.'729268' , TO_DATE('21-APR-00', 'DD-MM-YY'), 'SA_REP' , '6200', '.1', '147', '80')
 69  INTO EMPLOYEES VALUES( '168','Lisa','Ozer','LOZER', '011.44.1343'.'929268' , TO_DATE('11-MAR-97', 'DD-MM-YY'), 'SA_REP' , '11500', '.25', '148', '80')
 70  INTO EMPLOYEES VALUES( '169','Harrison','Bloom','HBLOOM', '011.44.1343'.'829268' , TO_DATE('23-MAR-98', 'DD-MM-YY'), 'SA_REP' , '10000', '.2', '148', '80')
 71  INTO EMPLOYEES VALUES( '170','Tayler','Fox','TFOX', '011.44.1343'.'729268' , TO_DATE('24-JAN-98', 'DD-MM-YY'), 'SA_REP' , '9600', '.2', '148', '80')
 72  INTO EMPLOYEES VALUES( '171','William','Smith','WSMITH', '011.44.1343'.'629268' , TO_DATE('23-FEB-99', 'DD-MM-YY'), 'SA_REP' , '7400', '.15', '148', '80')
 73  INTO EMPLOYEES VALUES( '172','Elizabeth','Bates','EBATES', '011.44.1343'.'529268' , TO_DATE('24-MAR-99', 'DD-MM-YY'), 'SA_REP' , '7300', '.15', '148', '80')
 74  INTO EMPLOYEES VALUES( '173','Sundita','Kumar','SKUMAR', '011.44.1343'.'329268' , TO_DATE('21-APR-00', 'DD-MM-YY'), 'SA_REP' , '6100', '.1', '148', '80')
 75  INTO EMPLOYEES VALUES( '174','Ellen','Abel','EABEL', '011.44.1644'.'429267' , TO_DATE('11-MAY-96', 'DD-MM-YY'), 'SA_REP' , '11000', '.3', '149', '80')
 76  INTO EMPLOYEES VALUES( '175','Alyssa','Hutton','AHUTTON', '011.44.1644'.'429266' , TO_DATE('19-MAR-97', 'DD-MM-YY'), 'SA_REP' , '8800', '.25', '149', '80')
 77  INTO EMPLOYEES VALUES( '176','Jonathon','Taylor','JTAYLOR', '011.44.1644'.'429265' , TO_DATE('24-MAR-98', 'DD-MM-YY'), 'SA_REP' , '8600', '.2', '149', '80')
 78  INTO EMPLOYEES VALUES( '177','Jack','Livingston','JLIVINGS', '011.44.1644'.'429264' , TO_DATE('23-APR-98', 'DD-MM-YY'), 'SA_REP' , '8400', '.2', '149', '80')
 79  INTO EMPLOYEES VALUES( '178','Kimberely','Grant','KGRANT', '011.44.1644'.'429263' , TO_DATE('24-MAY-99', 'DD-MM-YY'), 'SA_REP', '7000', '.15', '149',NULL)
 80  INTO EMPLOYEES VALUES( '179','Charles','Johnson','CJOHNSON', '011.44.1644'.'429262' , TO_DATE('04-JAN-00', 'DD-MM-YY'), 'SA_REP' , '6200', '.1', '149', '80')
 81  INTO EMPLOYEES VALUES( '180','Winston','Taylor','WTAYLOR', '650.507.9876' , TO_DATE('24-JAN-98', 'DD-MM-YY'), 'SH_CLERK' , NULL,'3200', '120', '50')
 82  INTO EMPLOYEES VALUES( '181','Jean','Fleaur','JFLEAUR', '650.507.9877' , TO_DATE('23-FEB-98', 'DD-MM-YY'), 'SH_CLERK' , NULL,'3100', '120', '50')
 83  INTO EMPLOYEES VALUES( '182','Martha','Sullivan','MSULLIVA', '650.507.9878' , TO_DATE('21-JUN-99', 'DD-MM-YY'), 'SH_CLERK' , NULL,'2500', '120', '50')
 84  INTO EMPLOYEES VALUES( '183','Girard','Geoni','GGEONI', '650.507.9879' , TO_DATE('03-FEB-00', 'DD-MM-YY'), 'SH_CLERK' , NULL,'2800', '120', '50')
 85  INTO EMPLOYEES VALUES( '184','Nandita','Sarchand','NSARCHAN', '650.509.1876' , TO_DATE('27-JAN-96', 'DD-MM-YY'), 'SH_CLERK' , NULL,'4200', '121', '50')
 86  INTO EMPLOYEES VALUES( '185','Alexis','Bull','ABULL', '650.509.2876' , TO_DATE('20-FEB-97', 'DD-MM-YY'), 'SH_CLERK' , NULL,'4100', '121', '50')
 87  INTO EMPLOYEES VALUES( '186','Julia','Dellinger','JDELLING', '650.509.3876' , TO_DATE('24-JUN-98', 'DD-MM-YY'), 'SH_CLERK' , NULL,'3400', '121', '50')
 88  INTO EMPLOYEES VALUES( '187','Anthony','Cabrio','ACABRIO', '650.509.4876' , TO_DATE('07-FEB-99', 'DD-MM-YY'), 'SH_CLERK' , NULL,'3000', '121', '50')
 89  INTO EMPLOYEES VALUES( '188','Kelly','Chung','KCHUNG', '650.505.1876' , TO_DATE('14-JUN-97', 'DD-MM-YY'), 'SH_CLERK' , NULL,'3800', '122', '50')
 90  INTO EMPLOYEES VALUES( '189','Jennifer','Dilly','JDILLY', '650.505.2876' , TO_DATE('13-AUG-97', 'DD-MM-YY'), 'SH_CLERK' , NULL,'3600', '122', '50')
 91  INTO EMPLOYEES VALUES( '190','Timothy','Gates','TGATES', '650.505.3876' , TO_DATE('11-JUL-98', 'DD-MM-YY'), 'SH_CLERK' , NULL,'2900', '122', '50')
 92  INTO EMPLOYEES VALUES( '191','Randall','Perkins','RPERKINS', '650.505.4876' , TO_DATE('19-DEC-99', 'DD-MM-YY'), 'SH_CLERK' , NULL,'2500', '122', '50')
 93  INTO EMPLOYEES VALUES( '192','Sarah','Bell','SBELL', '650.501.1876' , TO_DATE('04-FEB-96', 'DD-MM-YY'), 'SH_CLERK' , NULL,'4000', '123', '50')
 94  INTO EMPLOYEES VALUES( '193','Britney','Everett','BEVERETT', '650.501.2876' , TO_DATE('03-MAR-97', 'DD-MM-YY'), 'SH_CLERK' , NULL,'3900', '123', '50')
 95  INTO EMPLOYEES VALUES( '194','Samuel','McCain','SMCCAIN', '650.501.3876' , TO_DATE('01-JUL-98', 'DD-MM-YY'), 'SH_CLERK' , NULL,'3200', '123', '50')
 96  INTO EMPLOYEES VALUES( '195','Vance','Jones','VJONES', '650.501.4876' , TO_DATE('17-MAR-99', 'DD-MM-YY'), 'SH_CLERK' , NULL,'2800', '123', '50')
 97  INTO EMPLOYEES VALUES( '196','Alana','Walsh','AWALSH', '650.507.9811' , TO_DATE('24-APR-98', 'DD-MM-YY'), 'SH_CLERK' , NULL,'3100', '124', '50' )
 98  INTO EMPLOYEES VALUES( '197','Kevin','Feeney','KFEENEY', '650.507.9822' , TO_DATE('23-MAY-98', 'DD-MM-YY'), 'SH_CLERK' , NULL,'3000', '124', '50')
 99  INTO EMPLOYEES VALUES( '198','Donald','OConnell','DOCONNEL', '650.507.9833' , TO_DATE('21-JUN-99', 'DD-MM-YY'), 'SH_CLERK' , NULL,'2600', '124', '50')
100  INTO EMPLOYEES VALUES( '199','Douglas','Grant','DGRANT', '650.507.9844' , TO_DATE('13-JAN-00', 'DD-MM-YY'), 'SH_CLERK' , NULL,'2600', '124', '50')
101  INTO EMPLOYEES VALUES( '200','Jennifer','Whalen','JWHALEN', '515.123.4444' , TO_DATE('17-SEP-87', 'DD-MM-YY'), 'AD_ASST' , NULL,'4400', '101', '10')
102  INTO EMPLOYEES VALUES( '201','Michael','Hartstein','MHARTSTE', '515.123.5555' , TO_DATE('17-FEB-96', 'DD-MM-YY'), 'MK_MAN' , NULL,'13000', '100', '20')
103  INTO EMPLOYEES VALUES( '202','Pat','Fay','PFAY', '603.123.6666' , TO_DATE('17-AUG-97', 'DD-MM-YY'), 'MK_REP' , NULL,'6000', '201', '20')
104  INTO EMPLOYEES VALUES( '203','Susan','Mavris','SMAVRIS', '515.123.7777' , TO_DATE('07-JUN-94', 'DD-MM-YY'), 'HR_REP' , NULL,'6500', '101', '40')
105  INTO EMPLOYEES VALUES( '204','Hermann','Baer','HBAER', '515.123.8888' , TO_DATE('07-JUN-94', 'DD-MM-YY'), 'PR_REP' , NULL,'10000', '101', '70')
106  INTO EMPLOYEES VALUES( '205','Shelley','Higgins','SHIGGINS', '515.123.8080' , TO_DATE('07-JUN-94', 'DD-MM-YY'), 'AC_MGR' , NULL,'12000', '101', '110')
107  INTO EMPLOYEES VALUES( '206','William','Gietz','WGIETZ', '515.123.8181' , TO_DATE('07-JUN-94', 'DD-MM-YY'), 'AC_ACCOUNT' , NULL,'8300', '205', '110');
INTO EMPLOYEES VALUES( '145','John','Russell','JRUSSEL', '011.44.1344'.'429268' , TO_DATE('01-OCT-96', 'DD-MM-YY'), 'SA_MAN' , '14000', '.4', '100', '80')
                                                                      *
ERROR at line 46:
ORA-00917: missing comma


SQL>
SQL> INSERT ALL
  2  INTO EMPLOYEES VALUES( '145','John','Russell','JRUSSEL', '011.44.1344.429268' , TO_DATE('01-OCT-96', 'DD-MM-YY'), 'SA_MAN' , '14000', '.4', '100', '80')
  3  INTO EMPLOYEES VALUES( '146','Karen','Partners','KPARTNER', '011.44.1344.467268' , TO_DATE('05-JAN-97', 'DD-MM-YY'), 'SA_MAN' , '13500', '.3', '100', '80')
  4  INTO EMPLOYEES VALUES( '147','Alberto','Errazuriz','AERRAZUR', '011.44.1344.429278' , TO_DATE('10-MAR-97', 'DD-MM-YY'), 'SA_MAN' , '12000', '.3', '100', '80')
  5  INTO EMPLOYEES VALUES( '148','Gerald','Cambrault','GCAMBRAU', '011.44.1344.619268' , TO_DATE('15-OCT-99', 'DD-MM-YY'), 'SA_MAN' , '11000', '.3', '100', '80')
  6  INTO EMPLOYEES VALUES( '149','Eleni','Zlotkey','EZLOTKEY', '011.44.1344.429018' , TO_DATE('29-JAN-00', 'DD-MM-YY'), 'SA_MAN' , '10500', '.2', '100', '80')
  7  INTO EMPLOYEES VALUES( '150','Peter','Tucker','PTUCKER', '011.44.1344.129268' , TO_DATE('30-JAN-97', 'DD-MM-YY'), 'SA_REP' , '10000', '.3', '145', '80')
  8  INTO EMPLOYEES VALUES( '151','David','Bernstein','DBERNSTE', '011.44.1344.345268' , TO_DATE('24-MAR-97', 'DD-MM-YY'), 'SA_REP' , '9500', '.25', '145', '80')
  9  INTO EMPLOYEES VALUES( '152','Peter','Hall','PHALL', '011.44.1344.478968' , TO_DATE('20-AUG-97', 'DD-MM-YY'), 'SA_REP' , '9000', '.25', '145', '80')
 10  INTO EMPLOYEES VALUES( '153','Christopher','Olsen','COLSEN', '011.44.1344.498718' , TO_DATE('30-MAR-98', 'DD-MM-YY'), 'SA_REP' , '8000', '.2', '145', '80')
 11  INTO EMPLOYEES VALUES( '154','Nanette','Cambrault','NCAMBRAU', '011.44.1344.987668' , TO_DATE('09-DEC-98', 'DD-MM-YY'), 'SA_REP' , '7500', '.2', '145', '80')
 12  INTO EMPLOYEES VALUES( '155','Oliver','Tuvault','OTUVAULT', '011.44.1344.486508' , TO_DATE('23-NOV-99', 'DD-MM-YY'), 'SA_REP' , '7000', '.15', '145', '80')
 13  INTO EMPLOYEES VALUES( '156','Janette','King','JKING', '011.44.1345.429268' , TO_DATE('30-JAN-96', 'DD-MM-YY'), 'SA_REP' , '10000', '.35', '146', '80')
 14  INTO EMPLOYEES VALUES( '157','Patrick','Sully','PSULLY', '011.44.1345.929268' , TO_DATE('04-MAR-96', 'DD-MM-YY'), 'SA_REP' , '9500', '.35', '146', '80')
 15  INTO EMPLOYEES VALUES( '158','Allan','McEwen','AMCEWEN', '011.44.1345.829268' , TO_DATE('01-AUG-96', 'DD-MM-YY'), 'SA_REP' , '9000', '.35', '146', '80')
 16  INTO EMPLOYEES VALUES( '159','Lindsey','Smith','LSMITH', '011.44.1345.729268' , TO_DATE('10-MAR-97', 'DD-MM-YY'), 'SA_REP' , '8000', '.3', '146', '80')
 17  INTO EMPLOYEES VALUES( '160','Louise','Doran','LDORAN', '011.44.1345.629268' , TO_DATE('15-DEC-97', 'DD-MM-YY'), 'SA_REP' , '7500', '.3', '146', '80')
 18  INTO EMPLOYEES VALUES( '161','Sarath','Sewall','SSEWALL', '011.44.1345.529268' , TO_DATE('03-NOV-98', 'DD-MM-YY'), 'SA_REP' , '7000', '.25', '146', '80')
 19  INTO EMPLOYEES VALUES( '162','Clara','Vishney','CVISHNEY', '011.44.1346.129268' , TO_DATE('11-NOV-97', 'DD-MM-YY'), 'SA_REP' , '10500', '.25', '147', '80')
 20  INTO EMPLOYEES VALUES( '163','Danielle','Greene','DGREENE', '011.44.1346.229268' , TO_DATE('19-MAR-99', 'DD-MM-YY'), 'SA_REP' , '9500', '.15', '147', '80')
 21  INTO EMPLOYEES VALUES( '164','Mattea','Marvins','MMARVINS', '011.44.1346.329268' , TO_DATE('24-JAN-00', 'DD-MM-YY'), 'SA_REP' , '7200', '.1', '147', '80')
 22  INTO EMPLOYEES VALUES( '165','David','Lee','DLEE', '011.44.1346.529268' , TO_DATE('23-FEB-00', 'DD-MM-YY'), 'SA_REP' , '6800', '.1', '147', '80')
 23  INTO EMPLOYEES VALUES( '166','Sundar','Ande','SANDE', '011.44.1346.629268' , TO_DATE('24-MAR-00', 'DD-MM-YY'), 'SA_REP' , '6400', '.1', '147', '80')
 24  INTO EMPLOYEES VALUES( '167','Amit','Banda','ABANDA', '011.44.1346.729268' , TO_DATE('21-APR-00', 'DD-MM-YY'), 'SA_REP' , '6200', '.1', '147', '80')
 25  INTO EMPLOYEES VALUES( '168','Lisa','Ozer','LOZER', '011.44.1343.929268' , TO_DATE('11-MAR-97', 'DD-MM-YY'), 'SA_REP' , '11500', '.25', '148', '80')
 26  INTO EMPLOYEES VALUES( '169','Harrison','Bloom','HBLOOM', '011.44.1343.829268' , TO_DATE('23-MAR-98', 'DD-MM-YY'), 'SA_REP' , '10000', '.2', '148', '80')
 27  INTO EMPLOYEES VALUES( '170','Tayler','Fox','TFOX', '011.44.1343.729268' , TO_DATE('24-JAN-98', 'DD-MM-YY'), 'SA_REP' , '9600', '.2', '148', '80')
 28  INTO EMPLOYEES VALUES( '171','William','Smith','WSMITH', '011.44.1343.629268' , TO_DATE('23-FEB-99', 'DD-MM-YY'), 'SA_REP' , '7400', '.15', '148', '80')
 29  INTO EMPLOYEES VALUES( '172','Elizabeth','Bates','EBATES', '011.44.1343.529268' , TO_DATE('24-MAR-99', 'DD-MM-YY'), 'SA_REP' , '7300', '.15', '148', '80')
 30  INTO EMPLOYEES VALUES( '173','Sundita','Kumar','SKUMAR', '011.44.1343.329268' , TO_DATE('21-APR-00', 'DD-MM-YY'), 'SA_REP' , '6100', '.1', '148', '80')
 31  INTO EMPLOYEES VALUES( '174','Ellen','Abel','EABEL', '011.44.1644.429267' , TO_DATE('11-MAY-96', 'DD-MM-YY'), 'SA_REP' , '11000', '.3', '149', '80')
 32  INTO EMPLOYEES VALUES( '175','Alyssa','Hutton','AHUTTON', '011.44.1644.429266' , TO_DATE('19-MAR-97', 'DD-MM-YY'), 'SA_REP' , '8800', '.25', '149', '80')
 33  INTO EMPLOYEES VALUES( '176','Jonathon','Taylor','JTAYLOR', '011.44.1644.429265' , TO_DATE('24-MAR-98', 'DD-MM-YY'), 'SA_REP' , '8600', '.2', '149', '80')
 34  INTO EMPLOYEES VALUES( '177','Jack','Livingston','JLIVINGS', '011.44.1644.429264' , TO_DATE('23-APR-98', 'DD-MM-YY'), 'SA_REP' , '8400', '.2', '149', '80')
 35  INTO EMPLOYEES VALUES( '178','Kimberely','Grant','KGRANT', '011.44.1644.429263' , TO_DATE('24-MAY-99', 'DD-MM-YY'), 'SA_REP', '7000', '.15', '149',NULL)
 36  INTO EMPLOYEES VALUES( '179','Charles','Johnson','CJOHNSON', '011.44.1644.429262' , TO_DATE('04-JAN-00', 'DD-MM-YY'), 'SA_REP' , '6200', '.1', '149', '80')
 37  INTO EMPLOYEES VALUES( '180','Winston','Taylor','WTAYLOR', '650.507.9876' , TO_DATE('24-JAN-98', 'DD-MM-YY'), 'SH_CLERK' , NULL,'3200', '120', '50')
 38  INTO EMPLOYEES VALUES( '181','Jean','Fleaur','JFLEAUR', '650.507.9877' , TO_DATE('23-FEB-98', 'DD-MM-YY'), 'SH_CLERK' , NULL,'3100', '120', '50')
 39  INTO EMPLOYEES VALUES( '182','Martha','Sullivan','MSULLIVA', '650.507.9878' , TO_DATE('21-JUN-99', 'DD-MM-YY'), 'SH_CLERK' , NULL,'2500', '120', '50')
 40  INTO EMPLOYEES VALUES( '183','Girard','Geoni','GGEONI', '650.507.9879' , TO_DATE('03-FEB-00', 'DD-MM-YY'), 'SH_CLERK' , NULL,'2800', '120', '50')
 41  INTO EMPLOYEES VALUES( '184','Nandita','Sarchand','NSARCHAN', '650.509.1876' , TO_DATE('27-JAN-96', 'DD-MM-YY'), 'SH_CLERK' , NULL,'4200', '121', '50')
 42  INTO EMPLOYEES VALUES( '185','Alexis','Bull','ABULL', '650.509.2876' , TO_DATE('20-FEB-97', 'DD-MM-YY'), 'SH_CLERK' , NULL,'4100', '121', '50')
 43  INTO EMPLOYEES VALUES( '186','Julia','Dellinger','JDELLING', '650.509.3876' , TO_DATE('24-JUN-98', 'DD-MM-YY'), 'SH_CLERK' , NULL,'3400', '121', '50')
 44  INTO EMPLOYEES VALUES( '187','Anthony','Cabrio','ACABRIO', '650.509.4876' , TO_DATE('07-FEB-99', 'DD-MM-YY'), 'SH_CLERK' , NULL,'3000', '121', '50')
 45  INTO EMPLOYEES VALUES( '188','Kelly','Chung','KCHUNG', '650.505.1876' , TO_DATE('14-JUN-97', 'DD-MM-YY'), 'SH_CLERK' , NULL,'3800', '122', '50')
 46  INTO EMPLOYEES VALUES( '189','Jennifer','Dilly','JDILLY', '650.505.2876' , TO_DATE('13-AUG-97', 'DD-MM-YY'), 'SH_CLERK' , NULL,'3600', '122', '50')
 47  INTO EMPLOYEES VALUES( '190','Timothy','Gates','TGATES', '650.505.3876' , TO_DATE('11-JUL-98', 'DD-MM-YY'), 'SH_CLERK' , NULL,'2900', '122', '50')
 48  INTO EMPLOYEES VALUES( '191','Randall','Perkins','RPERKINS', '650.505.4876' , TO_DATE('19-DEC-99', 'DD-MM-YY'), 'SH_CLERK' , NULL,'2500', '122', '50')
 49  INTO EMPLOYEES VALUES( '192','Sarah','Bell','SBELL', '650.501.1876' , TO_DATE('04-FEB-96', 'DD-MM-YY'), 'SH_CLERK' , NULL,'4000', '123', '50')
 50  INTO EMPLOYEES VALUES( '193','Britney','Everett','BEVERETT', '650.501.2876' , TO_DATE('03-MAR-97', 'DD-MM-YY'), 'SH_CLERK' , NULL,'3900', '123', '50')
 51  INTO EMPLOYEES VALUES( '194','Samuel','McCain','SMCCAIN', '650.501.3876' , TO_DATE('01-JUL-98', 'DD-MM-YY'), 'SH_CLERK' , NULL,'3200', '123', '50')
 52  INTO EMPLOYEES VALUES( '195','Vance','Jones','VJONES', '650.501.4876' , TO_DATE('17-MAR-99', 'DD-MM-YY'), 'SH_CLERK' , NULL,'2800', '123', '50')
 53  INTO EMPLOYEES VALUES( '196','Alana','Walsh','AWALSH', '650.507.9811' , TO_DATE('24-APR-98', 'DD-MM-YY'), 'SH_CLERK' , NULL,'3100', '124', '50' )
 54  INTO EMPLOYEES VALUES( '197','Kevin','Feeney','KFEENEY', '650.507.9822' , TO_DATE('23-MAY-98', 'DD-MM-YY'), 'SH_CLERK' , NULL,'3000', '124', '50')
 55  INTO EMPLOYEES VALUES( '198','Donald','OConnell','DOCONNEL', '650.507.9833' , TO_DATE('21-JUN-99', 'DD-MM-YY'), 'SH_CLERK' , NULL,'2600', '124', '50')
 56  INTO EMPLOYEES VALUES( '199','Douglas','Grant','DGRANT', '650.507.9844' , TO_DATE('13-JAN-00', 'DD-MM-YY'), 'SH_CLERK' , NULL,'2600', '124', '50')
 57  INTO EMPLOYEES VALUES( '200','Jennifer','Whalen','JWHALEN', '515.123.4444' , TO_DATE('17-SEP-87', 'DD-MM-YY'), 'AD_ASST' , NULL,'4400', '101', '10')
 58  INTO EMPLOYEES VALUES( '201','Michael','Hartstein','MHARTSTE', '515.123.5555' , TO_DATE('17-FEB-96', 'DD-MM-YY'), 'MK_MAN' , NULL,'13000', '100', '20')
 59  INTO EMPLOYEES VALUES( '202','Pat','Fay','PFAY', '603.123.6666' , TO_DATE('17-AUG-97', 'DD-MM-YY'), 'MK_REP' , NULL,'6000', '201', '20')
 60  INTO EMPLOYEES VALUES( '203','Susan','Mavris','SMAVRIS', '515.123.7777' , TO_DATE('07-JUN-94', 'DD-MM-YY'), 'HR_REP' , NULL,'6500', '101', '40')
 61  INTO EMPLOYEES VALUES( '204','Hermann','Baer','HBAER', '515.123.8888' , TO_DATE('07-JUN-94', 'DD-MM-YY'), 'PR_REP' , NULL,'10000', '101', '70')
 62  INTO EMPLOYEES VALUES( '205','Shelley','Higgins','SHIGGINS', '515.123.8080' , TO_DATE('07-JUN-94', 'DD-MM-YY'), 'AC_MGR' , NULL,'12000', '101', '110')
 63  INTO EMPLOYEES VALUES( '206','William','Gietz','WGIETZ', '515.123.8181' , TO_DATE('07-JUN-94', 'DD-MM-YY'), 'AC_ACCOUNT' , NULL,'8300', '205', '110');
INTO EMPLOYEES VALUES( '206','William','Gietz','WGIETZ', '515.123.8181' , TO_DATE('07-JUN-94', 'DD-MM-YY'), 'AC_ACCOUNT' , NULL,'8300', '205', '110')

                                                          *
ERROR at line 63:
ORA-00928: missing SELECT keyword


SQL>
SQL> INSERT ALL
  2  INTO EMPLOYEES VALUES( '206','William','Gietz','WGIETZ', '515.123.8181' , TO_DATE('07-JUN-94', 'DD-MM-YY'), 'AC_ACCOUNT' ,'8300',NULL, '205', '110');
INTO EMPLOYEES VALUES( '206','William','Gietz','WGIETZ', '515.123.8181' , TO_DATE('07-JUN-94', 'DD-MM-YY'), 'AC_ACCOUNT' ,'8300',NULL, '205', '110')

                                                         *
ERROR at line 2:
ORA-00928: missing SELECT keyword


SQL> INSERT
  2  INTO EMPLOYEES VALUES( '206','William','Gietz','WGIETZ', '515.123.8181' , TO_DATE('07-JUN-94', 'DD-MM-YY'), 'AC_ACCOUNT' ,'8300',NULL, '205', '110');

1 row created.

SQL> select * from employees;

EMPLOYEE_ID FIRST_NAME           LAST_NAME
----------- -------------------- -------------------------
EMAIL                     PHONE_NUMBER         HIRE_DATE JOB_ID         SALARY
------------------------- -------------------- --------- ---------- ----------
COMMISSION_PCT MANAGER_ID DEPARTMENT_ID
-------------- ---------- -------------
        206 William              Gietz
WGIETZ                    515.123.8181         07-JUN-94 AC_ACCOUNT       8300
                      205           110


SQL> delete from employees where EMPLOYEE_ID=206;

1 row deleted.

SQL> INSERT ALL
  2  INTO EMPLOYEES VALUES( '100','Steven','King','SKING', '515.123.4567' , TO_DATE('17-JUN-87', 'DD-MM-YY'), 'AD_PRES', '24000',NULL, NULL,'90')
  3  INTO EMPLOYEES VALUES( '101','Neena','Kochhar','NKOCHHAR', '515.123.4568' , TO_DATE('21-SEP-89', 'DD-MM-YY'), 'AD_VP' , NULL,'17000', '100', '90')
  4  INTO EMPLOYEES VALUES( '102', 'Lex' ,'De Haan', 'LDEHAAN', '515.123.4569' , TO_DATE('13-JAN-93', 'DD-MM-YY'), 'AD_VP' , NULL,'17000', '100', '90')
  5  INTO EMPLOYEES VALUES( '103','Alexander','Hunold','AHUNOLD', '590.423.4567' , TO_DATE('03-JAN-90', 'DD-MM-YY'), 'IT_PROG' , NULL,'9000', '102', '60')
  6  INTO EMPLOYEES VALUES( '104','Bruce','Ernst','BERNST', '590.423.4568' , TO_DATE('21-MAY-91', 'DD-MM-YY'), 'IT_PROG' , NULL,'6000', '103', '60')
  7  INTO EMPLOYEES VALUES( '105','David','Austin','DAUSTIN', '590.423.4569' , TO_DATE('25-JUN-97', 'DD-MM-YY'), 'IT_PROG' , NULL,'4800', '103', '60')
  8  INTO EMPLOYEES VALUES( '106','Valli','Pataballa','VPATABAL', '590.423.4560' , TO_DATE('05-FEB-98', 'DD-MM-YY'), 'IT_PROG' , NULL,'4800', '103', '60')
  9  INTO EMPLOYEES VALUES( '107','Diana','Lorentz','DLORENTZ', '590.423.5567' , TO_DATE('07-FEB-99', 'DD-MM-YY'), 'IT_PROG' , NULL,'4200', '103', '60')
 10  INTO EMPLOYEES VALUES( '108','Nancy','Greenberg','NGREENBE', '515.124.4569' , TO_DATE('17-AUG-94', 'DD-MM-YY'), 'FI_MGR' , NULL,'12000', '101', '100')
 11  INTO EMPLOYEES VALUES( '109','Daniel','Faviet','DFAVIET', '515.124.4169' , TO_DATE('16-AUG-94', 'DD-MM-YY'), 'FI_ACCOUNT' , NULL,'9000', '108', '100')
 12  INTO EMPLOYEES VALUES( '110','John','Chen','JCHEN', '515.124.4269' , TO_DATE('28-SEP-97', 'DD-MM-YY'), 'FI_ACCOUNT' , NULL,'8200', '108', '100')
 13  INTO EMPLOYEES VALUES( '111','Ismael','Sciarra','ISCIARRA', '515.124.4369' , TO_DATE('30-SEP-97', 'DD-MM-YY'), 'FI_ACCOUNT' , NULL,'7700', '108', '100')
 14  INTO EMPLOYEES VALUES( '112','Jose Manuel', 'Urman', 'JMURMAN', '515.124.4469' , TO_DATE('07-MAR-98', 'DD-MM-YY'), 'FI_ACCOUNT' , NULL,'7800', '108', '100')
 15  INTO EMPLOYEES VALUES( '113','Luis','Popp','LPOPP', '515.124.4567' , TO_DATE('07-DEC-99', 'DD-MM-YY'), 'FI_ACCOUNT' , NULL,'6900', '108', '100')
 16  INTO EMPLOYEES VALUES( '114','Den','Raphaely','DRAPHEAL', '515.127.4561' , TO_DATE('07-DEC-94', 'DD-MM-YY'), 'PU_MAN' , NULL,'11000', '100', '30')
 17  INTO EMPLOYEES VALUES( '115','Alexander','Khoo','AKHOO', '515.127.4562' , TO_DATE('18-MAY-95', 'DD-MM-YY'), 'PU_CLERK' , NULL,'3100', '114', '30')
 18  INTO EMPLOYEES VALUES( '116','Shelli','Baida','SBAIDA', '515.127.4563' , TO_DATE('24-DEC-97', 'DD-MM-YY'), 'PU_CLERK' , NULL,'2900', '114', '30')
 19  INTO EMPLOYEES VALUES( '117','Sigal','Tobias','STOBIAS', '515.127.4564' , TO_DATE('24-JUL-97', 'DD-MM-YY'), 'PU_CLERK' , NULL,'2800', '114', '30')
 20  INTO EMPLOYEES VALUES( '118','Guy','Himuro','GHIMURO', '515.127.4565' , TO_DATE('15-NOV-98', 'DD-MM-YY'), 'PU_CLERK' , NULL,'2600', '114', '30')
 21  INTO EMPLOYEES VALUES( '119','Karen','Colmenares','KCOLMENA', '515.127.4566' , TO_DATE('10-AUG-99', 'DD-MM-YY'), 'PU_CLERK' , NULL,'2500', '114', '30')
 22  INTO EMPLOYEES VALUES( '120','Matthew','Weiss','MWEISS', '650.123.1234' , TO_DATE('18-JUL-96', 'DD-MM-YY'), 'ST_MAN' , NULL,'8000', '100', '50')
 23  INTO EMPLOYEES VALUES( '121','Adam','Fripp','AFRIPP', '650.123.2234' , TO_DATE('10-APR-97', 'DD-MM-YY'), 'ST_MAN' , NULL,'8200', '100', '50')
 24  INTO EMPLOYEES VALUES( '122','Payam','Kaufling','PKAUFLIN', '650.123.3234' , TO_DATE('01-MAY-95', 'DD-MM-YY'), 'ST_MAN' , NULL,'7900', '100', '50')
 25  INTO EMPLOYEES VALUES( '123','Shanta','Vollman','SVOLLMAN', '650.123.4234' , TO_DATE('10-OCT-97', 'DD-MM-YY'), 'ST_MAN' , NULL,'6500', '100', '50')
 26  INTO EMPLOYEES VALUES( '124','Kevin','Mourgos','KMOURGOS', '650.123.5234' , TO_DATE('16-NOV-99', 'DD-MM-YY'), 'ST_MAN' , NULL,'5800', '100', '50')
 27  INTO EMPLOYEES VALUES( '125','Julia','Nayer','JNAYER', '650.124.1214' , TO_DATE('16-JUL-97', 'DD-MM-YY'), 'ST_CLERK' , NULL,'3200', '120', '50')
 28  INTO EMPLOYEES VALUES( '126','Irene','Mikkilineni','IMIKKILI', '650.124.1224' , TO_DATE('28-SEP-98', 'DD-MM-YY'), 'ST_CLERK' , NULL,'2700', '120', '50')
 29  INTO EMPLOYEES VALUES( '127','James','Landry','JLANDRY', '650.124.1334' , TO_DATE('14-JAN-99', 'DD-MM-YY'), 'ST_CLERK' , NULL,'2400', '120', '50')
 30  INTO EMPLOYEES VALUES( '128','Steven','Markle','SMARKLE', '650.124.1434' , TO_DATE('08-MAR-00', 'DD-MM-YY'), 'ST_CLERK' , NULL,'2200', '120', '50')
 31  INTO EMPLOYEES VALUES( '129','Laura','Bissot','LBISSOT', '650.124.5234' , TO_DATE('20-AUG-97', 'DD-MM-YY'), 'ST_CLERK' , NULL,'3300', '121', '50')
 32  INTO EMPLOYEES VALUES( '130','Mozhe','Atkinson','MATKINSO', '650.124.6234' , TO_DATE('30-OCT-97', 'DD-MM-YY'), 'ST_CLERK' , NULL,'2800', '121', '50')
 33  INTO EMPLOYEES VALUES( '131','James','Marlow','JAMRLOW', '650.124.7234' , TO_DATE('16-FEB-97', 'DD-MM-YY'), 'ST_CLERK' , NULL,'2500', '121', '50')
 34  INTO EMPLOYEES VALUES( '132','TJ','Olson','TJOLSON', '650.124.8234' , TO_DATE('10-APR-99', 'DD-MM-YY'), 'ST_CLERK' , NULL,'2100', '121', '50')
 35  INTO EMPLOYEES VALUES( '133','Jason','Mallin','JMALLIN', '650.127.1934' , TO_DATE('14-JUN-96', 'DD-MM-YY'), 'ST_CLERK' , NULL,'3300', '122', '50')
 36  INTO EMPLOYEES VALUES( '134','Michael','Rogers','MROGERS', '650.127.1834' , TO_DATE('26-AUG-98', 'DD-MM-YY'), 'ST_CLERK' , NULL,'2900', '122', '50')
 37  INTO EMPLOYEES VALUES( '135','Ki','Gee','KGEE', '650.127.1734' , TO_DATE('12-DEC-99', 'DD-MM-YY'), 'ST_CLERK' , NULL,'2400', '122', '50')
 38  INTO EMPLOYEES VALUES( '136','Hazel','Philtanker','HPHILTAN', '650.127.1634' , TO_DATE('06-FEB-00', 'DD-MM-YY'), 'ST_CLERK' , NULL,'2200', '122', '50')
 39  INTO EMPLOYEES VALUES( '137','Renske','Ladwig','RLADWIG', '650.121.1234' , TO_DATE('14-JUL-95', 'DD-MM-YY'), 'ST_CLERK' , NULL,'3600', '123', '50')
 40  INTO EMPLOYEES VALUES( '138','Stephen','Stiles','SSTILES', '650.121.2034' , TO_DATE('26-OCT-97', 'DD-MM-YY'), 'ST_CLERK' , NULL,'3200', '123', '50')
 41  INTO EMPLOYEES VALUES( '139','John','Seo','JSEO', '650.121.2019' , TO_DATE('12-FEB-98', 'DD-MM-YY'), 'ST_CLERK' , NULL,'2700', '123', '50')
 42  INTO EMPLOYEES VALUES( '140','Joshua','Patel','JPATEL', '650.121.1834' , TO_DATE('06-APR-98', 'DD-MM-YY'), 'ST_CLERK' , NULL,'2500', '123', '50')
 43  INTO EMPLOYEES VALUES( '141','Trenna','Rajs','TRAJS', '650.121.8009' , TO_DATE('17-OCT-95', 'DD-MM-YY'), 'ST_CLERK' , NULL,'3500', '124', '50')
 44  INTO EMPLOYEES VALUES( '142','Curtis','Davies','CDAVIES', '650.121.2994' , TO_DATE('29-JAN-97', 'DD-MM-YY'), 'ST_CLERK' , NULL,'3100', '124', '50')
 45  INTO EMPLOYEES VALUES( '143','Randall','Matos','RMATOS', '650.121.2874' , TO_DATE('15-MAR-98', 'DD-MM-YY'), 'ST_CLERK' , NULL,'2600', '124', '50')
 46  INTO EMPLOYEES VALUES( '144','Peter','Vargas','PVARGAS', '650.121.2004' , TO_DATE('09-JUL-98', 'DD-MM-YY'), 'ST_CLERK' , NULL,'2500', '124', '50')
 47  INTO EMPLOYEES VALUES( '145','John','Russell','JRUSSEL', '011.44.1344.429268' , TO_DATE('01-OCT-96', 'DD-MM-YY'), 'SA_MAN' , '14000', '.4', '100', '80')
 48  INTO EMPLOYEES VALUES( '146','Karen','Partners','KPARTNER', '011.44.1344.467268' , TO_DATE('05-JAN-97', 'DD-MM-YY'), 'SA_MAN' , '13500', '.3', '100', '80')
 49  INTO EMPLOYEES VALUES( '147','Alberto','Errazuriz','AERRAZUR', '011.44.1344.429278' , TO_DATE('10-MAR-97', 'DD-MM-YY'), 'SA_MAN' , '12000', '.3', '100', '80')
 50  INTO EMPLOYEES VALUES( '148','Gerald','Cambrault','GCAMBRAU', '011.44.1344.619268' , TO_DATE('15-OCT-99', 'DD-MM-YY'), 'SA_MAN' , '11000', '.3', '100', '80')
 51  INTO EMPLOYEES VALUES( '149','Eleni','Zlotkey','EZLOTKEY', '011.44.1344.429018' , TO_DATE('29-JAN-00', 'DD-MM-YY'), 'SA_MAN' , '10500', '.2', '100', '80')
 52  INTO EMPLOYEES VALUES( '150','Peter','Tucker','PTUCKER', '011.44.1344.129268' , TO_DATE('30-JAN-97', 'DD-MM-YY'), 'SA_REP' , '10000', '.3', '145', '80')
 53  INTO EMPLOYEES VALUES( '151','David','Bernstein','DBERNSTE', '011.44.1344.345268' , TO_DATE('24-MAR-97', 'DD-MM-YY'), 'SA_REP' , '9500', '.25', '145', '80')
 54  INTO EMPLOYEES VALUES( '152','Peter','Hall','PHALL', '011.44.1344.478968' , TO_DATE('20-AUG-97', 'DD-MM-YY'), 'SA_REP' , '9000', '.25', '145', '80')
 55  INTO EMPLOYEES VALUES( '153','Christopher','Olsen','COLSEN', '011.44.1344.498718' , TO_DATE('30-MAR-98', 'DD-MM-YY'), 'SA_REP' , '8000', '.2', '145', '80')
 56  INTO EMPLOYEES VALUES( '154','Nanette','Cambrault','NCAMBRAU', '011.44.1344.987668' , TO_DATE('09-DEC-98', 'DD-MM-YY'), 'SA_REP' , '7500', '.2', '145', '80')
 57  INTO EMPLOYEES VALUES( '155','Oliver','Tuvault','OTUVAULT', '011.44.1344.486508' , TO_DATE('23-NOV-99', 'DD-MM-YY'), 'SA_REP' , '7000', '.15', '145', '80')
 58  INTO EMPLOYEES VALUES( '156','Janette','King','JKING', '011.44.1345.429268' , TO_DATE('30-JAN-96', 'DD-MM-YY'), 'SA_REP' , '10000', '.35', '146', '80')
 59  INTO EMPLOYEES VALUES( '157','Patrick','Sully','PSULLY', '011.44.1345.929268' , TO_DATE('04-MAR-96', 'DD-MM-YY'), 'SA_REP' , '9500', '.35', '146', '80')
 60  INTO EMPLOYEES VALUES( '158','Allan','McEwen','AMCEWEN', '011.44.1345.829268' , TO_DATE('01-AUG-96', 'DD-MM-YY'), 'SA_REP' , '9000', '.35', '146', '80')
 61  INTO EMPLOYEES VALUES( '159','Lindsey','Smith','LSMITH', '011.44.1345.729268' , TO_DATE('10-MAR-97', 'DD-MM-YY'), 'SA_REP' , '8000', '.3', '146', '80')
 62  INTO EMPLOYEES VALUES( '160','Louise','Doran','LDORAN', '011.44.1345.629268' , TO_DATE('15-DEC-97', 'DD-MM-YY'), 'SA_REP' , '7500', '.3', '146', '80')
 63  INTO EMPLOYEES VALUES( '161','Sarath','Sewall','SSEWALL', '011.44.1345.529268' , TO_DATE('03-NOV-98', 'DD-MM-YY'), 'SA_REP' , '7000', '.25', '146', '80')
 64  INTO EMPLOYEES VALUES( '162','Clara','Vishney','CVISHNEY', '011.44.1346.129268' , TO_DATE('11-NOV-97', 'DD-MM-YY'), 'SA_REP' , '10500', '.25', '147', '80')
 65  INTO EMPLOYEES VALUES( '163','Danielle','Greene','DGREENE', '011.44.1346.229268' , TO_DATE('19-MAR-99', 'DD-MM-YY'), 'SA_REP' , '9500', '.15', '147', '80')
 66  INTO EMPLOYEES VALUES( '164','Mattea','Marvins','MMARVINS', '011.44.1346.329268' , TO_DATE('24-JAN-00', 'DD-MM-YY'), 'SA_REP' , '7200', '.1', '147', '80')
 67  INTO EMPLOYEES VALUES( '165','David','Lee','DLEE', '011.44.1346.529268' , TO_DATE('23-FEB-00', 'DD-MM-YY'), 'SA_REP' , '6800', '.1', '147', '80')
 68  INTO EMPLOYEES VALUES( '166','Sundar','Ande','SANDE', '011.44.1346.629268' , TO_DATE('24-MAR-00', 'DD-MM-YY'), 'SA_REP' , '6400', '.1', '147', '80')
 69  INTO EMPLOYEES VALUES( '167','Amit','Banda','ABANDA', '011.44.1346.729268' , TO_DATE('21-APR-00', 'DD-MM-YY'), 'SA_REP' , '6200', '.1', '147', '80')
 70  INTO EMPLOYEES VALUES( '168','Lisa','Ozer','LOZER', '011.44.1343.929268' , TO_DATE('11-MAR-97', 'DD-MM-YY'), 'SA_REP' , '11500', '.25', '148', '80')
 71  INTO EMPLOYEES VALUES( '169','Harrison','Bloom','HBLOOM', '011.44.1343.829268' , TO_DATE('23-MAR-98', 'DD-MM-YY'), 'SA_REP' , '10000', '.2', '148', '80')
 72  INTO EMPLOYEES VALUES( '170','Tayler','Fox','TFOX', '011.44.1343.729268' , TO_DATE('24-JAN-98', 'DD-MM-YY'), 'SA_REP' , '9600', '.2', '148', '80')
 73  INTO EMPLOYEES VALUES( '171','William','Smith','WSMITH', '011.44.1343.629268' , TO_DATE('23-FEB-99', 'DD-MM-YY'), 'SA_REP' , '7400', '.15', '148', '80')
 74  INTO EMPLOYEES VALUES( '172','Elizabeth','Bates','EBATES', '011.44.1343.529268' , TO_DATE('24-MAR-99', 'DD-MM-YY'), 'SA_REP' , '7300', '.15', '148', '80')
 75  INTO EMPLOYEES VALUES( '173','Sundita','Kumar','SKUMAR', '011.44.1343.329268' , TO_DATE('21-APR-00', 'DD-MM-YY'), 'SA_REP' , '6100', '.1', '148', '80')
 76  INTO EMPLOYEES VALUES( '174','Ellen','Abel','EABEL', '011.44.1644.429267' , TO_DATE('11-MAY-96', 'DD-MM-YY'), 'SA_REP' , '11000', '.3', '149', '80')
 77  INTO EMPLOYEES VALUES( '175','Alyssa','Hutton','AHUTTON', '011.44.1644.429266' , TO_DATE('19-MAR-97', 'DD-MM-YY'), 'SA_REP' , '8800', '.25', '149', '80')
 78  INTO EMPLOYEES VALUES( '176','Jonathon','Taylor','JTAYLOR', '011.44.1644.429265' , TO_DATE('24-MAR-98', 'DD-MM-YY'), 'SA_REP' , '8600', '.2', '149', '80')
 79  INTO EMPLOYEES VALUES( '177','Jack','Livingston','JLIVINGS', '011.44.1644.429264' , TO_DATE('23-APR-98', 'DD-MM-YY'), 'SA_REP' , '8400', '.2', '149', '80')
 80  INTO EMPLOYEES VALUES( '178','Kimberely','Grant','KGRANT', '011.44.1644.429263' , TO_DATE('24-MAY-99', 'DD-MM-YY'), 'SA_REP', '7000', '.15', '149',NULL)
 81  INTO EMPLOYEES VALUES( '179','Charles','Johnson','CJOHNSON', '011.44.1644.429262' , TO_DATE('04-JAN-00', 'DD-MM-YY'), 'SA_REP' , '6200', '.1', '149', '80')
 82  INTO EMPLOYEES VALUES( '180','Winston','Taylor','WTAYLOR', '650.507.9876' , TO_DATE('24-JAN-98', 'DD-MM-YY'), 'SH_CLERK' , NULL,'3200', '120', '50')
 83  INTO EMPLOYEES VALUES( '181','Jean','Fleaur','JFLEAUR', '650.507.9877' , TO_DATE('23-FEB-98', 'DD-MM-YY'), 'SH_CLERK' , NULL,'3100', '120', '50')
 84  INTO EMPLOYEES VALUES( '182','Martha','Sullivan','MSULLIVA', '650.507.9878' , TO_DATE('21-JUN-99', 'DD-MM-YY'), 'SH_CLERK' , NULL,'2500', '120', '50')
 85  INTO EMPLOYEES VALUES( '183','Girard','Geoni','GGEONI', '650.507.9879' , TO_DATE('03-FEB-00', 'DD-MM-YY'), 'SH_CLERK' , NULL,'2800', '120', '50')
 86  INTO EMPLOYEES VALUES( '184','Nandita','Sarchand','NSARCHAN', '650.509.1876' , TO_DATE('27-JAN-96', 'DD-MM-YY'), 'SH_CLERK' , NULL,'4200', '121', '50')
 87  INTO EMPLOYEES VALUES( '185','Alexis','Bull','ABULL', '650.509.2876' , TO_DATE('20-FEB-97', 'DD-MM-YY'), 'SH_CLERK' , NULL,'4100', '121', '50')
 88  INTO EMPLOYEES VALUES( '186','Julia','Dellinger','JDELLING', '650.509.3876' , TO_DATE('24-JUN-98', 'DD-MM-YY'), 'SH_CLERK' , NULL,'3400', '121', '50')
 89  INTO EMPLOYEES VALUES( '187','Anthony','Cabrio','ACABRIO', '650.509.4876' , TO_DATE('07-FEB-99', 'DD-MM-YY'), 'SH_CLERK' , NULL,'3000', '121', '50')
 90  INTO EMPLOYEES VALUES( '188','Kelly','Chung','KCHUNG', '650.505.1876' , TO_DATE('14-JUN-97', 'DD-MM-YY'), 'SH_CLERK' , NULL,'3800', '122', '50')
 91  INTO EMPLOYEES VALUES( '189','Jennifer','Dilly','JDILLY', '650.505.2876' , TO_DATE('13-AUG-97', 'DD-MM-YY'), 'SH_CLERK' , NULL,'3600', '122', '50')
 92  INTO EMPLOYEES VALUES( '190','Timothy','Gates','TGATES', '650.505.3876' , TO_DATE('11-JUL-98', 'DD-MM-YY'), 'SH_CLERK' , NULL,'2900', '122', '50')
 93  INTO EMPLOYEES VALUES( '191','Randall','Perkins','RPERKINS', '650.505.4876' , TO_DATE('19-DEC-99', 'DD-MM-YY'), 'SH_CLERK' , NULL,'2500', '122', '50')
 94  INTO EMPLOYEES VALUES( '192','Sarah','Bell','SBELL', '650.501.1876' , TO_DATE('04-FEB-96', 'DD-MM-YY'), 'SH_CLERK' , NULL,'4000', '123', '50')
 95  INTO EMPLOYEES VALUES( '193','Britney','Everett','BEVERETT', '650.501.2876' , TO_DATE('03-MAR-97', 'DD-MM-YY'), 'SH_CLERK' , NULL,'3900', '123', '50')
 96  INTO EMPLOYEES VALUES( '194','Samuel','McCain','SMCCAIN', '650.501.3876' , TO_DATE('01-JUL-98', 'DD-MM-YY'), 'SH_CLERK' , NULL,'3200', '123', '50')
 97  INTO EMPLOYEES VALUES( '195','Vance','Jones','VJONES', '650.501.4876' , TO_DATE('17-MAR-99', 'DD-MM-YY'), 'SH_CLERK' , NULL,'2800', '123', '50')
 98  INTO EMPLOYEES VALUES( '196','Alana','Walsh','AWALSH', '650.507.9811' , TO_DATE('24-APR-98', 'DD-MM-YY'), 'SH_CLERK' , NULL,'3100', '124', '50' )
 99  INTO EMPLOYEES VALUES( '197','Kevin','Feeney','KFEENEY', '650.507.9822' , TO_DATE('23-MAY-98', 'DD-MM-YY'), 'SH_CLERK' , NULL,'3000', '124', '50')
100  INTO EMPLOYEES VALUES( '198','Donald','OConnell','DOCONNEL', '650.507.9833' , TO_DATE('21-JUN-99', 'DD-MM-YY'), 'SH_CLERK' , NULL,'2600', '124', '50')
101  INTO EMPLOYEES VALUES( '199','Douglas','Grant','DGRANT', '650.507.9844' , TO_DATE('13-JAN-00', 'DD-MM-YY'), 'SH_CLERK' , NULL,'2600', '124', '50')
102  INTO EMPLOYEES VALUES( '200','Jennifer','Whalen','JWHALEN', '515.123.4444' , TO_DATE('17-SEP-87', 'DD-MM-YY'), 'AD_ASST' , NULL,'4400', '101', '10')
103  INTO EMPLOYEES VALUES( '201','Michael','Hartstein','MHARTSTE', '515.123.5555' , TO_DATE('17-FEB-96', 'DD-MM-YY'), 'MK_MAN' , NULL,'13000', '100', '20')
104  INTO EMPLOYEES VALUES( '202','Pat','Fay','PFAY', '603.123.6666' , TO_DATE('17-AUG-97', 'DD-MM-YY'), 'MK_REP' , NULL,'6000', '201', '20')
105  INTO EMPLOYEES VALUES( '203','Susan','Mavris','SMAVRIS', '515.123.7777' , TO_DATE('07-JUN-94', 'DD-MM-YY'), 'HR_REP' , NULL,'6500', '101', '40')
106  INTO EMPLOYEES VALUES( '204','Hermann','Baer','HBAER', '515.123.8888' , TO_DATE('07-JUN-94', 'DD-MM-YY'), 'PR_REP' , NULL,'10000', '101', '70')
107  INTO EMPLOYEES VALUES( '205','Shelley','Higgins','SHIGGINS', '515.123.8080' , TO_DATE('07-JUN-94', 'DD-MM-YY'), 'AC_MGR' , NULL,'12000', '101', '110')
108  INTO EMPLOYEES VALUES( '206','William','Gietz','WGIETZ', '515.123.8181' , TO_DATE('07-JUN-94', 'DD-MM-YY'), 'AC_ACCOUNT' ,'8300',NULL, '205', '110');
INTO EMPLOYEES VALUES( '206','William','Gietz','WGIETZ', '515.123.8181' , TO_DATE('07-JUN-94', 'DD-MM-YY'), 'AC_ACCOUNT' ,'8300',NULL, '205', '110')

                                                         *
ERROR at line 108:
ORA-00928: missing SELECT keyword


SQL> INSERT ALL
  2  INTO EMPLOYEES VALUES( '206','William','Gietz','WGIETZ', '515.123.8181' , TO_DATE('07-JUN-94', 'DD-MM-YY'), 'AC_ACCOUNT' ,'8300',NULL, '205', '110');
INTO EMPLOYEES VALUES( '206','William','Gietz','WGIETZ', '515.123.8181' , TO_DATE('07-JUN-94', 'DD-MM-YY'), 'AC_ACCOUNT' ,'8300',NULL, '205', '110')

                                                         *
ERROR at line 2:
ORA-00928: missing SELECT keyword


SQL> INSERT ALL
  2  INTO EMPLOYEES VALUES( '206','William','Gietz','WGIETZ', '515.123.8181' , TO_DATE('07-JUN-94', 'DD-MM-YY'), 'AC_ACCOUNT' ,'8300',NULL, '205', '110');
INTO EMPLOYEES VALUES( '206','William','Gietz','WGIETZ', '515.123.8181' , TO_DATE('07-JUN-94', 'DD-MM-YY'), 'AC_ACCOUNT' ,'8300',NULL, '205', '110')

                                                         *
ERROR at line 2:
ORA-00928: missing SELECT keyword


SQL> INSERT
  2  INTO EMPLOYEES VALUES( '206','William','Gietz','WGIETZ', '515.123.8181' , TO_DATE('07-JUN-94', 'DD-MM-YY'), 'AC_ACCOUNT' ,'8300',NULL, '205', '110');

1 row created.

SQL> delete from employees where EMPLOYEE_ID=206;

1 row deleted.

SQL> INSERT ALL
  2  INTO EMPLOYEES VALUES( '205','Shelley','Higgins','SHIGGINS', '515.123.8080' , TO_DATE('07-JUN-94', 'DD-MM-YY'), 'AC_MGR' , NULL,'12000', '101', '110')
  3  INTO EMPLOYEES VALUES( '206','William','Gietz','WGIETZ', '515.123.8181' , TO_DATE('07-JUN-94', 'DD-MM-YY'), 'AC_ACCOUNT' ,'8300',NULL, '205', '110');
INTO EMPLOYEES VALUES( '206','William','Gietz','WGIETZ', '515.123.8181' , TO_DATE('07-JUN-94', 'DD-MM-YY'), 'AC_ACCOUNT' ,'8300',NULL, '205', '110')

                                                         *
ERROR at line 3:
ORA-00928: missing SELECT keyword


SQL>
SQL> INSERT
  2  INTO EMPLOYEES VALUES( '100','Steven','King','SKING', '515.123.4567' , TO_DATE('17-JUN-87', 'DD-MM-YY'), 'AD_PRES', '24000',NULL, NULL,'90')
  3  INTO EMPLOYEES VALUES( '101','Neena','Kochhar','NKOCHHAR', '515.123.4568' , TO_DATE('21-SEP-89', 'DD-MM-YY'), 'AD_VP' , NULL,'17000', '100', '90')
  4  INTO EMPLOYEES VALUES( '102', 'Lex' ,'De Haan', 'LDEHAAN', '515.123.4569' , TO_DATE('13-JAN-93', 'DD-MM-YY'), 'AD_VP' , NULL,'17000', '100', '90')
  5  INTO EMPLOYEES VALUES( '103','Alexander','Hunold','AHUNOLD', '590.423.4567' , TO_DATE('03-JAN-90', 'DD-MM-YY'), 'IT_PROG' , NULL,'9000', '102', '60')
  6  INTO EMPLOYEES VALUES( '104','Bruce','Ernst','BERNST', '590.423.4568' , TO_DATE('21-MAY-91', 'DD-MM-YY'), 'IT_PROG' , NULL,'6000', '103', '60')
  7  INTO EMPLOYEES VALUES( '105','David','Austin','DAUSTIN', '590.423.4569' , TO_DATE('25-JUN-97', 'DD-MM-YY'), 'IT_PROG' , NULL,'4800', '103', '60')
  8  INTO EMPLOYEES VALUES( '106','Valli','Pataballa','VPATABAL', '590.423.4560' , TO_DATE('05-FEB-98', 'DD-MM-YY'), 'IT_PROG' , NULL,'4800', '103', '60')
  9  INTO EMPLOYEES VALUES( '107','Diana','Lorentz','DLORENTZ', '590.423.5567' , TO_DATE('07-FEB-99', 'DD-MM-YY'), 'IT_PROG' , NULL,'4200', '103', '60')
 10  INTO EMPLOYEES VALUES( '108','Nancy','Greenberg','NGREENBE', '515.124.4569' , TO_DATE('17-AUG-94', 'DD-MM-YY'), 'FI_MGR' , NULL,'12000', '101', '100')
 11  INTO EMPLOYEES VALUES( '109','Daniel','Faviet','DFAVIET', '515.124.4169' , TO_DATE('16-AUG-94', 'DD-MM-YY'), 'FI_ACCOUNT' , NULL,'9000', '108', '100')
 12  INTO EMPLOYEES VALUES( '110','John','Chen','JCHEN', '515.124.4269' , TO_DATE('28-SEP-97', 'DD-MM-YY'), 'FI_ACCOUNT' , NULL,'8200', '108', '100')
 13  INTO EMPLOYEES VALUES( '111','Ismael','Sciarra','ISCIARRA', '515.124.4369' , TO_DATE('30-SEP-97', 'DD-MM-YY'), 'FI_ACCOUNT' , NULL,'7700', '108', '100')
 14  INTO EMPLOYEES VALUES( '112','Jose Manuel', 'Urman', 'JMURMAN', '515.124.4469' , TO_DATE('07-MAR-98', 'DD-MM-YY'), 'FI_ACCOUNT' , NULL,'7800', '108', '100')
 15  INTO EMPLOYEES VALUES( '113','Luis','Popp','LPOPP', '515.124.4567' , TO_DATE('07-DEC-99', 'DD-MM-YY'), 'FI_ACCOUNT' , NULL,'6900', '108', '100')
 16  INTO EMPLOYEES VALUES( '114','Den','Raphaely','DRAPHEAL', '515.127.4561' , TO_DATE('07-DEC-94', 'DD-MM-YY'), 'PU_MAN' , NULL,'11000', '100', '30')
 17  INTO EMPLOYEES VALUES( '115','Alexander','Khoo','AKHOO', '515.127.4562' , TO_DATE('18-MAY-95', 'DD-MM-YY'), 'PU_CLERK' , NULL,'3100', '114', '30')
 18  INTO EMPLOYEES VALUES( '116','Shelli','Baida','SBAIDA', '515.127.4563' , TO_DATE('24-DEC-97', 'DD-MM-YY'), 'PU_CLERK' , NULL,'2900', '114', '30')
 19  INTO EMPLOYEES VALUES( '117','Sigal','Tobias','STOBIAS', '515.127.4564' , TO_DATE('24-JUL-97', 'DD-MM-YY'), 'PU_CLERK' , NULL,'2800', '114', '30')
 20  INTO EMPLOYEES VALUES( '118','Guy','Himuro','GHIMURO', '515.127.4565' , TO_DATE('15-NOV-98', 'DD-MM-YY'), 'PU_CLERK' , NULL,'2600', '114', '30')
 21  INTO EMPLOYEES VALUES( '119','Karen','Colmenares','KCOLMENA', '515.127.4566' , TO_DATE('10-AUG-99', 'DD-MM-YY'), 'PU_CLERK' , NULL,'2500', '114', '30')
 22  INTO EMPLOYEES VALUES( '120','Matthew','Weiss','MWEISS', '650.123.1234' , TO_DATE('18-JUL-96', 'DD-MM-YY'), 'ST_MAN' , NULL,'8000', '100', '50')
 23  INTO EMPLOYEES VALUES( '121','Adam','Fripp','AFRIPP', '650.123.2234' , TO_DATE('10-APR-97', 'DD-MM-YY'), 'ST_MAN' , NULL,'8200', '100', '50')
 24  INTO EMPLOYEES VALUES( '122','Payam','Kaufling','PKAUFLIN', '650.123.3234' , TO_DATE('01-MAY-95', 'DD-MM-YY'), 'ST_MAN' , NULL,'7900', '100', '50')
 25  INTO EMPLOYEES VALUES( '123','Shanta','Vollman','SVOLLMAN', '650.123.4234' , TO_DATE('10-OCT-97', 'DD-MM-YY'), 'ST_MAN' , NULL,'6500', '100', '50')
 26  INTO EMPLOYEES VALUES( '124','Kevin','Mourgos','KMOURGOS', '650.123.5234' , TO_DATE('16-NOV-99', 'DD-MM-YY'), 'ST_MAN' , NULL,'5800', '100', '50')
 27  INTO EMPLOYEES VALUES( '125','Julia','Nayer','JNAYER', '650.124.1214' , TO_DATE('16-JUL-97', 'DD-MM-YY'), 'ST_CLERK' , NULL,'3200', '120', '50')
 28  INTO EMPLOYEES VALUES( '126','Irene','Mikkilineni','IMIKKILI', '650.124.1224' , TO_DATE('28-SEP-98', 'DD-MM-YY'), 'ST_CLERK' , NULL,'2700', '120', '50')
 29  INTO EMPLOYEES VALUES( '127','James','Landry','JLANDRY', '650.124.1334' , TO_DATE('14-JAN-99', 'DD-MM-YY'), 'ST_CLERK' , NULL,'2400', '120', '50')
 30  INTO EMPLOYEES VALUES( '128','Steven','Markle','SMARKLE', '650.124.1434' , TO_DATE('08-MAR-00', 'DD-MM-YY'), 'ST_CLERK' , NULL,'2200', '120', '50')
 31  INTO EMPLOYEES VALUES( '129','Laura','Bissot','LBISSOT', '650.124.5234' , TO_DATE('20-AUG-97', 'DD-MM-YY'), 'ST_CLERK' , NULL,'3300', '121', '50')
 32  INTO EMPLOYEES VALUES( '130','Mozhe','Atkinson','MATKINSO', '650.124.6234' , TO_DATE('30-OCT-97', 'DD-MM-YY'), 'ST_CLERK' , NULL,'2800', '121', '50')
 33  INTO EMPLOYEES VALUES( '131','James','Marlow','JAMRLOW', '650.124.7234' , TO_DATE('16-FEB-97', 'DD-MM-YY'), 'ST_CLERK' , NULL,'2500', '121', '50')
 34  INTO EMPLOYEES VALUES( '132','TJ','Olson','TJOLSON', '650.124.8234' , TO_DATE('10-APR-99', 'DD-MM-YY'), 'ST_CLERK' , NULL,'2100', '121', '50')
 35  INTO EMPLOYEES VALUES( '133','Jason','Mallin','JMALLIN', '650.127.1934' , TO_DATE('14-JUN-96', 'DD-MM-YY'), 'ST_CLERK' , NULL,'3300', '122', '50')
 36  INTO EMPLOYEES VALUES( '134','Michael','Rogers','MROGERS', '650.127.1834' , TO_DATE('26-AUG-98', 'DD-MM-YY'), 'ST_CLERK' , NULL,'2900', '122', '50')
 37  INTO EMPLOYEES VALUES( '135','Ki','Gee','KGEE', '650.127.1734' , TO_DATE('12-DEC-99', 'DD-MM-YY'), 'ST_CLERK' , NULL,'2400', '122', '50')
 38  INTO EMPLOYEES VALUES( '136','Hazel','Philtanker','HPHILTAN', '650.127.1634' , TO_DATE('06-FEB-00', 'DD-MM-YY'), 'ST_CLERK' , NULL,'2200', '122', '50')
 39  INTO EMPLOYEES VALUES( '137','Renske','Ladwig','RLADWIG', '650.121.1234' , TO_DATE('14-JUL-95', 'DD-MM-YY'), 'ST_CLERK' , NULL,'3600', '123', '50')
 40  INTO EMPLOYEES VALUES( '138','Stephen','Stiles','SSTILES', '650.121.2034' , TO_DATE('26-OCT-97', 'DD-MM-YY'), 'ST_CLERK' , NULL,'3200', '123', '50')
 41  INTO EMPLOYEES VALUES( '139','John','Seo','JSEO', '650.121.2019' , TO_DATE('12-FEB-98', 'DD-MM-YY'), 'ST_CLERK' , NULL,'2700', '123', '50')
 42  INTO EMPLOYEES VALUES( '140','Joshua','Patel','JPATEL', '650.121.1834' , TO_DATE('06-APR-98', 'DD-MM-YY'), 'ST_CLERK' , NULL,'2500', '123', '50')
 43  INTO EMPLOYEES VALUES( '141','Trenna','Rajs','TRAJS', '650.121.8009' , TO_DATE('17-OCT-95', 'DD-MM-YY'), 'ST_CLERK' , NULL,'3500', '124', '50')
 44  INTO EMPLOYEES VALUES( '142','Curtis','Davies','CDAVIES', '650.121.2994' , TO_DATE('29-JAN-97', 'DD-MM-YY'), 'ST_CLERK' , NULL,'3100', '124', '50')
 45  INTO EMPLOYEES VALUES( '143','Randall','Matos','RMATOS', '650.121.2874' , TO_DATE('15-MAR-98', 'DD-MM-YY'), 'ST_CLERK' , NULL,'2600', '124', '50')
 46  INTO EMPLOYEES VALUES( '144','Peter','Vargas','PVARGAS', '650.121.2004' , TO_DATE('09-JUL-98', 'DD-MM-YY'), 'ST_CLERK' , NULL,'2500', '124', '50')
 47  INTO EMPLOYEES VALUES( '145','John','Russell','JRUSSEL', '011.44.1344.429268' , TO_DATE('01-OCT-96', 'DD-MM-YY'), 'SA_MAN' , '14000', '.4', '100', '80')
 48  INTO EMPLOYEES VALUES( '146','Karen','Partners','KPARTNER', '011.44.1344.467268' , TO_DATE('05-JAN-97', 'DD-MM-YY'), 'SA_MAN' , '13500', '.3', '100', '80')
 49  INTO EMPLOYEES VALUES( '147','Alberto','Errazuriz','AERRAZUR', '011.44.1344.429278' , TO_DATE('10-MAR-97', 'DD-MM-YY'), 'SA_MAN' , '12000', '.3', '100', '80')
 50  INTO EMPLOYEES VALUES( '148','Gerald','Cambrault','GCAMBRAU', '011.44.1344.619268' , TO_DATE('15-OCT-99', 'DD-MM-YY'), 'SA_MAN' , '11000', '.3', '100', '80')
 51  INTO EMPLOYEES VALUES( '149','Eleni','Zlotkey','EZLOTKEY', '011.44.1344.429018' , TO_DATE('29-JAN-00', 'DD-MM-YY'), 'SA_MAN' , '10500', '.2', '100', '80')
 52  INTO EMPLOYEES VALUES( '150','Peter','Tucker','PTUCKER', '011.44.1344.129268' , TO_DATE('30-JAN-97', 'DD-MM-YY'), 'SA_REP' , '10000', '.3', '145', '80')
 53  INTO EMPLOYEES VALUES( '151','David','Bernstein','DBERNSTE', '011.44.1344.345268' , TO_DATE('24-MAR-97', 'DD-MM-YY'), 'SA_REP' , '9500', '.25', '145', '80')
 54  INTO EMPLOYEES VALUES( '152','Peter','Hall','PHALL', '011.44.1344.478968' , TO_DATE('20-AUG-97', 'DD-MM-YY'), 'SA_REP' , '9000', '.25', '145', '80')
 55  INTO EMPLOYEES VALUES( '153','Christopher','Olsen','COLSEN', '011.44.1344.498718' , TO_DATE('30-MAR-98', 'DD-MM-YY'), 'SA_REP' , '8000', '.2', '145', '80')
 56  INTO EMPLOYEES VALUES( '154','Nanette','Cambrault','NCAMBRAU', '011.44.1344.987668' , TO_DATE('09-DEC-98', 'DD-MM-YY'), 'SA_REP' , '7500', '.2', '145', '80')
 57  INTO EMPLOYEES VALUES( '155','Oliver','Tuvault','OTUVAULT', '011.44.1344.486508' , TO_DATE('23-NOV-99', 'DD-MM-YY'), 'SA_REP' , '7000', '.15', '145', '80')
 58  INTO EMPLOYEES VALUES( '156','Janette','King','JKING', '011.44.1345.429268' , TO_DATE('30-JAN-96', 'DD-MM-YY'), 'SA_REP' , '10000', '.35', '146', '80')
 59  INTO EMPLOYEES VALUES( '157','Patrick','Sully','PSULLY', '011.44.1345.929268' , TO_DATE('04-MAR-96', 'DD-MM-YY'), 'SA_REP' , '9500', '.35', '146', '80')
 60  INTO EMPLOYEES VALUES( '158','Allan','McEwen','AMCEWEN', '011.44.1345.829268' , TO_DATE('01-AUG-96', 'DD-MM-YY'), 'SA_REP' , '9000', '.35', '146', '80')
 61  INTO EMPLOYEES VALUES( '159','Lindsey','Smith','LSMITH', '011.44.1345.729268' , TO_DATE('10-MAR-97', 'DD-MM-YY'), 'SA_REP' , '8000', '.3', '146', '80')
 62  INTO EMPLOYEES VALUES( '160','Louise','Doran','LDORAN', '011.44.1345.629268' , TO_DATE('15-DEC-97', 'DD-MM-YY'), 'SA_REP' , '7500', '.3', '146', '80')
 63  INTO EMPLOYEES VALUES( '161','Sarath','Sewall','SSEWALL', '011.44.1345.529268' , TO_DATE('03-NOV-98', 'DD-MM-YY'), 'SA_REP' , '7000', '.25', '146', '80')
 64  INTO EMPLOYEES VALUES( '162','Clara','Vishney','CVISHNEY', '011.44.1346.129268' , TO_DATE('11-NOV-97', 'DD-MM-YY'), 'SA_REP' , '10500', '.25', '147', '80')
 65  INTO EMPLOYEES VALUES( '163','Danielle','Greene','DGREENE', '011.44.1346.229268' , TO_DATE('19-MAR-99', 'DD-MM-YY'), 'SA_REP' , '9500', '.15', '147', '80')
 66  INTO EMPLOYEES VALUES( '164','Mattea','Marvins','MMARVINS', '011.44.1346.329268' , TO_DATE('24-JAN-00', 'DD-MM-YY'), 'SA_REP' , '7200', '.1', '147', '80')
 67  INTO EMPLOYEES VALUES( '165','David','Lee','DLEE', '011.44.1346.529268' , TO_DATE('23-FEB-00', 'DD-MM-YY'), 'SA_REP' , '6800', '.1', '147', '80')
 68  INTO EMPLOYEES VALUES( '166','Sundar','Ande','SANDE', '011.44.1346.629268' , TO_DATE('24-MAR-00', 'DD-MM-YY'), 'SA_REP' , '6400', '.1', '147', '80')
 69  INTO EMPLOYEES VALUES( '167','Amit','Banda','ABANDA', '011.44.1346.729268' , TO_DATE('21-APR-00', 'DD-MM-YY'), 'SA_REP' , '6200', '.1', '147', '80')
 70  INTO EMPLOYEES VALUES( '168','Lisa','Ozer','LOZER', '011.44.1343.929268' , TO_DATE('11-MAR-97', 'DD-MM-YY'), 'SA_REP' , '11500', '.25', '148', '80')
 71  INTO EMPLOYEES VALUES( '169','Harrison','Bloom','HBLOOM', '011.44.1343.829268' , TO_DATE('23-MAR-98', 'DD-MM-YY'), 'SA_REP' , '10000', '.2', '148', '80')
 72  INTO EMPLOYEES VALUES( '170','Tayler','Fox','TFOX', '011.44.1343.729268' , TO_DATE('24-JAN-98', 'DD-MM-YY'), 'SA_REP' , '9600', '.2', '148', '80')
 73  INTO EMPLOYEES VALUES( '171','William','Smith','WSMITH', '011.44.1343.629268' , TO_DATE('23-FEB-99', 'DD-MM-YY'), 'SA_REP' , '7400', '.15', '148', '80')
 74  INTO EMPLOYEES VALUES( '172','Elizabeth','Bates','EBATES', '011.44.1343.529268' , TO_DATE('24-MAR-99', 'DD-MM-YY'), 'SA_REP' , '7300', '.15', '148', '80')
 75  INTO EMPLOYEES VALUES( '173','Sundita','Kumar','SKUMAR', '011.44.1343.329268' , TO_DATE('21-APR-00', 'DD-MM-YY'), 'SA_REP' , '6100', '.1', '148', '80')
 76  INTO EMPLOYEES VALUES( '174','Ellen','Abel','EABEL', '011.44.1644.429267' , TO_DATE('11-MAY-96', 'DD-MM-YY'), 'SA_REP' , '11000', '.3', '149', '80')
 77  INTO EMPLOYEES VALUES( '175','Alyssa','Hutton','AHUTTON', '011.44.1644.429266' , TO_DATE('19-MAR-97', 'DD-MM-YY'), 'SA_REP' , '8800', '.25', '149', '80')
 78  INTO EMPLOYEES VALUES( '176','Jonathon','Taylor','JTAYLOR', '011.44.1644.429265' , TO_DATE('24-MAR-98', 'DD-MM-YY'), 'SA_REP' , '8600', '.2', '149', '80')
 79  INTO EMPLOYEES VALUES( '177','Jack','Livingston','JLIVINGS', '011.44.1644.429264' , TO_DATE('23-APR-98', 'DD-MM-YY'), 'SA_REP' , '8400', '.2', '149', '80')
 80  INTO EMPLOYEES VALUES( '178','Kimberely','Grant','KGRANT', '011.44.1644.429263' , TO_DATE('24-MAY-99', 'DD-MM-YY'), 'SA_REP', '7000', '.15', '149',NULL)
 81  INTO EMPLOYEES VALUES( '179','Charles','Johnson','CJOHNSON', '011.44.1644.429262' , TO_DATE('04-JAN-00', 'DD-MM-YY'), 'SA_REP' , '6200', '.1', '149', '80')
 82  INTO EMPLOYEES VALUES( '180','Winston','Taylor','WTAYLOR', '650.507.9876' , TO_DATE('24-JAN-98', 'DD-MM-YY'), 'SH_CLERK' , NULL,'3200', '120', '50')
 83  INTO EMPLOYEES VALUES( '181','Jean','Fleaur','JFLEAUR', '650.507.9877' , TO_DATE('23-FEB-98', 'DD-MM-YY'), 'SH_CLERK' , NULL,'3100', '120', '50')
 84  INTO EMPLOYEES VALUES( '182','Martha','Sullivan','MSULLIVA', '650.507.9878' , TO_DATE('21-JUN-99', 'DD-MM-YY'), 'SH_CLERK' , NULL,'2500', '120', '50')
 85  INTO EMPLOYEES VALUES( '183','Girard','Geoni','GGEONI', '650.507.9879' , TO_DATE('03-FEB-00', 'DD-MM-YY'), 'SH_CLERK' , NULL,'2800', '120', '50')
 86  INTO EMPLOYEES VALUES( '184','Nandita','Sarchand','NSARCHAN', '650.509.1876' , TO_DATE('27-JAN-96', 'DD-MM-YY'), 'SH_CLERK' , NULL,'4200', '121', '50')
 87  INTO EMPLOYEES VALUES( '185','Alexis','Bull','ABULL', '650.509.2876' , TO_DATE('20-FEB-97', 'DD-MM-YY'), 'SH_CLERK' , NULL,'4100', '121', '50')
 88  INTO EMPLOYEES VALUES( '186','Julia','Dellinger','JDELLING', '650.509.3876' , TO_DATE('24-JUN-98', 'DD-MM-YY'), 'SH_CLERK' , NULL,'3400', '121', '50')
 89  INTO EMPLOYEES VALUES( '187','Anthony','Cabrio','ACABRIO', '650.509.4876' , TO_DATE('07-FEB-99', 'DD-MM-YY'), 'SH_CLERK' , NULL,'3000', '121', '50')
 90  INTO EMPLOYEES VALUES( '188','Kelly','Chung','KCHUNG', '650.505.1876' , TO_DATE('14-JUN-97', 'DD-MM-YY'), 'SH_CLERK' , NULL,'3800', '122', '50')
 91  INTO EMPLOYEES VALUES( '189','Jennifer','Dilly','JDILLY', '650.505.2876' , TO_DATE('13-AUG-97', 'DD-MM-YY'), 'SH_CLERK' , NULL,'3600', '122', '50')
 92  INTO EMPLOYEES VALUES( '190','Timothy','Gates','TGATES', '650.505.3876' , TO_DATE('11-JUL-98', 'DD-MM-YY'), 'SH_CLERK' , NULL,'2900', '122', '50')
 93  INTO EMPLOYEES VALUES( '191','Randall','Perkins','RPERKINS', '650.505.4876' , TO_DATE('19-DEC-99', 'DD-MM-YY'), 'SH_CLERK' , NULL,'2500', '122', '50')
 94  INTO EMPLOYEES VALUES( '192','Sarah','Bell','SBELL', '650.501.1876' , TO_DATE('04-FEB-96', 'DD-MM-YY'), 'SH_CLERK' , NULL,'4000', '123', '50')
 95  INTO EMPLOYEES VALUES( '193','Britney','Everett','BEVERETT', '650.501.2876' , TO_DATE('03-MAR-97', 'DD-MM-YY'), 'SH_CLERK' , NULL,'3900', '123', '50')
 96  INTO EMPLOYEES VALUES( '194','Samuel','McCain','SMCCAIN', '650.501.3876' , TO_DATE('01-JUL-98', 'DD-MM-YY'), 'SH_CLERK' , NULL,'3200', '123', '50')
 97  INTO EMPLOYEES VALUES( '195','Vance','Jones','VJONES', '650.501.4876' , TO_DATE('17-MAR-99', 'DD-MM-YY'), 'SH_CLERK' , NULL,'2800', '123', '50')
 98  INTO EMPLOYEES VALUES( '196','Alana','Walsh','AWALSH', '650.507.9811' , TO_DATE('24-APR-98', 'DD-MM-YY'), 'SH_CLERK' , NULL,'3100', '124', '50' )
 99  INTO EMPLOYEES VALUES( '197','Kevin','Feeney','KFEENEY', '650.507.9822' , TO_DATE('23-MAY-98', 'DD-MM-YY'), 'SH_CLERK' , NULL,'3000', '124', '50')
100  INTO EMPLOYEES VALUES( '198','Donald','OConnell','DOCONNEL', '650.507.9833' , TO_DATE('21-JUN-99', 'DD-MM-YY'), 'SH_CLERK' , NULL,'2600', '124', '50')
101  INTO EMPLOYEES VALUES( '199','Douglas','Grant','DGRANT', '650.507.9844' , TO_DATE('13-JAN-00', 'DD-MM-YY'), 'SH_CLERK' , NULL,'2600', '124', '50')
102  INTO EMPLOYEES VALUES( '200','Jennifer','Whalen','JWHALEN', '515.123.4444' , TO_DATE('17-SEP-87', 'DD-MM-YY'), 'AD_ASST' , NULL,'4400', '101', '10')
103  INTO EMPLOYEES VALUES( '201','Michael','Hartstein','MHARTSTE', '515.123.5555' , TO_DATE('17-FEB-96', 'DD-MM-YY'), 'MK_MAN' , NULL,'13000', '100', '20')
104  INTO EMPLOYEES VALUES( '202','Pat','Fay','PFAY', '603.123.6666' , TO_DATE('17-AUG-97', 'DD-MM-YY'), 'MK_REP' , NULL,'6000', '201', '20')
105  INTO EMPLOYEES VALUES( '203','Susan','Mavris','SMAVRIS', '515.123.7777' , TO_DATE('07-JUN-94', 'DD-MM-YY'), 'HR_REP' , NULL,'6500', '101', '40')
106  INTO EMPLOYEES VALUES( '204','Hermann','Baer','HBAER', '515.123.8888' , TO_DATE('07-JUN-94', 'DD-MM-YY'), 'PR_REP' , NULL,'10000', '101', '70')
107  INTO EMPLOYEES VALUES( '205','Shelley','Higgins','SHIGGINS', '515.123.8080' , TO_DATE('07-JUN-94', 'DD-MM-YY'), 'AC_MGR' , NULL,'12000', '101', '110')
108  INTO EMPLOYEES VALUES( '206','William','Gietz','WGIETZ', '515.123.8181' , TO_DATE('07-JUN-94', 'DD-MM-YY'), 'AC_ACCOUNT' ,'8300',NULL, '205', '110');
INTO EMPLOYEES VALUES( '101','Neena','Kochhar','NKOCHHAR', '515.123.4568' , TO_DATE('21-SEP-89', 'DD-MM-YY'), 'AD_VP' , NULL,'17000', '100', '90')
*
ERROR at line 3:
ORA-00933: SQL command not properly ended

SQL> INSERT all
  2  INTO EMPLOYEES VALUES( '100','Steven','King','SKING', '515.123.4567' , TO_DATE('17-JUN-87', 'DD-MM-YY'), 'AD_PRES', '24000',NULL, NULL,'90')
  3  INTO EMPLOYEES VALUES( '101','Neena','Kochhar','NKOCHHAR', '515.123.4568' , TO_DATE('21-SEP-89', 'DD-MM-YY'), 'AD_VP' , NULL,'17000', '100', '90')
  4  INTO EMPLOYEES VALUES( '102', 'Lex' ,'De Haan', 'LDEHAAN', '515.123.4569' , TO_DATE('13-JAN-93', 'DD-MM-YY'), 'AD_VP' , NULL,'17000', '100', '90')
  5  INTO EMPLOYEES VALUES( '103','Alexander','Hunold','AHUNOLD', '590.423.4567' , TO_DATE('03-JAN-90', 'DD-MM-YY'), 'IT_PROG' , NULL,'9000', '102', '60')
  6  INTO EMPLOYEES VALUES( '104','Bruce','Ernst','BERNST', '590.423.4568' , TO_DATE('21-MAY-91', 'DD-MM-YY'), 'IT_PROG' , NULL,'6000', '103', '60')
  7  INTO EMPLOYEES VALUES( '105','David','Austin','DAUSTIN', '590.423.4569' , TO_DATE('25-JUN-97', 'DD-MM-YY'), 'IT_PROG' , NULL,'4800', '103', '60')
  8  INTO EMPLOYEES VALUES( '106','Valli','Pataballa','VPATABAL', '590.423.4560' , TO_DATE('05-FEB-98', 'DD-MM-YY'), 'IT_PROG' , NULL,'4800', '103', '60')
  9  INTO EMPLOYEES VALUES( '107','Diana','Lorentz','DLORENTZ', '590.423.5567' , TO_DATE('07-FEB-99', 'DD-MM-YY'), 'IT_PROG' , NULL,'4200', '103', '60')
 10  INTO EMPLOYEES VALUES( '108','Nancy','Greenberg','NGREENBE', '515.124.4569' , TO_DATE('17-AUG-94', 'DD-MM-YY'), 'FI_MGR' , NULL,'12000', '101', '100')
 11  INTO EMPLOYEES VALUES( '109','Daniel','Faviet','DFAVIET', '515.124.4169' , TO_DATE('16-AUG-94', 'DD-MM-YY'), 'FI_ACCOUNT' , NULL,'9000', '108', '100')
 12  INTO EMPLOYEES VALUES( '110','John','Chen','JCHEN', '515.124.4269' , TO_DATE('28-SEP-97', 'DD-MM-YY'), 'FI_ACCOUNT' , NULL,'8200', '108', '100')
 13  INTO EMPLOYEES VALUES( '111','Ismael','Sciarra','ISCIARRA', '515.124.4369' , TO_DATE('30-SEP-97', 'DD-MM-YY'), 'FI_ACCOUNT' , NULL,'7700', '108', '100')
 14  INTO EMPLOYEES VALUES( '112','Jose Manuel', 'Urman', 'JMURMAN', '515.124.4469' , TO_DATE('07-MAR-98', 'DD-MM-YY'), 'FI_ACCOUNT' , NULL,'7800', '108', '100')
 15  INTO EMPLOYEES VALUES( '113','Luis','Popp','LPOPP', '515.124.4567' , TO_DATE('07-DEC-99', 'DD-MM-YY'), 'FI_ACCOUNT' , NULL,'6900', '108', '100')
 16  INTO EMPLOYEES VALUES( '114','Den','Raphaely','DRAPHEAL', '515.127.4561' , TO_DATE('07-DEC-94', 'DD-MM-YY'), 'PU_MAN' , NULL,'11000', '100', '30')
 17  INTO EMPLOYEES VALUES( '115','Alexander','Khoo','AKHOO', '515.127.4562' , TO_DATE('18-MAY-95', 'DD-MM-YY'), 'PU_CLERK' , NULL,'3100', '114', '30')
 18  INTO EMPLOYEES VALUES( '116','Shelli','Baida','SBAIDA', '515.127.4563' , TO_DATE('24-DEC-97', 'DD-MM-YY'), 'PU_CLERK' , NULL,'2900', '114', '30')
 19  INTO EMPLOYEES VALUES( '117','Sigal','Tobias','STOBIAS', '515.127.4564' , TO_DATE('24-JUL-97', 'DD-MM-YY'), 'PU_CLERK' , NULL,'2800', '114', '30')
 20  INTO EMPLOYEES VALUES( '118','Guy','Himuro','GHIMURO', '515.127.4565' , TO_DATE('15-NOV-98', 'DD-MM-YY'), 'PU_CLERK' , NULL,'2600', '114', '30')
 21  INTO EMPLOYEES VALUES( '119','Karen','Colmenares','KCOLMENA', '515.127.4566' , TO_DATE('10-AUG-99', 'DD-MM-YY'), 'PU_CLERK' , NULL,'2500', '114', '30')
 22  INTO EMPLOYEES VALUES( '120','Matthew','Weiss','MWEISS', '650.123.1234' , TO_DATE('18-JUL-96', 'DD-MM-YY'), 'ST_MAN' , NULL,'8000', '100', '50')
 23  INTO EMPLOYEES VALUES( '121','Adam','Fripp','AFRIPP', '650.123.2234' , TO_DATE('10-APR-97', 'DD-MM-YY'), 'ST_MAN' , NULL,'8200', '100', '50')
 24  INTO EMPLOYEES VALUES( '122','Payam','Kaufling','PKAUFLIN', '650.123.3234' , TO_DATE('01-MAY-95', 'DD-MM-YY'), 'ST_MAN' , NULL,'7900', '100', '50')
 25  INTO EMPLOYEES VALUES( '123','Shanta','Vollman','SVOLLMAN', '650.123.4234' , TO_DATE('10-OCT-97', 'DD-MM-YY'), 'ST_MAN' , NULL,'6500', '100', '50')
 26  INTO EMPLOYEES VALUES( '124','Kevin','Mourgos','KMOURGOS', '650.123.5234' , TO_DATE('16-NOV-99', 'DD-MM-YY'), 'ST_MAN' , NULL,'5800', '100', '50')
 27  INTO EMPLOYEES VALUES( '125','Julia','Nayer','JNAYER', '650.124.1214' , TO_DATE('16-JUL-97', 'DD-MM-YY'), 'ST_CLERK' , NULL,'3200', '120', '50')
 28  INTO EMPLOYEES VALUES( '126','Irene','Mikkilineni','IMIKKILI', '650.124.1224' , TO_DATE('28-SEP-98', 'DD-MM-YY'), 'ST_CLERK' , NULL,'2700', '120', '50')
 29  INTO EMPLOYEES VALUES( '127','James','Landry','JLANDRY', '650.124.1334' , TO_DATE('14-JAN-99', 'DD-MM-YY'), 'ST_CLERK' , NULL,'2400', '120', '50')
 30  INTO EMPLOYEES VALUES( '128','Steven','Markle','SMARKLE', '650.124.1434' , TO_DATE('08-MAR-00', 'DD-MM-YY'), 'ST_CLERK' , NULL,'2200', '120', '50')
 31  INTO EMPLOYEES VALUES( '129','Laura','Bissot','LBISSOT', '650.124.5234' , TO_DATE('20-AUG-97', 'DD-MM-YY'), 'ST_CLERK' , NULL,'3300', '121', '50')
 32  INTO EMPLOYEES VALUES( '130','Mozhe','Atkinson','MATKINSO', '650.124.6234' , TO_DATE('30-OCT-97', 'DD-MM-YY'), 'ST_CLERK' , NULL,'2800', '121', '50')
 33  INTO EMPLOYEES VALUES( '131','James','Marlow','JAMRLOW', '650.124.7234' , TO_DATE('16-FEB-97', 'DD-MM-YY'), 'ST_CLERK' , NULL,'2500', '121', '50')
 34  INTO EMPLOYEES VALUES( '132','TJ','Olson','TJOLSON', '650.124.8234' , TO_DATE('10-APR-99', 'DD-MM-YY'), 'ST_CLERK' , NULL,'2100', '121', '50')
 35  INTO EMPLOYEES VALUES( '133','Jason','Mallin','JMALLIN', '650.127.1934' , TO_DATE('14-JUN-96', 'DD-MM-YY'), 'ST_CLERK' , NULL,'3300', '122', '50')
 36  INTO EMPLOYEES VALUES( '134','Michael','Rogers','MROGERS', '650.127.1834' , TO_DATE('26-AUG-98', 'DD-MM-YY'), 'ST_CLERK' , NULL,'2900', '122', '50')
 37  INTO EMPLOYEES VALUES( '135','Ki','Gee','KGEE', '650.127.1734' , TO_DATE('12-DEC-99', 'DD-MM-YY'), 'ST_CLERK' , NULL,'2400', '122', '50')
 38  INTO EMPLOYEES VALUES( '136','Hazel','Philtanker','HPHILTAN', '650.127.1634' , TO_DATE('06-FEB-00', 'DD-MM-YY'), 'ST_CLERK' , NULL,'2200', '122', '50')
 39  INTO EMPLOYEES VALUES( '137','Renske','Ladwig','RLADWIG', '650.121.1234' , TO_DATE('14-JUL-95', 'DD-MM-YY'), 'ST_CLERK' , NULL,'3600', '123', '50')
 40  INTO EMPLOYEES VALUES( '138','Stephen','Stiles','SSTILES', '650.121.2034' , TO_DATE('26-OCT-97', 'DD-MM-YY'), 'ST_CLERK' , NULL,'3200', '123', '50')
 41  INTO EMPLOYEES VALUES( '139','John','Seo','JSEO', '650.121.2019' , TO_DATE('12-FEB-98', 'DD-MM-YY'), 'ST_CLERK' , NULL,'2700', '123', '50')
 42  INTO EMPLOYEES VALUES( '140','Joshua','Patel','JPATEL', '650.121.1834' , TO_DATE('06-APR-98', 'DD-MM-YY'), 'ST_CLERK' , NULL,'2500', '123', '50')
 43  INTO EMPLOYEES VALUES( '141','Trenna','Rajs','TRAJS', '650.121.8009' , TO_DATE('17-OCT-95', 'DD-MM-YY'), 'ST_CLERK' , NULL,'3500', '124', '50')
 44  INTO EMPLOYEES VALUES( '142','Curtis','Davies','CDAVIES', '650.121.2994' , TO_DATE('29-JAN-97', 'DD-MM-YY'), 'ST_CLERK' , NULL,'3100', '124', '50')
 45  INTO EMPLOYEES VALUES( '143','Randall','Matos','RMATOS', '650.121.2874' , TO_DATE('15-MAR-98', 'DD-MM-YY'), 'ST_CLERK' , NULL,'2600', '124', '50')
 46  INTO EMPLOYEES VALUES( '144','Peter','Vargas','PVARGAS', '650.121.2004' , TO_DATE('09-JUL-98', 'DD-MM-YY'), 'ST_CLERK' , NULL,'2500', '124', '50')
 47  INTO EMPLOYEES VALUES( '145','John','Russell','JRUSSEL', '011.44.1344.429268' , TO_DATE('01-OCT-96', 'DD-MM-YY'), 'SA_MAN' , '14000', '.4', '100', '80')
 48  INTO EMPLOYEES VALUES( '146','Karen','Partners','KPARTNER', '011.44.1344.467268' , TO_DATE('05-JAN-97', 'DD-MM-YY'), 'SA_MAN' , '13500', '.3', '100', '80')
 49  INTO EMPLOYEES VALUES( '147','Alberto','Errazuriz','AERRAZUR', '011.44.1344.429278' , TO_DATE('10-MAR-97', 'DD-MM-YY'), 'SA_MAN' , '12000', '.3', '100', '80')
 50  INTO EMPLOYEES VALUES( '148','Gerald','Cambrault','GCAMBRAU', '011.44.1344.619268' , TO_DATE('15-OCT-99', 'DD-MM-YY'), 'SA_MAN' , '11000', '.3', '100', '80')
 51  INTO EMPLOYEES VALUES( '149','Eleni','Zlotkey','EZLOTKEY', '011.44.1344.429018' , TO_DATE('29-JAN-00', 'DD-MM-YY'), 'SA_MAN' , '10500', '.2', '100', '80')
 52  INTO EMPLOYEES VALUES( '150','Peter','Tucker','PTUCKER', '011.44.1344.129268' , TO_DATE('30-JAN-97', 'DD-MM-YY'), 'SA_REP' , '10000', '.3', '145', '80')
 53  INTO EMPLOYEES VALUES( '151','David','Bernstein','DBERNSTE', '011.44.1344.345268' , TO_DATE('24-MAR-97', 'DD-MM-YY'), 'SA_REP' , '9500', '.25', '145', '80')
 54  INTO EMPLOYEES VALUES( '152','Peter','Hall','PHALL', '011.44.1344.478968' , TO_DATE('20-AUG-97', 'DD-MM-YY'), 'SA_REP' , '9000', '.25', '145', '80')
 55  INTO EMPLOYEES VALUES( '153','Christopher','Olsen','COLSEN', '011.44.1344.498718' , TO_DATE('30-MAR-98', 'DD-MM-YY'), 'SA_REP' , '8000', '.2', '145', '80')
 56  INTO EMPLOYEES VALUES( '154','Nanette','Cambrault','NCAMBRAU', '011.44.1344.987668' , TO_DATE('09-DEC-98', 'DD-MM-YY'), 'SA_REP' , '7500', '.2', '145', '80')
 57  INTO EMPLOYEES VALUES( '155','Oliver','Tuvault','OTUVAULT', '011.44.1344.486508' , TO_DATE('23-NOV-99', 'DD-MM-YY'), 'SA_REP' , '7000', '.15', '145', '80')
 58  INTO EMPLOYEES VALUES( '156','Janette','King','JKING', '011.44.1345.429268' , TO_DATE('30-JAN-96', 'DD-MM-YY'), 'SA_REP' , '10000', '.35', '146', '80')
 59  INTO EMPLOYEES VALUES( '157','Patrick','Sully','PSULLY', '011.44.1345.929268' , TO_DATE('04-MAR-96', 'DD-MM-YY'), 'SA_REP' , '9500', '.35', '146', '80')
 60  INTO EMPLOYEES VALUES( '158','Allan','McEwen','AMCEWEN', '011.44.1345.829268' , TO_DATE('01-AUG-96', 'DD-MM-YY'), 'SA_REP' , '9000', '.35', '146', '80')
 61  INTO EMPLOYEES VALUES( '159','Lindsey','Smith','LSMITH', '011.44.1345.729268' , TO_DATE('10-MAR-97', 'DD-MM-YY'), 'SA_REP' , '8000', '.3', '146', '80')
 62  INTO EMPLOYEES VALUES( '160','Louise','Doran','LDORAN', '011.44.1345.629268' , TO_DATE('15-DEC-97', 'DD-MM-YY'), 'SA_REP' , '7500', '.3', '146', '80')
 63  INTO EMPLOYEES VALUES( '161','Sarath','Sewall','SSEWALL', '011.44.1345.529268' , TO_DATE('03-NOV-98', 'DD-MM-YY'), 'SA_REP' , '7000', '.25', '146', '80')
 64  INTO EMPLOYEES VALUES( '162','Clara','Vishney','CVISHNEY', '011.44.1346.129268' , TO_DATE('11-NOV-97', 'DD-MM-YY'), 'SA_REP' , '10500', '.25', '147', '80')
 65  INTO EMPLOYEES VALUES( '163','Danielle','Greene','DGREENE', '011.44.1346.229268' , TO_DATE('19-MAR-99', 'DD-MM-YY'), 'SA_REP' , '9500', '.15', '147', '80')
 66  INTO EMPLOYEES VALUES( '164','Mattea','Marvins','MMARVINS', '011.44.1346.329268' , TO_DATE('24-JAN-00', 'DD-MM-YY'), 'SA_REP' , '7200', '.1', '147', '80')
 67  INTO EMPLOYEES VALUES( '165','David','Lee','DLEE', '011.44.1346.529268' , TO_DATE('23-FEB-00', 'DD-MM-YY'), 'SA_REP' , '6800', '.1', '147', '80')
 68  INTO EMPLOYEES VALUES( '166','Sundar','Ande','SANDE', '011.44.1346.629268' , TO_DATE('24-MAR-00', 'DD-MM-YY'), 'SA_REP' , '6400', '.1', '147', '80')
 69  INTO EMPLOYEES VALUES( '167','Amit','Banda','ABANDA', '011.44.1346.729268' , TO_DATE('21-APR-00', 'DD-MM-YY'), 'SA_REP' , '6200', '.1', '147', '80')
 70  INTO EMPLOYEES VALUES( '168','Lisa','Ozer','LOZER', '011.44.1343.929268' , TO_DATE('11-MAR-97', 'DD-MM-YY'), 'SA_REP' , '11500', '.25', '148', '80')
 71  INTO EMPLOYEES VALUES( '169','Harrison','Bloom','HBLOOM', '011.44.1343.829268' , TO_DATE('23-MAR-98', 'DD-MM-YY'), 'SA_REP' , '10000', '.2', '148', '80')
 72  INTO EMPLOYEES VALUES( '170','Tayler','Fox','TFOX', '011.44.1343.729268' , TO_DATE('24-JAN-98', 'DD-MM-YY'), 'SA_REP' , '9600', '.2', '148', '80')
 73  INTO EMPLOYEES VALUES( '171','William','Smith','WSMITH', '011.44.1343.629268' , TO_DATE('23-FEB-99', 'DD-MM-YY'), 'SA_REP' , '7400', '.15', '148', '80')
 74  INTO EMPLOYEES VALUES( '172','Elizabeth','Bates','EBATES', '011.44.1343.529268' , TO_DATE('24-MAR-99', 'DD-MM-YY'), 'SA_REP' , '7300', '.15', '148', '80')
 75  INTO EMPLOYEES VALUES( '173','Sundita','Kumar','SKUMAR', '011.44.1343.329268' , TO_DATE('21-APR-00', 'DD-MM-YY'), 'SA_REP' , '6100', '.1', '148', '80')
 76  INTO EMPLOYEES VALUES( '174','Ellen','Abel','EABEL', '011.44.1644.429267' , TO_DATE('11-MAY-96', 'DD-MM-YY'), 'SA_REP' , '11000', '.3', '149', '80')
 77  INTO EMPLOYEES VALUES( '175','Alyssa','Hutton','AHUTTON', '011.44.1644.429266' , TO_DATE('19-MAR-97', 'DD-MM-YY'), 'SA_REP' , '8800', '.25', '149', '80')
 78  INTO EMPLOYEES VALUES( '176','Jonathon','Taylor','JTAYLOR', '011.44.1644.429265' , TO_DATE('24-MAR-98', 'DD-MM-YY'), 'SA_REP' , '8600', '.2', '149', '80')
 79  INTO EMPLOYEES VALUES( '177','Jack','Livingston','JLIVINGS', '011.44.1644.429264' , TO_DATE('23-APR-98', 'DD-MM-YY'), 'SA_REP' , '8400', '.2', '149', '80')
 80  INTO EMPLOYEES VALUES( '178','Kimberely','Grant','KGRANT', '011.44.1644.429263' , TO_DATE('24-MAY-99', 'DD-MM-YY'), 'SA_REP', '7000', '.15', '149',NULL)
 81  INTO EMPLOYEES VALUES( '179','Charles','Johnson','CJOHNSON', '011.44.1644.429262' , TO_DATE('04-JAN-00', 'DD-MM-YY'), 'SA_REP' , '6200', '.1', '149', '80')
 82  INTO EMPLOYEES VALUES( '180','Winston','Taylor','WTAYLOR', '650.507.9876' , TO_DATE('24-JAN-98', 'DD-MM-YY'), 'SH_CLERK' , NULL,'3200', '120', '50')
 83  INTO EMPLOYEES VALUES( '181','Jean','Fleaur','JFLEAUR', '650.507.9877' , TO_DATE('23-FEB-98', 'DD-MM-YY'), 'SH_CLERK' , NULL,'3100', '120', '50')
 84  INTO EMPLOYEES VALUES( '182','Martha','Sullivan','MSULLIVA', '650.507.9878' , TO_DATE('21-JUN-99', 'DD-MM-YY'), 'SH_CLERK' , NULL,'2500', '120', '50')
 85  INTO EMPLOYEES VALUES( '183','Girard','Geoni','GGEONI', '650.507.9879' , TO_DATE('03-FEB-00', 'DD-MM-YY'), 'SH_CLERK' , NULL,'2800', '120', '50')
 86  INTO EMPLOYEES VALUES( '184','Nandita','Sarchand','NSARCHAN', '650.509.1876' , TO_DATE('27-JAN-96', 'DD-MM-YY'), 'SH_CLERK' , NULL,'4200', '121', '50')
 87  INTO EMPLOYEES VALUES( '185','Alexis','Bull','ABULL', '650.509.2876' , TO_DATE('20-FEB-97', 'DD-MM-YY'), 'SH_CLERK' , NULL,'4100', '121', '50')
 88  INTO EMPLOYEES VALUES( '186','Julia','Dellinger','JDELLING', '650.509.3876' , TO_DATE('24-JUN-98', 'DD-MM-YY'), 'SH_CLERK' , NULL,'3400', '121', '50')
 89  INTO EMPLOYEES VALUES( '187','Anthony','Cabrio','ACABRIO', '650.509.4876' , TO_DATE('07-FEB-99', 'DD-MM-YY'), 'SH_CLERK' , NULL,'3000', '121', '50')
 90  INTO EMPLOYEES VALUES( '188','Kelly','Chung','KCHUNG', '650.505.1876' , TO_DATE('14-JUN-97', 'DD-MM-YY'), 'SH_CLERK' , NULL,'3800', '122', '50')
 91  INTO EMPLOYEES VALUES( '189','Jennifer','Dilly','JDILLY', '650.505.2876' , TO_DATE('13-AUG-97', 'DD-MM-YY'), 'SH_CLERK' , NULL,'3600', '122', '50')
 92  INTO EMPLOYEES VALUES( '190','Timothy','Gates','TGATES', '650.505.3876' , TO_DATE('11-JUL-98', 'DD-MM-YY'), 'SH_CLERK' , NULL,'2900', '122', '50')
 93  INTO EMPLOYEES VALUES( '191','Randall','Perkins','RPERKINS', '650.505.4876' , TO_DATE('19-DEC-99', 'DD-MM-YY'), 'SH_CLERK' , NULL,'2500', '122', '50')
 94  INTO EMPLOYEES VALUES( '192','Sarah','Bell','SBELL', '650.501.1876' , TO_DATE('04-FEB-96', 'DD-MM-YY'), 'SH_CLERK' , NULL,'4000', '123', '50')
 95  INTO EMPLOYEES VALUES( '193','Britney','Everett','BEVERETT', '650.501.2876' , TO_DATE('03-MAR-97', 'DD-MM-YY'), 'SH_CLERK' , NULL,'3900', '123', '50')
 96  INTO EMPLOYEES VALUES( '194','Samuel','McCain','SMCCAIN', '650.501.3876' , TO_DATE('01-JUL-98', 'DD-MM-YY'), 'SH_CLERK' , NULL,'3200', '123', '50')
 97  INTO EMPLOYEES VALUES( '195','Vance','Jones','VJONES', '650.501.4876' , TO_DATE('17-MAR-99', 'DD-MM-YY'), 'SH_CLERK' , NULL,'2800', '123', '50')
 98  INTO EMPLOYEES VALUES( '196','Alana','Walsh','AWALSH', '650.507.9811' , TO_DATE('24-APR-98', 'DD-MM-YY'), 'SH_CLERK' , NULL,'3100', '124', '50' )
 99  INTO EMPLOYEES VALUES( '197','Kevin','Feeney','KFEENEY', '650.507.9822' , TO_DATE('23-MAY-98', 'DD-MM-YY'), 'SH_CLERK' , NULL,'3000', '124', '50')
100  INTO EMPLOYEES VALUES( '198','Donald','OConnell','DOCONNEL', '650.507.9833' , TO_DATE('21-JUN-99', 'DD-MM-YY'), 'SH_CLERK' , NULL,'2600', '124', '50')
101  INTO EMPLOYEES VALUES( '199','Douglas','Grant','DGRANT', '650.507.9844' , TO_DATE('13-JAN-00', 'DD-MM-YY'), 'SH_CLERK' , NULL,'2600', '124', '50')
102  INTO EMPLOYEES VALUES( '200','Jennifer','Whalen','JWHALEN', '515.123.4444' , TO_DATE('17-SEP-87', 'DD-MM-YY'), 'AD_ASST' , NULL,'4400', '101', '10')
103  INTO EMPLOYEES VALUES( '201','Michael','Hartstein','MHARTSTE', '515.123.5555' , TO_DATE('17-FEB-96', 'DD-MM-YY'), 'MK_MAN' , NULL,'13000', '100', '20')
104  INTO EMPLOYEES VALUES( '202','Pat','Fay','PFAY', '603.123.6666' , TO_DATE('17-AUG-97', 'DD-MM-YY'), 'MK_REP' , NULL,'6000', '201', '20')
105  INTO EMPLOYEES VALUES( '203','Susan','Mavris','SMAVRIS', '515.123.7777' , TO_DATE('07-JUN-94', 'DD-MM-YY'), 'HR_REP' , NULL,'6500', '101', '40')
106  INTO EMPLOYEES VALUES( '204','Hermann','Baer','HBAER', '515.123.8888' , TO_DATE('07-JUN-94', 'DD-MM-YY'), 'PR_REP' , NULL,'10000', '101', '70')
107  INTO EMPLOYEES VALUES( '205','Shelley','Higgins','SHIGGINS', '515.123.8080' , TO_DATE('07-JUN-94', 'DD-MM-YY'), 'AC_MGR' , NULL,'12000', '101', '110')
108  INTO EMPLOYEES VALUES( '206','William','Gietz','WGIETZ', '515.123.8181' , TO_DATE('07-JUN-94', 'DD-MM-YY'), 'AC_ACCOUNT' ,'8300',NULL, '205', '110');
INTO EMPLOYEES VALUES( '206','William','Gietz','WGIETZ', '515.123.8181' , TO_DATE('07-JUN-94', 'DD-MM-YY'), 'AC_ACCOUNT' ,'8300',NULL, '205', '110')

                                                         *
ERROR at line 108:
ORA-00928: missing SELECT keyword


SQL> INSERT ALL
  2  INTO EMPLOYEES VALUES( '100','Steven','King','SKING', '515.123.4567' , TO_DATE('17-JUN-87', 'DD-MM-YY'), 'AD_PRES', '24000',NULL, NULL,'90')
  3  INTO EMPLOYEES VALUES( '101','Neena','Kochhar','NKOCHHAR', '515.123.4568' , TO_DATE('21-SEP-89', 'DD-MM-YY'), 'AD_VP' , NULL,'17000', '100', '90');
INTO EMPLOYEES VALUES( '101','Neena','Kochhar','NKOCHHAR', '515.123.4568' , TO_DATE('21-SEP-89', 'DD-MM-YY'), 'AD_VP' , NULL,'17000', '100', '90')

                                                       *
ERROR at line 3:
ORA-00928: missing SELECT keyword


SQL> DESC EMPLOYEES
 Name                                      Null?    Type
 ----------------------------------------- -------- ----------------------------
 EMPLOYEE_ID                               NOT NULL NUMBER(6)
 FIRST_NAME                                NOT NULL VARCHAR2(20)
 LAST_NAME                                 NOT NULL VARCHAR2(25)
 EMAIL                                     NOT NULL VARCHAR2(25)
 PHONE_NUMBER                                       VARCHAR2(20)
 HIRE_DATE                                          DATE
 JOB_ID                                    NOT NULL VARCHAR2(10)
 SALARY                                             NUMBER(8,2)
 COMMISSION_PCT                                     NUMBER(2,2)
 MANAGER_ID                                         NUMBER(6)
 DEPARTMENT_ID                                      NUMBER(4)

SQL> INSERT ALL
  2  INTO EMPLOYEES VALUES( '100','Steven','King','SKING', '515.123.4567' , TO_DATE('17-JUN-87', 'DD-MM-YY'), 'AD_PRES', '24000',NULL, NULL,'90');
INTO EMPLOYEES VALUES( '100','Steven','King','SKING', '515.123.4567' , TO_DATE('17-JUN-87', 'DD-MM-YY'), 'AD_PRES', '24000',NULL, NULL,'90')
                                                                                                                                           *
ERROR at line 2:
ORA-00928: missing SELECT keyword


SQL> INSERT INTO EMPLOYEES VALUES( '100','Steven','King','SKING', '515.123.4567' , TO_DATE('17-JUN-87', 'DD-MM-YY'), 'AD_PRES', '24000',NULL, NULL,'90')
  2  ;

1 row created.

SQL>
SQL> INSERT INTO EMPLOYEES VALUES( '101','Neena','Kochhar','NKOCHHAR', '515.123.4568' , TO_DATE('21-SEP-89', 'DD-MM-YY'), 'AD_VP' , NULL,'17000', '100', '90');
INSERT INTO EMPLOYEES VALUES( '101','Neena','Kochhar','NKOCHHAR', '515.123.4568' , TO_DATE('21-SEP-89', 'DD-MM-YY'), 'AD_VP' , NULL,'17000', '100', '90')
                                                                                                                                    *
ERROR at line 1:
ORA-01438: value larger than specified precision allowed for this column


SQL> INSERT INTO EMPLOYEES VALUES( '102', 'Lex' ,'De Haan', 'LDEHAAN', '515.123.4569' , TO_DATE('13-JAN-93', 'DD-MM-YY'), 'AD_VP' , NULL,'17000', '100', '90');
INSERT INTO EMPLOYEES VALUES( '102', 'Lex' ,'De Haan', 'LDEHAAN', '515.123.4569' , TO_DATE('13-JAN-93', 'DD-MM-YY'), 'AD_VP' , NULL,'17000', '100', '90')

                                  *
ERROR at line 1:
ORA-01438: value larger than specified precision allowed for this column


SQL> INSERT INTO EMPLOYEES VALUES( '103','Alexander','Hunold','AHUNOLD', '590.423.4567' , TO_DATE('03-JAN-90', 'DD-MM-YY'), 'IT_PROG' , NULL,'9000', '102', '60');
INSERT INTO EMPLOYEES VALUES( '103','Alexander','Hunold','AHUNOLD', '590.423.4567' , TO_DATE('03-JAN-90', 'DD-MM-YY'), 'IT_PROG' , NULL,'9000', '102', '60')

                                      *
ERROR at line 1:
ORA-01438: value larger than specified precision allowed for this column


SQL> INSERT INTO EMPLOYEES VALUES( '104','Bruce','Ernst','BERNST', '590.423.4568' , TO_DATE('21-MAY-91', 'DD-MM-YY'), 'IT_PROG' , NULL,'6000', '103', '60');
INSERT INTO EMPLOYEES VALUES( '104','Bruce','Ernst','BERNST', '590.423.4568' , TO_DATE('21-MAY-91', 'DD-MM-YY'), 'IT_PROG' , NULL,'6000', '103', '60')

                                *
ERROR at line 1:
ORA-01438: value larger than specified precision allowed for this column


SQL> INSERT INTO EMPLOYEES VALUES( '105','David','Austin','DAUSTIN', '590.423.4569' , TO_DATE('25-JUN-97', 'DD-MM-YY'), 'IT_PROG' , NULL,'4800', '103', '60');
INSERT INTO EMPLOYEES VALUES( '105','David','Austin','DAUSTIN', '590.423.4569' , TO_DATE('25-JUN-97', 'DD-MM-YY'), 'IT_PROG' , NULL,'4800', '103', '60')

                                  *
ERROR at line 1:
ORA-01438: value larger than specified precision allowed for this column


SQL> INSERT INTO EMPLOYEES VALUES( '106','Valli','Pataballa','VPATABAL', '590.423.4560' , TO_DATE('05-FEB-98', 'DD-MM-YY'), 'IT_PROG' , NULL,'4800', '103', '60');
INSERT INTO EMPLOYEES VALUES( '106','Valli','Pataballa','VPATABAL', '590.423.4560' , TO_DATE('05-FEB-98', 'DD-MM-YY'), 'IT_PROG' , NULL,'4800', '103', '60')

                                      *
ERROR at line 1:
ORA-01438: value larger than specified precision allowed for this column


SQL> INSERT INTO EMPLOYEES VALUES( '107','Diana','Lorentz','DLORENTZ', '590.423.5567' , TO_DATE('07-FEB-99', 'DD-MM-YY'), 'IT_PROG' , NULL,'4200', '103', '60');
INSERT INTO EMPLOYEES VALUES( '107','Diana','Lorentz','DLORENTZ', '590.423.5567' , TO_DATE('07-FEB-99', 'DD-MM-YY'), 'IT_PROG' , NULL,'4200', '103', '60')

                                    *
ERROR at line 1:
ORA-01438: value larger than specified precision allowed for this column


SQL> INSERT INTO EMPLOYEES VALUES( '108','Nancy','Greenberg','NGREENBE', '515.124.4569' , TO_DATE('17-AUG-94', 'DD-MM-YY'), 'FI_MGR' , NULL,'12000', '101', '100');
INSERT INTO EMPLOYEES VALUES( '108','Nancy','Greenberg','NGREENBE', '515.124.4569' , TO_DATE('17-AUG-94', 'DD-MM-YY'), 'FI_MGR' , NULL,'12000', '101', '100')

                                     *
ERROR at line 1:
ORA-01438: value larger than specified precision allowed for this column


SQL> INSERT INTO EMPLOYEES VALUES( '109','Daniel','Faviet','DFAVIET', '515.124.4169' , TO_DATE('16-AUG-94', 'DD-MM-YY'), 'FI_ACCOUNT' , NULL,'9000', '108', '100');
INSERT INTO EMPLOYEES VALUES( '109','Daniel','Faviet','DFAVIET', '515.124.4169' , TO_DATE('16-AUG-94', 'DD-MM-YY'), 'FI_ACCOUNT' , NULL,'9000', '108', '100')

                                      *
ERROR at line 1:
ORA-01438: value larger than specified precision allowed for this column


SQL> INSERT INTO EMPLOYEES VALUES( '110','John','Chen','JCHEN', '515.124.4269' , TO_DATE('28-SEP-97', 'DD-MM-YY'), 'FI_ACCOUNT' , NULL,'8200', '108', '100');
INSERT INTO EMPLOYEES VALUES( '110','John','Chen','JCHEN', '515.124.4269' , TO_DATE('28-SEP-97', 'DD-MM-YY'), 'FI_ACCOUNT' , NULL,'8200', '108', '100')

                                *
ERROR at line 1:
ORA-01438: value larger than specified precision allowed for this column


SQL> INSERT INTO EMPLOYEES VALUES( '111','Ismael','Sciarra','ISCIARRA', '515.124.4369' , TO_DATE('30-SEP-97', 'DD-MM-YY'), 'FI_ACCOUNT' , NULL,'7700', '108', '100');
INSERT INTO EMPLOYEES VALUES( '111','Ismael','Sciarra','ISCIARRA', '515.124.4369' , TO_DATE('30-SEP-97', 'DD-MM-YY'), 'FI_ACCOUNT' , NULL,'7700', '108', '100')

                                        *
ERROR at line 1:
ORA-01438: value larger than specified precision allowed for this column


SQL> INSERT INTO EMPLOYEES VALUES( '112','Jose Manuel', 'Urman', 'JMURMAN', '515.124.4469' , TO_DATE('07-MAR-98', 'DD-MM-YY'), 'FI_ACCOUNT' , NULL,'7800', '108', '100');
INSERT INTO EMPLOYEES VALUES( '112','Jose Manuel', 'Urman', 'JMURMAN', '515.124.4469' , TO_DATE('07-MAR-98', 'DD-MM-YY'), 'FI_ACCOUNT' , NULL,'7800', '108', '100')

                                            *
ERROR at line 1:
ORA-01438: value larger than specified precision allowed for this column


SQL> INSERT INTO EMPLOYEES VALUES( '113','Luis','Popp','LPOPP', '515.124.4567' , TO_DATE('07-DEC-99', 'DD-MM-YY'), 'FI_ACCOUNT' , NULL,'6900', '108', '100');
INSERT INTO EMPLOYEES VALUES( '113','Luis','Popp','LPOPP', '515.124.4567' , TO_DATE('07-DEC-99', 'DD-MM-YY'), 'FI_ACCOUNT' , NULL,'6900', '108', '100')

                                *
ERROR at line 1:
ORA-01438: value larger than specified precision allowed for this column


SQL> INSERT INTO EMPLOYEES VALUES( '114','Den','Raphaely','DRAPHEAL', '515.127.4561' , TO_DATE('07-DEC-94', 'DD-MM-YY'), 'PU_MAN' , NULL,'11000', '100', '30');
INSERT INTO EMPLOYEES VALUES( '114','Den','Raphaely','DRAPHEAL', '515.127.4561' , TO_DATE('07-DEC-94', 'DD-MM-YY'), 'PU_MAN' , NULL,'11000', '100', '30')

                                  *
ERROR at line 1:
ORA-01438: value larger than specified precision allowed for this column


SQL> INSERT INTO EMPLOYEES VALUES( '115','Alexander','Khoo','AKHOO', '515.127.4562' , TO_DATE('18-MAY-95', 'DD-MM-YY'), 'PU_CLERK' , NULL,'3100', '114', '30');
INSERT INTO EMPLOYEES VALUES( '115','Alexander','Khoo','AKHOO', '515.127.4562' , TO_DATE('18-MAY-95', 'DD-MM-YY'), 'PU_CLERK' , NULL,'3100', '114', '30')

                                   *
ERROR at line 1:
ORA-01438: value larger than specified precision allowed for this column


SQL> INSERT INTO EMPLOYEES VALUES( '116','Shelli','Baida','SBAIDA', '515.127.4563' , TO_DATE('24-DEC-97', 'DD-MM-YY'), 'PU_CLERK' , NULL,'2900', '114', '30');
INSERT INTO EMPLOYEES VALUES( '116','Shelli','Baida','SBAIDA', '515.127.4563' , TO_DATE('24-DEC-97', 'DD-MM-YY'), 'PU_CLERK' , NULL,'2900', '114', '30')

                                  *
ERROR at line 1:
ORA-01438: value larger than specified precision allowed for this column


SQL> INSERT INTO EMPLOYEES VALUES( '117','Sigal','Tobias','STOBIAS', '515.127.4564' , TO_DATE('24-JUL-97', 'DD-MM-YY'), 'PU_CLERK' , NULL,'2800', '114', '30');
INSERT INTO EMPLOYEES VALUES( '117','Sigal','Tobias','STOBIAS', '515.127.4564' , TO_DATE('24-JUL-97', 'DD-MM-YY'), 'PU_CLERK' , NULL,'2800', '114', '30')

                                   *
ERROR at line 1:
ORA-01438: value larger than specified precision allowed for this column


SQL> INSERT INTO EMPLOYEES VALUES( '118','Guy','Himuro','GHIMURO', '515.127.4565' , TO_DATE('15-NOV-98', 'DD-MM-YY'), 'PU_CLERK' , NULL,'2600', '114', '30');
INSERT INTO EMPLOYEES VALUES( '118','Guy','Himuro','GHIMURO', '515.127.4565' , TO_DATE('15-NOV-98', 'DD-MM-YY'), 'PU_CLERK' , NULL,'2600', '114', '30')

                                 *
ERROR at line 1:
ORA-01438: value larger than specified precision allowed for this column


SQL> INSERT INTO EMPLOYEES VALUES( '119','Karen','Colmenares','KCOLMENA', '515.127.4566' , TO_DATE('10-AUG-99', 'DD-MM-YY'), 'PU_CLERK' , NULL,'2500', '114', '30');
INSERT INTO EMPLOYEES VALUES( '119','Karen','Colmenares','KCOLMENA', '515.127.4566' , TO_DATE('10-AUG-99', 'DD-MM-YY'), 'PU_CLERK' , NULL,'2500', '114', '30')
                                                                                                                                          *
ERROR at line 1:
ORA-01438: value larger than specified precision allowed for this column


SQL> INSERT INTO EMPLOYEES VALUES( '120','Matthew','Weiss','MWEISS', '650.123.1234' , TO_DATE('18-JUL-96', 'DD-MM-YY'), 'ST_MAN' , NULL,'8000', '100', '50');
INSERT INTO EMPLOYEES VALUES( '120','Matthew','Weiss','MWEISS', '650.123.1234' , TO_DATE('18-JUL-96', 'DD-MM-YY'), 'ST_MAN' , NULL,'8000', '100', '50')

                                 *
ERROR at line 1:
ORA-01438: value larger than specified precision allowed for this column


SQL> INSERT INTO EMPLOYEES VALUES( '121','Adam','Fripp','AFRIPP', '650.123.2234' , TO_DATE('10-APR-97', 'DD-MM-YY'), 'ST_MAN' , NULL,'8200', '100', '50');
INSERT INTO EMPLOYEES VALUES( '121','Adam','Fripp','AFRIPP', '650.123.2234' , TO_DATE('10-APR-97', 'DD-MM-YY'), 'ST_MAN' , NULL,'8200', '100', '50')

                              *
ERROR at line 1:
ORA-01438: value larger than specified precision allowed for this column


SQL> INSERT INTO EMPLOYEES VALUES( '122','Payam','Kaufling','PKAUFLIN', '650.123.3234' , TO_DATE('01-MAY-95', 'DD-MM-YY'), 'ST_MAN' , NULL,'7900', '100', '50');
INSERT INTO EMPLOYEES VALUES( '122','Payam','Kaufling','PKAUFLIN', '650.123.3234' , TO_DATE('01-MAY-95', 'DD-MM-YY'), 'ST_MAN' , NULL,'7900', '100', '50')

                                    *
ERROR at line 1:
ORA-01438: value larger than specified precision allowed for this column


SQL> INSERT INTO EMPLOYEES VALUES( '123','Shanta','Vollman','SVOLLMAN', '650.123.4234' , TO_DATE('10-OCT-97', 'DD-MM-YY'), 'ST_MAN' , NULL,'6500', '100', '50');
INSERT INTO EMPLOYEES VALUES( '123','Shanta','Vollman','SVOLLMAN', '650.123.4234' , TO_DATE('10-OCT-97', 'DD-MM-YY'), 'ST_MAN' , NULL,'6500', '100', '50')

                                    *
ERROR at line 1:
ORA-01438: value larger than specified precision allowed for this column


SQL> INSERT INTO EMPLOYEES VALUES( '124','Kevin','Mourgos','KMOURGOS', '650.123.5234' , TO_DATE('16-NOV-99', 'DD-MM-YY'), 'ST_MAN' , NULL,'5800', '100', '50');
INSERT INTO EMPLOYEES VALUES( '124','Kevin','Mourgos','KMOURGOS', '650.123.5234' , TO_DATE('16-NOV-99', 'DD-MM-YY'), 'ST_MAN' , NULL,'5800', '100', '50')

                                   *
ERROR at line 1:
ORA-01438: value larger than specified precision allowed for this column


SQL> INSERT INTO EMPLOYEES VALUES( '125','Julia','Nayer','JNAYER', '650.124.1214' , TO_DATE('16-JUL-97', 'DD-MM-YY'), 'ST_CLERK' , NULL,'3200', '120', '50');
INSERT INTO EMPLOYEES VALUES( '125','Julia','Nayer','JNAYER', '650.124.1214' , TO_DATE('16-JUL-97', 'DD-MM-YY'), 'ST_CLERK' , NULL,'3200', '120', '50')

                                 *
ERROR at line 1:
ORA-01438: value larger than specified precision allowed for this column


SQL> INSERT INTO EMPLOYEES VALUES( '126','Irene','Mikkilineni','IMIKKILI', '650.124.1224' , TO_DATE('28-SEP-98', 'DD-MM-YY'), 'ST_CLERK' , NULL,'2700', '120', '50');
INSERT INTO EMPLOYEES VALUES( '126','Irene','Mikkilineni','IMIKKILI', '650.124.1224' , TO_DATE('28-SEP-98', 'DD-MM-YY'), 'ST_CLERK' , NULL,'2700', '120', '50')

                                         *
ERROR at line 1:
ORA-01438: value larger than specified precision allowed for this column


SQL> INSERT INTO EMPLOYEES VALUES( '127','James','Landry','JLANDRY', '650.124.1334' , TO_DATE('14-JAN-99', 'DD-MM-YY'), 'ST_CLERK' , NULL,'2400', '120', '50');
INSERT INTO EMPLOYEES VALUES( '127','James','Landry','JLANDRY', '650.124.1334' , TO_DATE('14-JAN-99', 'DD-MM-YY'), 'ST_CLERK' , NULL,'2400', '120', '50')

                                   *
ERROR at line 1:
ORA-01438: value larger than specified precision allowed for this column


SQL> INSERT INTO EMPLOYEES VALUES( '128','Steven','Markle','SMARKLE', '650.124.1434' , TO_DATE('08-MAR-00', 'DD-MM-YY'), 'ST_CLERK' , NULL,'2200', '120', '50');
INSERT INTO EMPLOYEES VALUES( '128','Steven','Markle','SMARKLE', '650.124.1434' , TO_DATE('08-MAR-00', 'DD-MM-YY'), 'ST_CLERK' , NULL,'2200', '120', '50')

                                    *
ERROR at line 1:
ORA-01438: value larger than specified precision allowed for this column


SQL> INSERT INTO EMPLOYEES VALUES( '129','Laura','Bissot','LBISSOT', '650.124.5234' , TO_DATE('20-AUG-97', 'DD-MM-YY'), 'ST_CLERK' , NULL,'3300', '121', '50');
INSERT INTO EMPLOYEES VALUES( '129','Laura','Bissot','LBISSOT', '650.124.5234' , TO_DATE('20-AUG-97', 'DD-MM-YY'), 'ST_CLERK' , NULL,'3300', '121', '50')

                                   *
ERROR at line 1:
ORA-01438: value larger than specified precision allowed for this column


SQL> INSERT INTO EMPLOYEES VALUES( '130','Mozhe','Atkinson','MATKINSO', '650.124.6234' , TO_DATE('30-OCT-97', 'DD-MM-YY'), 'ST_CLERK' , NULL,'2800', '121', '50');
INSERT INTO EMPLOYEES VALUES( '130','Mozhe','Atkinson','MATKINSO', '650.124.6234' , TO_DATE('30-OCT-97', 'DD-MM-YY'), 'ST_CLERK' , NULL,'2800', '121', '50')

                                      *
ERROR at line 1:
ORA-01438: value larger than specified precision allowed for this column


SQL> INSERT INTO EMPLOYEES VALUES( '131','James','Marlow','JAMRLOW', '650.124.7234' , TO_DATE('16-FEB-97', 'DD-MM-YY'), 'ST_CLERK' , NULL,'2500', '121', '50');
INSERT INTO EMPLOYEES VALUES( '131','James','Marlow','JAMRLOW', '650.124.7234' , TO_DATE('16-FEB-97', 'DD-MM-YY'), 'ST_CLERK' , NULL,'2500', '121', '50')

                                   *
ERROR at line 1:
ORA-01438: value larger than specified precision allowed for this column


SQL> INSERT INTO EMPLOYEES VALUES( '132','TJ','Olson','TJOLSON', '650.124.8234' , TO_DATE('10-APR-99', 'DD-MM-YY'), 'ST_CLERK' , NULL,'2100', '121', '50');
INSERT INTO EMPLOYEES VALUES( '132','TJ','Olson','TJOLSON', '650.124.8234' , TO_DATE('10-APR-99', 'DD-MM-YY'), 'ST_CLERK' , NULL,'2100', '121', '50')

                               *
ERROR at line 1:
ORA-01438: value larger than specified precision allowed for this column


SQL> INSERT INTO EMPLOYEES VALUES( '133','Jason','Mallin','JMALLIN', '650.127.1934' , TO_DATE('14-JUN-96', 'DD-MM-YY'), 'ST_CLERK' , NULL,'3300', '122', '50');
INSERT INTO EMPLOYEES VALUES( '133','Jason','Mallin','JMALLIN', '650.127.1934' , TO_DATE('14-JUN-96', 'DD-MM-YY'), 'ST_CLERK' , NULL,'3300', '122', '50')

                                   *
ERROR at line 1:
ORA-01438: value larger than specified precision allowed for this column


SQL> INSERT INTO EMPLOYEES VALUES( '134','Michael','Rogers','MROGERS', '650.127.1834' , TO_DATE('26-AUG-98', 'DD-MM-YY'), 'ST_CLERK' , NULL,'2900', '122', '50');
INSERT INTO EMPLOYEES VALUES( '134','Michael','Rogers','MROGERS', '650.127.1834' , TO_DATE('26-AUG-98', 'DD-MM-YY'), 'ST_CLERK' , NULL,'2900', '122', '50')

                                     *
ERROR at line 1:
ORA-01438: value larger than specified precision allowed for this column


SQL> INSERT INTO EMPLOYEES VALUES( '135','Ki','Gee','KGEE', '650.127.1734' , TO_DATE('12-DEC-99', 'DD-MM-YY'), 'ST_CLERK' , NULL,'2400', '122', '50');
INSERT INTO EMPLOYEES VALUES( '135','Ki','Gee','KGEE', '650.127.1734' , TO_DATE('12-DEC-99', 'DD-MM-YY'), 'ST_CLERK' , NULL,'2400', '122', '50')

                          *
ERROR at line 1:
ORA-01438: value larger than specified precision allowed for this column


SQL> INSERT INTO EMPLOYEES VALUES( '136','Hazel','Philtanker','HPHILTAN', '650.127.1634' , TO_DATE('06-FEB-00', 'DD-MM-YY'), 'ST_CLERK' , NULL,'2200', '122', '50');
INSERT INTO EMPLOYEES VALUES( '136','Hazel','Philtanker','HPHILTAN', '650.127.1634' , TO_DATE('06-FEB-00', 'DD-MM-YY'), 'ST_CLERK' , NULL,'2200', '122', '50')

                                        *
ERROR at line 1:
ORA-01438: value larger than specified precision allowed for this column


SQL> INSERT INTO EMPLOYEES VALUES( '137','Renske','Ladwig','RLADWIG', '650.121.1234' , TO_DATE('14-JUL-95', 'DD-MM-YY'), 'ST_CLERK' , NULL,'3600', '123', '50');
INSERT INTO EMPLOYEES VALUES( '137','Renske','Ladwig','RLADWIG', '650.121.1234' , TO_DATE('14-JUL-95', 'DD-MM-YY'), 'ST_CLERK' , NULL,'3600', '123', '50')

                                    *
ERROR at line 1:
ORA-01438: value larger than specified precision allowed for this column


SQL> INSERT INTO EMPLOYEES VALUES( '138','Stephen','Stiles','SSTILES', '650.121.2034' , TO_DATE('26-OCT-97', 'DD-MM-YY'), 'ST_CLERK' , NULL,'3200', '123', '50');
INSERT INTO EMPLOYEES VALUES( '138','Stephen','Stiles','SSTILES', '650.121.2034' , TO_DATE('26-OCT-97', 'DD-MM-YY'), 'ST_CLERK' , NULL,'3200', '123', '50')

                                     *
ERROR at line 1:
ORA-01438: value larger than specified precision allowed for this column


SQL> INSERT INTO EMPLOYEES VALUES( '139','John','Seo','JSEO', '650.121.2019' , TO_DATE('12-FEB-98', 'DD-MM-YY'), 'ST_CLERK' , NULL,'2700', '123', '50');
INSERT INTO EMPLOYEES VALUES( '139','John','Seo','JSEO', '650.121.2019' , TO_DATE('12-FEB-98', 'DD-MM-YY'), 'ST_CLERK' , NULL,'2700', '123', '50')

                            *
ERROR at line 1:
ORA-01438: value larger than specified precision allowed for this column


SQL> INSERT INTO EMPLOYEES VALUES( '140','Joshua','Patel','JPATEL', '650.121.1834' , TO_DATE('06-APR-98', 'DD-MM-YY'), 'ST_CLERK' , NULL,'2500', '123', '50');
INSERT INTO EMPLOYEES VALUES( '140','Joshua','Patel','JPATEL', '650.121.1834' , TO_DATE('06-APR-98', 'DD-MM-YY'), 'ST_CLERK' , NULL,'2500', '123', '50')
                                                                                                                                    *
ERROR at line 1:
ORA-01438: value larger than specified precision allowed for this column


SQL> INSERT INTO EMPLOYEES VALUES( '141','Trenna','Rajs','TRAJS', '650.121.8009' , TO_DATE('17-OCT-95', 'DD-MM-YY'), 'ST_CLERK' , NULL,'3500', '124', '50');
INSERT INTO EMPLOYEES VALUES( '141','Trenna','Rajs','TRAJS', '650.121.8009' , TO_DATE('17-OCT-95', 'DD-MM-YY'), 'ST_CLERK' , NULL,'3500', '124', '50')

                                *
ERROR at line 1:
ORA-01438: value larger than specified precision allowed for this column


SQL> INSERT INTO EMPLOYEES VALUES( '142','Curtis','Davies','CDAVIES', '650.121.2994' , TO_DATE('29-JAN-97', 'DD-MM-YY'), 'ST_CLERK' , NULL,'3100', '124', '50');
INSERT INTO EMPLOYEES VALUES( '142','Curtis','Davies','CDAVIES', '650.121.2994' , TO_DATE('29-JAN-97', 'DD-MM-YY'), 'ST_CLERK' , NULL,'3100', '124', '50')

                                    *
ERROR at line 1:
ORA-01438: value larger than specified precision allowed for this column


SQL> INSERT INTO EMPLOYEES VALUES( '143','Randall','Matos','RMATOS', '650.121.2874' , TO_DATE('15-MAR-98', 'DD-MM-YY'), 'ST_CLERK' , NULL,'2600', '124', '50');
INSERT INTO EMPLOYEES VALUES( '143','Randall','Matos','RMATOS', '650.121.2874' , TO_DATE('15-MAR-98', 'DD-MM-YY'), 'ST_CLERK' , NULL,'2600', '124', '50')

                                   *
ERROR at line 1:
ORA-01438: value larger than specified precision allowed for this column


SQL> INSERT INTO EMPLOYEES VALUES( '144','Peter','Vargas','PVARGAS', '650.121.2004' , TO_DATE('09-JUL-98', 'DD-MM-YY'), 'ST_CLERK' , NULL,'2500', '124', '50');
INSERT INTO EMPLOYEES VALUES( '144','Peter','Vargas','PVARGAS', '650.121.2004' , TO_DATE('09-JUL-98', 'DD-MM-YY'), 'ST_CLERK' , NULL,'2500', '124', '50')

                                   *
ERROR at line 1:
ORA-01438: value larger than specified precision allowed for this column


SQL> INSERT INTO EMPLOYEES VALUES( '145','John','Russell','JRUSSEL', '011.44.1344.429268' , TO_DATE('01-OCT-96', 'DD-MM-YY'), 'SA_MAN' , '14000', '.4', '100', '80');

1 row created.

SQL> INSERT INTO EMPLOYEES VALUES( '146','Karen','Partners','KPARTNER', '011.44.1344.467268' , TO_DATE('05-JAN-97', 'DD-MM-YY'), 'SA_MAN' , '13500', '.3', '100', '80');

1 row created.

SQL> INSERT INTO EMPLOYEES VALUES( '147','Alberto','Errazuriz','AERRAZUR', '011.44.1344.429278' , TO_DATE('10-MAR-97', 'DD-MM-YY'), 'SA_MAN' , '12000', '.3', '100', '80');

1 row created.

SQL> INSERT INTO EMPLOYEES VALUES( '148','Gerald','Cambrault','GCAMBRAU', '011.44.1344.619268' , TO_DATE('15-OCT-99', 'DD-MM-YY'), 'SA_MAN' , '11000', '.3', '100', '80');

1 row created.

SQL> INSERT INTO EMPLOYEES VALUES( '149','Eleni','Zlotkey','EZLOTKEY', '011.44.1344.429018' , TO_DATE('29-JAN-00', 'DD-MM-YY'), 'SA_MAN' , '10500', '.2', '100', '80');

1 row created.

SQL> INSERT INTO EMPLOYEES VALUES( '150','Peter','Tucker','PTUCKER', '011.44.1344.129268' , TO_DATE('30-JAN-97', 'DD-MM-YY'), 'SA_REP' , '10000', '.3', '145', '80');

1 row created.

SQL> INSERT INTO EMPLOYEES VALUES( '151','David','Bernstein','DBERNSTE', '011.44.1344.345268' , TO_DATE('24-MAR-97', 'DD-MM-YY'), 'SA_REP' , '9500', '.25', '145', '80');

1 row created.

SQL> INSERT INTO EMPLOYEES VALUES( '152','Peter','Hall','PHALL', '011.44.1344.478968' , TO_DATE('20-AUG-97', 'DD-MM-YY'), 'SA_REP' , '9000', '.25', '145', '80');

1 row created.

SQL> INSERT INTO EMPLOYEES VALUES( '153','Christopher','Olsen','COLSEN', '011.44.1344.498718' , TO_DATE('30-MAR-98', 'DD-MM-YY'), 'SA_REP' , '8000', '.2', '145', '80');

1 row created.

SQL> INSERT INTO EMPLOYEES VALUES( '154','Nanette','Cambrault','NCAMBRAU', '011.44.1344.987668' , TO_DATE('09-DEC-98', 'DD-MM-YY'), 'SA_REP' , '7500', '.2', '145', '80');

1 row created.

SQL> INSERT INTO EMPLOYEES VALUES( '155','Oliver','Tuvault','OTUVAULT', '011.44.1344.486508' , TO_DATE('23-NOV-99', 'DD-MM-YY'), 'SA_REP' , '7000', '.15', '145', '80');

1 row created.

SQL> INSERT INTO EMPLOYEES VALUES( '156','Janette','King','JKING', '011.44.1345.429268' , TO_DATE('30-JAN-96', 'DD-MM-YY'), 'SA_REP' , '10000', '.35', '146', '80');

1 row created.

SQL> INSERT INTO EMPLOYEES VALUES( '157','Patrick','Sully','PSULLY', '011.44.1345.929268' , TO_DATE('04-MAR-96', 'DD-MM-YY'), 'SA_REP' , '9500', '.35', '146', '80');

1 row created.

SQL> INSERT INTO EMPLOYEES VALUES( '158','Allan','McEwen','AMCEWEN', '011.44.1345.829268' , TO_DATE('01-AUG-96', 'DD-MM-YY'), 'SA_REP' , '9000', '.35', '146', '80');

1 row created.

SQL> INSERT INTO EMPLOYEES VALUES( '159','Lindsey','Smith','LSMITH', '011.44.1345.729268' , TO_DATE('10-MAR-97', 'DD-MM-YY'), 'SA_REP' , '8000', '.3', '146', '80');

1 row created.

SQL> INSERT INTO EMPLOYEES VALUES( '160','Louise','Doran','LDORAN', '011.44.1345.629268' , TO_DATE('15-DEC-97', 'DD-MM-YY'), 'SA_REP' , '7500', '.3', '146', '80');

1 row created.

SQL> INSERT INTO EMPLOYEES VALUES( '161','Sarath','Sewall','SSEWALL', '011.44.1345.529268' , TO_DATE('03-NOV-98', 'DD-MM-YY'), 'SA_REP' , '7000', '.25', '146', '80');

1 row created.

SQL> INSERT INTO EMPLOYEES VALUES( '162','Clara','Vishney','CVISHNEY', '011.44.1346.129268' , TO_DATE('11-NOV-97', 'DD-MM-YY'), 'SA_REP' , '10500', '.25', '147', '80');

1 row created.

SQL> INSERT INTO EMPLOYEES VALUES( '163','Danielle','Greene','DGREENE', '011.44.1346.229268' , TO_DATE('19-MAR-99', 'DD-MM-YY'), 'SA_REP' , '9500', '.15', '147', '80');

1 row created.

SQL> INSERT INTO EMPLOYEES VALUES( '164','Mattea','Marvins','MMARVINS', '011.44.1346.329268' , TO_DATE('24-JAN-00', 'DD-MM-YY'), 'SA_REP' , '7200', '.1', '147', '80');

1 row created.

SQL> INSERT INTO EMPLOYEES VALUES( '165','David','Lee','DLEE', '011.44.1346.529268' , TO_DATE('23-FEB-00', 'DD-MM-YY'), 'SA_REP' , '6800', '.1', '147', '80');

1 row created.

SQL> INSERT INTO EMPLOYEES VALUES( '166','Sundar','Ande','SANDE', '011.44.1346.629268' , TO_DATE('24-MAR-00', 'DD-MM-YY'), 'SA_REP' , '6400', '.1', '147', '80');

1 row created.

SQL> INSERT INTO EMPLOYEES VALUES( '167','Amit','Banda','ABANDA', '011.44.1346.729268' , TO_DATE('21-APR-00', 'DD-MM-YY'), 'SA_REP' , '6200', '.1', '147', '80');

1 row created.

SQL> INSERT INTO EMPLOYEES VALUES( '168','Lisa','Ozer','LOZER', '011.44.1343.929268' , TO_DATE('11-MAR-97', 'DD-MM-YY'), 'SA_REP' , '11500', '.25', '148', '80');

1 row created.

SQL> INSERT INTO EMPLOYEES VALUES( '169','Harrison','Bloom','HBLOOM', '011.44.1343.829268' , TO_DATE('23-MAR-98', 'DD-MM-YY'), 'SA_REP' , '10000', '.2', '148', '80');

1 row created.

SQL> INSERT INTO EMPLOYEES VALUES( '170','Tayler','Fox','TFOX', '011.44.1343.729268' , TO_DATE('24-JAN-98', 'DD-MM-YY'), 'SA_REP' , '9600', '.2', '148', '80');

1 row created.

SQL> INSERT INTO EMPLOYEES VALUES( '171','William','Smith','WSMITH', '011.44.1343.629268' , TO_DATE('23-FEB-99', 'DD-MM-YY'), 'SA_REP' , '7400', '.15', '148', '80');

1 row created.

SQL> INSERT INTO EMPLOYEES VALUES( '172','Elizabeth','Bates','EBATES', '011.44.1343.529268' , TO_DATE('24-MAR-99', 'DD-MM-YY'), 'SA_REP' , '7300', '.15', '148', '80');

1 row created.

SQL> INSERT INTO EMPLOYEES VALUES( '173','Sundita','Kumar','SKUMAR', '011.44.1343.329268' , TO_DATE('21-APR-00', 'DD-MM-YY'), 'SA_REP' , '6100', '.1', '148', '80');

1 row created.

SQL> INSERT INTO EMPLOYEES VALUES( '174','Ellen','Abel','EABEL', '011.44.1644.429267' , TO_DATE('11-MAY-96', 'DD-MM-YY'), 'SA_REP' , '11000', '.3', '149', '80');

1 row created.

SQL> INSERT INTO EMPLOYEES VALUES( '175','Alyssa','Hutton','AHUTTON', '011.44.1644.429266' , TO_DATE('19-MAR-97', 'DD-MM-YY'), 'SA_REP' , '8800', '.25', '149', '80');

1 row created.

SQL> INSERT INTO EMPLOYEES VALUES( '176','Jonathon','Taylor','JTAYLOR', '011.44.1644.429265' , TO_DATE('24-MAR-98', 'DD-MM-YY'), 'SA_REP' , '8600', '.2', '149', '80');

1 row created.

SQL> INSERT INTO EMPLOYEES VALUES( '177','Jack','Livingston','JLIVINGS', '011.44.1644.429264' , TO_DATE('23-APR-98', 'DD-MM-YY'), 'SA_REP' , '8400', '.2', '149', '80');

1 row created.

SQL> INSERT INTO EMPLOYEES VALUES( '178','Kimberely','Grant','KGRANT', '011.44.1644.429263' , TO_DATE('24-MAY-99', 'DD-MM-YY'), 'SA_REP', '7000', '.15', '149',NULL);

1 row created.

SQL> INSERT INTO EMPLOYEES VALUES( '179','Charles','Johnson','CJOHNSON', '011.44.1644.429262' , TO_DATE('04-JAN-00', 'DD-MM-YY'), 'SA_REP' , '6200', '.1', '149', '80');

1 row created.

SQL> INSERT INTO EMPLOYEES VALUES( '180','Winston','Taylor','WTAYLOR', '650.507.9876' , TO_DATE('24-JAN-98', 'DD-MM-YY'), 'SH_CLERK' , NULL,'3200', '120', '50');
INSERT INTO EMPLOYEES VALUES( '180','Winston','Taylor','WTAYLOR', '650.507.9876' , TO_DATE('24-JAN-98', 'DD-MM-YY'), 'SH_CLERK' , NULL,'3200', '120', '50')

                                     *
ERROR at line 1:
ORA-01438: value larger than specified precision allowed for this column


SQL> INSERT INTO EMPLOYEES VALUES( '181','Jean','Fleaur','JFLEAUR', '650.507.9877' , TO_DATE('23-FEB-98', 'DD-MM-YY'), 'SH_CLERK' , NULL,'3100', '120', '50');
INSERT INTO EMPLOYEES VALUES( '181','Jean','Fleaur','JFLEAUR', '650.507.9877' , TO_DATE('23-FEB-98', 'DD-MM-YY'), 'SH_CLERK' , NULL,'3100', '120', '50')

                                  *
ERROR at line 1:
ORA-01438: value larger than specified precision allowed for this column


SQL> INSERT INTO EMPLOYEES VALUES( '182','Martha','Sullivan','MSULLIVA', '650.507.9878' , TO_DATE('21-JUN-99', 'DD-MM-YY'), 'SH_CLERK' , NULL,'2500', '120', '50');
INSERT INTO EMPLOYEES VALUES( '182','Martha','Sullivan','MSULLIVA', '650.507.9878' , TO_DATE('21-JUN-99', 'DD-MM-YY'), 'SH_CLERK' , NULL,'2500', '120', '50')

                                       *
ERROR at line 1:
ORA-01438: value larger than specified precision allowed for this column


SQL> INSERT INTO EMPLOYEES VALUES( '183','Girard','Geoni','GGEONI', '650.507.9879' , TO_DATE('03-FEB-00', 'DD-MM-YY'), 'SH_CLERK' , NULL,'2800', '120', '50');
INSERT INTO EMPLOYEES VALUES( '183','Girard','Geoni','GGEONI', '650.507.9879' , TO_DATE('03-FEB-00', 'DD-MM-YY'), 'SH_CLERK' , NULL,'2800', '120', '50')

                                  *
ERROR at line 1:
ORA-01438: value larger than specified precision allowed for this column


SQL> INSERT INTO EMPLOYEES VALUES( '184','Nandita','Sarchand','NSARCHAN', '650.509.1876' , TO_DATE('27-JAN-96', 'DD-MM-YY'), 'SH_CLERK' , NULL,'4200', '121', '50');
INSERT INTO EMPLOYEES VALUES( '184','Nandita','Sarchand','NSARCHAN', '650.509.1876' , TO_DATE('27-JAN-96', 'DD-MM-YY'), 'SH_CLERK' , NULL,'4200', '121', '50')

                                        *
ERROR at line 1:
ORA-01438: value larger than specified precision allowed for this column


SQL> INSERT INTO EMPLOYEES VALUES( '185','Alexis','Bull','ABULL', '650.509.2876' , TO_DATE('20-FEB-97', 'DD-MM-YY'), 'SH_CLERK' , NULL,'4100', '121', '50');
INSERT INTO EMPLOYEES VALUES( '185','Alexis','Bull','ABULL', '650.509.2876' , TO_DATE('20-FEB-97', 'DD-MM-YY'), 'SH_CLERK' , NULL,'4100', '121', '50')

                                *
ERROR at line 1:
ORA-01438: value larger than specified precision allowed for this column


SQL> INSERT INTO EMPLOYEES VALUES( '186','Julia','Dellinger','JDELLING', '650.509.3876' , TO_DATE('24-JUN-98', 'DD-MM-YY'), 'SH_CLERK' , NULL,'3400', '121', '50');
INSERT INTO EMPLOYEES VALUES( '186','Julia','Dellinger','JDELLING', '650.509.3876' , TO_DATE('24-JUN-98', 'DD-MM-YY'), 'SH_CLERK' , NULL,'3400', '121', '50')

                                       *
ERROR at line 1:
ORA-01438: value larger than specified precision allowed for this column


SQL> INSERT INTO EMPLOYEES VALUES( '187','Anthony','Cabrio','ACABRIO', '650.509.4876' , TO_DATE('07-FEB-99', 'DD-MM-YY'), 'SH_CLERK' , NULL,'3000', '121', '50');
INSERT INTO EMPLOYEES VALUES( '187','Anthony','Cabrio','ACABRIO', '650.509.4876' , TO_DATE('07-FEB-99', 'DD-MM-YY'), 'SH_CLERK' , NULL,'3000', '121', '50')

                                     *
ERROR at line 1:
ORA-01438: value larger than specified precision allowed for this column


SQL> INSERT INTO EMPLOYEES VALUES( '188','Kelly','Chung','KCHUNG', '650.505.1876' , TO_DATE('14-JUN-97', 'DD-MM-YY'), 'SH_CLERK' , NULL,'3800', '122', '50');
INSERT INTO EMPLOYEES VALUES( '188','Kelly','Chung','KCHUNG', '650.505.1876' , TO_DATE('14-JUN-97', 'DD-MM-YY'), 'SH_CLERK' , NULL,'3800', '122', '50')

                                 *
ERROR at line 1:
ORA-01438: value larger than specified precision allowed for this column


SQL> INSERT INTO EMPLOYEES VALUES( '189','Jennifer','Dilly','JDILLY', '650.505.2876' , TO_DATE('13-AUG-97', 'DD-MM-YY'), 'SH_CLERK' , NULL,'3600', '122', '50');
INSERT INTO EMPLOYEES VALUES( '189','Jennifer','Dilly','JDILLY', '650.505.2876' , TO_DATE('13-AUG-97', 'DD-MM-YY'), 'SH_CLERK' , NULL,'3600', '122', '50')

                                    *
ERROR at line 1:
ORA-01438: value larger than specified precision allowed for this column


SQL> INSERT INTO EMPLOYEES VALUES( '190','Timothy','Gates','TGATES', '650.505.3876' , TO_DATE('11-JUL-98', 'DD-MM-YY'), 'SH_CLERK' , NULL,'2900', '122', '50');
INSERT INTO EMPLOYEES VALUES( '190','Timothy','Gates','TGATES', '650.505.3876' , TO_DATE('11-JUL-98', 'DD-MM-YY'), 'SH_CLERK' , NULL,'2900', '122', '50')

                                   *
ERROR at line 1:
ORA-01438: value larger than specified precision allowed for this column


SQL> INSERT INTO EMPLOYEES VALUES( '191','Randall','Perkins','RPERKINS', '650.505.4876' , TO_DATE('19-DEC-99', 'DD-MM-YY'), 'SH_CLERK' , NULL,'2500', '122', '50');
INSERT INTO EMPLOYEES VALUES( '191','Randall','Perkins','RPERKINS', '650.505.4876' , TO_DATE('19-DEC-99', 'DD-MM-YY'), 'SH_CLERK' , NULL,'2500', '122', '50')

                                       *
ERROR at line 1:
ORA-01438: value larger than specified precision allowed for this column


SQL> INSERT INTO EMPLOYEES VALUES( '192','Sarah','Bell','SBELL', '650.501.1876' , TO_DATE('04-FEB-96', 'DD-MM-YY'), 'SH_CLERK' , NULL,'4000', '123', '50');
INSERT INTO EMPLOYEES VALUES( '192','Sarah','Bell','SBELL', '650.501.1876' , TO_DATE('04-FEB-96', 'DD-MM-YY'), 'SH_CLERK' , NULL,'4000', '123', '50')

                               *
ERROR at line 1:
ORA-01438: value larger than specified precision allowed for this column


SQL> INSERT INTO EMPLOYEES VALUES( '193','Britney','Everett','BEVERETT', '650.501.2876' , TO_DATE('03-MAR-97', 'DD-MM-YY'), 'SH_CLERK' , NULL,'3900', '123', '50');
INSERT INTO EMPLOYEES VALUES( '193','Britney','Everett','BEVERETT', '650.501.2876' , TO_DATE('03-MAR-97', 'DD-MM-YY'), 'SH_CLERK' , NULL,'3900', '123', '50')

                                       *
ERROR at line 1:
ORA-01438: value larger than specified precision allowed for this column


SQL> INSERT INTO EMPLOYEES VALUES( '194','Samuel','McCain','SMCCAIN', '650.501.3876' , TO_DATE('01-JUL-98', 'DD-MM-YY'), 'SH_CLERK' , NULL,'3200', '123', '50');
INSERT INTO EMPLOYEES VALUES( '194','Samuel','McCain','SMCCAIN', '650.501.3876' , TO_DATE('01-JUL-98', 'DD-MM-YY'), 'SH_CLERK' , NULL,'3200', '123', '50')

                                    *
ERROR at line 1:
ORA-01438: value larger than specified precision allowed for this column


SQL> INSERT INTO EMPLOYEES VALUES( '195','Vance','Jones','VJONES', '650.501.4876' , TO_DATE('17-MAR-99', 'DD-MM-YY'), 'SH_CLERK' , NULL,'2800', '123', '50');
INSERT INTO EMPLOYEES VALUES( '195','Vance','Jones','VJONES', '650.501.4876' , TO_DATE('17-MAR-99', 'DD-MM-YY'), 'SH_CLERK' , NULL,'2800', '123', '50')

                                 *
ERROR at line 1:
ORA-01438: value larger than specified precision allowed for this column


SQL> INSERT INTO EMPLOYEES VALUES( '196','Alana','Walsh','AWALSH', '650.507.9811' , TO_DATE('24-APR-98', 'DD-MM-YY'), 'SH_CLERK' , NULL,'3100', '124', '50' );
INSERT INTO EMPLOYEES VALUES( '196','Alana','Walsh','AWALSH', '650.507.9811' , TO_DATE('24-APR-98', 'DD-MM-YY'), 'SH_CLERK' , NULL,'3100', '124', '50' )

                                 *
ERROR at line 1:
ORA-01438: value larger than specified precision allowed for this column


SQL> INSERT INTO EMPLOYEES VALUES( '197','Kevin','Feeney','KFEENEY', '650.507.9822' , TO_DATE('23-MAY-98', 'DD-MM-YY'), 'SH_CLERK' , NULL,'3000', '124', '50');
INSERT INTO EMPLOYEES VALUES( '197','Kevin','Feeney','KFEENEY', '650.507.9822' , TO_DATE('23-MAY-98', 'DD-MM-YY'), 'SH_CLERK' , NULL,'3000', '124', '50')

                                   *
ERROR at line 1:
ORA-01438: value larger than specified precision allowed for this column


SQL> INSERT INTO EMPLOYEES VALUES( '198','Donald','OConnell','DOCONNEL', '650.507.9833' , TO_DATE('21-JUN-99', 'DD-MM-YY'), 'SH_CLERK' , NULL,'2600', '124', '50');
INSERT INTO EMPLOYEES VALUES( '198','Donald','OConnell','DOCONNEL', '650.507.9833' , TO_DATE('21-JUN-99', 'DD-MM-YY'), 'SH_CLERK' , NULL,'2600', '124', '50')

                                       *
ERROR at line 1:
ORA-01438: value larger than specified precision allowed for this column


SQL> INSERT INTO EMPLOYEES VALUES( '199','Douglas','Grant','DGRANT', '650.507.9844' , TO_DATE('13-JAN-00', 'DD-MM-YY'), 'SH_CLERK' , NULL,'2600', '124', '50');
INSERT INTO EMPLOYEES VALUES( '199','Douglas','Grant','DGRANT', '650.507.9844' , TO_DATE('13-JAN-00', 'DD-MM-YY'), 'SH_CLERK' , NULL,'2600', '124', '50')

                                   *
ERROR at line 1:
ORA-01438: value larger than specified precision allowed for this column


SQL> INSERT INTO EMPLOYEES VALUES( '200','Jennifer','Whalen','JWHALEN', '515.123.4444' , TO_DATE('17-SEP-87', 'DD-MM-YY'), 'AD_ASST' , NULL,'4400', '101', '10');
INSERT INTO EMPLOYEES VALUES( '200','Jennifer','Whalen','JWHALEN', '515.123.4444' , TO_DATE('17-SEP-87', 'DD-MM-YY'), 'AD_ASST' , NULL,'4400', '101', '10')

                                     *
ERROR at line 1:
ORA-01438: value larger than specified precision allowed for this column


SQL> INSERT INTO EMPLOYEES VALUES( '201','Michael','Hartstein','MHARTSTE', '515.123.5555' , TO_DATE('17-FEB-96', 'DD-MM-YY'), 'MK_MAN' , NULL,'13000', '100', '20');
INSERT INTO EMPLOYEES VALUES( '201','Michael','Hartstein','MHARTSTE', '515.123.5555' , TO_DATE('17-FEB-96', 'DD-MM-YY'), 'MK_MAN' , NULL,'13000', '100', '20')

                                       *
ERROR at line 1:
ORA-01438: value larger than specified precision allowed for this column


SQL> INSERT INTO EMPLOYEES VALUES( '202','Pat','Fay','PFAY', '603.123.6666' , TO_DATE('17-AUG-97', 'DD-MM-YY'), 'MK_REP' , NULL,'6000', '201', '20');
INSERT INTO EMPLOYEES VALUES( '202','Pat','Fay','PFAY', '603.123.6666' , TO_DATE('17-AUG-97', 'DD-MM-YY'), 'MK_REP' , NULL,'6000', '201', '20')

                         *
ERROR at line 1:
ORA-01438: value larger than specified precision allowed for this column


SQL> INSERT INTO EMPLOYEES VALUES( '203','Susan','Mavris','SMAVRIS', '515.123.7777' , TO_DATE('07-JUN-94', 'DD-MM-YY'), 'HR_REP' , NULL,'6500', '101', '40');
INSERT INTO EMPLOYEES VALUES( '203','Susan','Mavris','SMAVRIS', '515.123.7777' , TO_DATE('07-JUN-94', 'DD-MM-YY'), 'HR_REP' , NULL,'6500', '101', '40')

                                 *
ERROR at line 1:
ORA-01438: value larger than specified precision allowed for this column


SQL> INSERT INTO EMPLOYEES VALUES( '204','Hermann','Baer','HBAER', '515.123.8888' , TO_DATE('07-JUN-94', 'DD-MM-YY'), 'PR_REP' , NULL,'10000', '101', '70');
INSERT INTO EMPLOYEES VALUES( '204','Hermann','Baer','HBAER', '515.123.8888' , TO_DATE('07-JUN-94', 'DD-MM-YY'), 'PR_REP' , NULL,'10000', '101', '70')

                               *
ERROR at line 1:
ORA-01438: value larger than specified precision allowed for this column


SQL> INSERT INTO EMPLOYEES VALUES( '205','Shelley','Higgins','SHIGGINS', '515.123.8080' , TO_DATE('07-JUN-94', 'DD-MM-YY'), 'AC_MGR' , NULL,'12000', '101', '110');
INSERT INTO EMPLOYEES VALUES( '205','Shelley','Higgins','SHIGGINS', '515.123.8080' , TO_DATE('07-JUN-94', 'DD-MM-YY'), 'AC_MGR' , NULL,'12000', '101', '110')

                                     *
ERROR at line 1:
ORA-01438: value larger than specified precision allowed for this column


SQL> INSERT INTO EMPLOYEES VALUES( '206','William','Gietz','WGIETZ', '515.123.8181' , TO_DATE('07-JUN-94', 'DD-MM-YY'), 'AC_ACCOUNT' ,'8300',NULL, '205', '110');;
INSERT INTO EMPLOYEES VALUES( '206','William','Gietz','WGIETZ', '515.123.8181' , TO_DATE('07-JUN-94', 'DD-MM-YY'), 'AC_ACCOUNT' ,'8300',NULL, '205', '110');

                                                         *
ERROR at line 1:
ORA-00911: invalid character


SQL> select * from employees;

EMPLOYEE_ID FIRST_NAME           LAST_NAME
----------- -------------------- -------------------------
EMAIL                     PHONE_NUMBER         HIRE_DATE JOB_ID         SALARY
------------------------- -------------------- --------- ---------- ----------
COMMISSION_PCT MANAGER_ID DEPARTMENT_ID
-------------- ---------- -------------
        100 Steven               King
SKING                     515.123.4567         17-JUN-87 AD_PRES         24000
                                     90

        145 John                 Russell
JRUSSEL                   011.44.1344.429268   01-OCT-96 SA_MAN          14000
            .4        100            80

EMPLOYEE_ID FIRST_NAME           LAST_NAME
----------- -------------------- -------------------------
EMAIL                     PHONE_NUMBER         HIRE_DATE JOB_ID         SALARY
------------------------- -------------------- --------- ---------- ----------
COMMISSION_PCT MANAGER_ID DEPARTMENT_ID
-------------- ---------- -------------

        146 Karen                Partners
KPARTNER                  011.44.1344.467268   05-JAN-97 SA_MAN          13500
            .3        100            80

        147 Alberto              Errazuriz
AERRAZUR                  011.44.1344.429278   10-MAR-97 SA_MAN          12000

EMPLOYEE_ID FIRST_NAME           LAST_NAME
----------- -------------------- -------------------------
EMAIL                     PHONE_NUMBER         HIRE_DATE JOB_ID         SALARY
------------------------- -------------------- --------- ---------- ----------
COMMISSION_PCT MANAGER_ID DEPARTMENT_ID
-------------- ---------- -------------
            .3        100            80

        148 Gerald               Cambrault
GCAMBRAU                  011.44.1344.619268   15-OCT-99 SA_MAN          11000
            .3        100            80

        149 Eleni                Zlotkey

EMPLOYEE_ID FIRST_NAME           LAST_NAME
----------- -------------------- -------------------------
EMAIL                     PHONE_NUMBER         HIRE_DATE JOB_ID         SALARY
------------------------- -------------------- --------- ---------- ----------
COMMISSION_PCT MANAGER_ID DEPARTMENT_ID
-------------- ---------- -------------
EZLOTKEY                  011.44.1344.429018   29-JAN-00 SA_MAN          10500
            .2        100            80

        150 Peter                Tucker
PTUCKER                   011.44.1344.129268   30-JAN-97 SA_REP          10000
            .3        145            80


EMPLOYEE_ID FIRST_NAME           LAST_NAME
----------- -------------------- -------------------------
EMAIL                     PHONE_NUMBER         HIRE_DATE JOB_ID         SALARY
------------------------- -------------------- --------- ---------- ----------
COMMISSION_PCT MANAGER_ID DEPARTMENT_ID
-------------- ---------- -------------
        151 David                Bernstein
DBERNSTE                  011.44.1344.345268   24-MAR-97 SA_REP           9500
           .25        145            80

        152 Peter                Hall
PHALL                     011.44.1344.478968   20-AUG-97 SA_REP           9000
           .25        145            80

EMPLOYEE_ID FIRST_NAME           LAST_NAME
----------- -------------------- -------------------------
EMAIL                     PHONE_NUMBER         HIRE_DATE JOB_ID         SALARY
------------------------- -------------------- --------- ---------- ----------
COMMISSION_PCT MANAGER_ID DEPARTMENT_ID
-------------- ---------- -------------

        153 Christopher          Olsen
COLSEN                    011.44.1344.498718   30-MAR-98 SA_REP           8000
            .2        145            80

        154 Nanette              Cambrault
NCAMBRAU                  011.44.1344.987668   09-DEC-98 SA_REP           7500

EMPLOYEE_ID FIRST_NAME           LAST_NAME
----------- -------------------- -------------------------
EMAIL                     PHONE_NUMBER         HIRE_DATE JOB_ID         SALARY
------------------------- -------------------- --------- ---------- ----------
COMMISSION_PCT MANAGER_ID DEPARTMENT_ID
-------------- ---------- -------------
            .2        145            80

        155 Oliver               Tuvault
OTUVAULT                  011.44.1344.486508   23-NOV-99 SA_REP           7000
           .15        145            80

        156 Janette              King

EMPLOYEE_ID FIRST_NAME           LAST_NAME
----------- -------------------- -------------------------
EMAIL                     PHONE_NUMBER         HIRE_DATE JOB_ID         SALARY
------------------------- -------------------- --------- ---------- ----------
COMMISSION_PCT MANAGER_ID DEPARTMENT_ID
-------------- ---------- -------------
JKING                     011.44.1345.429268   30-JAN-96 SA_REP          10000
           .35        146            80

        157 Patrick              Sully
PSULLY                    011.44.1345.929268   04-MAR-96 SA_REP           9500
           .35        146            80


EMPLOYEE_ID FIRST_NAME           LAST_NAME
----------- -------------------- -------------------------
EMAIL                     PHONE_NUMBER         HIRE_DATE JOB_ID         SALARY
------------------------- -------------------- --------- ---------- ----------
COMMISSION_PCT MANAGER_ID DEPARTMENT_ID
-------------- ---------- -------------
        158 Allan                McEwen
AMCEWEN                   011.44.1345.829268   01-AUG-96 SA_REP           9000
           .35        146            80

        159 Lindsey              Smith
LSMITH                    011.44.1345.729268   10-MAR-97 SA_REP           8000
            .3        146            80

EMPLOYEE_ID FIRST_NAME           LAST_NAME
----------- -------------------- -------------------------
EMAIL                     PHONE_NUMBER         HIRE_DATE JOB_ID         SALARY
------------------------- -------------------- --------- ---------- ----------
COMMISSION_PCT MANAGER_ID DEPARTMENT_ID
-------------- ---------- -------------

        160 Louise               Doran
LDORAN                    011.44.1345.629268   15-DEC-97 SA_REP           7500
            .3        146            80

        161 Sarath               Sewall
SSEWALL                   011.44.1345.529268   03-NOV-98 SA_REP           7000

EMPLOYEE_ID FIRST_NAME           LAST_NAME
----------- -------------------- -------------------------
EMAIL                     PHONE_NUMBER         HIRE_DATE JOB_ID         SALARY
------------------------- -------------------- --------- ---------- ----------
COMMISSION_PCT MANAGER_ID DEPARTMENT_ID
-------------- ---------- -------------
           .25        146            80

        162 Clara                Vishney
CVISHNEY                  011.44.1346.129268   11-NOV-97 SA_REP          10500
           .25        147            80

        163 Danielle             Greene

EMPLOYEE_ID FIRST_NAME           LAST_NAME
----------- -------------------- -------------------------
EMAIL                     PHONE_NUMBER         HIRE_DATE JOB_ID         SALARY
------------------------- -------------------- --------- ---------- ----------
COMMISSION_PCT MANAGER_ID DEPARTMENT_ID
-------------- ---------- -------------
DGREENE                   011.44.1346.229268   19-MAR-99 SA_REP           9500
           .15        147            80

        164 Mattea               Marvins
MMARVINS                  011.44.1346.329268   24-JAN-00 SA_REP           7200
            .1        147            80


EMPLOYEE_ID FIRST_NAME           LAST_NAME
----------- -------------------- -------------------------
EMAIL                     PHONE_NUMBER         HIRE_DATE JOB_ID         SALARY
------------------------- -------------------- --------- ---------- ----------
COMMISSION_PCT MANAGER_ID DEPARTMENT_ID
-------------- ---------- -------------
        165 David                Lee
DLEE                      011.44.1346.529268   23-FEB-00 SA_REP           6800
            .1        147            80

        166 Sundar               Ande
SANDE                     011.44.1346.629268   24-MAR-00 SA_REP           6400
            .1        147            80

EMPLOYEE_ID FIRST_NAME           LAST_NAME
----------- -------------------- -------------------------
EMAIL                     PHONE_NUMBER         HIRE_DATE JOB_ID         SALARY
------------------------- -------------------- --------- ---------- ----------
COMMISSION_PCT MANAGER_ID DEPARTMENT_ID
-------------- ---------- -------------

        167 Amit                 Banda
ABANDA                    011.44.1346.729268   21-APR-00 SA_REP           6200
            .1        147            80

        168 Lisa                 Ozer
LOZER                     011.44.1343.929268   11-MAR-97 SA_REP          11500

EMPLOYEE_ID FIRST_NAME           LAST_NAME
----------- -------------------- -------------------------
EMAIL                     PHONE_NUMBER         HIRE_DATE JOB_ID         SALARY
------------------------- -------------------- --------- ---------- ----------
COMMISSION_PCT MANAGER_ID DEPARTMENT_ID
-------------- ---------- -------------
           .25        148            80

        169 Harrison             Bloom
HBLOOM                    011.44.1343.829268   23-MAR-98 SA_REP          10000
            .2        148            80

        170 Tayler               Fox

EMPLOYEE_ID FIRST_NAME           LAST_NAME
----------- -------------------- -------------------------
EMAIL                     PHONE_NUMBER         HIRE_DATE JOB_ID         SALARY
------------------------- -------------------- --------- ---------- ----------
COMMISSION_PCT MANAGER_ID DEPARTMENT_ID
-------------- ---------- -------------
TFOX                      011.44.1343.729268   24-JAN-98 SA_REP           9600
            .2        148            80

        171 William              Smith
WSMITH                    011.44.1343.629268   23-FEB-99 SA_REP           7400
           .15        148            80


EMPLOYEE_ID FIRST_NAME           LAST_NAME
----------- -------------------- -------------------------
EMAIL                     PHONE_NUMBER         HIRE_DATE JOB_ID         SALARY
------------------------- -------------------- --------- ---------- ----------
COMMISSION_PCT MANAGER_ID DEPARTMENT_ID
-------------- ---------- -------------
        172 Elizabeth            Bates
EBATES                    011.44.1343.529268   24-MAR-99 SA_REP           7300
           .15        148            80

        173 Sundita              Kumar
SKUMAR                    011.44.1343.329268   21-APR-00 SA_REP           6100
            .1        148            80

EMPLOYEE_ID FIRST_NAME           LAST_NAME
----------- -------------------- -------------------------
EMAIL                     PHONE_NUMBER         HIRE_DATE JOB_ID         SALARY
------------------------- -------------------- --------- ---------- ----------
COMMISSION_PCT MANAGER_ID DEPARTMENT_ID
-------------- ---------- -------------

        174 Ellen                Abel
EABEL                     011.44.1644.429267   11-MAY-96 SA_REP          11000
            .3        149            80

        175 Alyssa               Hutton
AHUTTON                   011.44.1644.429266   19-MAR-97 SA_REP           8800

EMPLOYEE_ID FIRST_NAME           LAST_NAME
----------- -------------------- -------------------------
EMAIL                     PHONE_NUMBER         HIRE_DATE JOB_ID         SALARY
------------------------- -------------------- --------- ---------- ----------
COMMISSION_PCT MANAGER_ID DEPARTMENT_ID
-------------- ---------- -------------
           .25        149            80

        176 Jonathon             Taylor
JTAYLOR                   011.44.1644.429265   24-MAR-98 SA_REP           8600
            .2        149            80

        177 Jack                 Livingston

EMPLOYEE_ID FIRST_NAME           LAST_NAME
----------- -------------------- -------------------------
EMAIL                     PHONE_NUMBER         HIRE_DATE JOB_ID         SALARY
------------------------- -------------------- --------- ---------- ----------
COMMISSION_PCT MANAGER_ID DEPARTMENT_ID
-------------- ---------- -------------
JLIVINGS                  011.44.1644.429264   23-APR-98 SA_REP           8400
            .2        149            80

        178 Kimberely            Grant
KGRANT                    011.44.1644.429263   24-MAY-99 SA_REP           7000
           .15        149


EMPLOYEE_ID FIRST_NAME           LAST_NAME
----------- -------------------- -------------------------
EMAIL                     PHONE_NUMBER         HIRE_DATE JOB_ID         SALARY
------------------------- -------------------- --------- ---------- ----------
COMMISSION_PCT MANAGER_ID DEPARTMENT_ID
-------------- ---------- -------------
        179 Charles              Johnson
CJOHNSON                  011.44.1644.429262   04-JAN-00 SA_REP           6200
            .1        149            80


36 rows selected.

//////

SQL> delete from employees where EMPLOYEE_ID=145;

1 row deleted.

SQL> delete from employees where EMPLOYEE_ID=146;

1 row deleted.

SQL> delete from employees where EMPLOYEE_ID=147;

1 row deleted.

SQL> delete from employees where EMPLOYEE_ID=148;

1 row deleted.

SQL> delete from employees where EMPLOYEE_ID=149;

1 row deleted.

SQL> delete from employees where EMPLOYEE_ID=150;

1 row deleted.

SQL> delete from employees where EMPLOYEE_ID=151;

1 row deleted.

SQL> delete from employees where EMPLOYEE_ID=152;

1 row deleted.

SQL> delete from employees where EMPLOYEE_ID=153;

1 row deleted.

SQL> delete from employees where EMPLOYEE_ID=154;

1 row deleted.

SQL> delete from employees where EMPLOYEE_ID=155;

1 row deleted.

SQL> delete from employees where EMPLOYEE_ID=156;

1 row deleted.

SQL> delete from employees where EMPLOYEE_ID=157;

1 row deleted.

SQL> delete from employees where EMPLOYEE_ID=158;

1 row deleted.

SQL> delete from employees where EMPLOYEE_ID=159;

1 row deleted.

SQL> delete from employees where EMPLOYEE_ID=160;

1 row deleted.

SQL> delete from employees where EMPLOYEE_ID=161;

1 row deleted.

SQL> delete from employees where EMPLOYEE_ID=162;

1 row deleted.

SQL> delete from employees where EMPLOYEE_ID=163;

1 row deleted.

SQL> delete from employees where EMPLOYEE_ID=164;

1 row deleted.

SQL> delete from employees where EMPLOYEE_ID=165;

1 row deleted.

SQL> delete from employees where EMPLOYEE_ID=166;

1 row deleted.

SQL> delete from employees where EMPLOYEE_ID=167;

1 row deleted.

SQL> delete from employees where EMPLOYEE_ID=168;

1 row deleted.

SQL> delete from employees where EMPLOYEE_ID=169;

1 row deleted.

SQL> delete from employees where EMPLOYEE_ID=170;

1 row deleted.

SQL> delete from employees where EMPLOYEE_ID=171;

1 row deleted.

SQL> delete from employees where EMPLOYEE_ID=172;

1 row deleted.

SQL> delete from employees where EMPLOYEE_ID=173;

1 row deleted.

SQL> delete from employees where EMPLOYEE_ID=174;

1 row deleted.

SQL> delete from employees where EMPLOYEE_ID=175;

1 row deleted.

SQL> delete from employees where EMPLOYEE_ID=176;

1 row deleted.

SQL> delete from employees where EMPLOYEE_ID=177;

1 row deleted.

SQL> delete from employees where EMPLOYEE_ID=178;

1 row deleted.

SQL> delete from employees where EMPLOYEE_ID=179;

1 row deleted.

SQL> select * from employees;

EMPLOYEE_ID FIRST_NAME           LAST_NAME
----------- -------------------- -------------------------
EMAIL                     PHONE_NUMBER         HIRE_DATE JOB_ID         SALARY
------------------------- -------------------- --------- ---------- ----------
COMMISSION_PCT MANAGER_ID DEPARTMENT_ID
-------------- ---------- -------------
        100 Steven               King
SKING                     515.123.4567         17-JUN-87 AD_PRES         24000
                                     90


SQL> INSERT INTO EMPLOYEES VALUES( '101','Neena','Kochhar','NKOCHHAR', '515.123.4568' , TO_DATE('21-SEP-89', 'DD-MM-YY'), 'AD_VP' , NULL,'17000', '100', '90');
INSERT INTO EMPLOYEES VALUES( '101','Neena','Kochhar','NKOCHHAR', '515.123.4568' , TO_DATE('21-SEP-89', 'DD-MM-YY'), 'AD_VP' , NULL,'17000', '100', '90')
                                                                                                                                    *
ERROR at line 1:
ORA-01438: value larger than specified precision allowed for this column


SQL> INSERT INTO EMPLOYEES VALUES( '101','Neena','Kochhar','NKOCHHAR', '515.123.4568' , TO_DATE('21-SEP-89', 'DD-MM-YY'), 'AD_VP' , '17000',NULL,'100','90');

1 row created.

SQL> INSERT INTO EMPLOYEES VALUES( '102', 'Lex' ,'De Haan', 'LDEHAAN', '515.123.4569' , TO_DATE('13-JAN-93', 'DD-MM-YY'), 'AD_VP' , '17000',NULL,'100','90');

1 row created.

SQL> INSERT INTO EMPLOYEES VALUES( '103','Alexander','Hunold','AHUNOLD', '590.423.4567' , TO_DATE('03-JAN-90', 'DD-MM-YY'), 'IT_PROG' , '9000',NULL,'102','60');

1 row created.

SQL> INSERT INTO EMPLOYEES VALUES( '104','Bruce','Ernst','BERNST', '590.423.4568' , TO_DATE('21-MAY-91', 'DD-MM-YY'), 'IT_PROG' , '6000',NULL,'103','60');

1 row created.

SQL> INSERT INTO EMPLOYEES VALUES( '105','David','Austin','DAUSTIN', '590.423.4569' , TO_DATE('25-JUN-97', 'DD-MM-YY'), 'IT_PROG' , '4800',NULL,'103','60');

1 row created.

SQL> INSERT INTO EMPLOYEES VALUES( '106','Valli','Pataballa','VPATABAL', '590.423.4560' , TO_DATE('05-FEB-98', 'DD-MM-YY'), 'IT_PROG' , '4800',NULL,'103','60');

1 row created.

SQL> INSERT INTO EMPLOYEES VALUES( '107','Diana','Lorentz','DLORENTZ', '590.423.5567' , TO_DATE('07-FEB-99', 'DD-MM-YY'), 'IT_PROG' , '4200',NULL,'103','60');

1 row created.

SQL> INSERT INTO EMPLOYEES VALUES( '108','Nancy','Greenberg','NGREENBE', '515.124.4569' , TO_DATE('17-AUG-94', 'DD-MM-YY'), 'FI_MGR' , '12000',NULL,'101','100');

1 row created.

SQL> INSERT INTO EMPLOYEES VALUES( '109','Daniel','Faviet','DFAVIET', '515.124.4169' , TO_DATE('16-AUG-94', 'DD-MM-YY'), 'FI_ACCOUNT' , '9000',NULL,'108','100');

1 row created.

SQL> INSERT INTO EMPLOYEES VALUES( '110','John','Chen','JCHEN', '515.124.4269' , TO_DATE('28-SEP-97', 'DD-MM-YY'), 'FI_ACCOUNT' , '8200',NULL,'108','100');

1 row created.

SQL> INSERT INTO EMPLOYEES VALUES( '111','Ismael','Sciarra','ISCIARRA', '515.124.4369' , TO_DATE('30-SEP-97', 'DD-MM-YY'), 'FI_ACCOUNT' , '7700',NULL,'108','100');

1 row created.

SQL> INSERT INTO EMPLOYEES VALUES( '112','Jose Manuel', 'Urman', 'JMURMAN', '515.124.4469' , TO_DATE('07-MAR-98', 'DD-MM-YY'), 'FI_ACCOUNT' , '7800',NULL,'108','100');

1 row created.

SQL> INSERT INTO EMPLOYEES VALUES( '113','Luis','Popp','LPOPP', '515.124.4567' , TO_DATE('07-DEC-99', 'DD-MM-YY'), 'FI_ACCOUNT' , '6900',NULL,'108','100');

1 row created.

SQL> INSERT INTO EMPLOYEES VALUES( '114','Den','Raphaely','DRAPHEAL', '515.127.4561' , TO_DATE('07-DEC-94', 'DD-MM-YY'), 'PU_MAN' , '11000',NULL,'100','30');

1 row created.

SQL> INSERT INTO EMPLOYEES VALUES( '115','Alexander','Khoo','AKHOO', '515.127.4562' , TO_DATE('18-MAY-95', 'DD-MM-YY'), 'PU_CLERK' , '3100',NULL,'114','30');

1 row created.

SQL> INSERT INTO EMPLOYEES VALUES( '116','Shelli','Baida','SBAIDA', '515.127.4563' , TO_DATE('24-DEC-97', 'DD-MM-YY'), 'PU_CLERK' , '2900',NULL,'114','30');

1 row created.

SQL> INSERT INTO EMPLOYEES VALUES( '117','Sigal','Tobias','STOBIAS', '515.127.4564' , TO_DATE('24-JUL-97', 'DD-MM-YY'), 'PU_CLERK' , '2800',NULL,'114','30');

1 row created.

SQL> INSERT INTO EMPLOYEES VALUES( '118','Guy','Himuro','GHIMURO', '515.127.4565' , TO_DATE('15-NOV-98', 'DD-MM-YY'), 'PU_CLERK' , '2600',NULL,'114','30');

1 row created.

SQL> INSERT INTO EMPLOYEES VALUES( '119','Karen','Colmenares','KCOLMENA', '515.127.4566' , TO_DATE('10-AUG-99', 'DD-MM-YY'), 'PU_CLERK' , '2500',NULL,'114','30');

1 row created.

SQL> INSERT INTO EMPLOYEES VALUES( '120','Matthew','Weiss','MWEISS', '650.123.1234' , TO_DATE('18-JUL-96', 'DD-MM-YY'), 'ST_MAN' , '8000',NULL,'100','50');

1 row created.

SQL> INSERT INTO EMPLOYEES VALUES( '121','Adam','Fripp','AFRIPP', '650.123.2234' , TO_DATE('10-APR-97', 'DD-MM-YY'), 'ST_MAN' , '8200',NULL,'100','50');

1 row created.

SQL> INSERT INTO EMPLOYEES VALUES( '122','Payam','Kaufling','PKAUFLIN', '650.123.3234' , TO_DATE('01-MAY-95', 'DD-MM-YY'), 'ST_MAN' , '7900',NULL,'100','50');

1 row created.

SQL> INSERT INTO EMPLOYEES VALUES( '123','Shanta','Vollman','SVOLLMAN', '650.123.4234' , TO_DATE('10-OCT-97', 'DD-MM-YY'), 'ST_MAN' , '6500',NULL,'100','50');

1 row created.

SQL> INSERT INTO EMPLOYEES VALUES( '124','Kevin','Mourgos','KMOURGOS', '650.123.5234' , TO_DATE('16-NOV-99', 'DD-MM-YY'), 'ST_MAN' , '5800',NULL,'100','50');

1 row created.

SQL> INSERT INTO EMPLOYEES VALUES( '125','Julia','Nayer','JNAYER', '650.124.1214' , TO_DATE('16-JUL-97', 'DD-MM-YY'), 'ST_CLERK' , '3200',NULL,'120','50');

1 row created.

SQL> INSERT INTO EMPLOYEES VALUES( '126','Irene','Mikkilineni','IMIKKILI', '650.124.1224' , TO_DATE('28-SEP-98', 'DD-MM-YY'), 'ST_CLERK' , '2700',NULL,'120','50');

1 row created.

SQL> INSERT INTO EMPLOYEES VALUES( '127','James','Landry','JLANDRY', '650.124.1334' , TO_DATE('14-JAN-99', 'DD-MM-YY'), 'ST_CLERK' , '2400',NULL,'120','50');

1 row created.

SQL> INSERT INTO EMPLOYEES VALUES( '128','Steven','Markle','SMARKLE', '650.124.1434' , TO_DATE('08-MAR-00', 'DD-MM-YY'), 'ST_CLERK' , '2200',NULL,'120','50');

1 row created.

SQL> INSERT INTO EMPLOYEES VALUES( '129','Laura','Bissot','LBISSOT', '650.124.5234' , TO_DATE('20-AUG-97', 'DD-MM-YY'), 'ST_CLERK' , '3300',NULL,'121','50');

1 row created.

SQL> INSERT INTO EMPLOYEES VALUES( '130','Mozhe','Atkinson','MATKINSO', '650.124.6234' , TO_DATE('30-OCT-97', 'DD-MM-YY'), 'ST_CLERK' , '2800',NULL,'121','50');

1 row created.

SQL> INSERT INTO EMPLOYEES VALUES( '131','James','Marlow','JAMRLOW', '650.124.7234' , TO_DATE('16-FEB-97', 'DD-MM-YY'), 'ST_CLERK' , '2500',NULL,'121','50');

1 row created.

SQL> INSERT INTO EMPLOYEES VALUES( '132','TJ','Olson','TJOLSON', '650.124.8234' , TO_DATE('10-APR-99', 'DD-MM-YY'), 'ST_CLERK' , '2100',NULL,'121','50');

1 row created.

SQL> INSERT INTO EMPLOYEES VALUES( '133','Jason','Mallin','JMALLIN', '650.127.1934' , TO_DATE('14-JUN-96', 'DD-MM-YY'), 'ST_CLERK' , '3300',NULL,'122','50');

1 row created.

SQL> INSERT INTO EMPLOYEES VALUES( '134','Michael','Rogers','MROGERS', '650.127.1834' , TO_DATE('26-AUG-98', 'DD-MM-YY'), 'ST_CLERK' , '2900',NULL,'122','50');

1 row created.

SQL> INSERT INTO EMPLOYEES VALUES( '135','Ki','Gee','KGEE', '650.127.1734' , TO_DATE('12-DEC-99', 'DD-MM-YY'), 'ST_CLERK' , '2400',NULL,'122','50');

1 row created.

SQL> INSERT INTO EMPLOYEES VALUES( '136','Hazel','Philtanker','HPHILTAN', '650.127.1634' , TO_DATE('06-FEB-00', 'DD-MM-YY'), 'ST_CLERK' , '2200',NULL,'122','50');

1 row created.

SQL> INSERT INTO EMPLOYEES VALUES( '137','Renske','Ladwig','RLADWIG', '650.121.1234' , TO_DATE('14-JUL-95', 'DD-MM-YY'), 'ST_CLERK' , '3600',NULL,'123','50');

1 row created.

SQL> INSERT INTO EMPLOYEES VALUES( '138','Stephen','Stiles','SSTILES', '650.121.2034' , TO_DATE('26-OCT-97', 'DD-MM-YY'), 'ST_CLERK' , '3200',NULL,'123','50');

1 row created.

SQL> INSERT INTO EMPLOYEES VALUES( '139','John','Seo','JSEO', '650.121.2019' , TO_DATE('12-FEB-98', 'DD-MM-YY'), 'ST_CLERK' , '2700',NULL,'123','50');

1 row created.

SQL> INSERT INTO EMPLOYEES VALUES( '140','Joshua','Patel','JPATEL', '650.121.1834' , TO_DATE('06-APR-98', 'DD-MM-YY'), 'ST_CLERK' , '2500',NULL,'123','50');

1 row created.

SQL> INSERT INTO EMPLOYEES VALUES( '141','Trenna','Rajs','TRAJS', '650.121.8009' , TO_DATE('17-OCT-95', 'DD-MM-YY'), 'ST_CLERK' , '3500',NULL,'124','50');

1 row created.

SQL> INSERT INTO EMPLOYEES VALUES( '142','Curtis','Davies','CDAVIES', '650.121.2994' , TO_DATE('29-JAN-97', 'DD-MM-YY'), 'ST_CLERK' , '3100',NULL,'124','50');

1 row created.

SQL> INSERT INTO EMPLOYEES VALUES( '143','Randall','Matos','RMATOS', '650.121.2874' , TO_DATE('15-MAR-98', 'DD-MM-YY'), 'ST_CLERK' , '2600',NULL,'124','50');

1 row created.

SQL> INSERT INTO EMPLOYEES VALUES( '144','Peter','Vargas','PVARGAS', '650.121.2004' , TO_DATE('09-JUL-98', 'DD-MM-YY'), 'ST_CLERK' , '2500',NULL,'124','50');

1 row created.

SQL> INSERT INTO EMPLOYEES VALUES( '145','John','Russell','JRUSSEL', '011.44.1344.429268' , TO_DATE('01-OCT-96', 'DD-MM-YY'), 'SA_MAN' , '14000', '.4', '100', '80');

1 row created.

SQL> INSERT INTO EMPLOYEES VALUES( '146','Karen','Partners','KPARTNER', '011.44.1344.467268' , TO_DATE('05-JAN-97', 'DD-MM-YY'), 'SA_MAN' , '13500', '.3', '100', '80');

1 row created.

SQL> INSERT INTO EMPLOYEES VALUES( '147','Alberto','Errazuriz','AERRAZUR', '011.44.1344.429278' , TO_DATE('10-MAR-97', 'DD-MM-YY'), 'SA_MAN' , '12000', '.3', '100', '80');

1 row created.

SQL> INSERT INTO EMPLOYEES VALUES( '148','Gerald','Cambrault','GCAMBRAU', '011.44.1344.619268' , TO_DATE('15-OCT-99', 'DD-MM-YY'), 'SA_MAN' , '11000', '.3', '100', '80');


1 row created.

SQL> INSERT INTO EMPLOYEES VALUES( '149','Eleni','Zlotkey','EZLOTKEY', '011.44.1344.429018' , TO_DATE('29-JAN-00', 'DD-MM-YY'), 'SA_MAN' , '10500', '.2', '100', '80');

1 row created.

SQL> INSERT INTO EMPLOYEES VALUES( '150','Peter','Tucker','PTUCKER', '011.44.1344.129268' , TO_DATE('30-JAN-97', 'DD-MM-YY'), 'SA_REP' , '10000', '.3', '145', '80');

1 row created.

SQL> INSERT INTO EMPLOYEES VALUES( '151','David','Bernstein','DBERNSTE', '011.44.1344.345268' , TO_DATE('24-MAR-97', 'DD-MM-YY'), 'SA_REP' , '9500', '.25', '145', '80');

1 row created.

SQL> INSERT INTO EMPLOYEES VALUES( '152','Peter','Hall','PHALL', '011.44.1344.478968' , TO_DATE('20-AUG-97', 'DD-MM-YY'), 'SA_REP' , '9000', '.25', '145', '80');

1 row created.

SQL> INSERT INTO EMPLOYEES VALUES( '153','Christopher','Olsen','COLSEN', '011.44.1344.498718' , TO_DATE('30-MAR-98', 'DD-MM-YY'), 'SA_REP' , '8000', '.2', '145', '80');

1 row created.

SQL> INSERT INTO EMPLOYEES VALUES( '154','Nanette','Cambrault','NCAMBRAU', '011.44.1344.987668' , TO_DATE('09-DEC-98', 'DD-MM-YY'), 'SA_REP' , '7500', '.2', '145', '80');


1 row created.

SQL> INSERT INTO EMPLOYEES VALUES( '155','Oliver','Tuvault','OTUVAULT', '011.44.1344.486508' , TO_DATE('23-NOV-99', 'DD-MM-YY'), 'SA_REP' , '7000', '.15', '145', '80');

1 row created.

SQL> INSERT INTO EMPLOYEES VALUES( '156','Janette','King','JKING', '011.44.1345.429268' , TO_DATE('30-JAN-96', 'DD-MM-YY'), 'SA_REP' , '10000', '.35', '146', '80');

1 row created.

SQL> INSERT INTO EMPLOYEES VALUES( '157','Patrick','Sully','PSULLY', '011.44.1345.929268' , TO_DATE('04-MAR-96', 'DD-MM-YY'), 'SA_REP' , '9500', '.35', '146', '80');

1 row created.

SQL> INSERT INTO EMPLOYEES VALUES( '158','Allan','McEwen','AMCEWEN', '011.44.1345.829268' , TO_DATE('01-AUG-96', 'DD-MM-YY'), 'SA_REP' , '9000', '.35', '146', '80');

1 row created.

SQL> INSERT INTO EMPLOYEES VALUES( '159','Lindsey','Smith','LSMITH', '011.44.1345.729268' , TO_DATE('10-MAR-97', 'DD-MM-YY'), 'SA_REP' , '8000', '.3', '146', '80');

1 row created.

SQL> INSERT INTO EMPLOYEES VALUES( '160','Louise','Doran','LDORAN', '011.44.1345.629268' , TO_DATE('15-DEC-97', 'DD-MM-YY'), 'SA_REP' , '7500', '.3', '146', '80');

1 row created.

SQL> INSERT INTO EMPLOYEES VALUES( '161','Sarath','Sewall','SSEWALL', '011.44.1345.529268' , TO_DATE('03-NOV-98', 'DD-MM-YY'), 'SA_REP' , '7000', '.25', '146', '80');

1 row created.

SQL> INSERT INTO EMPLOYEES VALUES( '162','Clara','Vishney','CVISHNEY', '011.44.1346.129268' , TO_DATE('11-NOV-97', 'DD-MM-YY'), 'SA_REP' , '10500', '.25', '147', '80');

1 row created.

SQL> INSERT INTO EMPLOYEES VALUES( '163','Danielle','Greene','DGREENE', '011.44.1346.229268' , TO_DATE('19-MAR-99', 'DD-MM-YY'), 'SA_REP' , '9500', '.15', '147', '80');

1 row created.

SQL> INSERT INTO EMPLOYEES VALUES( '164','Mattea','Marvins','MMARVINS', '011.44.1346.329268' , TO_DATE('24-JAN-00', 'DD-MM-YY'), 'SA_REP' , '7200', '.1', '147', '80');

1 row created.

SQL> INSERT INTO EMPLOYEES VALUES( '165','David','Lee','DLEE', '011.44.1346.529268' , TO_DATE('23-FEB-00', 'DD-MM-YY'), 'SA_REP' , '6800', '.1', '147', '80');

1 row created.

SQL> INSERT INTO EMPLOYEES VALUES( '166','Sundar','Ande','SANDE', '011.44.1346.629268' , TO_DATE('24-MAR-00', 'DD-MM-YY'), 'SA_REP' , '6400', '.1', '147', '80');

1 row created.

SQL> INSERT INTO EMPLOYEES VALUES( '167','Amit','Banda','ABANDA', '011.44.1346.729268' , TO_DATE('21-APR-00', 'DD-MM-YY'), 'SA_REP' , '6200', '.1', '147', '80');

1 row created.

SQL> INSERT INTO EMPLOYEES VALUES( '168','Lisa','Ozer','LOZER', '011.44.1343.929268' , TO_DATE('11-MAR-97', 'DD-MM-YY'), 'SA_REP' , '11500', '.25', '148', '80');

1 row created.

SQL> INSERT INTO EMPLOYEES VALUES( '169','Harrison','Bloom','HBLOOM', '011.44.1343.829268' , TO_DATE('23-MAR-98', 'DD-MM-YY'), 'SA_REP' , '10000', '.2', '148', '80');

1 row created.

SQL> INSERT INTO EMPLOYEES VALUES( '170','Tayler','Fox','TFOX', '011.44.1343.729268' , TO_DATE('24-JAN-98', 'DD-MM-YY'), 'SA_REP' , '9600', '.2', '148', '80');

1 row created.

SQL> INSERT INTO EMPLOYEES VALUES( '171','William','Smith','WSMITH', '011.44.1343.629268' , TO_DATE('23-FEB-99', 'DD-MM-YY'), 'SA_REP' , '7400', '.15', '148', '80');

1 row created.

SQL> INSERT INTO EMPLOYEES VALUES( '172','Elizabeth','Bates','EBATES', '011.44.1343.529268' , TO_DATE('24-MAR-99', 'DD-MM-YY'), 'SA_REP' , '7300', '.15', '148', '80');

1 row created.

SQL> INSERT INTO EMPLOYEES VALUES( '173','Sundita','Kumar','SKUMAR', '011.44.1343.329268' , TO_DATE('21-APR-00', 'DD-MM-YY'), 'SA_REP' , '6100', '.1', '148', '80');

1 row created.

SQL> INSERT INTO EMPLOYEES VALUES( '174','Ellen','Abel','EABEL', '011.44.1644.429267' , TO_DATE('11-MAY-96', 'DD-MM-YY'), 'SA_REP' , '11000', '.3', '149', '80');

1 row created.

SQL> INSERT INTO EMPLOYEES VALUES( '175','Alyssa','Hutton','AHUTTON', '011.44.1644.429266' , TO_DATE('19-MAR-97', 'DD-MM-YY'), 'SA_REP' , '8800', '.25', '149', '80');

1 row created.

SQL> INSERT INTO EMPLOYEES VALUES( '176','Jonathon','Taylor','JTAYLOR', '011.44.1644.429265' , TO_DATE('24-MAR-98', 'DD-MM-YY'), 'SA_REP' , '8600', '.2', '149', '80');

1 row created.

SQL> INSERT INTO EMPLOYEES VALUES( '177','Jack','Livingston','JLIVINGS', '011.44.1644.429264' , TO_DATE('23-APR-98', 'DD-MM-YY'), 'SA_REP' , '8400', '.2', '149', '80');

1 row created.

SQL> INSERT INTO EMPLOYEES VALUES( '178','Kimberely','Grant','KGRANT', '011.44.1644.429263' , TO_DATE('24-MAY-99', 'DD-MM-YY'), 'SA_REP', '7000', '.15', '149',NULL);

1 row created.

SQL> INSERT INTO EMPLOYEES VALUES( '179','Charles','Johnson','CJOHNSON', '011.44.1644.429262' , TO_DATE('04-JAN-00', 'DD-MM-YY'), 'SA_REP' , '6200', '.1', '149', '80');

1 row created.

SQL> INSERT INTO EMPLOYEES VALUES( '180','Winston','Taylor','WTAYLOR', '650.507.9876' , TO_DATE('24-JAN-98', 'DD-MM-YY'), 'SH_CLERK' , '3200',NULL,'120','50');

1 row created.

SQL> INSERT INTO EMPLOYEES VALUES( '181','Jean','Fleaur','JFLEAUR', '650.507.9877' , TO_DATE('23-FEB-98', 'DD-MM-YY'), 'SH_CLERK' , '3100',NULL,'120','50');

1 row created.

SQL> INSERT INTO EMPLOYEES VALUES( '182','Martha','Sullivan','MSULLIVA', '650.507.9878' , TO_DATE('21-JUN-99', 'DD-MM-YY'), 'SH_CLERK' , '2500',NULL,'120','50');

1 row created.

SQL> INSERT INTO EMPLOYEES VALUES( '183','Girard','Geoni','GGEONI', '650.507.9879' , TO_DATE('03-FEB-00', 'DD-MM-YY'), 'SH_CLERK' , '2800',NULL,'120','50');

1 row created.

SQL> INSERT INTO EMPLOYEES VALUES( '184','Nandita','Sarchand','NSARCHAN', '650.509.1876' , TO_DATE('27-JAN-96', 'DD-MM-YY'), 'SH_CLERK' , '4200',NULL,'121','50');

1 row created.

SQL> INSERT INTO EMPLOYEES VALUES( '185','Alexis','Bull','ABULL', '650.509.2876' , TO_DATE('20-FEB-97', 'DD-MM-YY'), 'SH_CLERK' , '4100',NULL,'121','50');

1 row created.

SQL> INSERT INTO EMPLOYEES VALUES( '186','Julia','Dellinger','JDELLING', '650.509.3876' , TO_DATE('24-JUN-98', 'DD-MM-YY'), 'SH_CLERK' , '3400',NULL,'121','50');

1 row created.

SQL> INSERT INTO EMPLOYEES VALUES( '187','Anthony','Cabrio','ACABRIO', '650.509.4876' , TO_DATE('07-FEB-99', 'DD-MM-YY'), 'SH_CLERK' , '3000',NULL,'121','50');

1 row created.

SQL> INSERT INTO EMPLOYEES VALUES( '188','Kelly','Chung','KCHUNG', '650.505.1876' , TO_DATE('14-JUN-97', 'DD-MM-YY'), 'SH_CLERK' , '3800',NULL,'122','50');

1 row created.

SQL> INSERT INTO EMPLOYEES VALUES( '189','Jennifer','Dilly','JDILLY', '650.505.2876' , TO_DATE('13-AUG-97', 'DD-MM-YY'), 'SH_CLERK' , '3600',NULL,'122','50');

1 row created.

SQL> INSERT INTO EMPLOYEES VALUES( '190','Timothy','Gates','TGATES', '650.505.3876' , TO_DATE('11-JUL-98', 'DD-MM-YY'), 'SH_CLERK' , '2900',NULL,'122','50');

1 row created.

SQL> INSERT INTO EMPLOYEES VALUES( '191','Randall','Perkins','RPERKINS', '650.505.4876' , TO_DATE('19-DEC-99', 'DD-MM-YY'), 'SH_CLERK' , '2500',NULL,'122','50');

1 row created.

SQL> INSERT INTO EMPLOYEES VALUES( '192','Sarah','Bell','SBELL', '650.501.1876' , TO_DATE('04-FEB-96', 'DD-MM-YY'), 'SH_CLERK' , '4000',NULL,'123','50');

1 row created.

SQL> INSERT INTO EMPLOYEES VALUES( '193','Britney','Everett','BEVERETT', '650.501.2876' , TO_DATE('03-MAR-97', 'DD-MM-YY'), 'SH_CLERK' , '3900',NULL,'123','50');

1 row created.

SQL> INSERT INTO EMPLOYEES VALUES( '194','Samuel','McCain','SMCCAIN', '650.501.3876' , TO_DATE('01-JUL-98', 'DD-MM-YY'), 'SH_CLERK' , '3200',NULL,'123','50');

1 row created.

SQL> INSERT INTO EMPLOYEES VALUES( '195','Vance','Jones','VJONES', '650.501.4876' , TO_DATE('17-MAR-99', 'DD-MM-YY'), 'SH_CLERK' , '2800',NULL,'123','50');

1 row created.

SQL> INSERT INTO EMPLOYEES VALUES( '196','Alana','Walsh','AWALSH', '650.507.9811' , TO_DATE('24-APR-98', 'DD-MM-YY'), 'SH_CLERK' , '3100',NULL,'124','50' );

1 row created.

SQL> INSERT INTO EMPLOYEES VALUES( '197','Kevin','Feeney','KFEENEY', '650.507.9822' , TO_DATE('23-MAY-98', 'DD-MM-YY'), 'SH_CLERK' , '3000',NULL,'124','50');

1 row created.

SQL> INSERT INTO EMPLOYEES VALUES( '198','Donald','OConnell','DOCONNEL', '650.507.9833' , TO_DATE('21-JUN-99', 'DD-MM-YY'), 'SH_CLERK' , '2600',NULL,'124','50');

1 row created.

SQL> INSERT INTO EMPLOYEES VALUES( '199','Douglas','Grant','DGRANT', '650.507.9844' , TO_DATE('13-JAN-00', 'DD-MM-YY'), 'SH_CLERK' , '2600',NULL,'124','50');

1 row created.

SQL> INSERT INTO EMPLOYEES VALUES( '200','Jennifer','Whalen','JWHALEN', '515.123.4444' , TO_DATE('17-SEP-87', 'DD-MM-YY'), 'AD_ASST' , '4400',NULL,'101','10');

1 row created.

SQL> INSERT INTO EMPLOYEES VALUES( '201','Michael','Hartstein','MHARTSTE', '515.123.5555' , TO_DATE('17-FEB-96', 'DD-MM-YY'), 'MK_MAN' , '13000',NULL,'100','20');

1 row created.

SQL> INSERT INTO EMPLOYEES VALUES( '202','Pat','Fay','PFAY', '603.123.6666' , TO_DATE('17-AUG-97', 'DD-MM-YY'), 'MK_REP' , '6000',NULL,'201','20');

1 row created.

SQL> INSERT INTO EMPLOYEES VALUES( '203','Susan','Mavris','SMAVRIS', '515.123.7777' , TO_DATE('07-JUN-94', 'DD-MM-YY'), 'HR_REP' , '6500',NULL,'101','40');

1 row created.

SQL> INSERT INTO EMPLOYEES VALUES( '204','Hermann','Baer','HBAER', '515.123.8888' , TO_DATE('07-JUN-94', 'DD-MM-YY'), 'PR_REP' , '10000',NULL,'101','70');

1 row created.

SQL> INSERT INTO EMPLOYEES VALUES( '205','Shelley','Higgins','SHIGGINS', '515.123.8080' , TO_DATE('07-JUN-94', 'DD-MM-YY'), 'AC_MGR' , '12000',NULL,'101','110');

1 row created.

SQL> INSERT INTO EMPLOYEES VALUES( '206','William','Gietz','WGIETZ', '515.123.8181' , TO_DATE('07-JUN-94', 'DD-MM-YY'), 'AC_ACCOUNT' ,'8300',NULL, '205', '110');

1 row created.

SQL> ALTER TABLE EMPLOYEES ENABLE CONSTRAINT SYS_C0011146;
ALTER TABLE EMPLOYEES ENABLE CONSTRAINT SYS_C0011146
                                        *
ERROR at line 1:
ORA-02298: cannot validate (BGZOCG.SYS_C0011146) - parent keys not found


SQL> ALTER TABLE EMPLOYEES ENABLE CONSTRAINT SYS_C0011143;

Table altered.

SQL> ALTER TABLE EMPLOYEES ENABLE CONSTRAINT SYS_C0011144;
ALTER TABLE EMPLOYEES ENABLE CONSTRAINT SYS_C0011144
                                        *
ERROR at line 1:
ORA-02298: cannot validate (BGZOCG.SYS_C0011144) - parent keys not found


SQL> ALTER TABLE EMPLOYEES ENABLE CONSTRAINT SYS_C0011145;

Table altered.

SQL> ALTER TABLE EMPLOYEES ENABLE CONSTRAINT SYS_C0011146;
ALTER TABLE EMPLOYEES ENABLE CONSTRAINT SYS_C0011146
                                        *
ERROR at line 1:
ORA-02298: cannot validate (BGZOCG.SYS_C0011146) - parent keys not found


SQL> ALTER TABLE EMPLOYEES ENABLE CONSTRAINT SYS_C0011146;
ALTER TABLE EMPLOYEES ENABLE CONSTRAINT SYS_C0011146
                                        *
ERROR at line 1:
ORA-02298: cannot validate (BGZOCG.SYS_C0011146) - parent keys not found


SQL> ALTER TABLE EMPLOYEES ENABLE CONSTRAINT SYS_C0011144;
ALTER TABLE EMPLOYEES ENABLE CONSTRAINT SYS_C0011144
                                        *
ERROR at line 1:
ORA-02298: cannot validate (BGZOCG.SYS_C0011144) - parent keys not found


SQL> ALTER TABLE EMPLOYEES ENABLE CONSTRAINT SYS_C0011145;

Table altered.

SQL> ALTER TABLE EMPLOYEES ENABLE CONSTRAINT SYS_C0011146;
ALTER TABLE EMPLOYEES ENABLE CONSTRAINT SYS_C0011146
                                        *
ERROR at line 1:
ORA-02298: cannot validate (BGZOCG.SYS_C0011146) - parent keys not found

SQL> spool d:\txt.txt
SQL> select * from employees;

EMPLOYEE_ID FIRST_NAME           LAST_NAME
----------- -------------------- -------------------------
EMAIL                     PHONE_NUMBER         HIRE_DATE JOB_ID         SALARY
------------------------- -------------------- --------- ---------- ----------
COMMISSION_PCT MANAGER_ID DEPARTMENT_ID
-------------- ---------- -------------
        100 Steven               King
SKING                     515.123.4567         17-JUN-87 AD_PRES         24000
                                     90

        101 Neena                Kochhar
NKOCHHAR                  515.123.4568         21-SEP-89 AD_VP           17000
                      100            90

EMPLOYEE_ID FIRST_NAME           LAST_NAME
----------- -------------------- -------------------------
EMAIL                     PHONE_NUMBER         HIRE_DATE JOB_ID         SALARY
------------------------- -------------------- --------- ---------- ----------
COMMISSION_PCT MANAGER_ID DEPARTMENT_ID
-------------- ---------- -------------

        102 Lex                  De Haan
LDEHAAN                   515.123.4569         13-JAN-93 AD_VP           17000
                      100            90

        103 Alexander            Hunold
AHUNOLD                   590.423.4567         03-JAN-90 IT_PROG          9000

EMPLOYEE_ID FIRST_NAME           LAST_NAME
----------- -------------------- -------------------------
EMAIL                     PHONE_NUMBER         HIRE_DATE JOB_ID         SALARY
------------------------- -------------------- --------- ---------- ----------
COMMISSION_PCT MANAGER_ID DEPARTMENT_ID
-------------- ---------- -------------
                      102            60

        104 Bruce                Ernst
BERNST                    590.423.4568         21-MAY-91 IT_PROG          6000
                      103            60

        105 David                Austin

EMPLOYEE_ID FIRST_NAME           LAST_NAME
----------- -------------------- -------------------------
EMAIL                     PHONE_NUMBER         HIRE_DATE JOB_ID         SALARY
------------------------- -------------------- --------- ---------- ----------
COMMISSION_PCT MANAGER_ID DEPARTMENT_ID
-------------- ---------- -------------
DAUSTIN                   590.423.4569         25-JUN-97 IT_PROG          4800
                      103            60

        106 Valli                Pataballa
VPATABAL                  590.423.4560         05-FEB-98 IT_PROG          4800
                      103            60


EMPLOYEE_ID FIRST_NAME           LAST_NAME
----------- -------------------- -------------------------
EMAIL                     PHONE_NUMBER         HIRE_DATE JOB_ID         SALARY
------------------------- -------------------- --------- ---------- ----------
COMMISSION_PCT MANAGER_ID DEPARTMENT_ID
-------------- ---------- -------------
        107 Diana                Lorentz
DLORENTZ                  590.423.5567         07-FEB-99 IT_PROG          4200
                      103            60

        108 Nancy                Greenberg
NGREENBE                  515.124.4569         17-AUG-94 FI_MGR          12000
                      101           100

EMPLOYEE_ID FIRST_NAME           LAST_NAME
----------- -------------------- -------------------------
EMAIL                     PHONE_NUMBER         HIRE_DATE JOB_ID         SALARY
------------------------- -------------------- --------- ---------- ----------
COMMISSION_PCT MANAGER_ID DEPARTMENT_ID
-------------- ---------- -------------

        109 Daniel               Faviet
DFAVIET                   515.124.4169         16-AUG-94 FI_ACCOUNT       9000
                      108           100

        110 John                 Chen
JCHEN                     515.124.4269         28-SEP-97 FI_ACCOUNT       8200

EMPLOYEE_ID FIRST_NAME           LAST_NAME
----------- -------------------- -------------------------
EMAIL                     PHONE_NUMBER         HIRE_DATE JOB_ID         SALARY
------------------------- -------------------- --------- ---------- ----------
COMMISSION_PCT MANAGER_ID DEPARTMENT_ID
-------------- ---------- -------------
                      108           100

        111 Ismael               Sciarra
ISCIARRA                  515.124.4369         30-SEP-97 FI_ACCOUNT       7700
                      108           100

        112 Jose Manuel          Urman

EMPLOYEE_ID FIRST_NAME           LAST_NAME
----------- -------------------- -------------------------
EMAIL                     PHONE_NUMBER         HIRE_DATE JOB_ID         SALARY
------------------------- -------------------- --------- ---------- ----------
COMMISSION_PCT MANAGER_ID DEPARTMENT_ID
-------------- ---------- -------------
JMURMAN                   515.124.4469         07-MAR-98 FI_ACCOUNT       7800
                      108           100

        113 Luis                 Popp
LPOPP                     515.124.4567         07-DEC-99 FI_ACCOUNT       6900
                      108           100


EMPLOYEE_ID FIRST_NAME           LAST_NAME
----------- -------------------- -------------------------
EMAIL                     PHONE_NUMBER         HIRE_DATE JOB_ID         SALARY
------------------------- -------------------- --------- ---------- ----------
COMMISSION_PCT MANAGER_ID DEPARTMENT_ID
-------------- ---------- -------------
        114 Den                  Raphaely
DRAPHEAL                  515.127.4561         07-DEC-94 PU_MAN          11000
                      100            30

        115 Alexander            Khoo
AKHOO                     515.127.4562         18-MAY-95 PU_CLERK         3100
                      114            30

EMPLOYEE_ID FIRST_NAME           LAST_NAME
----------- -------------------- -------------------------
EMAIL                     PHONE_NUMBER         HIRE_DATE JOB_ID         SALARY
------------------------- -------------------- --------- ---------- ----------
COMMISSION_PCT MANAGER_ID DEPARTMENT_ID
-------------- ---------- -------------

        116 Shelli               Baida
SBAIDA                    515.127.4563         24-DEC-97 PU_CLERK         2900
                      114            30

        117 Sigal                Tobias
STOBIAS                   515.127.4564         24-JUL-97 PU_CLERK         2800

EMPLOYEE_ID FIRST_NAME           LAST_NAME
----------- -------------------- -------------------------
EMAIL                     PHONE_NUMBER         HIRE_DATE JOB_ID         SALARY
------------------------- -------------------- --------- ---------- ----------
COMMISSION_PCT MANAGER_ID DEPARTMENT_ID
-------------- ---------- -------------
                      114            30

        118 Guy                  Himuro
GHIMURO                   515.127.4565         15-NOV-98 PU_CLERK         2600
                      114            30

        119 Karen                Colmenares

EMPLOYEE_ID FIRST_NAME           LAST_NAME
----------- -------------------- -------------------------
EMAIL                     PHONE_NUMBER         HIRE_DATE JOB_ID         SALARY
------------------------- -------------------- --------- ---------- ----------
COMMISSION_PCT MANAGER_ID DEPARTMENT_ID
-------------- ---------- -------------
KCOLMENA                  515.127.4566         10-AUG-99 PU_CLERK         2500
                      114            30

        120 Matthew              Weiss
MWEISS                    650.123.1234         18-JUL-96 ST_MAN           8000
                      100            50


EMPLOYEE_ID FIRST_NAME           LAST_NAME
----------- -------------------- -------------------------
EMAIL                     PHONE_NUMBER         HIRE_DATE JOB_ID         SALARY
------------------------- -------------------- --------- ---------- ----------
COMMISSION_PCT MANAGER_ID DEPARTMENT_ID
-------------- ---------- -------------
        121 Adam                 Fripp
AFRIPP                    650.123.2234         10-APR-97 ST_MAN           8200
                      100            50

        122 Payam                Kaufling
PKAUFLIN                  650.123.3234         01-MAY-95 ST_MAN           7900
                      100            50

EMPLOYEE_ID FIRST_NAME           LAST_NAME
----------- -------------------- -------------------------
EMAIL                     PHONE_NUMBER         HIRE_DATE JOB_ID         SALARY
------------------------- -------------------- --------- ---------- ----------
COMMISSION_PCT MANAGER_ID DEPARTMENT_ID
-------------- ---------- -------------

        123 Shanta               Vollman
SVOLLMAN                  650.123.4234         10-OCT-97 ST_MAN           6500
                      100            50

        124 Kevin                Mourgos
KMOURGOS                  650.123.5234         16-NOV-99 ST_MAN           5800

EMPLOYEE_ID FIRST_NAME           LAST_NAME
----------- -------------------- -------------------------
EMAIL                     PHONE_NUMBER         HIRE_DATE JOB_ID         SALARY
------------------------- -------------------- --------- ---------- ----------
COMMISSION_PCT MANAGER_ID DEPARTMENT_ID
-------------- ---------- -------------
                      100            50

        125 Julia                Nayer
JNAYER                    650.124.1214         16-JUL-97 ST_CLERK         3200
                      120            50

        126 Irene                Mikkilineni

EMPLOYEE_ID FIRST_NAME           LAST_NAME
----------- -------------------- -------------------------
EMAIL                     PHONE_NUMBER         HIRE_DATE JOB_ID         SALARY
------------------------- -------------------- --------- ---------- ----------
COMMISSION_PCT MANAGER_ID DEPARTMENT_ID
-------------- ---------- -------------
IMIKKILI                  650.124.1224         28-SEP-98 ST_CLERK         2700
                      120            50

        127 James                Landry
JLANDRY                   650.124.1334         14-JAN-99 ST_CLERK         2400
                      120            50


EMPLOYEE_ID FIRST_NAME           LAST_NAME
----------- -------------------- -------------------------
EMAIL                     PHONE_NUMBER         HIRE_DATE JOB_ID         SALARY
------------------------- -------------------- --------- ---------- ----------
COMMISSION_PCT MANAGER_ID DEPARTMENT_ID
-------------- ---------- -------------
        128 Steven               Markle
SMARKLE                   650.124.1434         08-MAR-00 ST_CLERK         2200
                      120            50

        129 Laura                Bissot
LBISSOT                   650.124.5234         20-AUG-97 ST_CLERK         3300
                      121            50

EMPLOYEE_ID FIRST_NAME           LAST_NAME
----------- -------------------- -------------------------
EMAIL                     PHONE_NUMBER         HIRE_DATE JOB_ID         SALARY
------------------------- -------------------- --------- ---------- ----------
COMMISSION_PCT MANAGER_ID DEPARTMENT_ID
-------------- ---------- -------------

        130 Mozhe                Atkinson
MATKINSO                  650.124.6234         30-OCT-97 ST_CLERK         2800
                      121            50

        131 James                Marlow
JAMRLOW                   650.124.7234         16-FEB-97 ST_CLERK         2500

EMPLOYEE_ID FIRST_NAME           LAST_NAME
----------- -------------------- -------------------------
EMAIL                     PHONE_NUMBER         HIRE_DATE JOB_ID         SALARY
------------------------- -------------------- --------- ---------- ----------
COMMISSION_PCT MANAGER_ID DEPARTMENT_ID
-------------- ---------- -------------
                      121            50

        132 TJ                   Olson
TJOLSON                   650.124.8234         10-APR-99 ST_CLERK         2100
                      121            50

        133 Jason                Mallin

EMPLOYEE_ID FIRST_NAME           LAST_NAME
----------- -------------------- -------------------------
EMAIL                     PHONE_NUMBER         HIRE_DATE JOB_ID         SALARY
------------------------- -------------------- --------- ---------- ----------
COMMISSION_PCT MANAGER_ID DEPARTMENT_ID
-------------- ---------- -------------
JMALLIN                   650.127.1934         14-JUN-96 ST_CLERK         3300
                      122            50

        134 Michael              Rogers
MROGERS                   650.127.1834         26-AUG-98 ST_CLERK         2900
                      122            50


EMPLOYEE_ID FIRST_NAME           LAST_NAME
----------- -------------------- -------------------------
EMAIL                     PHONE_NUMBER         HIRE_DATE JOB_ID         SALARY
------------------------- -------------------- --------- ---------- ----------
COMMISSION_PCT MANAGER_ID DEPARTMENT_ID
-------------- ---------- -------------
        135 Ki                   Gee
KGEE                      650.127.1734         12-DEC-99 ST_CLERK         2400
                      122            50

        136 Hazel                Philtanker
HPHILTAN                  650.127.1634         06-FEB-00 ST_CLERK         2200
                      122            50

EMPLOYEE_ID FIRST_NAME           LAST_NAME
----------- -------------------- -------------------------
EMAIL                     PHONE_NUMBER         HIRE_DATE JOB_ID         SALARY
------------------------- -------------------- --------- ---------- ----------
COMMISSION_PCT MANAGER_ID DEPARTMENT_ID
-------------- ---------- -------------

        137 Renske               Ladwig
RLADWIG                   650.121.1234         14-JUL-95 ST_CLERK         3600
                      123            50

        138 Stephen              Stiles
SSTILES                   650.121.2034         26-OCT-97 ST_CLERK         3200

EMPLOYEE_ID FIRST_NAME           LAST_NAME
----------- -------------------- -------------------------
EMAIL                     PHONE_NUMBER         HIRE_DATE JOB_ID         SALARY
------------------------- -------------------- --------- ---------- ----------
COMMISSION_PCT MANAGER_ID DEPARTMENT_ID
-------------- ---------- -------------
                      123            50

        139 John                 Seo
JSEO                      650.121.2019         12-FEB-98 ST_CLERK         2700
                      123            50

        140 Joshua               Patel

EMPLOYEE_ID FIRST_NAME           LAST_NAME
----------- -------------------- -------------------------
EMAIL                     PHONE_NUMBER         HIRE_DATE JOB_ID         SALARY
------------------------- -------------------- --------- ---------- ----------
COMMISSION_PCT MANAGER_ID DEPARTMENT_ID
-------------- ---------- -------------
JPATEL                    650.121.1834         06-APR-98 ST_CLERK         2500
                      123            50

        141 Trenna               Rajs
TRAJS                     650.121.8009         17-OCT-95 ST_CLERK         3500
                      124            50


EMPLOYEE_ID FIRST_NAME           LAST_NAME
----------- -------------------- -------------------------
EMAIL                     PHONE_NUMBER         HIRE_DATE JOB_ID         SALARY
------------------------- -------------------- --------- ---------- ----------
COMMISSION_PCT MANAGER_ID DEPARTMENT_ID
-------------- ---------- -------------
        142 Curtis               Davies
CDAVIES                   650.121.2994         29-JAN-97 ST_CLERK         3100
                      124            50

        143 Randall              Matos
RMATOS                    650.121.2874         15-MAR-98 ST_CLERK         2600
                      124            50

EMPLOYEE_ID FIRST_NAME           LAST_NAME
----------- -------------------- -------------------------
EMAIL                     PHONE_NUMBER         HIRE_DATE JOB_ID         SALARY
------------------------- -------------------- --------- ---------- ----------
COMMISSION_PCT MANAGER_ID DEPARTMENT_ID
-------------- ---------- -------------

        144 Peter                Vargas
PVARGAS                   650.121.2004         09-JUL-98 ST_CLERK         2500
                      124            50

        145 John                 Russell
JRUSSEL                   011.44.1344.429268   01-OCT-96 SA_MAN          14000

EMPLOYEE_ID FIRST_NAME           LAST_NAME
----------- -------------------- -------------------------
EMAIL                     PHONE_NUMBER         HIRE_DATE JOB_ID         SALARY
------------------------- -------------------- --------- ---------- ----------
COMMISSION_PCT MANAGER_ID DEPARTMENT_ID
-------------- ---------- -------------
            .4        100            80

        146 Karen                Partners
KPARTNER                  011.44.1344.467268   05-JAN-97 SA_MAN          13500
            .3        100            80

        147 Alberto              Errazuriz

EMPLOYEE_ID FIRST_NAME           LAST_NAME
----------- -------------------- -------------------------
EMAIL                     PHONE_NUMBER         HIRE_DATE JOB_ID         SALARY
------------------------- -------------------- --------- ---------- ----------
COMMISSION_PCT MANAGER_ID DEPARTMENT_ID
-------------- ---------- -------------
AERRAZUR                  011.44.1344.429278   10-MAR-97 SA_MAN          12000
            .3        100            80

        148 Gerald               Cambrault
GCAMBRAU                  011.44.1344.619268   15-OCT-99 SA_MAN          11000
            .3        100            80


EMPLOYEE_ID FIRST_NAME           LAST_NAME
----------- -------------------- -------------------------
EMAIL                     PHONE_NUMBER         HIRE_DATE JOB_ID         SALARY
------------------------- -------------------- --------- ---------- ----------
COMMISSION_PCT MANAGER_ID DEPARTMENT_ID
-------------- ---------- -------------
        149 Eleni                Zlotkey
EZLOTKEY                  011.44.1344.429018   29-JAN-00 SA_MAN          10500
            .2        100            80

        150 Peter                Tucker
PTUCKER                   011.44.1344.129268   30-JAN-97 SA_REP          10000
            .3        145            80

EMPLOYEE_ID FIRST_NAME           LAST_NAME
----------- -------------------- -------------------------
EMAIL                     PHONE_NUMBER         HIRE_DATE JOB_ID         SALARY
------------------------- -------------------- --------- ---------- ----------
COMMISSION_PCT MANAGER_ID DEPARTMENT_ID
-------------- ---------- -------------

        151 David                Bernstein
DBERNSTE                  011.44.1344.345268   24-MAR-97 SA_REP           9500
           .25        145            80

        152 Peter                Hall
PHALL                     011.44.1344.478968   20-AUG-97 SA_REP           9000

EMPLOYEE_ID FIRST_NAME           LAST_NAME
----------- -------------------- -------------------------
EMAIL                     PHONE_NUMBER         HIRE_DATE JOB_ID         SALARY
------------------------- -------------------- --------- ---------- ----------
COMMISSION_PCT MANAGER_ID DEPARTMENT_ID
-------------- ---------- -------------
           .25        145            80

        153 Christopher          Olsen
COLSEN                    011.44.1344.498718   30-MAR-98 SA_REP           8000
            .2        145            80

        154 Nanette              Cambrault

EMPLOYEE_ID FIRST_NAME           LAST_NAME
----------- -------------------- -------------------------
EMAIL                     PHONE_NUMBER         HIRE_DATE JOB_ID         SALARY
------------------------- -------------------- --------- ---------- ----------
COMMISSION_PCT MANAGER_ID DEPARTMENT_ID
-------------- ---------- -------------
NCAMBRAU                  011.44.1344.987668   09-DEC-98 SA_REP           7500
            .2        145            80

        155 Oliver               Tuvault
OTUVAULT                  011.44.1344.486508   23-NOV-99 SA_REP           7000
           .15        145            80


EMPLOYEE_ID FIRST_NAME           LAST_NAME
----------- -------------------- -------------------------
EMAIL                     PHONE_NUMBER         HIRE_DATE JOB_ID         SALARY
------------------------- -------------------- --------- ---------- ----------
COMMISSION_PCT MANAGER_ID DEPARTMENT_ID
-------------- ---------- -------------
        156 Janette              King
JKING                     011.44.1345.429268   30-JAN-96 SA_REP          10000
           .35        146            80

        157 Patrick              Sully
PSULLY                    011.44.1345.929268   04-MAR-96 SA_REP           9500
           .35        146            80

EMPLOYEE_ID FIRST_NAME           LAST_NAME
----------- -------------------- -------------------------
EMAIL                     PHONE_NUMBER         HIRE_DATE JOB_ID         SALARY
------------------------- -------------------- --------- ---------- ----------
COMMISSION_PCT MANAGER_ID DEPARTMENT_ID
-------------- ---------- -------------

        158 Allan                McEwen
AMCEWEN                   011.44.1345.829268   01-AUG-96 SA_REP           9000
           .35        146            80

        159 Lindsey              Smith
LSMITH                    011.44.1345.729268   10-MAR-97 SA_REP           8000

EMPLOYEE_ID FIRST_NAME           LAST_NAME
----------- -------------------- -------------------------
EMAIL                     PHONE_NUMBER         HIRE_DATE JOB_ID         SALARY
------------------------- -------------------- --------- ---------- ----------
COMMISSION_PCT MANAGER_ID DEPARTMENT_ID
-------------- ---------- -------------
            .3        146            80

        160 Louise               Doran
LDORAN                    011.44.1345.629268   15-DEC-97 SA_REP           7500
            .3        146            80

        161 Sarath               Sewall

EMPLOYEE_ID FIRST_NAME           LAST_NAME
----------- -------------------- -------------------------
EMAIL                     PHONE_NUMBER         HIRE_DATE JOB_ID         SALARY
------------------------- -------------------- --------- ---------- ----------
COMMISSION_PCT MANAGER_ID DEPARTMENT_ID
-------------- ---------- -------------
SSEWALL                   011.44.1345.529268   03-NOV-98 SA_REP           7000
           .25        146            80

        162 Clara                Vishney
CVISHNEY                  011.44.1346.129268   11-NOV-97 SA_REP          10500
           .25        147            80


EMPLOYEE_ID FIRST_NAME           LAST_NAME
----------- -------------------- -------------------------
EMAIL                     PHONE_NUMBER         HIRE_DATE JOB_ID         SALARY
------------------------- -------------------- --------- ---------- ----------
COMMISSION_PCT MANAGER_ID DEPARTMENT_ID
-------------- ---------- -------------
        163 Danielle             Greene
DGREENE                   011.44.1346.229268   19-MAR-99 SA_REP           9500
           .15        147            80

        164 Mattea               Marvins
MMARVINS                  011.44.1346.329268   24-JAN-00 SA_REP           7200
            .1        147            80

EMPLOYEE_ID FIRST_NAME           LAST_NAME
----------- -------------------- -------------------------
EMAIL                     PHONE_NUMBER         HIRE_DATE JOB_ID         SALARY
------------------------- -------------------- --------- ---------- ----------
COMMISSION_PCT MANAGER_ID DEPARTMENT_ID
-------------- ---------- -------------

        165 David                Lee
DLEE                      011.44.1346.529268   23-FEB-00 SA_REP           6800
            .1        147            80

        166 Sundar               Ande
SANDE                     011.44.1346.629268   24-MAR-00 SA_REP           6400

EMPLOYEE_ID FIRST_NAME           LAST_NAME
----------- -------------------- -------------------------
EMAIL                     PHONE_NUMBER         HIRE_DATE JOB_ID         SALARY
------------------------- -------------------- --------- ---------- ----------
COMMISSION_PCT MANAGER_ID DEPARTMENT_ID
-------------- ---------- -------------
            .1        147            80

        167 Amit                 Banda
ABANDA                    011.44.1346.729268   21-APR-00 SA_REP           6200
            .1        147            80

        168 Lisa                 Ozer

EMPLOYEE_ID FIRST_NAME           LAST_NAME
----------- -------------------- -------------------------
EMAIL                     PHONE_NUMBER         HIRE_DATE JOB_ID         SALARY
------------------------- -------------------- --------- ---------- ----------
COMMISSION_PCT MANAGER_ID DEPARTMENT_ID
-------------- ---------- -------------
LOZER                     011.44.1343.929268   11-MAR-97 SA_REP          11500
           .25        148            80

        169 Harrison             Bloom
HBLOOM                    011.44.1343.829268   23-MAR-98 SA_REP          10000
            .2        148            80


EMPLOYEE_ID FIRST_NAME           LAST_NAME
----------- -------------------- -------------------------
EMAIL                     PHONE_NUMBER         HIRE_DATE JOB_ID         SALARY
------------------------- -------------------- --------- ---------- ----------
COMMISSION_PCT MANAGER_ID DEPARTMENT_ID
-------------- ---------- -------------
        170 Tayler               Fox
TFOX                      011.44.1343.729268   24-JAN-98 SA_REP           9600
            .2        148            80

        171 William              Smith
WSMITH                    011.44.1343.629268   23-FEB-99 SA_REP           7400
           .15        148            80

EMPLOYEE_ID FIRST_NAME           LAST_NAME
----------- -------------------- -------------------------
EMAIL                     PHONE_NUMBER         HIRE_DATE JOB_ID         SALARY
------------------------- -------------------- --------- ---------- ----------
COMMISSION_PCT MANAGER_ID DEPARTMENT_ID
-------------- ---------- -------------

        172 Elizabeth            Bates
EBATES                    011.44.1343.529268   24-MAR-99 SA_REP           7300
           .15        148            80

        173 Sundita              Kumar
SKUMAR                    011.44.1343.329268   21-APR-00 SA_REP           6100

EMPLOYEE_ID FIRST_NAME           LAST_NAME
----------- -------------------- -------------------------
EMAIL                     PHONE_NUMBER         HIRE_DATE JOB_ID         SALARY
------------------------- -------------------- --------- ---------- ----------
COMMISSION_PCT MANAGER_ID DEPARTMENT_ID
-------------- ---------- -------------
            .1        148            80

        174 Ellen                Abel
EABEL                     011.44.1644.429267   11-MAY-96 SA_REP          11000
            .3        149            80

        175 Alyssa               Hutton

EMPLOYEE_ID FIRST_NAME           LAST_NAME
----------- -------------------- -------------------------
EMAIL                     PHONE_NUMBER         HIRE_DATE JOB_ID         SALARY
------------------------- -------------------- --------- ---------- ----------
COMMISSION_PCT MANAGER_ID DEPARTMENT_ID
-------------- ---------- -------------
AHUTTON                   011.44.1644.429266   19-MAR-97 SA_REP           8800
           .25        149            80

        176 Jonathon             Taylor
JTAYLOR                   011.44.1644.429265   24-MAR-98 SA_REP           8600
            .2        149            80


EMPLOYEE_ID FIRST_NAME           LAST_NAME
----------- -------------------- -------------------------
EMAIL                     PHONE_NUMBER         HIRE_DATE JOB_ID         SALARY
------------------------- -------------------- --------- ---------- ----------
COMMISSION_PCT MANAGER_ID DEPARTMENT_ID
-------------- ---------- -------------
        177 Jack                 Livingston
JLIVINGS                  011.44.1644.429264   23-APR-98 SA_REP           8400
            .2        149            80

        178 Kimberely            Grant
KGRANT                    011.44.1644.429263   24-MAY-99 SA_REP           7000
           .15        149

EMPLOYEE_ID FIRST_NAME           LAST_NAME
----------- -------------------- -------------------------
EMAIL                     PHONE_NUMBER         HIRE_DATE JOB_ID         SALARY
------------------------- -------------------- --------- ---------- ----------
COMMISSION_PCT MANAGER_ID DEPARTMENT_ID
-------------- ---------- -------------

        179 Charles              Johnson
CJOHNSON                  011.44.1644.429262   04-JAN-00 SA_REP           6200
            .1        149            80

        180 Winston              Taylor
WTAYLOR                   650.507.9876         24-JAN-98 SH_CLERK         3200

EMPLOYEE_ID FIRST_NAME           LAST_NAME
----------- -------------------- -------------------------
EMAIL                     PHONE_NUMBER         HIRE_DATE JOB_ID         SALARY
------------------------- -------------------- --------- ---------- ----------
COMMISSION_PCT MANAGER_ID DEPARTMENT_ID
-------------- ---------- -------------
                      120            50

        181 Jean                 Fleaur
JFLEAUR                   650.507.9877         23-FEB-98 SH_CLERK         3100
                      120            50

        182 Martha               Sullivan

EMPLOYEE_ID FIRST_NAME           LAST_NAME
----------- -------------------- -------------------------
EMAIL                     PHONE_NUMBER         HIRE_DATE JOB_ID         SALARY
------------------------- -------------------- --------- ---------- ----------
COMMISSION_PCT MANAGER_ID DEPARTMENT_ID
-------------- ---------- -------------
MSULLIVA                  650.507.9878         21-JUN-99 SH_CLERK         2500
                      120            50

        183 Girard               Geoni
GGEONI                    650.507.9879         03-FEB-00 SH_CLERK         2800
                      120            50


EMPLOYEE_ID FIRST_NAME           LAST_NAME
----------- -------------------- -------------------------
EMAIL                     PHONE_NUMBER         HIRE_DATE JOB_ID         SALARY
------------------------- -------------------- --------- ---------- ----------
COMMISSION_PCT MANAGER_ID DEPARTMENT_ID
-------------- ---------- -------------
        184 Nandita              Sarchand
NSARCHAN                  650.509.1876         27-JAN-96 SH_CLERK         4200
                      121            50

        185 Alexis               Bull
ABULL                     650.509.2876         20-FEB-97 SH_CLERK         4100
                      121            50

EMPLOYEE_ID FIRST_NAME           LAST_NAME
----------- -------------------- -------------------------
EMAIL                     PHONE_NUMBER         HIRE_DATE JOB_ID         SALARY
------------------------- -------------------- --------- ---------- ----------
COMMISSION_PCT MANAGER_ID DEPARTMENT_ID
-------------- ---------- -------------

        186 Julia                Dellinger
JDELLING                  650.509.3876         24-JUN-98 SH_CLERK         3400
                      121            50

        187 Anthony              Cabrio
ACABRIO                   650.509.4876         07-FEB-99 SH_CLERK         3000

EMPLOYEE_ID FIRST_NAME           LAST_NAME
----------- -------------------- -------------------------
EMAIL                     PHONE_NUMBER         HIRE_DATE JOB_ID         SALARY
------------------------- -------------------- --------- ---------- ----------
COMMISSION_PCT MANAGER_ID DEPARTMENT_ID
-------------- ---------- -------------
                      121            50

        188 Kelly                Chung
KCHUNG                    650.505.1876         14-JUN-97 SH_CLERK         3800
                      122            50

        189 Jennifer             Dilly

EMPLOYEE_ID FIRST_NAME           LAST_NAME
----------- -------------------- -------------------------
EMAIL                     PHONE_NUMBER         HIRE_DATE JOB_ID         SALARY
------------------------- -------------------- --------- ---------- ----------
COMMISSION_PCT MANAGER_ID DEPARTMENT_ID
-------------- ---------- -------------
JDILLY                    650.505.2876         13-AUG-97 SH_CLERK         3600
                      122            50

        190 Timothy              Gates
TGATES                    650.505.3876         11-JUL-98 SH_CLERK         2900
                      122            50


EMPLOYEE_ID FIRST_NAME           LAST_NAME
----------- -------------------- -------------------------
EMAIL                     PHONE_NUMBER         HIRE_DATE JOB_ID         SALARY
------------------------- -------------------- --------- ---------- ----------
COMMISSION_PCT MANAGER_ID DEPARTMENT_ID
-------------- ---------- -------------
        191 Randall              Perkins
RPERKINS                  650.505.4876         19-DEC-99 SH_CLERK         2500
                      122            50

        192 Sarah                Bell
SBELL                     650.501.1876         04-FEB-96 SH_CLERK         4000
                      123            50

EMPLOYEE_ID FIRST_NAME           LAST_NAME
----------- -------------------- -------------------------
EMAIL                     PHONE_NUMBER         HIRE_DATE JOB_ID         SALARY
------------------------- -------------------- --------- ---------- ----------
COMMISSION_PCT MANAGER_ID DEPARTMENT_ID
-------------- ---------- -------------

        193 Britney              Everett
BEVERETT                  650.501.2876         03-MAR-97 SH_CLERK         3900
                      123            50

        194 Samuel               McCain
SMCCAIN                   650.501.3876         01-JUL-98 SH_CLERK         3200

EMPLOYEE_ID FIRST_NAME           LAST_NAME
----------- -------------------- -------------------------
EMAIL                     PHONE_NUMBER         HIRE_DATE JOB_ID         SALARY
------------------------- -------------------- --------- ---------- ----------
COMMISSION_PCT MANAGER_ID DEPARTMENT_ID
-------------- ---------- -------------
                      123            50

        195 Vance                Jones
VJONES                    650.501.4876         17-MAR-99 SH_CLERK         2800
                      123            50

        196 Alana                Walsh

EMPLOYEE_ID FIRST_NAME           LAST_NAME
----------- -------------------- -------------------------
EMAIL                     PHONE_NUMBER         HIRE_DATE JOB_ID         SALARY
------------------------- -------------------- --------- ---------- ----------
COMMISSION_PCT MANAGER_ID DEPARTMENT_ID
-------------- ---------- -------------
AWALSH                    650.507.9811         24-APR-98 SH_CLERK         3100
                      124            50

        197 Kevin                Feeney
KFEENEY                   650.507.9822         23-MAY-98 SH_CLERK         3000
                      124            50


EMPLOYEE_ID FIRST_NAME           LAST_NAME
----------- -------------------- -------------------------
EMAIL                     PHONE_NUMBER         HIRE_DATE JOB_ID         SALARY
------------------------- -------------------- --------- ---------- ----------
COMMISSION_PCT MANAGER_ID DEPARTMENT_ID
-------------- ---------- -------------
        198 Donald               OConnell
DOCONNEL                  650.507.9833         21-JUN-99 SH_CLERK         2600
                      124            50

        199 Douglas              Grant
DGRANT                    650.507.9844         13-JAN-00 SH_CLERK         2600
                      124            50

EMPLOYEE_ID FIRST_NAME           LAST_NAME
----------- -------------------- -------------------------
EMAIL                     PHONE_NUMBER         HIRE_DATE JOB_ID         SALARY
------------------------- -------------------- --------- ---------- ----------
COMMISSION_PCT MANAGER_ID DEPARTMENT_ID
-------------- ---------- -------------

        200 Jennifer             Whalen
JWHALEN                   515.123.4444         17-SEP-87 AD_ASST          4400
                      101            10

        201 Michael              Hartstein
MHARTSTE                  515.123.5555         17-FEB-96 MK_MAN          13000

EMPLOYEE_ID FIRST_NAME           LAST_NAME
----------- -------------------- -------------------------
EMAIL                     PHONE_NUMBER         HIRE_DATE JOB_ID         SALARY
------------------------- -------------------- --------- ---------- ----------
COMMISSION_PCT MANAGER_ID DEPARTMENT_ID
-------------- ---------- -------------
                      100            20

        202 Pat                  Fay
PFAY                      603.123.6666         17-AUG-97 MK_REP           6000
                      201            20

        203 Susan                Mavris

EMPLOYEE_ID FIRST_NAME           LAST_NAME
----------- -------------------- -------------------------
EMAIL                     PHONE_NUMBER         HIRE_DATE JOB_ID         SALARY
------------------------- -------------------- --------- ---------- ----------
COMMISSION_PCT MANAGER_ID DEPARTMENT_ID
-------------- ---------- -------------
SMAVRIS                   515.123.7777         07-JUN-94 HR_REP           6500
                      101            40

        204 Hermann              Baer
HBAER                     515.123.8888         07-JUN-94 PR_REP          10000
                      101            70


EMPLOYEE_ID FIRST_NAME           LAST_NAME
----------- -------------------- -------------------------
EMAIL                     PHONE_NUMBER         HIRE_DATE JOB_ID         SALARY
------------------------- -------------------- --------- ---------- ----------
COMMISSION_PCT MANAGER_ID DEPARTMENT_ID
-------------- ---------- -------------
        205 Shelley              Higgins
SHIGGINS                  515.123.8080         07-JUN-94 AC_MGR          12000
                      101           110

        206 William              Gietz
WGIETZ                    515.123.8181         07-JUN-94 AC_ACCOUNT       8300
                      205           110

EMPLOYEE_ID FIRST_NAME           LAST_NAME
----------- -------------------- -------------------------
EMAIL                     PHONE_NUMBER         HIRE_DATE JOB_ID         SALARY
------------------------- -------------------- --------- ---------- ----------
COMMISSION_PCT MANAGER_ID DEPARTMENT_ID
-------------- ---------- -------------


107 rows selected.

SQL> select * from dual;

D
-
X

SQL> insert all
  2   into departments values('10','Administration','200','1700')
  3   into departments values('20','Marketing','201','1800')
  4   into departments values('30','Purchasing','114','1700')
  5   into departments values('40','Human Resources','203','2400')
  6   into departments values('50','Shipping','121','1500')
  7   into departments values('60','IT','103','1400')
  8   into departments values('70','Public Relations','204','2700')
  9   into departments values('80','Sales','145','2500')
 10   into departments values('90','Executive','100','1700')
 11   into departments values('100','Finance','108','1700')
 12   into departments values('110','Accounting','205','1700')
 13   into departments values('120','Treasury',null,'1700')
 14   into departments values('130','Corporate Tax',null,'1700')
 15   into departments values('140','Control And Credit',null,'1700')
 16   into departments values('150','Shareholder Services',null,'1700')
 17   into departments values('160','Benefits',null,'1700')
 18   into departments values('170','Manufacturing',null,'1700')
 19   into departments values('180','Construction',null,'1700')
 20   into departments values('190','Contracting',null,'1700')
 21   into departments values('200','Operations',null,'1700')
 22   into departments values('210','IT Support',null,'1700')
 23   into departments values('220','NOC',null,'1700')
 24   into departments values('230','IT Helpdesk',null,'1700')
 25   into departments values('240','Government Sales',null,'1700')
 26   into departments values('250','Retail Sales',null,'1700')
 27   into departments values('260','Recruiting',null,'1700')
 28   into departments values('270','Payroll',null,'1700')
 29  select* from dual;
insert all
*
ERROR at line 1:
ORA-02291: integrity constraint (BGZOCG.SYS_C0011135) violated - parent key not
found


SQL> select * from locations;

LOCATION_ID STREET_ADDRESS                           POSTAL_CODE
----------- ---------------------------------------- ------------
CITY                           STATE_PROVINCE            CO
------------------------------ ------------------------- --
       1000 1297 Via Cola di Rie                     00989
Roma                                                     IT

       1100 93091 Calle della Testa                  10934
Venice                                                   IT

       1300 9450 Kamiya-cho                          6823
Hiroshima                                                JP


LOCATION_ID STREET_ADDRESS                           POSTAL_CODE
----------- ---------------------------------------- ------------
CITY                           STATE_PROVINCE            CO
------------------------------ ------------------------- --
       1400 2014 Jabberwocky Rd                      26192
Southlake                      Texas                     US

       1500 2011 Interiors Blvd                      99236
South San Francisco            California                US

       1700 2004 Charade Rd                          98199
Seattle                        Washington                US


LOCATION_ID STREET_ADDRESS                           POSTAL_CODE
----------- ---------------------------------------- ------------
CITY                           STATE_PROVINCE            CO
------------------------------ ------------------------- --
       1800 147 Spadina Ave                          M5V 2L7
Toronto                        Ontario                   CA

       1900 6092 Boxwood St                          YSW 9T2
Whitehorse                     Yukon                     CA

       2000 40-5-12 Laogianggen                      190518
Beijing                                                  CN


LOCATION_ID STREET_ADDRESS                           POSTAL_CODE
----------- ---------------------------------------- ------------
CITY                           STATE_PROVINCE            CO
------------------------------ ------------------------- --
       2100 1298 Vileparle(E)                        490231
Bombay                         Maharashtra               IN

       2300 198 Clementi North                       540198
Singapore                                                SG

       2600 9702 Chester Road                        09629850293
Stretford                      Manchester                UK


LOCATION_ID STREET_ADDRESS                           POSTAL_CODE
----------- ---------------------------------------- ------------
CITY                           STATE_PROVINCE            CO
------------------------------ ------------------------- --
       2700 Schwanthalerstr. 7031                    80925
Munich                         Bavaria                   DE

       2800 Rua Frei Caneca 1360                     01307-002
Sao Paulo                      Sao Paulo                 BR

       2900 20 Rue des Corps-Saints                  1730
Geneva                         Geneve                    CH


LOCATION_ID STREET_ADDRESS                           POSTAL_CODE
----------- ---------------------------------------- ------------
CITY                           STATE_PROVINCE            CO
------------------------------ ------------------------- --
       3000 Murtenstrasse 921                        3095
Bern                           BE                        CH

       3100 Pieter Breughelstraat 837                3029SK
Utrecht                        Utrecht                   NL

       3200 Mariano Escobedo 9991                    11932
Mexico City                    Distrito Federal          MX


18 rows selected.

SQL> insert all
  2   into departments values('10','Administration','200','1700')
  3
SQL> insert
  2   into departments values('10','Administration','200','1700');

1 row created.

SQL> insert  into departments values('20','Marketing','201','1800');

1 row created.

SQL> insert  into departments values('30','Purchasing','114','1700');

1 row created.

SQL> insert  into departments values('40','Human Resources','203','2400');
insert  into departments values('40','Human Resources','203','2400')
*
ERROR at line 1:
ORA-02291: integrity constraint (BGZOCG.SYS_C0011135) violated - parent key not
found


SQL> select * from locations;

LOCATION_ID STREET_ADDRESS                           POSTAL_CODE
----------- ---------------------------------------- ------------
CITY                           STATE_PROVINCE            CO
------------------------------ ------------------------- --
       1000 1297 Via Cola di Rie                     00989
Roma                                                     IT

       1100 93091 Calle della Testa                  10934
Venice                                                   IT

       1300 9450 Kamiya-cho                          6823
Hiroshima                                                JP


LOCATION_ID STREET_ADDRESS                           POSTAL_CODE
----------- ---------------------------------------- ------------
CITY                           STATE_PROVINCE            CO
------------------------------ ------------------------- --
       1400 2014 Jabberwocky Rd                      26192
Southlake                      Texas                     US

       1500 2011 Interiors Blvd                      99236
South San Francisco            California                US

       1700 2004 Charade Rd                          98199
Seattle                        Washington                US


LOCATION_ID STREET_ADDRESS                           POSTAL_CODE
----------- ---------------------------------------- ------------
CITY                           STATE_PROVINCE            CO
------------------------------ ------------------------- --
       1800 147 Spadina Ave                          M5V 2L7
Toronto                        Ontario                   CA

       1900 6092 Boxwood St                          YSW 9T2
Whitehorse                     Yukon                     CA

       2000 40-5-12 Laogianggen                      190518
Beijing                                                  CN


LOCATION_ID STREET_ADDRESS                           POSTAL_CODE
----------- ---------------------------------------- ------------
CITY                           STATE_PROVINCE            CO
------------------------------ ------------------------- --
       2100 1298 Vileparle(E)                        490231
Bombay                         Maharashtra               IN

       2300 198 Clementi North                       540198
Singapore                                                SG

       2600 9702 Chester Road                        09629850293
Stretford                      Manchester                UK


LOCATION_ID STREET_ADDRESS                           POSTAL_CODE
----------- ---------------------------------------- ------------
CITY                           STATE_PROVINCE            CO
------------------------------ ------------------------- --
       2700 Schwanthalerstr. 7031                    80925
Munich                         Bavaria                   DE

       2800 Rua Frei Caneca 1360                     01307-002
Sao Paulo                      Sao Paulo                 BR

       2900 20 Rue des Corps-Saints                  1730
Geneva                         Geneve                    CH


LOCATION_ID STREET_ADDRESS                           POSTAL_CODE
----------- ---------------------------------------- ------------
CITY                           STATE_PROVINCE            CO
------------------------------ ------------------------- --
       3000 Murtenstrasse 921                        3095
Bern                           BE                        CH

       3100 Pieter Breughelstraat 837                3029SK
Utrecht                        Utrecht                   NL

       3200 Mariano Escobedo 9991                    11932
Mexico City                    Distrito Federal          MX


18 rows selected.

SQL> desc locations;
 Name                                      Null?    Type
 ----------------------------------------- -------- ----------------------------
 LOCATION_ID                               NOT NULL NUMBER(4)
 STREET_ADDRESS                                     VARCHAR2(40)
 POSTAL_CODE                                        VARCHAR2(12)
 CITY                                               VARCHAR2(30)
 STATE_PROVINCE                                     VARCHAR2(25)
 COUNTRY_ID                                         CHAR(2)

SQL> desc departments;
 Name                                      Null?    Type
 ----------------------------------------- -------- ----------------------------
 DEPARTMENT_ID                             NOT NULL NUMBER(4)
 DEPARTMENT_NAME                           NOT NULL VARCHAR2(30)
 MANAGER_ID                                         NUMBER(6)
 LOCATION_ID                                        NUMBER(4)

SQL> delete from locations where LOCATION_ID=1300;

1 row deleted.

SQL> delete from locations where LOCATION_ID=1400;

1 row deleted.

SQL> delete from locations where LOCATION_ID=1500;

1 row deleted.

SQL> delete from locations where LOCATION_ID=1600;

0 rows deleted.

SQL> delete from locations where LOCATION_ID=1700;
delete from locations where LOCATION_ID=1700
*
ERROR at line 1:
ORA-02292: integrity constraint (BGZOCG.SYS_C0011135) violated - child record
found


SQL> delete from departments where  DEPARTMENT_ID=10;

1 row deleted.

SQL> delete from departments where  DEPARTMENT_ID=20;

1 row deleted.

SQL> delete from departments where  DEPARTMENT_ID=30;

1 row deleted.

SQL> delete from departments where  DEPARTMENT_ID=40;

0 rows deleted.

SQL> delete from departments where  DEPARTMENT_ID=50;

0 rows deleted.

SQL> delete from locations where LOCATION_ID=1700;

1 row deleted.

SQL> delete from locations where LOCATION_ID=1800;

1 row deleted.

SQL> delete from locations where LOCATION_ID=1900;

1 row deleted.

SQL> delete from locations where LOCATION_ID=2000;

1 row deleted.

SQL> delete from locations where LOCATION_ID=2100;

1 row deleted.

SQL> delete from locations where LOCATION_ID=2200;

0 rows deleted.

SQL> delete from locations where LOCATION_ID=2300;

1 row deleted.

SQL> delete from locations where LOCATION_ID=2400;

0 rows deleted.

SQL> delete from locations where LOCATION_ID=2500;

0 rows deleted.

SQL> delete from locations where LOCATION_ID=2600;

1 row deleted.

SQL> delete from locations where LOCATION_ID=2700;

1 row deleted.

SQL> delete from locations where LOCATION_ID=2800;

1 row deleted.

SQL> delete from locations where LOCATION_ID=2900;

1 row deleted.

SQL> delete from locations where LOCATION_ID=3000;

1 row deleted.

SQL> delete from locations where LOCATION_ID=3100;

1 row deleted.

SQL> delete from locations where LOCATION_ID=3200;

1 row deleted.

SQL> delete from locations where LOCATION_ID=3300;

0 rows deleted.

SQL> delete from locations where LOCATION_ID=3400;

0 rows deleted.

SQL> select * from locations;

LOCATION_ID STREET_ADDRESS                           POSTAL_CODE
----------- ---------------------------------------- ------------
CITY                           STATE_PROVINCE            CO
------------------------------ ------------------------- --
       1000 1297 Via Cola di Rie                     00989
Roma                                                     IT

       1100 93091 Calle della Testa                  10934
Venice                                                   IT


SQL> insert all
  2   into locations values('1200','2017 Shinjuku-ku','1689','Tokyo','Tokyo Prefecture','JP')
  3   into locations values('1300','9450 Kamiya-cho','6823','Hiroshima',null,'JP')
  4   into locations values('1400','2014 Jabberwocky Rd','26192','Southlake','Texas','US')
  5   into locations values('1500','2011 Interiors Blvd','99236','South San Francisco','California','US')
  6   into locations values('1600','2007 Zagora St','50090','South Brunswick','New Jersey','US')
  7   into locations values('1700','2004 Charade Rd','98199','Seattle','Washington','US')
  8   into locations values('1800','147 Spadina Ave','M5V 2L7','Toronto','Ontario','CA')
  9   into locations values('1900','6092 Boxwood St','YSW 9T2','Whitehorse','Yukon','CA')
 10   into locations values('2000','40-5-12 Laogianggen','190518','Beijing',null,'CN')
 11   into locations values('2100','1298 Vileparle (E)','490231','Bombay','Maharashtra','IN')
 12   into locations values('2200','12-98 Victoria Street','2901','Sydney','New South Wales','AU')
 13   into locations values('2300','198 Clementi North','540198','Singapore',null,'SG')
 14   into locations values('2400','8204 Arthur St',null,'London',null,'UK')
 15   into locations values('2500','Magdalen Centre, The Oxford Science Park','OX9 9ZB','Oxford','Oxford','UK')
 16   into locations values('2600','9702 Chester Road','09629850293','Stretford','Manchester','UK')
 17   into locations values('2700','Schwanthalerstr. 7031','80925','Munich','Bavaria','DE')
 18   into locations values('2800','Rua Frei Caneca 1360','01307-002','Sao Paulo','Sao Paulo','BR')
 19   into locations values('2900','20 Rue des Corps-Saints','1730','Geneva','Geneve','CH')
 20   into locations values('3000','Murtenstrasse 921','3095','Bern','BE','CH')
 21   into locations values('3100','Pieter Breughelstraat 837','3029SK','Utrecht','Utrecht','NL')
 22   into locations values('3200','Mariano Escobedo 9991','11932','Mexico City','Distrito Federal,','MX')
 23  select* from dual;

21 rows created.

SQL> select * from departments;

no rows selected

SQL> insert all
  2   into departments values('10','Administration','200','1700')
  3   into departments values('20','Marketing','201','1800')
  4   into departments values('30','Purchasing','114','1700')
  5   into departments values('40','Human Resources','203','2400')
  6   into departments values('50','Shipping','121','1500')
  7   into departments values('60','IT','103','1400')
  8   into departments values('70','Public Relations','204','2700')
  9   into departments values('80','Sales','145','2500')
 10   into departments values('90','Executive','100','1700')
 11   into departments values('100','Finance','108','1700')
 12   into departments values('110','Accounting','205','1700')
 13   into departments values('120','Treasury',null,'1700')
 14   into departments values('130','Corporate Tax',null,'1700')
 15   into departments values('140','Control And Credit',null,'1700')
 16   into departments values('150','Shareholder Services',null,'1700')
 17   into departments values('160','Benefits',null,'1700')
 18   into departments values('170','Manufacturing',null,'1700')
 19   into departments values('180','Construction',null,'1700')
 20   into departments values('190','Contracting',null,'1700')
 21   into departments values('200','Operations',null,'1700')
 22   into departments values('210','IT Support',null,'1700')
 23   into departments values('220','NOC',null,'1700')
 24   into departments values('230','IT Helpdesk',null,'1700')
 25   into departments values('240','Government Sales',null,'1700')
 26   into departments values('250','Retail Sales',null,'1700')
 27   into departments values('260','Recruiting',null,'1700')
 28   into departments values('270','Payroll',null,'1700')
 29  select* from dual;

27 rows created.

SQL> insert all
  2   into jobs values('AD_PRES','President','20000','40000')
  3   into jobs values('AD_VP','Administration Vice President','15000','30000')
  4   into jobs values('AD_ASST','Administration Assistant','3000','6000')
  5   into jobs values('FI_MGR','Finance Manager','8200','16000')
  6   into jobs values('FI_ACCOUNT','Accountant','4200','9000')
  7   into jobs values('AC_MGR','Accounting Manager','8200','16000')
  8   into jobs values('AC_ACCOUNT','Public Accountant','4200','9000')
  9   into jobs values('SA_MAN','Sales Manager','10000','20000')
 10   into jobs values('SA_REP','Sales Representative','6000','12000')
 11   into jobs values('PU_MAN','Purchasing Manager','8000','15000')
 12   into jobs values('PU_CLERK','Purchasing Clerk','2500','5500')
 13   into jobs values('ST_MAN','Stock Manager','5500','8500')
 14   into jobs values('ST_CLERK','Stock Clerk','2000','5000')
 15   into jobs values('SH_CLERK','Shipping Clerk','2500','5500')
 16   into jobs values('IT_PROG','Programmer','4000','10000')
 17   into jobs values('MK_MAN','Marketing Manager','9000','15000')
 18   into jobs values('MK_REP','Marketing Representative','4000','9000')
 19   into jobs values('HR_REP','Human Resources Representative','4000','9000')
 20   into jobs values('PR_REP','Public Relations Representative','4500','10500')
 21  select* from dual;

19 rows created.

SQL> ALTER TABLE EMP ENABLE CONSTRAINT EMP_SELF_KEY;

Table altered.

SQL> ALTER TABLE EMPLOYEES DISABLE CONSTRAINT SYS_C0011146
  2
SQL> ALTER TABLE EMPLOYEES ENABLE CONSTRAINT SYS_C0011146
  2  ;

Table altered.

SQL> ALTER TABLE EMPLOYEES ENABLE CONSTRAINT SYS_C0011144;

Table altered.

SQL> ALTER TABLE EMPLOYEES ENABLE CONSTRAINT SYS_C0011143;

Table altered.

SQL> ALTER TABLE EMPLOYEES ENABLE CONSTRAINT SYS_C0011145;

Table altered.


SQL> SELECT * FROM TAB;

TNAME                          TABTYPE  CLUSTERID
------------------------------ ------- ----------
BIN$23Ww9NJRSISr7BVhYvIpGw==$0 TABLE
COUNTRIES                      TABLE
COURSE                         TABLE
DEPARTMENTS                    TABLE
DEPT                           TABLE
EMP                            TABLE
EMPLOYEES                      TABLE
JOBS                           TABLE
JOB_HISTORY                    TABLE
LOCATIONS                      TABLE
REGIONS                        TABLE

TNAME                          TABTYPE  CLUSTERID
------------------------------ ------- ----------
SC                             TABLE
STUDENT                        TABLE

13 rows selected.

SQL> SELECT * FROM JOB_HISTORY;

no rows selected

SQL> SELECT * FROM JOB_HISTORY;

no rows selected

SQL> SELECT * FROM JOB_HISTORY;

no rows selected

SQL> SELECT * FROM JOB_HISTORY;

no rows selected

SQL> SELECT * FROM JOB_HISTORY;

no rows selected

SQL> SELECT * FROM JOB_HISTORY;

no rows selected

SQL> SELECT * FROM TAB;

TNAME                          TABTYPE  CLUSTERID
------------------------------ ------- ----------
BIN$23Ww9NJRSISr7BVhYvIpGw==$0 TABLE
COUNTRIES                      TABLE
COURSE                         TABLE
DEPARTMENTS                    TABLE
DEPT                           TABLE
EMP                            TABLE
EMPLOYEES                      TABLE
JOBS                           TABLE
JOB_HISTORY                    TABLE
LOCATIONS                      TABLE
REGIONS                        TABLE

TNAME                          TABTYPE  CLUSTERID
------------------------------ ------- ----------
SC                             TABLE
STUDENT                        TABLE

13 rows selected.

SQL> SELECT * FROM TAB;

TNAME                          TABTYPE  CLUSTERID
------------------------------ ------- ----------
BIN$23Ww9NJRSISr7BVhYvIpGw==$0 TABLE
COUNTRIES                      TABLE
COURSE                         TABLE
DEPARTMENTS                    TABLE
DEPT                           TABLE
EMP                            TABLE
EMPLOYEES                      TABLE
JOBS                           TABLE
JOB_HISTORY                    TABLE
LOCATIONS                      TABLE
REGIONS                        TABLE

TNAME                          TABTYPE  CLUSTERID
------------------------------ ------- ----------
SC                             TABLE
STUDENT                        TABLE

13 rows selected.

SQL> SELECT * FROM JOB_HISTORY;

no rows selected

SQL>  select * from employees;

EMPLOYEE_ID FIRST_NAME           LAST_NAME
----------- -------------------- -------------------------
EMAIL                     PHONE_NUMBER         HIRE_DATE JOB_ID         SALARY
------------------------- -------------------- --------- ---------- ----------
COMMISSION_PCT MANAGER_ID DEPARTMENT_ID
-------------- ---------- -------------
        100 Steven               King
SKING                     515.123.4567         17-JUN-87 AD_PRES         24000
                                     90

        101 Neena                Kochhar
NKOCHHAR                  515.123.4568         21-SEP-89 AD_VP           17000
                      100            90

EMPLOYEE_ID FIRST_NAME           LAST_NAME
----------- -------------------- -------------------------
EMAIL                     PHONE_NUMBER         HIRE_DATE JOB_ID         SALARY
------------------------- -------------------- --------- ---------- ----------
COMMISSION_PCT MANAGER_ID DEPARTMENT_ID
-------------- ---------- -------------

        102 Lex                  De Haan
LDEHAAN                   515.123.4569         13-JAN-93 AD_VP           17000
                      100            90

        103 Alexander            Hunold
AHUNOLD                   590.423.4567         03-JAN-90 IT_PROG          9000

EMPLOYEE_ID FIRST_NAME           LAST_NAME
----------- -------------------- -------------------------
EMAIL                     PHONE_NUMBER         HIRE_DATE JOB_ID         SALARY
------------------------- -------------------- --------- ---------- ----------
COMMISSION_PCT MANAGER_ID DEPARTMENT_ID
-------------- ---------- -------------
                      102            60

        104 Bruce                Ernst
BERNST                    590.423.4568         21-MAY-91 IT_PROG          6000
                      103            60

        105 David                Austin

EMPLOYEE_ID FIRST_NAME           LAST_NAME
----------- -------------------- -------------------------
EMAIL                     PHONE_NUMBER         HIRE_DATE JOB_ID         SALARY
------------------------- -------------------- --------- ---------- ----------
COMMISSION_PCT MANAGER_ID DEPARTMENT_ID
-------------- ---------- -------------
DAUSTIN                   590.423.4569         25-JUN-97 IT_PROG          4800
                      103            60

        106 Valli                Pataballa
VPATABAL                  590.423.4560         05-FEB-98 IT_PROG          4800
                      103            60


EMPLOYEE_ID FIRST_NAME           LAST_NAME
----------- -------------------- -------------------------
EMAIL                     PHONE_NUMBER         HIRE_DATE JOB_ID         SALARY
------------------------- -------------------- --------- ---------- ----------
COMMISSION_PCT MANAGER_ID DEPARTMENT_ID
-------------- ---------- -------------
        107 Diana                Lorentz
DLORENTZ                  590.423.5567         07-FEB-99 IT_PROG          4200
                      103            60

        108 Nancy                Greenberg
NGREENBE                  515.124.4569         17-AUG-94 FI_MGR          12000
                      101           100

EMPLOYEE_ID FIRST_NAME           LAST_NAME
----------- -------------------- -------------------------
EMAIL                     PHONE_NUMBER         HIRE_DATE JOB_ID         SALARY
------------------------- -------------------- --------- ---------- ----------
COMMISSION_PCT MANAGER_ID DEPARTMENT_ID
-------------- ---------- -------------

        109 Daniel               Faviet
DFAVIET                   515.124.4169         16-AUG-94 FI_ACCOUNT       9000
                      108           100

        110 John                 Chen
JCHEN                     515.124.4269         28-SEP-97 FI_ACCOUNT       8200

EMPLOYEE_ID FIRST_NAME           LAST_NAME
----------- -------------------- -------------------------
EMAIL                     PHONE_NUMBER         HIRE_DATE JOB_ID         SALARY
------------------------- -------------------- --------- ---------- ----------
COMMISSION_PCT MANAGER_ID DEPARTMENT_ID
-------------- ---------- -------------
                      108           100

        111 Ismael               Sciarra
ISCIARRA                  515.124.4369         30-SEP-97 FI_ACCOUNT       7700
                      108           100

        112 Jose Manuel          Urman

EMPLOYEE_ID FIRST_NAME           LAST_NAME
----------- -------------------- -------------------------
EMAIL                     PHONE_NUMBER         HIRE_DATE JOB_ID         SALARY
------------------------- -------------------- --------- ---------- ----------
COMMISSION_PCT MANAGER_ID DEPARTMENT_ID
-------------- ---------- -------------
JMURMAN                   515.124.4469         07-MAR-98 FI_ACCOUNT       7800
                      108           100

        113 Luis                 Popp
LPOPP                     515.124.4567         07-DEC-99 FI_ACCOUNT       6900
                      108           100


EMPLOYEE_ID FIRST_NAME           LAST_NAME
----------- -------------------- -------------------------
EMAIL                     PHONE_NUMBER         HIRE_DATE JOB_ID         SALARY
------------------------- -------------------- --------- ---------- ----------
COMMISSION_PCT MANAGER_ID DEPARTMENT_ID
-------------- ---------- -------------
        114 Den                  Raphaely
DRAPHEAL                  515.127.4561         07-DEC-94 PU_MAN          11000
                      100            30

        115 Alexander            Khoo
AKHOO                     515.127.4562         18-MAY-95 PU_CLERK         3100
                      114            30

EMPLOYEE_ID FIRST_NAME           LAST_NAME
----------- -------------------- -------------------------
EMAIL                     PHONE_NUMBER         HIRE_DATE JOB_ID         SALARY
------------------------- -------------------- --------- ---------- ----------
COMMISSION_PCT MANAGER_ID DEPARTMENT_ID
-------------- ---------- -------------

        116 Shelli               Baida
SBAIDA                    515.127.4563         24-DEC-97 PU_CLERK         2900
                      114            30

        117 Sigal                Tobias
STOBIAS                   515.127.4564         24-JUL-97 PU_CLERK         2800

EMPLOYEE_ID FIRST_NAME           LAST_NAME
----------- -------------------- -------------------------
EMAIL                     PHONE_NUMBER         HIRE_DATE JOB_ID         SALARY
------------------------- -------------------- --------- ---------- ----------
COMMISSION_PCT MANAGER_ID DEPARTMENT_ID
-------------- ---------- -------------
                      114            30

        118 Guy                  Himuro
GHIMURO                   515.127.4565         15-NOV-98 PU_CLERK         2600
                      114            30

        119 Karen                Colmenares

EMPLOYEE_ID FIRST_NAME           LAST_NAME
----------- -------------------- -------------------------
EMAIL                     PHONE_NUMBER         HIRE_DATE JOB_ID         SALARY
------------------------- -------------------- --------- ---------- ----------
COMMISSION_PCT MANAGER_ID DEPARTMENT_ID
-------------- ---------- -------------
KCOLMENA                  515.127.4566         10-AUG-99 PU_CLERK         2500
                      114            30

        120 Matthew              Weiss
MWEISS                    650.123.1234         18-JUL-96 ST_MAN           8000
                      100            50


EMPLOYEE_ID FIRST_NAME           LAST_NAME
----------- -------------------- -------------------------
EMAIL                     PHONE_NUMBER         HIRE_DATE JOB_ID         SALARY
------------------------- -------------------- --------- ---------- ----------
COMMISSION_PCT MANAGER_ID DEPARTMENT_ID
-------------- ---------- -------------
        121 Adam                 Fripp
AFRIPP                    650.123.2234         10-APR-97 ST_MAN           8200
                      100            50

        122 Payam                Kaufling
PKAUFLIN                  650.123.3234         01-MAY-95 ST_MAN           7900
                      100            50

EMPLOYEE_ID FIRST_NAME           LAST_NAME
----------- -------------------- -------------------------
EMAIL                     PHONE_NUMBER         HIRE_DATE JOB_ID         SALARY
------------------------- -------------------- --------- ---------- ----------
COMMISSION_PCT MANAGER_ID DEPARTMENT_ID
-------------- ---------- -------------

        123 Shanta               Vollman
SVOLLMAN                  650.123.4234         10-OCT-97 ST_MAN           6500
                      100            50

        124 Kevin                Mourgos
KMOURGOS                  650.123.5234         16-NOV-99 ST_MAN           5800

EMPLOYEE_ID FIRST_NAME           LAST_NAME
----------- -------------------- -------------------------
EMAIL                     PHONE_NUMBER         HIRE_DATE JOB_ID         SALARY
------------------------- -------------------- --------- ---------- ----------
COMMISSION_PCT MANAGER_ID DEPARTMENT_ID
-------------- ---------- -------------
                      100            50

        125 Julia                Nayer
JNAYER                    650.124.1214         16-JUL-97 ST_CLERK         3200
                      120            50

        126 Irene                Mikkilineni

EMPLOYEE_ID FIRST_NAME           LAST_NAME
----------- -------------------- -------------------------
EMAIL                     PHONE_NUMBER         HIRE_DATE JOB_ID         SALARY
------------------------- -------------------- --------- ---------- ----------
COMMISSION_PCT MANAGER_ID DEPARTMENT_ID
-------------- ---------- -------------
IMIKKILI                  650.124.1224         28-SEP-98 ST_CLERK         2700
                      120            50

        127 James                Landry
JLANDRY                   650.124.1334         14-JAN-99 ST_CLERK         2400
                      120            50


EMPLOYEE_ID FIRST_NAME           LAST_NAME
----------- -------------------- -------------------------
EMAIL                     PHONE_NUMBER         HIRE_DATE JOB_ID         SALARY
------------------------- -------------------- --------- ---------- ----------
COMMISSION_PCT MANAGER_ID DEPARTMENT_ID
-------------- ---------- -------------
        128 Steven               Markle
SMARKLE                   650.124.1434         08-MAR-00 ST_CLERK         2200
                      120            50

        129 Laura                Bissot
LBISSOT                   650.124.5234         20-AUG-97 ST_CLERK         3300
                      121            50

EMPLOYEE_ID FIRST_NAME           LAST_NAME
----------- -------------------- -------------------------
EMAIL                     PHONE_NUMBER         HIRE_DATE JOB_ID         SALARY
------------------------- -------------------- --------- ---------- ----------
COMMISSION_PCT MANAGER_ID DEPARTMENT_ID
-------------- ---------- -------------

        130 Mozhe                Atkinson
MATKINSO                  650.124.6234         30-OCT-97 ST_CLERK         2800
                      121            50

        131 James                Marlow
JAMRLOW                   650.124.7234         16-FEB-97 ST_CLERK         2500

EMPLOYEE_ID FIRST_NAME           LAST_NAME
----------- -------------------- -------------------------
EMAIL                     PHONE_NUMBER         HIRE_DATE JOB_ID         SALARY
------------------------- -------------------- --------- ---------- ----------
COMMISSION_PCT MANAGER_ID DEPARTMENT_ID
-------------- ---------- -------------
                      121            50

        132 TJ                   Olson
TJOLSON                   650.124.8234         10-APR-99 ST_CLERK         2100
                      121            50

        133 Jason                Mallin

EMPLOYEE_ID FIRST_NAME           LAST_NAME
----------- -------------------- -------------------------
EMAIL                     PHONE_NUMBER         HIRE_DATE JOB_ID         SALARY
------------------------- -------------------- --------- ---------- ----------
COMMISSION_PCT MANAGER_ID DEPARTMENT_ID
-------------- ---------- -------------
JMALLIN                   650.127.1934         14-JUN-96 ST_CLERK         3300
                      122            50

        134 Michael              Rogers
MROGERS                   650.127.1834         26-AUG-98 ST_CLERK         2900
                      122            50


EMPLOYEE_ID FIRST_NAME           LAST_NAME
----------- -------------------- -------------------------
EMAIL                     PHONE_NUMBER         HIRE_DATE JOB_ID         SALARY
------------------------- -------------------- --------- ---------- ----------
COMMISSION_PCT MANAGER_ID DEPARTMENT_ID
-------------- ---------- -------------
        135 Ki                   Gee
KGEE                      650.127.1734         12-DEC-99 ST_CLERK         2400
                      122            50

        136 Hazel                Philtanker
HPHILTAN                  650.127.1634         06-FEB-00 ST_CLERK         2200
                      122            50

EMPLOYEE_ID FIRST_NAME           LAST_NAME
----------- -------------------- -------------------------
EMAIL                     PHONE_NUMBER         HIRE_DATE JOB_ID         SALARY
------------------------- -------------------- --------- ---------- ----------
COMMISSION_PCT MANAGER_ID DEPARTMENT_ID
-------------- ---------- -------------

        137 Renske               Ladwig
RLADWIG                   650.121.1234         14-JUL-95 ST_CLERK         3600
                      123            50

        138 Stephen              Stiles
SSTILES                   650.121.2034         26-OCT-97 ST_CLERK         3200

EMPLOYEE_ID FIRST_NAME           LAST_NAME
----------- -------------------- -------------------------
EMAIL                     PHONE_NUMBER         HIRE_DATE JOB_ID         SALARY
------------------------- -------------------- --------- ---------- ----------
COMMISSION_PCT MANAGER_ID DEPARTMENT_ID
-------------- ---------- -------------
                      123            50

        139 John                 Seo
JSEO                      650.121.2019         12-FEB-98 ST_CLERK         2700
                      123            50

        140 Joshua               Patel

EMPLOYEE_ID FIRST_NAME           LAST_NAME
----------- -------------------- -------------------------
EMAIL                     PHONE_NUMBER         HIRE_DATE JOB_ID         SALARY
------------------------- -------------------- --------- ---------- ----------
COMMISSION_PCT MANAGER_ID DEPARTMENT_ID
-------------- ---------- -------------
JPATEL                    650.121.1834         06-APR-98 ST_CLERK         2500
                      123            50

        141 Trenna               Rajs
TRAJS                     650.121.8009         17-OCT-95 ST_CLERK         3500
                      124            50


EMPLOYEE_ID FIRST_NAME           LAST_NAME
----------- -------------------- -------------------------
EMAIL                     PHONE_NUMBER         HIRE_DATE JOB_ID         SALARY
------------------------- -------------------- --------- ---------- ----------
COMMISSION_PCT MANAGER_ID DEPARTMENT_ID
-------------- ---------- -------------
        142 Curtis               Davies
CDAVIES                   650.121.2994         29-JAN-97 ST_CLERK         3100
                      124            50

        143 Randall              Matos
RMATOS                    650.121.2874         15-MAR-98 ST_CLERK         2600
                      124            50

EMPLOYEE_ID FIRST_NAME           LAST_NAME
----------- -------------------- -------------------------
EMAIL                     PHONE_NUMBER         HIRE_DATE JOB_ID         SALARY
------------------------- -------------------- --------- ---------- ----------
COMMISSION_PCT MANAGER_ID DEPARTMENT_ID
-------------- ---------- -------------

        144 Peter                Vargas
PVARGAS                   650.121.2004         09-JUL-98 ST_CLERK         2500
                      124            50

        145 John                 Russell
JRUSSEL                   011.44.1344.429268   01-OCT-96 SA_MAN          14000

EMPLOYEE_ID FIRST_NAME           LAST_NAME
----------- -------------------- -------------------------
EMAIL                     PHONE_NUMBER         HIRE_DATE JOB_ID         SALARY
------------------------- -------------------- --------- ---------- ----------
COMMISSION_PCT MANAGER_ID DEPARTMENT_ID
-------------- ---------- -------------
            .4        100            80

        146 Karen                Partners
KPARTNER                  011.44.1344.467268   05-JAN-97 SA_MAN          13500
            .3        100            80

        147 Alberto              Errazuriz

EMPLOYEE_ID FIRST_NAME           LAST_NAME
----------- -------------------- -------------------------
EMAIL                     PHONE_NUMBER         HIRE_DATE JOB_ID         SALARY
------------------------- -------------------- --------- ---------- ----------
COMMISSION_PCT MANAGER_ID DEPARTMENT_ID
-------------- ---------- -------------
AERRAZUR                  011.44.1344.429278   10-MAR-97 SA_MAN          12000
            .3        100            80

        148 Gerald               Cambrault
GCAMBRAU                  011.44.1344.619268   15-OCT-99 SA_MAN          11000
            .3        100            80


EMPLOYEE_ID FIRST_NAME           LAST_NAME
----------- -------------------- -------------------------
EMAIL                     PHONE_NUMBER         HIRE_DATE JOB_ID         SALARY
------------------------- -------------------- --------- ---------- ----------
COMMISSION_PCT MANAGER_ID DEPARTMENT_ID
-------------- ---------- -------------
        149 Eleni                Zlotkey
EZLOTKEY                  011.44.1344.429018   29-JAN-00 SA_MAN          10500
            .2        100            80

        150 Peter                Tucker
PTUCKER                   011.44.1344.129268   30-JAN-97 SA_REP          10000
            .3        145            80

EMPLOYEE_ID FIRST_NAME           LAST_NAME
----------- -------------------- -------------------------
EMAIL                     PHONE_NUMBER         HIRE_DATE JOB_ID         SALARY
------------------------- -------------------- --------- ---------- ----------
COMMISSION_PCT MANAGER_ID DEPARTMENT_ID
-------------- ---------- -------------

        151 David                Bernstein
DBERNSTE                  011.44.1344.345268   24-MAR-97 SA_REP           9500
           .25        145            80

        152 Peter                Hall
PHALL                     011.44.1344.478968   20-AUG-97 SA_REP           9000

EMPLOYEE_ID FIRST_NAME           LAST_NAME
----------- -------------------- -------------------------
EMAIL                     PHONE_NUMBER         HIRE_DATE JOB_ID         SALARY
------------------------- -------------------- --------- ---------- ----------
COMMISSION_PCT MANAGER_ID DEPARTMENT_ID
-------------- ---------- -------------
           .25        145            80

        153 Christopher          Olsen
COLSEN                    011.44.1344.498718   30-MAR-98 SA_REP           8000
            .2        145            80

        154 Nanette              Cambrault

EMPLOYEE_ID FIRST_NAME           LAST_NAME
----------- -------------------- -------------------------
EMAIL                     PHONE_NUMBER         HIRE_DATE JOB_ID         SALARY
------------------------- -------------------- --------- ---------- ----------
COMMISSION_PCT MANAGER_ID DEPARTMENT_ID
-------------- ---------- -------------
NCAMBRAU                  011.44.1344.987668   09-DEC-98 SA_REP           7500
            .2        145            80

        155 Oliver               Tuvault
OTUVAULT                  011.44.1344.486508   23-NOV-99 SA_REP           7000
           .15        145            80


EMPLOYEE_ID FIRST_NAME           LAST_NAME
----------- -------------------- -------------------------
EMAIL                     PHONE_NUMBER         HIRE_DATE JOB_ID         SALARY
------------------------- -------------------- --------- ---------- ----------
COMMISSION_PCT MANAGER_ID DEPARTMENT_ID
-------------- ---------- -------------
        156 Janette              King
JKING                     011.44.1345.429268   30-JAN-96 SA_REP          10000
           .35        146            80

        157 Patrick              Sully
PSULLY                    011.44.1345.929268   04-MAR-96 SA_REP           9500
           .35        146            80

EMPLOYEE_ID FIRST_NAME           LAST_NAME
----------- -------------------- -------------------------
EMAIL                     PHONE_NUMBER         HIRE_DATE JOB_ID         SALARY
------------------------- -------------------- --------- ---------- ----------
COMMISSION_PCT MANAGER_ID DEPARTMENT_ID
-------------- ---------- -------------

        158 Allan                McEwen
AMCEWEN                   011.44.1345.829268   01-AUG-96 SA_REP           9000
           .35        146            80

        159 Lindsey              Smith
LSMITH                    011.44.1345.729268   10-MAR-97 SA_REP           8000

EMPLOYEE_ID FIRST_NAME           LAST_NAME
----------- -------------------- -------------------------
EMAIL                     PHONE_NUMBER         HIRE_DATE JOB_ID         SALARY
------------------------- -------------------- --------- ---------- ----------
COMMISSION_PCT MANAGER_ID DEPARTMENT_ID
-------------- ---------- -------------
            .3        146            80

        160 Louise               Doran
LDORAN                    011.44.1345.629268   15-DEC-97 SA_REP           7500
            .3        146            80

        161 Sarath               Sewall

EMPLOYEE_ID FIRST_NAME           LAST_NAME
----------- -------------------- -------------------------
EMAIL                     PHONE_NUMBER         HIRE_DATE JOB_ID         SALARY
------------------------- -------------------- --------- ---------- ----------
COMMISSION_PCT MANAGER_ID DEPARTMENT_ID
-------------- ---------- -------------
SSEWALL                   011.44.1345.529268   03-NOV-98 SA_REP           7000
           .25        146            80

        162 Clara                Vishney
CVISHNEY                  011.44.1346.129268   11-NOV-97 SA_REP          10500
           .25        147            80


EMPLOYEE_ID FIRST_NAME           LAST_NAME
----------- -------------------- -------------------------
EMAIL                     PHONE_NUMBER         HIRE_DATE JOB_ID         SALARY
------------------------- -------------------- --------- ---------- ----------
COMMISSION_PCT MANAGER_ID DEPARTMENT_ID
-------------- ---------- -------------
        163 Danielle             Greene
DGREENE                   011.44.1346.229268   19-MAR-99 SA_REP           9500
           .15        147            80

        164 Mattea               Marvins
MMARVINS                  011.44.1346.329268   24-JAN-00 SA_REP           7200
            .1        147            80

EMPLOYEE_ID FIRST_NAME           LAST_NAME
----------- -------------------- -------------------------
EMAIL                     PHONE_NUMBER         HIRE_DATE JOB_ID         SALARY
------------------------- -------------------- --------- ---------- ----------
COMMISSION_PCT MANAGER_ID DEPARTMENT_ID
-------------- ---------- -------------

        165 David                Lee
DLEE                      011.44.1346.529268   23-FEB-00 SA_REP           6800
            .1        147            80

        166 Sundar               Ande
SANDE                     011.44.1346.629268   24-MAR-00 SA_REP           6400

EMPLOYEE_ID FIRST_NAME           LAST_NAME
----------- -------------------- -------------------------
EMAIL                     PHONE_NUMBER         HIRE_DATE JOB_ID         SALARY
------------------------- -------------------- --------- ---------- ----------
COMMISSION_PCT MANAGER_ID DEPARTMENT_ID
-------------- ---------- -------------
            .1        147            80

        167 Amit                 Banda
ABANDA                    011.44.1346.729268   21-APR-00 SA_REP           6200
            .1        147            80

        168 Lisa                 Ozer

EMPLOYEE_ID FIRST_NAME           LAST_NAME
----------- -------------------- -------------------------
EMAIL                     PHONE_NUMBER         HIRE_DATE JOB_ID         SALARY
------------------------- -------------------- --------- ---------- ----------
COMMISSION_PCT MANAGER_ID DEPARTMENT_ID
-------------- ---------- -------------
LOZER                     011.44.1343.929268   11-MAR-97 SA_REP          11500
           .25        148            80

        169 Harrison             Bloom
HBLOOM                    011.44.1343.829268   23-MAR-98 SA_REP          10000
            .2        148            80


EMPLOYEE_ID FIRST_NAME           LAST_NAME
----------- -------------------- -------------------------
EMAIL                     PHONE_NUMBER         HIRE_DATE JOB_ID         SALARY
------------------------- -------------------- --------- ---------- ----------
COMMISSION_PCT MANAGER_ID DEPARTMENT_ID
-------------- ---------- -------------
        170 Tayler               Fox
TFOX                      011.44.1343.729268   24-JAN-98 SA_REP           9600
            .2        148            80

        171 William              Smith
WSMITH                    011.44.1343.629268   23-FEB-99 SA_REP           7400
           .15        148            80

EMPLOYEE_ID FIRST_NAME           LAST_NAME
----------- -------------------- -------------------------
EMAIL                     PHONE_NUMBER         HIRE_DATE JOB_ID         SALARY
------------------------- -------------------- --------- ---------- ----------
COMMISSION_PCT MANAGER_ID DEPARTMENT_ID
-------------- ---------- -------------

        172 Elizabeth            Bates
EBATES                    011.44.1343.529268   24-MAR-99 SA_REP           7300
           .15        148            80

        173 Sundita              Kumar
SKUMAR                    011.44.1343.329268   21-APR-00 SA_REP           6100

EMPLOYEE_ID FIRST_NAME           LAST_NAME
----------- -------------------- -------------------------
EMAIL                     PHONE_NUMBER         HIRE_DATE JOB_ID         SALARY
------------------------- -------------------- --------- ---------- ----------
COMMISSION_PCT MANAGER_ID DEPARTMENT_ID
-------------- ---------- -------------
            .1        148            80

        174 Ellen                Abel
EABEL                     011.44.1644.429267   11-MAY-96 SA_REP          11000
            .3        149            80

        175 Alyssa               Hutton

EMPLOYEE_ID FIRST_NAME           LAST_NAME
----------- -------------------- -------------------------
EMAIL                     PHONE_NUMBER         HIRE_DATE JOB_ID         SALARY
------------------------- -------------------- --------- ---------- ----------
COMMISSION_PCT MANAGER_ID DEPARTMENT_ID
-------------- ---------- -------------
AHUTTON                   011.44.1644.429266   19-MAR-97 SA_REP           8800
           .25        149            80

        176 Jonathon             Taylor
JTAYLOR                   011.44.1644.429265   24-MAR-98 SA_REP           8600
            .2        149            80


EMPLOYEE_ID FIRST_NAME           LAST_NAME
----------- -------------------- -------------------------
EMAIL                     PHONE_NUMBER         HIRE_DATE JOB_ID         SALARY
------------------------- -------------------- --------- ---------- ----------
COMMISSION_PCT MANAGER_ID DEPARTMENT_ID
-------------- ---------- -------------
        177 Jack                 Livingston
JLIVINGS                  011.44.1644.429264   23-APR-98 SA_REP           8400
            .2        149            80

        178 Kimberely            Grant
KGRANT                    011.44.1644.429263   24-MAY-99 SA_REP           7000
           .15        149

EMPLOYEE_ID FIRST_NAME           LAST_NAME
----------- -------------------- -------------------------
EMAIL                     PHONE_NUMBER         HIRE_DATE JOB_ID         SALARY
------------------------- -------------------- --------- ---------- ----------
COMMISSION_PCT MANAGER_ID DEPARTMENT_ID
-------------- ---------- -------------

        179 Charles              Johnson
CJOHNSON                  011.44.1644.429262   04-JAN-00 SA_REP           6200
            .1        149            80

        180 Winston              Taylor
WTAYLOR                   650.507.9876         24-JAN-98 SH_CLERK         3200

EMPLOYEE_ID FIRST_NAME           LAST_NAME
----------- -------------------- -------------------------
EMAIL                     PHONE_NUMBER         HIRE_DATE JOB_ID         SALARY
------------------------- -------------------- --------- ---------- ----------
COMMISSION_PCT MANAGER_ID DEPARTMENT_ID
-------------- ---------- -------------
                      120            50

        181 Jean                 Fleaur
JFLEAUR                   650.507.9877         23-FEB-98 SH_CLERK         3100
                      120            50

        182 Martha               Sullivan

EMPLOYEE_ID FIRST_NAME           LAST_NAME
----------- -------------------- -------------------------
EMAIL                     PHONE_NUMBER         HIRE_DATE JOB_ID         SALARY
------------------------- -------------------- --------- ---------- ----------
COMMISSION_PCT MANAGER_ID DEPARTMENT_ID
-------------- ---------- -------------
MSULLIVA                  650.507.9878         21-JUN-99 SH_CLERK         2500
                      120            50

        183 Girard               Geoni
GGEONI                    650.507.9879         03-FEB-00 SH_CLERK         2800
                      120            50


EMPLOYEE_ID FIRST_NAME           LAST_NAME
----------- -------------------- -------------------------
EMAIL                     PHONE_NUMBER         HIRE_DATE JOB_ID         SALARY
------------------------- -------------------- --------- ---------- ----------
COMMISSION_PCT MANAGER_ID DEPARTMENT_ID
-------------- ---------- -------------
        184 Nandita              Sarchand
NSARCHAN                  650.509.1876         27-JAN-96 SH_CLERK         4200
                      121            50

        185 Alexis               Bull
ABULL                     650.509.2876         20-FEB-97 SH_CLERK         4100
                      121            50

EMPLOYEE_ID FIRST_NAME           LAST_NAME
----------- -------------------- -------------------------
EMAIL                     PHONE_NUMBER         HIRE_DATE JOB_ID         SALARY
------------------------- -------------------- --------- ---------- ----------
COMMISSION_PCT MANAGER_ID DEPARTMENT_ID
-------------- ---------- -------------

        186 Julia                Dellinger
JDELLING                  650.509.3876         24-JUN-98 SH_CLERK         3400
                      121            50

        187 Anthony              Cabrio
ACABRIO                   650.509.4876         07-FEB-99 SH_CLERK         3000

EMPLOYEE_ID FIRST_NAME           LAST_NAME
----------- -------------------- -------------------------
EMAIL                     PHONE_NUMBER         HIRE_DATE JOB_ID         SALARY
------------------------- -------------------- --------- ---------- ----------
COMMISSION_PCT MANAGER_ID DEPARTMENT_ID
-------------- ---------- -------------
                      121            50

        188 Kelly                Chung
KCHUNG                    650.505.1876         14-JUN-97 SH_CLERK         3800
                      122            50

        189 Jennifer             Dilly

EMPLOYEE_ID FIRST_NAME           LAST_NAME
----------- -------------------- -------------------------
EMAIL                     PHONE_NUMBER         HIRE_DATE JOB_ID         SALARY
------------------------- -------------------- --------- ---------- ----------
COMMISSION_PCT MANAGER_ID DEPARTMENT_ID
-------------- ---------- -------------
JDILLY                    650.505.2876         13-AUG-97 SH_CLERK         3600
                      122            50

        190 Timothy              Gates
TGATES                    650.505.3876         11-JUL-98 SH_CLERK         2900
                      122            50


EMPLOYEE_ID FIRST_NAME           LAST_NAME
----------- -------------------- -------------------------
EMAIL                     PHONE_NUMBER         HIRE_DATE JOB_ID         SALARY
------------------------- -------------------- --------- ---------- ----------
COMMISSION_PCT MANAGER_ID DEPARTMENT_ID
-------------- ---------- -------------
        191 Randall              Perkins
RPERKINS                  650.505.4876         19-DEC-99 SH_CLERK         2500
                      122            50

        192 Sarah                Bell
SBELL                     650.501.1876         04-FEB-96 SH_CLERK         4000
                      123            50

EMPLOYEE_ID FIRST_NAME           LAST_NAME
----------- -------------------- -------------------------
EMAIL                     PHONE_NUMBER         HIRE_DATE JOB_ID         SALARY
------------------------- -------------------- --------- ---------- ----------
COMMISSION_PCT MANAGER_ID DEPARTMENT_ID
-------------- ---------- -------------

        193 Britney              Everett
BEVERETT                  650.501.2876         03-MAR-97 SH_CLERK         3900
                      123            50

        194 Samuel               McCain
SMCCAIN                   650.501.3876         01-JUL-98 SH_CLERK         3200

EMPLOYEE_ID FIRST_NAME           LAST_NAME
----------- -------------------- -------------------------
EMAIL                     PHONE_NUMBER         HIRE_DATE JOB_ID         SALARY
------------------------- -------------------- --------- ---------- ----------
COMMISSION_PCT MANAGER_ID DEPARTMENT_ID
-------------- ---------- -------------
                      123            50

        195 Vance                Jones
VJONES                    650.501.4876         17-MAR-99 SH_CLERK         2800
                      123            50

        196 Alana                Walsh

EMPLOYEE_ID FIRST_NAME           LAST_NAME
----------- -------------------- -------------------------
EMAIL                     PHONE_NUMBER         HIRE_DATE JOB_ID         SALARY
------------------------- -------------------- --------- ---------- ----------
COMMISSION_PCT MANAGER_ID DEPARTMENT_ID
-------------- ---------- -------------
AWALSH                    650.507.9811         24-APR-98 SH_CLERK         3100
                      124            50

        197 Kevin                Feeney
KFEENEY                   650.507.9822         23-MAY-98 SH_CLERK         3000
                      124            50


EMPLOYEE_ID FIRST_NAME           LAST_NAME
----------- -------------------- -------------------------
EMAIL                     PHONE_NUMBER         HIRE_DATE JOB_ID         SALARY
------------------------- -------------------- --------- ---------- ----------
COMMISSION_PCT MANAGER_ID DEPARTMENT_ID
-------------- ---------- -------------
        198 Donald               OConnell
DOCONNEL                  650.507.9833         21-JUN-99 SH_CLERK         2600
                      124            50

        199 Douglas              Grant
DGRANT                    650.507.9844         13-JAN-00 SH_CLERK         2600
                      124            50

EMPLOYEE_ID FIRST_NAME           LAST_NAME
----------- -------------------- -------------------------
EMAIL                     PHONE_NUMBER         HIRE_DATE JOB_ID         SALARY
------------------------- -------------------- --------- ---------- ----------
COMMISSION_PCT MANAGER_ID DEPARTMENT_ID
-------------- ---------- -------------

        200 Jennifer             Whalen
JWHALEN                   515.123.4444         17-SEP-87 AD_ASST          4400
                      101            10

        201 Michael              Hartstein
MHARTSTE                  515.123.5555         17-FEB-96 MK_MAN          13000

EMPLOYEE_ID FIRST_NAME           LAST_NAME
----------- -------------------- -------------------------
EMAIL                     PHONE_NUMBER         HIRE_DATE JOB_ID         SALARY
------------------------- -------------------- --------- ---------- ----------
COMMISSION_PCT MANAGER_ID DEPARTMENT_ID
-------------- ---------- -------------
                      100            20

        202 Pat                  Fay
PFAY                      603.123.6666         17-AUG-97 MK_REP           6000
                      201            20

        203 Susan                Mavris

EMPLOYEE_ID FIRST_NAME           LAST_NAME
----------- -------------------- -------------------------
EMAIL                     PHONE_NUMBER         HIRE_DATE JOB_ID         SALARY
------------------------- -------------------- --------- ---------- ----------
COMMISSION_PCT MANAGER_ID DEPARTMENT_ID
-------------- ---------- -------------
SMAVRIS                   515.123.7777         07-JUN-94 HR_REP           6500
                      101            40

        204 Hermann              Baer
HBAER                     515.123.8888         07-JUN-94 PR_REP          10000
                      101            70


EMPLOYEE_ID FIRST_NAME           LAST_NAME
----------- -------------------- -------------------------
EMAIL                     PHONE_NUMBER         HIRE_DATE JOB_ID         SALARY
------------------------- -------------------- --------- ---------- ----------
COMMISSION_PCT MANAGER_ID DEPARTMENT_ID
-------------- ---------- -------------
        205 Shelley              Higgins
SHIGGINS                  515.123.8080         07-JUN-94 AC_MGR          12000
                      101           110

        206 William              Gietz
WGIETZ                    515.123.8181         07-JUN-94 AC_ACCOUNT       8300
                      205           110

EMPLOYEE_ID FIRST_NAME           LAST_NAME
----------- -------------------- -------------------------
EMAIL                     PHONE_NUMBER         HIRE_DATE JOB_ID         SALARY
------------------------- -------------------- --------- ---------- ----------
COMMISSION_PCT MANAGER_ID DEPARTMENT_ID
-------------- ---------- -------------


107 rows selected.

SQL> select * from jobs;

JOB_ID     JOB_TITLE                           MIN_SALARY MAX_SALARY
---------- ----------------------------------- ---------- ----------
AD_PRES    President                                20000      40000
AD_VP      Administration Vice President            15000      30000
AD_ASST    Administration Assistant                  3000       6000
FI_MGR     Finance Manager                           8200      16000
FI_ACCOUNT Accountant                                4200       9000
AC_MGR     Accounting Manager                        8200      16000
AC_ACCOUNT Public Accountant                         4200       9000
SA_MAN     Sales Manager                            10000      20000
SA_REP     Sales Representative                      6000      12000
PU_MAN     Purchasing Manager                        8000      15000
PU_CLERK   Purchasing Clerk                          2500       5500

JOB_ID     JOB_TITLE                           MIN_SALARY MAX_SALARY
---------- ----------------------------------- ---------- ----------
ST_MAN     Stock Manager                             5500       8500
ST_CLERK   Stock Clerk                               2000       5000
SH_CLERK   Shipping Clerk                            2500       5500
IT_PROG    Programmer                                4000      10000
MK_MAN     Marketing Manager                         9000      15000
MK_REP     Marketing Representative                  4000       9000
HR_REP     Human Resources Representative            4000       9000
PR_REP     Public Relations Representative           4500      10500

19 rows selected.

SQL>  select * from departments;

DEPARTMENT_ID DEPARTMENT_NAME                MANAGER_ID LOCATION_ID
------------- ------------------------------ ---------- -----------
           10 Administration                        200        1700
           20 Marketing                             201        1800
           30 Purchasing                            114        1700
           40 Human Resources                       203        2400
           50 Shipping                              121        1500
           60 IT                                    103        1400
           70 Public Relations                      204        2700
           80 Sales                                 145        2500
           90 Executive                             100        1700
          100 Finance                               108        1700
          110 Accounting                            205        1700

DEPARTMENT_ID DEPARTMENT_NAME                MANAGER_ID LOCATION_ID
------------- ------------------------------ ---------- -----------
          120 Treasury                                         1700
          130 Corporate Tax                                    1700
          140 Control And Credit                               1700
          150 Shareholder Services                             1700
          160 Benefits                                         1700
          170 Manufacturing                                    1700
          180 Construction                                     1700
          190 Contracting                                      1700
          200 Operations                                       1700
          210 IT Support                                       1700
          220 NOC                                              1700

DEPARTMENT_ID DEPARTMENT_NAME                MANAGER_ID LOCATION_ID
------------- ------------------------------ ---------- -----------
          230 IT Helpdesk                                      1700
          240 Government Sales                                 1700
          250 Retail Sales                                     1700
          260 Recruiting                                       1700
          270 Payroll                                          1700

27 rows selected.

SQL>  select * from locations;

LOCATION_ID STREET_ADDRESS                           POSTAL_CODE
----------- ---------------------------------------- ------------
CITY                           STATE_PROVINCE            CO
------------------------------ ------------------------- --
       1000 1297 Via Cola di Rie                     00989
Roma                                                     IT

       1100 93091 Calle della Testa                  10934
Venice                                                   IT

       1200 2017 Shinjuku-ku                         1689
Tokyo                          Tokyo Prefecture          JP


LOCATION_ID STREET_ADDRESS                           POSTAL_CODE
----------- ---------------------------------------- ------------
CITY                           STATE_PROVINCE            CO
------------------------------ ------------------------- --
       1300 9450 Kamiya-cho                          6823
Hiroshima                                                JP

       1400 2014 Jabberwocky Rd                      26192
Southlake                      Texas                     US

       1500 2011 Interiors Blvd                      99236
South San Francisco            California                US


LOCATION_ID STREET_ADDRESS                           POSTAL_CODE
----------- ---------------------------------------- ------------
CITY                           STATE_PROVINCE            CO
------------------------------ ------------------------- --
       1600 2007 Zagora St                           50090
South Brunswick                New Jersey                US

       1700 2004 Charade Rd                          98199
Seattle                        Washington                US

       1800 147 Spadina Ave                          M5V 2L7
Toronto                        Ontario                   CA


LOCATION_ID STREET_ADDRESS                           POSTAL_CODE
----------- ---------------------------------------- ------------
CITY                           STATE_PROVINCE            CO
------------------------------ ------------------------- --
       1900 6092 Boxwood St                          YSW 9T2
Whitehorse                     Yukon                     CA

       2000 40-5-12 Laogianggen                      190518
Beijing                                                  CN

       2100 1298 Vileparle (E)                       490231
Bombay                         Maharashtra               IN


LOCATION_ID STREET_ADDRESS                           POSTAL_CODE
----------- ---------------------------------------- ------------
CITY                           STATE_PROVINCE            CO
------------------------------ ------------------------- --
       2200 12-98 Victoria Street                    2901
Sydney                         New South Wales           AU

       2300 198 Clementi North                       540198
Singapore                                                SG

       2400 8204 Arthur St
London                                                   UK


LOCATION_ID STREET_ADDRESS                           POSTAL_CODE
----------- ---------------------------------------- ------------
CITY                           STATE_PROVINCE            CO
------------------------------ ------------------------- --
       2500 Magdalen Centre, The Oxford Science Park OX9 9ZB
Oxford                         Oxford                    UK

       2600 9702 Chester Road                        09629850293
Stretford                      Manchester                UK

       2700 Schwanthalerstr. 7031                    80925
Munich                         Bavaria                   DE


LOCATION_ID STREET_ADDRESS                           POSTAL_CODE
----------- ---------------------------------------- ------------
CITY                           STATE_PROVINCE            CO
------------------------------ ------------------------- --
       2800 Rua Frei Caneca 1360                     01307-002
Sao Paulo                      Sao Paulo                 BR

       2900 20 Rue des Corps-Saints                  1730
Geneva                         Geneve                    CH

       3000 Murtenstrasse 921                        3095
Bern                           BE                        CH


LOCATION_ID STREET_ADDRESS                           POSTAL_CODE
----------- ---------------------------------------- ------------
CITY                           STATE_PROVINCE            CO
------------------------------ ------------------------- --
       3100 Pieter Breughelstraat 837                3029SK
Utrecht                        Utrecht                   NL

       3200 Mariano Escobedo 9991                    11932
Mexico City                    Distrito Federal,         MX


23 rows selected.

SQL>  select * from countries;

CO COUNTRY_NAME                              REGION_ID
-- ---------------------------------------- ----------
AR Argentina                                         2
AU Australia                                         3
BE Belgium                                           1
BR Brazil                                            2
CA Canada                                            2
CH Switzerland                                       1
CN China                                             3
DE Germany                                           1
DK Denmark                                           1
EG Egypt                                             4
FR France                                            1

CO COUNTRY_NAME                              REGION_ID
-- ---------------------------------------- ----------
HK HongKong                                          3
IL Israel                                            4
IN India                                             3
IT Italy                                             1
JP Japan                                             3
KW Kuwait                                            4
MX Mexico                                            2
NG Nigeria                                           4
NL Netherlands                                       1
SG Singapore                                         3
UK United Kingdom                                    1

CO COUNTRY_NAME                              REGION_ID
-- ---------------------------------------- ----------
US United States of America                          2
ZM Zambia                                            4
ZW Zimbabwe                                          4

25 rows selected.

SQL>  select * from regions;

 REGION_ID REGION_NAME
---------- -------------------------
         1 Europe
         2 Americas
         3 Asia
         4 Middle East and Africa

SQL> select *from dept;

    DEPTNO DNAME          LOC
---------- -------------- -------------
        10 ACCOUNTING     NEW YORK
        20 RESEARCH       DALLAS
        30 SALES          CHICAGO
        40 OPERATIONS     BOSTON

SQL>  select *from emp;

     EMPNO ENAME      JOB              MGR HIREDATE         SAL       COMM
---------- ---------- --------- ---------- --------- ---------- ----------
    DEPTNO
----------
      7369 SMITH      CLERK           7902 17-DEC-80        800
        20

      7499 ALLEN      SALESMAN        7698 20-FEB-81       1600        300
        30

      7521 WARD       SALESMAN        7698 22-FEB-81       1250        500
        30


     EMPNO ENAME      JOB              MGR HIREDATE         SAL       COMM
---------- ---------- --------- ---------- --------- ---------- ----------
    DEPTNO
----------
      7566 JONES      MANAGER         7839 02-APR-81       2975
        20

      7654 MARTIN     SALESMAN        7698 28-SEP-81       1250       1400
        30

      7698 BLAKE      MANAGER         7839 01-MAY-81       2850
        30


     EMPNO ENAME      JOB              MGR HIREDATE         SAL       COMM
---------- ---------- --------- ---------- --------- ---------- ----------
    DEPTNO
----------
      7782 CLARK      MANAGER         7839 09-JUN-81       2450
        10

      7788 SCOTT      ANALYST         7566 19-APR-87       3000
        20

      7839 KING       PRESIDENT            17-NOV-81       5000
        10


     EMPNO ENAME      JOB              MGR HIREDATE         SAL       COMM
---------- ---------- --------- ---------- --------- ---------- ----------
    DEPTNO
----------
      7844 TURNER     SALESMAN        7698 08-SEP-81       1500          0
        30

      7876 ADAMS      CLERK           7788 23-MAY-87       1100
        20

      7900 JAMES      CLERK           7698 03-DEC-81        950
        30


     EMPNO ENAME      JOB              MGR HIREDATE         SAL       COMM
---------- ---------- --------- ---------- --------- ---------- ----------
    DEPTNO
----------
      7902 FORD       ANALYST         7566 03-DEC-81       3000
        20

      7934 MILLER     CLERK           7782 23-JAN-82       1300
        10


14 rows selected.

SQL> select user_constraints.table_name,user_constraints.constraint_name,constraint_type,column_name,search_condition
  2  from user_constraints,user_cons_columns
  3   where user_constraints.table_name=user_cons_columns.table_name and user_constraints.constraint_name=user_cons_columns.constraint_name and user_constraints.table_name='EMP';

TABLE_NAME                     CONSTRAINT_NAME                C
------------------------------ ------------------------------ -
COLUMN_NAME
--------------------------------------------------------------------------------
SEARCH_CONDITION
--------------------------------------------------------------------------------
EMP                            SYS_C0011125                   P
EMPNO


EMP                            EMP_SELF_KEY                   R
MGR


TABLE_NAME                     CONSTRAINT_NAME                C
------------------------------ ------------------------------ -
COLUMN_NAME
--------------------------------------------------------------------------------
SEARCH_CONDITION
--------------------------------------------------------------------------------


SQL> ALTER TABLE JOB_HISTORY
  2  ADD CONSTRAINT JHIST_DATE_INTERVAL CHECK(END_DATE>START_DATE);

Table altered.

SQL> select user_constraints.table_name,user_constraints.constraint_name,constraint_type,column_name,search_condition from user_constraints,user_cons_columns where user_constraints.table_name=user_cons_columns.table_name and user_constraints.constraint_name=user_cons_columns.constraint_name and user_constraints.table_name='JOB_HISTORY';

TABLE_NAME                     CONSTRAINT_NAME                C
------------------------------ ------------------------------ -
COLUMN_NAME
--------------------------------------------------------------------------------
SEARCH_CONDITION
--------------------------------------------------------------------------------
JOB_HISTORY                    SYS_C0011148                   C
EMPLOYEE_ID
"EMPLOYEE_ID" IS NOT NULL

JOB_HISTORY                    SYS_C0011149                   C
START_DATE
"START_DATE" IS NOT NULL

TABLE_NAME                     CONSTRAINT_NAME                C
------------------------------ ------------------------------ -
COLUMN_NAME
--------------------------------------------------------------------------------
SEARCH_CONDITION
--------------------------------------------------------------------------------

JOB_HISTORY                    SYS_C0011150                   C
END_DATE
"END_DATE" IS NOT NULL

JOB_HISTORY                    SYS_C0011151                   C
JOB_ID

TABLE_NAME                     CONSTRAINT_NAME                C
------------------------------ ------------------------------ -
COLUMN_NAME
--------------------------------------------------------------------------------
SEARCH_CONDITION
--------------------------------------------------------------------------------
"JOB_ID" IS NOT NULL

JOB_HISTORY                    SYS_C0011152                   R
EMPLOYEE_ID


JOB_HISTORY                    SYS_C0011153                   R

TABLE_NAME                     CONSTRAINT_NAME                C
------------------------------ ------------------------------ -
COLUMN_NAME
--------------------------------------------------------------------------------
SEARCH_CONDITION
--------------------------------------------------------------------------------
JOB_ID


JOB_HISTORY                    SYS_C0011154                   R
DEPARTMENT_ID



TABLE_NAME                     CONSTRAINT_NAME                C
------------------------------ ------------------------------ -
COLUMN_NAME
--------------------------------------------------------------------------------
SEARCH_CONDITION
--------------------------------------------------------------------------------
JOB_HISTORY                    JHIST_DATE_INTERVAL            C
START_DATE
END_DATE>START_DATE

JOB_HISTORY                    JHIST_DATE_INTERVAL            C
END_DATE
END_DATE>START_DATE

TABLE_NAME                     CONSTRAINT_NAME                C
------------------------------ ------------------------------ -
COLUMN_NAME
--------------------------------------------------------------------------------
SEARCH_CONDITION
--------------------------------------------------------------------------------


9 rows selected.

SQL> ALTER TABLE JOB_HISTORY
  2  ADD FOREIGN KEY(EMPLOYEE_ID) REFERENCES EMPLOYEES(EMPLOYEE_ID);
ADD FOREIGN KEY(EMPLOYEE_ID) REFERENCES EMPLOYEES(EMPLOYEE_ID)
    *
ERROR at line 2:
ORA-02275: such a referential constraint already exists in the table


SQL> ALTER TABLE JOB_HISTORY
  2  ADD FOREIGN KEY(START_DATE) REFERENCES EMPLOYEES(HIRE_DATE);
ADD FOREIGN KEY(START_DATE) REFERENCES EMPLOYEES(HIRE_DATE)
                                                 *
ERROR at line 2:
ORA-02270: no matching unique or primary key for this column-list


SQL> ALTER TABLE JOB_HISTORY
  2  ADD PRIMARY KEY(EMPLOYEE_ID,START_DATE);

Table altered.

SQL> select user_constraints.table_name,user_constraints.constraint_name,constraint_type,column_name,search_condition from user_constraints,user_cons_columns where user_constraints.table_name=user_cons_columns.table_name and user_constraints.constraint_name=user_cons_columns.constraint_name and user_constraints.table_name='JOB_HISTORY';

TABLE_NAME                     CONSTRAINT_NAME                C
------------------------------ ------------------------------ -
COLUMN_NAME
--------------------------------------------------------------------------------
SEARCH_CONDITION
--------------------------------------------------------------------------------
JOB_HISTORY                    SYS_C0011148                   C
EMPLOYEE_ID
"EMPLOYEE_ID" IS NOT NULL

JOB_HISTORY                    SYS_C0011149                   C
START_DATE
"START_DATE" IS NOT NULL

TABLE_NAME                     CONSTRAINT_NAME                C
------------------------------ ------------------------------ -
COLUMN_NAME
--------------------------------------------------------------------------------
SEARCH_CONDITION
--------------------------------------------------------------------------------

JOB_HISTORY                    SYS_C0011150                   C
END_DATE
"END_DATE" IS NOT NULL

JOB_HISTORY                    SYS_C0011151                   C
JOB_ID

TABLE_NAME                     CONSTRAINT_NAME                C
------------------------------ ------------------------------ -
COLUMN_NAME
--------------------------------------------------------------------------------
SEARCH_CONDITION
--------------------------------------------------------------------------------
"JOB_ID" IS NOT NULL

JOB_HISTORY                    SYS_C0011152                   R
EMPLOYEE_ID


JOB_HISTORY                    SYS_C0011153                   R

TABLE_NAME                     CONSTRAINT_NAME                C
------------------------------ ------------------------------ -
COLUMN_NAME
--------------------------------------------------------------------------------
SEARCH_CONDITION
--------------------------------------------------------------------------------
JOB_ID


JOB_HISTORY                    SYS_C0011154                   R
DEPARTMENT_ID



TABLE_NAME                     CONSTRAINT_NAME                C
------------------------------ ------------------------------ -
COLUMN_NAME
--------------------------------------------------------------------------------
SEARCH_CONDITION
--------------------------------------------------------------------------------
JOB_HISTORY                    JHIST_DATE_INTERVAL            C
START_DATE
END_DATE>START_DATE

JOB_HISTORY                    JHIST_DATE_INTERVAL            C
END_DATE
END_DATE>START_DATE

TABLE_NAME                     CONSTRAINT_NAME                C
------------------------------ ------------------------------ -
COLUMN_NAME
--------------------------------------------------------------------------------
SEARCH_CONDITION
--------------------------------------------------------------------------------

JOB_HISTORY                    SYS_C0011264                   P
EMPLOYEE_ID


JOB_HISTORY                    SYS_C0011264                   P
START_DATE

TABLE_NAME                     CONSTRAINT_NAME                C
------------------------------ ------------------------------ -
COLUMN_NAME
--------------------------------------------------------------------------------
SEARCH_CONDITION
--------------------------------------------------------------------------------



11 rows selected.

SQL> insert all
  2   into job_history values('102',to_date('13-01-93','dd-mm-yy'),to_date('24-07-98','dd-mm-yy'),'IT_PROG','60')
  3   into job_history values('101',to_date('21-09-89','dd-mm-yy'),to_date('27-10-93','dd-mm-yy'),'AC_ACCOUNT','110')
  4   into job_history values('101',to_date('28-10-93','dd-mm-yy'),to_date('15-03-97','dd-mm-yy'),'AC_MGR','110')
  5   into job_history values('201',to_date('17-02-96','dd-mm-yy'),to_date('19-12-99','dd-mm-yy'),'MK_REP','20')
  6   into job_history values('114',to_date('24-03-98','dd-mm-yy'),to_date('31-12-99','dd-mm-yy'),'ST_CLERK','50')
  7   into job_history values('122',to_date('01-01-99','dd-mm-yy'),to_date('31-12-99','dd-mm-yy'),'ST_CLERK','50')
  8   into job_history values('200',to_date('17-09-87','dd-mm-yy'),to_date('17-06-93','dd-mm-yy'),'AD_ASST','90')
  9   into job_history values('176',to_date('24-03-98','dd-mm-yy'),to_date('31-12-98','dd-mm-yy'),'SA_REP','80')
 10   into job_history values('176',to_date('01-01-99','dd-mm-yy'),to_date('31-12-99','dd-mm-yy'),'SA_MAN','80')
 11   into job_history values('200',to_date('01-07-94','dd-mm-yy'),to_date('31-12-98','dd-mm-yy'),'AC_ACCOUNT','90')
 12  select* from dual;

10 rows created.

SQL>
SQL> COMMIT;

Commit complete.

SQL> ALTER TABLE JOB_HISTORY RENAME CONSTRAINT SYS_C0011264 TO JHIST_EMP_ID_ST_DATE_PK;

Table altered.

SQL> ALTER TABLE JOB_HISTORY RENAME CONSTRAINT SYS_C0011264 TO JHIST_EMP_ID_ST_DATE_PK;
ALTER TABLE JOB_HISTORY RENAME CONSTRAINT SYS_C0011264 TO JHIST_EMP_ID_ST_DATE_PK
*
ERROR at line 1:
ORA-23292: The constraint does not exist


SQL> select user_constraints.table_name,user_constraints.constraint_name,constraint_type,column_name,search_condition from user_constraints,user_cons_columns where user_constraints.table_name=user_cons_columns.table_name and user_constraints.constraint_name=user_cons_columns.constraint_name and user_constraints.table_name='JOB_HISTORY';

TABLE_NAME                     CONSTRAINT_NAME                C
------------------------------ ------------------------------ -
COLUMN_NAME
--------------------------------------------------------------------------------
SEARCH_CONDITION
--------------------------------------------------------------------------------
JOB_HISTORY                    SYS_C0011148                   C
EMPLOYEE_ID
"EMPLOYEE_ID" IS NOT NULL

JOB_HISTORY                    SYS_C0011149                   C
START_DATE
"START_DATE" IS NOT NULL

TABLE_NAME                     CONSTRAINT_NAME                C
------------------------------ ------------------------------ -
COLUMN_NAME
--------------------------------------------------------------------------------
SEARCH_CONDITION
--------------------------------------------------------------------------------

JOB_HISTORY                    SYS_C0011150                   C
END_DATE
"END_DATE" IS NOT NULL

JOB_HISTORY                    SYS_C0011151                   C
JOB_ID

TABLE_NAME                     CONSTRAINT_NAME                C
------------------------------ ------------------------------ -
COLUMN_NAME
--------------------------------------------------------------------------------
SEARCH_CONDITION
--------------------------------------------------------------------------------
"JOB_ID" IS NOT NULL

JOB_HISTORY                    SYS_C0011152                   R
EMPLOYEE_ID


JOB_HISTORY                    SYS_C0011153                   R

TABLE_NAME                     CONSTRAINT_NAME                C
------------------------------ ------------------------------ -
COLUMN_NAME
--------------------------------------------------------------------------------
SEARCH_CONDITION
--------------------------------------------------------------------------------
JOB_ID


JOB_HISTORY                    SYS_C0011154                   R
DEPARTMENT_ID



TABLE_NAME                     CONSTRAINT_NAME                C
------------------------------ ------------------------------ -
COLUMN_NAME
--------------------------------------------------------------------------------
SEARCH_CONDITION
--------------------------------------------------------------------------------
JOB_HISTORY                    JHIST_DATE_INTERVAL            C
START_DATE
END_DATE>START_DATE

JOB_HISTORY                    JHIST_DATE_INTERVAL            C
END_DATE
END_DATE>START_DATE

TABLE_NAME                     CONSTRAINT_NAME                C
------------------------------ ------------------------------ -
COLUMN_NAME
--------------------------------------------------------------------------------
SEARCH_CONDITION
--------------------------------------------------------------------------------

JOB_HISTORY                    JHIST_EMP_ID_ST_DATE_PK        P
EMPLOYEE_ID


JOB_HISTORY                    JHIST_EMP_ID_ST_DATE_PK        P
START_DATE

TABLE_NAME                     CONSTRAINT_NAME                C
------------------------------ ------------------------------ -
COLUMN_NAME
--------------------------------------------------------------------------------
SEARCH_CONDITION
--------------------------------------------------------------------------------



11 rows selected.

SQL> ALTER TABLE JOB_HISTORY RENAME CONSTRAINT SYS_C0011154 TO JHIST_DEPT_FK;

Table altered.

SQL> ALTER TABLE JOB_HISTORY RENAME CONSTRAINT SYS_C0011154 TO JHIST_DEPT_FK;
ALTER TABLE JOB_HISTORY RENAME CONSTRAINT SYS_C0011154 TO JHIST_DEPT_FK
*
ERROR at line 1:
ORA-23292: The constraint does not exist


SQL> ALTER TABLE JOB_HISTORY RENAME CONSTRAINT SYS_C0011152 TO JHIST_EMP_FK;

Table altered.

SQL> ALTER TABLE JOB_HISTORY RENAME CONSTRAINT  SYS_C0011151 TO JHIST_JOB_FK;

Table altered.

SQL> select user_constraints.table_name,user_constraints.constraint_name,constraint_type,column_name,search_condition from user_constraints,user_cons_columns where user_constraints.table_name=user_cons_columns.table_name and user_constraints.constraint_name=user_cons_columns.constraint_name and user_constraints.table_name='JOB_HISTORY';

TABLE_NAME                     CONSTRAINT_NAME                C
------------------------------ ------------------------------ -
COLUMN_NAME
--------------------------------------------------------------------------------
SEARCH_CONDITION
--------------------------------------------------------------------------------
JOB_HISTORY                    SYS_C0011148                   C
EMPLOYEE_ID
"EMPLOYEE_ID" IS NOT NULL

JOB_HISTORY                    SYS_C0011149                   C
START_DATE
"START_DATE" IS NOT NULL

TABLE_NAME                     CONSTRAINT_NAME                C
------------------------------ ------------------------------ -
COLUMN_NAME
--------------------------------------------------------------------------------
SEARCH_CONDITION
--------------------------------------------------------------------------------

JOB_HISTORY                    SYS_C0011150                   C
END_DATE
"END_DATE" IS NOT NULL

JOB_HISTORY                    JHIST_JOB_FK                   C
JOB_ID

TABLE_NAME                     CONSTRAINT_NAME                C
------------------------------ ------------------------------ -
COLUMN_NAME
--------------------------------------------------------------------------------
SEARCH_CONDITION
--------------------------------------------------------------------------------
"JOB_ID" IS NOT NULL

JOB_HISTORY                    JHIST_EMP_FK                   R
EMPLOYEE_ID


JOB_HISTORY                    SYS_C0011153                   R

TABLE_NAME                     CONSTRAINT_NAME                C
------------------------------ ------------------------------ -
COLUMN_NAME
--------------------------------------------------------------------------------
SEARCH_CONDITION
--------------------------------------------------------------------------------
JOB_ID


JOB_HISTORY                    JHIST_DEPT_FK                  R
DEPARTMENT_ID



TABLE_NAME                     CONSTRAINT_NAME                C
------------------------------ ------------------------------ -
COLUMN_NAME
--------------------------------------------------------------------------------
SEARCH_CONDITION
--------------------------------------------------------------------------------
JOB_HISTORY                    JHIST_DATE_INTERVAL            C
START_DATE
END_DATE>START_DATE

JOB_HISTORY                    JHIST_DATE_INTERVAL            C
END_DATE
END_DATE>START_DATE

TABLE_NAME                     CONSTRAINT_NAME                C
------------------------------ ------------------------------ -
COLUMN_NAME
--------------------------------------------------------------------------------
SEARCH_CONDITION
--------------------------------------------------------------------------------

JOB_HISTORY                    JHIST_EMP_ID_ST_DATE_PK        P
EMPLOYEE_ID


JOB_HISTORY                    JHIST_EMP_ID_ST_DATE_PK        P
START_DATE

TABLE_NAME                     CONSTRAINT_NAME                C
------------------------------ ------------------------------ -
COLUMN_NAME
--------------------------------------------------------------------------------
SEARCH_CONDITION
--------------------------------------------------------------------------------



11 rows selected.

SQL> select user_constraints.table_name,user_constraints.constraint_name,constraint_type,column_name,search_condition from user_constraints,user_cons_columns where user_constraints.table_name=user_cons_columns.table_name and user_constraints.constraint_name=user_cons_columns.constraint_name and user_constraints.table_name='EMPLOYEES';

TABLE_NAME                     CONSTRAINT_NAME                C
------------------------------ ------------------------------ -
COLUMN_NAME
--------------------------------------------------------------------------------
SEARCH_CONDITION
--------------------------------------------------------------------------------
EMPLOYEES                      SYS_C0011138                   C
FIRST_NAME
"FIRST_NAME" IS NOT NULL

EMPLOYEES                      SYS_C0011139                   C
LAST_NAME
"LAST_NAME" IS NOT NULL

TABLE_NAME                     CONSTRAINT_NAME                C
------------------------------ ------------------------------ -
COLUMN_NAME
--------------------------------------------------------------------------------
SEARCH_CONDITION
--------------------------------------------------------------------------------

EMPLOYEES                      SYS_C0011140                   C
EMAIL
"EMAIL" IS NOT NULL

EMPLOYEES                      SYS_C0011141                   C
JOB_ID

TABLE_NAME                     CONSTRAINT_NAME                C
------------------------------ ------------------------------ -
COLUMN_NAME
--------------------------------------------------------------------------------
SEARCH_CONDITION
--------------------------------------------------------------------------------
"JOB_ID" IS NOT NULL

EMPLOYEES                      SALARY_CHECK                   C
SALARY
SALARY > 0

EMPLOYEES                      SYS_C0011143                   P

TABLE_NAME                     CONSTRAINT_NAME                C
------------------------------ ------------------------------ -
COLUMN_NAME
--------------------------------------------------------------------------------
SEARCH_CONDITION
--------------------------------------------------------------------------------
EMPLOYEE_ID


EMPLOYEES                      SYS_C0011144                   R
JOB_ID



TABLE_NAME                     CONSTRAINT_NAME                C
------------------------------ ------------------------------ -
COLUMN_NAME
--------------------------------------------------------------------------------
SEARCH_CONDITION
--------------------------------------------------------------------------------
EMPLOYEES                      SYS_C0011145                   R
MANAGER_ID


EMPLOYEES                      SYS_C0011146                   R
DEPARTMENT_ID


TABLE_NAME                     CONSTRAINT_NAME                C
------------------------------ ------------------------------ -
COLUMN_NAME
--------------------------------------------------------------------------------
SEARCH_CONDITION
--------------------------------------------------------------------------------


9 rows selected.

SQL> ALTER TABLE EMPLOYEES
  2  ADD CONSTRAINT EMP_EMAIL_UK
  3  UNIQUE(EMAIL);

Table altered.

SQL> select user_constraints.table_name,user_constraints.constraint_name,constraint_type,column_name,search_condition from user_constraints,user_cons_columns where user_constraints.table_name=user_cons_columns.table_name and user_constraints.constraint_name=user_cons_columns.constraint_name and user_constraints.table_name='EMPLOYEES';

TABLE_NAME                     CONSTRAINT_NAME                C
------------------------------ ------------------------------ -
COLUMN_NAME
--------------------------------------------------------------------------------
SEARCH_CONDITION
--------------------------------------------------------------------------------
EMPLOYEES                      SYS_C0011138                   C
FIRST_NAME
"FIRST_NAME" IS NOT NULL

EMPLOYEES                      SYS_C0011139                   C
LAST_NAME
"LAST_NAME" IS NOT NULL

TABLE_NAME                     CONSTRAINT_NAME                C
------------------------------ ------------------------------ -
COLUMN_NAME
--------------------------------------------------------------------------------
SEARCH_CONDITION
--------------------------------------------------------------------------------

EMPLOYEES                      SYS_C0011140                   C
EMAIL
"EMAIL" IS NOT NULL

EMPLOYEES                      SYS_C0011141                   C
JOB_ID

TABLE_NAME                     CONSTRAINT_NAME                C
------------------------------ ------------------------------ -
COLUMN_NAME
--------------------------------------------------------------------------------
SEARCH_CONDITION
--------------------------------------------------------------------------------
"JOB_ID" IS NOT NULL

EMPLOYEES                      SALARY_CHECK                   C
SALARY
SALARY > 0

EMPLOYEES                      SYS_C0011143                   P

TABLE_NAME                     CONSTRAINT_NAME                C
------------------------------ ------------------------------ -
COLUMN_NAME
--------------------------------------------------------------------------------
SEARCH_CONDITION
--------------------------------------------------------------------------------
EMPLOYEE_ID


EMPLOYEES                      SYS_C0011144                   R
JOB_ID



TABLE_NAME                     CONSTRAINT_NAME                C
------------------------------ ------------------------------ -
COLUMN_NAME
--------------------------------------------------------------------------------
SEARCH_CONDITION
--------------------------------------------------------------------------------
EMPLOYEES                      SYS_C0011145                   R
MANAGER_ID


EMPLOYEES                      SYS_C0011146                   R
DEPARTMENT_ID


TABLE_NAME                     CONSTRAINT_NAME                C
------------------------------ ------------------------------ -
COLUMN_NAME
--------------------------------------------------------------------------------
SEARCH_CONDITION
--------------------------------------------------------------------------------

EMPLOYEES                      EMP_EMAIL_UK                   U
EMAIL



10 rows selected.

SQL> select user_constraints.table_name,user_constraints.constraint_name,constraint_type,column_name,search_condition from user_constraints,user_cons_columns where user_constraints.table_name=user_cons_columns.table_name and user_constraints.constraint_name=user_cons_columns.constraint_name and user_constraints.table_name='JOBS';

TABLE_NAME                     CONSTRAINT_NAME                C
------------------------------ ------------------------------ -
COLUMN_NAME
--------------------------------------------------------------------------------
SEARCH_CONDITION
--------------------------------------------------------------------------------
JOBS                           SYS_C0011136                   C
JOB_TITLE
"JOB_TITLE" IS NOT NULL

JOBS                           SYS_C0011137                   P
JOB_ID


TABLE_NAME                     CONSTRAINT_NAME                C
------------------------------ ------------------------------ -
COLUMN_NAME
--------------------------------------------------------------------------------
SEARCH_CONDITION
--------------------------------------------------------------------------------


SQL> select user_constraints.table_name,user_constraints.constraint_name,constraint_type,column_name,search_condition from user_constraints,user_cons_columns where user_constraints.table_name=user_cons_columns.table_name and user_constraints.constraint_name=user_cons_columns.constraint_name and user_constraints.table_name='JOBS';

TABLE_NAME                     CONSTRAINT_NAME                C
------------------------------ ------------------------------ -
COLUMN_NAME
--------------------------------------------------------------------------------
SEARCH_CONDITION
--------------------------------------------------------------------------------
JOBS                           SYS_C0011136                   C
JOB_TITLE
"JOB_TITLE" IS NOT NULL

JOBS                           SYS_C0011137                   P
JOB_ID


TABLE_NAME                     CONSTRAINT_NAME                C
------------------------------ ------------------------------ -
COLUMN_NAME
--------------------------------------------------------------------------------
SEARCH_CONDITION
--------------------------------------------------------------------------------


SQL> select user_constraints.table_name,user_constraints.constraint_name,constraint_type,column_name,search_condition from user_constraints,user_cons_columns where user_constraints.table_name=user_cons_columns.table_name and user_constraints.constraint_name=user_cons_columns.constraint_name and user_constraints.table_name='DEPARTMENTS';

TABLE_NAME                     CONSTRAINT_NAME                C
------------------------------ ------------------------------ -
COLUMN_NAME
--------------------------------------------------------------------------------
SEARCH_CONDITION
--------------------------------------------------------------------------------
DEPARTMENTS                    SYS_C0011133                   C
DEPARTMENT_NAME
"DEPARTMENT_NAME" IS NOT NULL

DEPARTMENTS                    SYS_C0011134                   P
DEPARTMENT_ID


TABLE_NAME                     CONSTRAINT_NAME                C
------------------------------ ------------------------------ -
COLUMN_NAME
--------------------------------------------------------------------------------
SEARCH_CONDITION
--------------------------------------------------------------------------------

DEPARTMENTS                    SYS_C0011135                   R
LOCATION_ID


DEPARTMENTS                    SYS_C0011147                   R
MANAGER_ID

TABLE_NAME                     CONSTRAINT_NAME                C
------------------------------ ------------------------------ -
COLUMN_NAME
--------------------------------------------------------------------------------
SEARCH_CONDITION
--------------------------------------------------------------------------------



SQL> select user_constraints.table_name,user_constraints.constraint_name,constraint_type,column_name,search_condition from user_constraints,user_cons_columns where user_constraints.table_name=user_cons_columns.table_name and user_constraints.constraint_name=user_cons_columns.constraint_name and user_constraints.table_name='LOCATIONS';

TABLE_NAME                     CONSTRAINT_NAME                C
------------------------------ ------------------------------ -
COLUMN_NAME
--------------------------------------------------------------------------------
SEARCH_CONDITION
--------------------------------------------------------------------------------
LOCATIONS                      SYS_C0011131                   P
LOCATION_ID


LOCATIONS                      SYS_C0011132                   R
COUNTRY_ID


TABLE_NAME                     CONSTRAINT_NAME                C
------------------------------ ------------------------------ -
COLUMN_NAME
--------------------------------------------------------------------------------
SEARCH_CONDITION
--------------------------------------------------------------------------------


SQL> select user_constraints.table_name,user_constraints.constraint_name,constraint_type,column_name,search_condition from user_constraints,user_cons_columns where user_constraints.table_name=user_cons_columns.table_name and user_constraints.constraint_name=user_cons_columns.constraint_name and user_constraints.table_name='COUNTRIES';

TABLE_NAME                     CONSTRAINT_NAME                C
------------------------------ ------------------------------ -
COLUMN_NAME
--------------------------------------------------------------------------------
SEARCH_CONDITION
--------------------------------------------------------------------------------
COUNTRIES                      SYS_C0011129                   R
REGION_ID


COUNTRIES                      LATER_ADD_PRI                  P
COUNTRY_ID


TABLE_NAME                     CONSTRAINT_NAME                C
------------------------------ ------------------------------ -
COLUMN_NAME
--------------------------------------------------------------------------------
SEARCH_CONDITION
--------------------------------------------------------------------------------


SQL> select user_constraints.table_name,user_constraints.constraint_name,constraint_type,column_name,search_condition from user_constraints,user_cons_columns where user_constraints.table_name=user_cons_columns.table_name and user_constraints.constraint_name=user_cons_columns.constraint_name and user_constraints.table_name='REGIONS';

TABLE_NAME                     CONSTRAINT_NAME                C
------------------------------ ------------------------------ -
COLUMN_NAME
--------------------------------------------------------------------------------
SEARCH_CONDITION
--------------------------------------------------------------------------------
REGIONS                        SYS_C0011128                   P
REGION_ID



SQL> select user_constraints.table_name,user_constraints.constraint_name,constraint_type,column_name,search_condition from user_constraints,user_cons_columns where user_constraints.table_name=user_cons_columns.table_name and user_constraints.constraint_name=user_cons_columns.constraint_name and user_constraints.table_name='REGIONS';

TABLE_NAME                     CONSTRAINT_NAME                C
------------------------------ ------------------------------ -
COLUMN_NAME
--------------------------------------------------------------------------------
SEARCH_CONDITION
--------------------------------------------------------------------------------
REGIONS                        SYS_C0011128                   P
REGION_ID



SQL> select user_constraints.table_name,user_constraints.constraint_name,constraint_type,column_name,search_condition from user_constraints,user_cons_columns where user_constraints.table_name=user_cons_columns.table_name and user_constraints.constraint_name=user_cons_columns.constraint_name and user_constraints.table_name='REGIONS';

TABLE_NAME                     CONSTRAINT_NAME                C
------------------------------ ------------------------------ -
COLUMN_NAME
--------------------------------------------------------------------------------
SEARCH_CONDITION
--------------------------------------------------------------------------------
REGIONS                        SYS_C0011128                   P
REGION_ID

SQL> ALTER TABLE REGIONS
  2  ADD CONSTRAINT REGION_ID_NN
  3  NOT NULL(REGION_ID);
NOT NULL(REGION_ID)
*
ERROR at line 3:
ORA-00904: : invalid identifier


SQL> ALTER TABLE REGIONS
  2  MODIFY CONSTRAINT REGION_ID_NN
  3  NOT NULL(REGION_ID);
NOT NULL(REGION_ID)
*
ERROR at line 3:
ORA-00933: SQL command not properly ended


SQL> ALTER TABLE REGIONS
  2  MODIFY REGION_ID NOT NULL;

Table altered.

SQL> select user_constraints.table_name,user_constraints.constraint_name,constraint_type,column_name,search_condition from user_constraints,user_cons_columns where user_constraints.table_name=user_cons_columns.table_name and user_constraints.constraint_name=user_cons_columns.constraint_name and user_constraints.table_name='REGIONS';

TABLE_NAME                     CONSTRAINT_NAME                C
------------------------------ ------------------------------ -
COLUMN_NAME
--------------------------------------------------------------------------------
SEARCH_CONDITION
--------------------------------------------------------------------------------
REGIONS                        SYS_C0011128                   P
REGION_ID


REGIONS                        SYS_C0011266                   C
REGION_ID
"REGION_ID" IS NOT NULL

TABLE_NAME                     CONSTRAINT_NAME                C
------------------------------ ------------------------------ -
COLUMN_NAME
--------------------------------------------------------------------------------
SEARCH_CONDITION
--------------------------------------------------------------------------------


SQL> select user_constraints.table_name,user_constraints.constraint_name,constraint_type,column_name,search_condition from user_constraints,user_cons_columns where user_constraints.table_name=user_cons_columns.table_name and user_constraints.constraint_name=user_cons_columns.constraint_name and user_constraints.table_name='DEPT';

TABLE_NAME                     CONSTRAINT_NAME                C
------------------------------ ------------------------------ -
COLUMN_NAME
--------------------------------------------------------------------------------
SEARCH_CONDITION
--------------------------------------------------------------------------------
DEPT                           SYS_C0011127                   P
DEPTNO



SQL> select user_constraints.table_name,user_constraints.constraint_name,constraint_type,column_name,search_condition from user_constraints,user_cons_columns where user_constraints.table_name=user_cons_columns.table_name and user_constraints.constraint_name=user_cons_columns.constraint_name and user_constraints.table_name='EMP';

TABLE_NAME                     CONSTRAINT_NAME                C
------------------------------ ------------------------------ -
COLUMN_NAME
--------------------------------------------------------------------------------
SEARCH_CONDITION
--------------------------------------------------------------------------------
EMP                            SYS_C0011125                   P
EMPNO


EMP                            EMP_SELF_KEY                   R
MGR


TABLE_NAME                     CONSTRAINT_NAME                C
------------------------------ ------------------------------ -
COLUMN_NAME
--------------------------------------------------------------------------------
SEARCH_CONDITION
--------------------------------------------------------------------------------


SQL> select user_constraints.table_name,user_constraints.constraint_name,constraint_type,column_name,search_condition from user_constraints,user_cons_columns where user_constraints.table_name=user_cons_columns.table_name and user_constraints.constraint_name=user_cons_columns.constraint_name and user_constraints.table_name='COUNTRIES';

TABLE_NAME                     CONSTRAINT_NAME                C
------------------------------ ------------------------------ -
COLUMN_NAME
--------------------------------------------------------------------------------
SEARCH_CONDITION
--------------------------------------------------------------------------------
COUNTRIES                      SYS_C0011129                   R
REGION_ID


COUNTRIES                      LATER_ADD_PRI                  P
COUNTRY_ID


TABLE_NAME                     CONSTRAINT_NAME                C
------------------------------ ------------------------------ -
COLUMN_NAME
--------------------------------------------------------------------------------
SEARCH_CONDITION
--------------------------------------------------------------------------------


SQL> ALTER TABLE COUNTRIES MODIFY COUNTRY_ID NOT NULL;

Table altered.

SQL> select user_constraints.table_name,user_constraints.constraint_name,constraint_type,column_name,search_condition from user_constraints,user_cons_columns where user_constraints.table_name=user_cons_columns.table_name and user_constraints.constraint_name=user_cons_columns.constraint_name and user_constraints.table_name='COUNTRIES';

TABLE_NAME                     CONSTRAINT_NAME                C
------------------------------ ------------------------------ -
COLUMN_NAME
--------------------------------------------------------------------------------
SEARCH_CONDITION
--------------------------------------------------------------------------------
COUNTRIES                      SYS_C0011129                   R
REGION_ID


COUNTRIES                      LATER_ADD_PRI                  P
COUNTRY_ID


TABLE_NAME                     CONSTRAINT_NAME                C
------------------------------ ------------------------------ -
COLUMN_NAME
--------------------------------------------------------------------------------
SEARCH_CONDITION
--------------------------------------------------------------------------------

COUNTRIES                      SYS_C0011267                   C
COUNTRY_ID
"COUNTRY_ID" IS NOT NULL


SQL> select user_constraints.table_name,user_constraints.constraint_name,constraint_type,column_name,search_condition from user_constraints,user_cons_columns where user_constraints.table_name=user_cons_columns.table_name and user_constraints.constraint_name=user_cons_columns.constraint_name and user_constraints.table_name='LOCATIONS';

TABLE_NAME                     CONSTRAINT_NAME                C
------------------------------ ------------------------------ -
COLUMN_NAME
--------------------------------------------------------------------------------
SEARCH_CONDITION
--------------------------------------------------------------------------------
LOCATIONS                      SYS_C0011131                   P
LOCATION_ID


LOCATIONS                      SYS_C0011132                   R
COUNTRY_ID


TABLE_NAME                     CONSTRAINT_NAME                C
------------------------------ ------------------------------ -
COLUMN_NAME
--------------------------------------------------------------------------------
SEARCH_CONDITION
--------------------------------------------------------------------------------


SQL> ALTER TABLE LOCATIONS MODIFY CITY NOT NULL;

Table altered.

SQL> select user_constraints.table_name,user_constraints.constraint_name,constraint_type,column_name,search_condition from user_constraints,user_cons_columns where user_constraints.table_name=user_cons_columns.table_name and user_constraints.constraint_name=user_cons_columns.constraint_name and user_constraints.table_name='DEPARTMENTS';

TABLE_NAME                     CONSTRAINT_NAME                C
------------------------------ ------------------------------ -
COLUMN_NAME
--------------------------------------------------------------------------------
SEARCH_CONDITION
--------------------------------------------------------------------------------
DEPARTMENTS                    SYS_C0011133                   C
DEPARTMENT_NAME
"DEPARTMENT_NAME" IS NOT NULL

DEPARTMENTS                    SYS_C0011134                   P
DEPARTMENT_ID


TABLE_NAME                     CONSTRAINT_NAME                C
------------------------------ ------------------------------ -
COLUMN_NAME
--------------------------------------------------------------------------------
SEARCH_CONDITION
--------------------------------------------------------------------------------

DEPARTMENTS                    SYS_C0011135                   R
LOCATION_ID


DEPARTMENTS                    SYS_C0011147                   R
MANAGER_ID

TABLE_NAME                     CONSTRAINT_NAME                C
------------------------------ ------------------------------ -
COLUMN_NAME
--------------------------------------------------------------------------------
SEARCH_CONDITION
--------------------------------------------------------------------------------



SQL> select user_constraints.table_name,user_constraints.constraint_name,constraint_type,column_name,search_condition from user_constraints,user_cons_columns where user_constraints.table_name=user_cons_columns.table_name and user_constraints.constraint_name=user_cons_columns.constraint_name and user_constraints.table_name='JOBS';

TABLE_NAME                     CONSTRAINT_NAME                C
------------------------------ ------------------------------ -
COLUMN_NAME
--------------------------------------------------------------------------------
SEARCH_CONDITION
--------------------------------------------------------------------------------
JOBS                           SYS_C0011136                   C
JOB_TITLE
"JOB_TITLE" IS NOT NULL

JOBS                           SYS_C0011137                   P
JOB_ID


TABLE_NAME                     CONSTRAINT_NAME                C
------------------------------ ------------------------------ -
COLUMN_NAME
--------------------------------------------------------------------------------
SEARCH_CONDITION
--------------------------------------------------------------------------------


SQL> select user_constraints.table_name,user_constraints.constraint_name,constraint_type,column_name,search_condition from user_constraints,user_cons_columns where user_constraints.table_name=user_cons_columns.table_name and user_constraints.constraint_name=user_cons_columns.constraint_name and user_constraints.table_name='EMPLOYEES';

TABLE_NAME                     CONSTRAINT_NAME                C
------------------------------ ------------------------------ -
COLUMN_NAME
--------------------------------------------------------------------------------
SEARCH_CONDITION
--------------------------------------------------------------------------------
EMPLOYEES                      SYS_C0011138                   C
FIRST_NAME
"FIRST_NAME" IS NOT NULL

EMPLOYEES                      SYS_C0011139                   C
LAST_NAME
"LAST_NAME" IS NOT NULL

TABLE_NAME                     CONSTRAINT_NAME                C
------------------------------ ------------------------------ -
COLUMN_NAME
--------------------------------------------------------------------------------
SEARCH_CONDITION
--------------------------------------------------------------------------------

EMPLOYEES                      SYS_C0011140                   C
EMAIL
"EMAIL" IS NOT NULL

EMPLOYEES                      SYS_C0011141                   C
JOB_ID

TABLE_NAME                     CONSTRAINT_NAME                C
------------------------------ ------------------------------ -
COLUMN_NAME
--------------------------------------------------------------------------------
SEARCH_CONDITION
--------------------------------------------------------------------------------
"JOB_ID" IS NOT NULL

EMPLOYEES                      SALARY_CHECK                   C
SALARY
SALARY > 0

EMPLOYEES                      SYS_C0011143                   P

TABLE_NAME                     CONSTRAINT_NAME                C
------------------------------ ------------------------------ -
COLUMN_NAME
--------------------------------------------------------------------------------
SEARCH_CONDITION
--------------------------------------------------------------------------------
EMPLOYEE_ID


EMPLOYEES                      SYS_C0011144                   R
JOB_ID



TABLE_NAME                     CONSTRAINT_NAME                C
------------------------------ ------------------------------ -
COLUMN_NAME
--------------------------------------------------------------------------------
SEARCH_CONDITION
--------------------------------------------------------------------------------
EMPLOYEES                      SYS_C0011145                   R
MANAGER_ID


EMPLOYEES                      SYS_C0011146                   R
DEPARTMENT_ID


TABLE_NAME                     CONSTRAINT_NAME                C
------------------------------ ------------------------------ -
COLUMN_NAME
--------------------------------------------------------------------------------
SEARCH_CONDITION
--------------------------------------------------------------------------------

EMPLOYEES                      EMP_EMAIL_UK                   U
EMAIL



10 rows selected.

SQL> select user_constraints.table_name,user_constraints.constraint_name,constraint_type,column_name,search_condition from user_constraints,user_cons_columns where user_constraints.table_name=user_cons_columns.table_name and user_constraints.constraint_name=user_cons_columns.constraint_name and user_constraints.table_name='JOB_HISTORY';

TABLE_NAME                     CONSTRAINT_NAME                C
------------------------------ ------------------------------ -
COLUMN_NAME
--------------------------------------------------------------------------------
SEARCH_CONDITION
--------------------------------------------------------------------------------
JOB_HISTORY                    SYS_C0011148                   C
EMPLOYEE_ID
"EMPLOYEE_ID" IS NOT NULL

JOB_HISTORY                    SYS_C0011149                   C
START_DATE
"START_DATE" IS NOT NULL

TABLE_NAME                     CONSTRAINT_NAME                C
------------------------------ ------------------------------ -
COLUMN_NAME
--------------------------------------------------------------------------------
SEARCH_CONDITION
--------------------------------------------------------------------------------

JOB_HISTORY                    SYS_C0011150                   C
END_DATE
"END_DATE" IS NOT NULL

JOB_HISTORY                    JHIST_JOB_FK                   C
JOB_ID

TABLE_NAME                     CONSTRAINT_NAME                C
------------------------------ ------------------------------ -
COLUMN_NAME
--------------------------------------------------------------------------------
SEARCH_CONDITION
--------------------------------------------------------------------------------
"JOB_ID" IS NOT NULL

JOB_HISTORY                    JHIST_EMP_FK                   R
EMPLOYEE_ID


JOB_HISTORY                    SYS_C0011153                   R

TABLE_NAME                     CONSTRAINT_NAME                C
------------------------------ ------------------------------ -
COLUMN_NAME
--------------------------------------------------------------------------------
SEARCH_CONDITION
--------------------------------------------------------------------------------
JOB_ID


JOB_HISTORY                    JHIST_DEPT_FK                  R
DEPARTMENT_ID



TABLE_NAME                     CONSTRAINT_NAME                C
------------------------------ ------------------------------ -
COLUMN_NAME
--------------------------------------------------------------------------------
SEARCH_CONDITION
--------------------------------------------------------------------------------
JOB_HISTORY                    JHIST_DATE_INTERVAL            C
START_DATE
END_DATE>START_DATE

JOB_HISTORY                    JHIST_DATE_INTERVAL            C
END_DATE
END_DATE>START_DATE

TABLE_NAME                     CONSTRAINT_NAME                C
------------------------------ ------------------------------ -
COLUMN_NAME
--------------------------------------------------------------------------------
SEARCH_CONDITION
--------------------------------------------------------------------------------

JOB_HISTORY                    JHIST_EMP_ID_ST_DATE_PK        P
EMPLOYEE_ID


JOB_HISTORY                    JHIST_EMP_ID_ST_DATE_PK        P
START_DATE

TABLE_NAME                     CONSTRAINT_NAME                C
------------------------------ ------------------------------ -
COLUMN_NAME
--------------------------------------------------------------------------------
SEARCH_CONDITION
--------------------------------------------------------------------------------



11 rows selected.


SQL> select user_constraints.table_name,user_constraints.constraint_name, constraint_type,column_name,search_condition from user_constraints,user_cons_columns where user_constraints.table_name=user_cons_columns.table_name and user_constraints.constraint_name=user_cons_columns.constraint_name and user_constraints.table_name='JOB_HISTORY';

TABLE_NAME                     CONSTRAINT_NAME                C
------------------------------ ------------------------------ -
COLUMN_NAME
--------------------------------------------------------------------------------
SEARCH_CONDITION
--------------------------------------------------------------------------------
JOB_HISTORY                    SYS_C0011148                   C
EMPLOYEE_ID
"EMPLOYEE_ID" IS NOT NULL

JOB_HISTORY                    SYS_C0011149                   C
START_DATE
"START_DATE" IS NOT NULL

TABLE_NAME                     CONSTRAINT_NAME                C
------------------------------ ------------------------------ -
COLUMN_NAME
--------------------------------------------------------------------------------
SEARCH_CONDITION
--------------------------------------------------------------------------------

JOB_HISTORY                    SYS_C0011150                   C
END_DATE
"END_DATE" IS NOT NULL

JOB_HISTORY                    JHIST_JOB_FK                   C
JOB_ID

TABLE_NAME                     CONSTRAINT_NAME                C
------------------------------ ------------------------------ -
COLUMN_NAME
--------------------------------------------------------------------------------
SEARCH_CONDITION
--------------------------------------------------------------------------------
"JOB_ID" IS NOT NULL

JOB_HISTORY                    JHIST_EMP_FK                   R
EMPLOYEE_ID


JOB_HISTORY                    SYS_C0011153                   R

TABLE_NAME                     CONSTRAINT_NAME                C
------------------------------ ------------------------------ -
COLUMN_NAME
--------------------------------------------------------------------------------
SEARCH_CONDITION
--------------------------------------------------------------------------------
JOB_ID


JOB_HISTORY                    JHIST_DEPT_FK                  R
DEPARTMENT_ID



TABLE_NAME                     CONSTRAINT_NAME                C
------------------------------ ------------------------------ -
COLUMN_NAME
--------------------------------------------------------------------------------
SEARCH_CONDITION
--------------------------------------------------------------------------------
JOB_HISTORY                    JHIST_DATE_INTERVAL            C
START_DATE
END_DATE>START_DATE

JOB_HISTORY                    JHIST_DATE_INTERVAL            C
END_DATE
END_DATE>START_DATE

TABLE_NAME                     CONSTRAINT_NAME                C
------------------------------ ------------------------------ -
COLUMN_NAME
--------------------------------------------------------------------------------
SEARCH_CONDITION
--------------------------------------------------------------------------------

JOB_HISTORY                    JHIST_EMP_ID_ST_DATE_PK        P
EMPLOYEE_ID


JOB_HISTORY                    JHIST_EMP_ID_ST_DATE_PK        P
START_DATE

TABLE_NAME                     CONSTRAINT_NAME                C
------------------------------ ------------------------------ -
COLUMN_NAME
--------------------------------------------------------------------------------
SEARCH_CONDITION
--------------------------------------------------------------------------------



11 rows selected.

SQL> ALTER TABLE JOB_HISTORY CONSTRAINT RENAME SYS_C0011148 TO JHIST_EMPLOYEE_NN;
ALTER TABLE JOB_HISTORY CONSTRAINT RENAME SYS_C0011148 TO JHIST_EMPLOYEE_NN
                        *
ERROR at line 1:
ORA-01735: invalid ALTER TABLE option


SQL> ALTER TABLE JOB_HISTORY RENAME CONSTRAINT SYS_C0011148 TO JHIST_EMPLOYEE_NN;

Table altered.

SQL> ALTER TABLE JOB_HISTORY RENAME CONSTRAINT  TO JHIST_START_DATE_NN
  2
SQL> select * from USER_COL_COMMENTS;

TABLE_NAME                     COLUMN_NAME
------------------------------ ------------------------------
COMMENTS
--------------------------------------------------------------------------------
SC                             SNO
TEST

EMP                            EMPNO
员工号

EMP                            ENAME
员工姓名


TABLE_NAME                     COLUMN_NAME
------------------------------ ------------------------------
COMMENTS
--------------------------------------------------------------------------------
EMP                            JOB
工作

EMP                            MGR
上级编号

EMP                            HIREDATE
雇佣日期


TABLE_NAME                     COLUMN_NAME
------------------------------ ------------------------------
COMMENTS
--------------------------------------------------------------------------------
EMP                            SAL
薪金

EMP                            COMM
佣金

EMP                            DEPTNO
部门编号


TABLE_NAME                     COLUMN_NAME
------------------------------ ------------------------------
COMMENTS
--------------------------------------------------------------------------------
DEPT                           DEPTNO
部门编号

DEPT                           DNAME
部门名称

DEPT                           LOC
地点


TABLE_NAME                     COLUMN_NAME
------------------------------ ------------------------------
COMMENTS
--------------------------------------------------------------------------------
LOCATIONS                      STREET_ADDRESS


COUNTRIES                      COUNTRY_NAME


DEPARTMENTS                    DEPARTMENT_ID



TABLE_NAME                     COLUMN_NAME
------------------------------ ------------------------------
COMMENTS
--------------------------------------------------------------------------------
STUDENT                        SNAME


SC                             GRADE


EMPLOYEES                      LAST_NAME



TABLE_NAME                     COLUMN_NAME
------------------------------ ------------------------------
COMMENTS
--------------------------------------------------------------------------------
BIN$23Ww9NJRSISr7BVhYvIpGw==$0 CNO


JOBS                           MAX_SALARY


STUDENT                        SNO



TABLE_NAME                     COLUMN_NAME
------------------------------ ------------------------------
COMMENTS
--------------------------------------------------------------------------------
BIN$23Ww9NJRSISr7BVhYvIpGw==$0 SNO


STUDENT                        SAGE


EMPLOYEES                      DEPARTMENT_ID



TABLE_NAME                     COLUMN_NAME
------------------------------ ------------------------------
COMMENTS
--------------------------------------------------------------------------------
COURSE                         CNAME


BIN$23Ww9NJRSISr7BVhYvIpGw==$0 GRADE


COUNTRIES                      REGION_ID



TABLE_NAME                     COLUMN_NAME
------------------------------ ------------------------------
COMMENTS
--------------------------------------------------------------------------------
COURSE                         CCREDIT


DEPARTMENTS                    DEPARTMENT_NAME


JOB_HISTORY                    END_DATE



TABLE_NAME                     COLUMN_NAME
------------------------------ ------------------------------
COMMENTS
--------------------------------------------------------------------------------
LOCATIONS                      POSTAL_CODE


JOB_HISTORY                    EMPLOYEE_ID


JOB_HISTORY                    START_DATE



TABLE_NAME                     COLUMN_NAME
------------------------------ ------------------------------
COMMENTS
--------------------------------------------------------------------------------
EMPLOYEES                      EMPLOYEE_ID


EMPLOYEES                      FIRST_NAME


LOCATIONS                      COUNTRY_ID



TABLE_NAME                     COLUMN_NAME
------------------------------ ------------------------------
COMMENTS
--------------------------------------------------------------------------------
EMPLOYEES                      HIRE_DATE


REGIONS                        REGION_ID


JOBS                           MIN_SALARY



TABLE_NAME                     COLUMN_NAME
------------------------------ ------------------------------
COMMENTS
--------------------------------------------------------------------------------
EMPLOYEES                      MANAGER_ID


COURSE                         CPNO


JOB_HISTORY                    DEPARTMENT_ID



TABLE_NAME                     COLUMN_NAME
------------------------------ ------------------------------
COMMENTS
--------------------------------------------------------------------------------
LOCATIONS                      CITY


SC                             CNO


LOCATIONS                      LOCATION_ID



TABLE_NAME                     COLUMN_NAME
------------------------------ ------------------------------
COMMENTS
--------------------------------------------------------------------------------
COURSE                         CNO


EMPLOYEES                      SALARY


EMPLOYEES                      JOB_ID



TABLE_NAME                     COLUMN_NAME
------------------------------ ------------------------------
COMMENTS
--------------------------------------------------------------------------------
STUDENT                        SSEX


STUDENT                        SDEPT


EMPLOYEES                      COMMISSION_PCT



TABLE_NAME                     COLUMN_NAME
------------------------------ ------------------------------
COMMENTS
--------------------------------------------------------------------------------
COUNTRIES                      COUNTRY_ID


JOB_HISTORY                    JOB_ID


DEPARTMENTS                    LOCATION_ID



TABLE_NAME                     COLUMN_NAME
------------------------------ ------------------------------
COMMENTS
--------------------------------------------------------------------------------
EMPLOYEES                      EMAIL


EMPLOYEES                      PHONE_NUMBER


REGIONS                        REGION_NAME



TABLE_NAME                     COLUMN_NAME
------------------------------ ------------------------------
COMMENTS
--------------------------------------------------------------------------------
LOCATIONS                      STATE_PROVINCE


JOBS                           JOB_TITLE


JOBS                           JOB_ID



TABLE_NAME                     COLUMN_NAME
------------------------------ ------------------------------
COMMENTS
--------------------------------------------------------------------------------
DEPARTMENTS                    MANAGER_ID



61 rows selected.

SQL> ALTER TABLE JOB_HISTORY RENAME CONSTRAINT  TO JHIST_START_DATE_
  2
SQL> select user_constraints.table_name,user_constraints.constraint_name, constraint_type,column_name,search_condition from user_constraints,user_cons_columns where user_constraints.table_name=user_cons_columns.table_name and user_constraints.constraint_name=user_cons_columns.constraint_name and user_constraints.table_name='JOB_HISTORY';

TABLE_NAME                     CONSTRAINT_NAME                C
------------------------------ ------------------------------ -
COLUMN_NAME
--------------------------------------------------------------------------------
SEARCH_CONDITION
--------------------------------------------------------------------------------
JOB_HISTORY                    JHIST_EMPLOYEE_NN              C
EMPLOYEE_ID
"EMPLOYEE_ID" IS NOT NULL

JOB_HISTORY                    SYS_C0011149                   C
START_DATE
"START_DATE" IS NOT NULL

TABLE_NAME                     CONSTRAINT_NAME                C
------------------------------ ------------------------------ -
COLUMN_NAME
--------------------------------------------------------------------------------
SEARCH_CONDITION
--------------------------------------------------------------------------------

JOB_HISTORY                    SYS_C0011150                   C
END_DATE
"END_DATE" IS NOT NULL

JOB_HISTORY                    JHIST_JOB_FK                   C
JOB_ID

TABLE_NAME                     CONSTRAINT_NAME                C
------------------------------ ------------------------------ -
COLUMN_NAME
--------------------------------------------------------------------------------
SEARCH_CONDITION
--------------------------------------------------------------------------------
"JOB_ID" IS NOT NULL

JOB_HISTORY                    JHIST_EMP_FK                   R
EMPLOYEE_ID


JOB_HISTORY                    SYS_C0011153                   R

TABLE_NAME                     CONSTRAINT_NAME                C
------------------------------ ------------------------------ -
COLUMN_NAME
--------------------------------------------------------------------------------
SEARCH_CONDITION
--------------------------------------------------------------------------------
JOB_ID


JOB_HISTORY                    JHIST_DEPT_FK                  R
DEPARTMENT_ID



TABLE_NAME                     CONSTRAINT_NAME                C
------------------------------ ------------------------------ -
COLUMN_NAME
--------------------------------------------------------------------------------
SEARCH_CONDITION
--------------------------------------------------------------------------------
JOB_HISTORY                    JHIST_DATE_INTERVAL            C
START_DATE
END_DATE>START_DATE

JOB_HISTORY                    JHIST_DATE_INTERVAL            C
END_DATE
END_DATE>START_DATE

TABLE_NAME                     CONSTRAINT_NAME                C
------------------------------ ------------------------------ -
COLUMN_NAME
--------------------------------------------------------------------------------
SEARCH_CONDITION
--------------------------------------------------------------------------------

JOB_HISTORY                    JHIST_EMP_ID_ST_DATE_PK        P
EMPLOYEE_ID


JOB_HISTORY                    JHIST_EMP_ID_ST_DATE_PK        P
START_DATE

TABLE_NAME                     CONSTRAINT_NAME                C
------------------------------ ------------------------------ -
COLUMN_NAME
--------------------------------------------------------------------------------
SEARCH_CONDITION
--------------------------------------------------------------------------------



11 rows selected.

SQL> ALTER TABLE JOB_HISTORY RENAME CONSTRAINT SYS_C0011149 TO JHIST_START_D
ATE_NN;

Table altered.

SQL> ALTER TABLE JOB_HISTORY RENAME CONSTRAINT SYS_C0011150 TO JHIST_END_DAT
E_NN;

Table altered.

SQL> ALTER TABLE JOB_HISTORY RENAME CONSTRAINT  SYS_C0011153 TO JHIST_JOB_FK;
ALTER TABLE JOB_HISTORY RENAME CONSTRAINT  SYS_C0011153 TO JHIST_JOB_FK
*
ERROR at line 1:
ORA-02264: name already used by an existing constraint


SQL> select user_constraints.table_name,user_constraints.constraint_name, constraint_type,column_name,search_condition from user_constraints,user_cons_columns where user_constraints.table_name=user_cons_columns.table_name and user_constraints.constraint_name=user_cons_columns.constraint_name and user_constraints.table_name='JOB_HISTORY';

TABLE_NAME                     CONSTRAINT_NAME                C
------------------------------ ------------------------------ -
COLUMN_NAME
--------------------------------------------------------------------------------
SEARCH_CONDITION
--------------------------------------------------------------------------------
JOB_HISTORY                    JHIST_EMPLOYEE_NN              C
EMPLOYEE_ID
"EMPLOYEE_ID" IS NOT NULL

JOB_HISTORY                    JHIST_START_DATE_NN            C
START_DATE
"START_DATE" IS NOT NULL

TABLE_NAME                     CONSTRAINT_NAME                C
------------------------------ ------------------------------ -
COLUMN_NAME
--------------------------------------------------------------------------------
SEARCH_CONDITION
--------------------------------------------------------------------------------

JOB_HISTORY                    JHIST_END_DATE_NN              C
END_DATE
"END_DATE" IS NOT NULL

JOB_HISTORY                    JHIST_JOB_FK                   C
JOB_ID

TABLE_NAME                     CONSTRAINT_NAME                C
------------------------------ ------------------------------ -
COLUMN_NAME
--------------------------------------------------------------------------------
SEARCH_CONDITION
--------------------------------------------------------------------------------
"JOB_ID" IS NOT NULL

JOB_HISTORY                    JHIST_EMP_FK                   R
EMPLOYEE_ID


JOB_HISTORY                    SYS_C0011153                   R

TABLE_NAME                     CONSTRAINT_NAME                C
------------------------------ ------------------------------ -
COLUMN_NAME
--------------------------------------------------------------------------------
SEARCH_CONDITION
--------------------------------------------------------------------------------
JOB_ID


JOB_HISTORY                    JHIST_DEPT_FK                  R
DEPARTMENT_ID



TABLE_NAME                     CONSTRAINT_NAME                C
------------------------------ ------------------------------ -
COLUMN_NAME
--------------------------------------------------------------------------------
SEARCH_CONDITION
--------------------------------------------------------------------------------
JOB_HISTORY                    JHIST_DATE_INTERVAL            C
START_DATE
END_DATE>START_DATE

JOB_HISTORY                    JHIST_DATE_INTERVAL            C
END_DATE
END_DATE>START_DATE

TABLE_NAME                     CONSTRAINT_NAME                C
------------------------------ ------------------------------ -
COLUMN_NAME
--------------------------------------------------------------------------------
SEARCH_CONDITION
--------------------------------------------------------------------------------

JOB_HISTORY                    JHIST_EMP_ID_ST_DATE_PK        P
EMPLOYEE_ID


JOB_HISTORY                    JHIST_EMP_ID_ST_DATE_PK        P
START_DATE

TABLE_NAME                     CONSTRAINT_NAME                C
------------------------------ ------------------------------ -
COLUMN_NAME
--------------------------------------------------------------------------------
SEARCH_CONDITION
--------------------------------------------------------------------------------



11 rows selected.

SQL> select user_constraints.table_name,user_constraints.constraint_name, constraint_type,column_name,search_condition from user_constraints,user_cons_columns where user_constraints.table_name=user_cons_columns.table_name and user_constraints.constraint_name=user_cons_columns.constraint_name and user_constraints.table_name='JOB_HISTORY';

TABLE_NAME                     CONSTRAINT_NAME                C
------------------------------ ------------------------------ -
COLUMN_NAME
--------------------------------------------------------------------------------
SEARCH_CONDITION
--------------------------------------------------------------------------------
JOB_HISTORY                    JHIST_EMPLOYEE_NN              C
EMPLOYEE_ID
"EMPLOYEE_ID" IS NOT NULL

JOB_HISTORY                    JHIST_START_DATE_NN            C
START_DATE
"START_DATE" IS NOT NULL

TABLE_NAME                     CONSTRAINT_NAME                C
------------------------------ ------------------------------ -
COLUMN_NAME
--------------------------------------------------------------------------------
SEARCH_CONDITION
--------------------------------------------------------------------------------

JOB_HISTORY                    JHIST_END_DATE_NN              C
END_DATE
"END_DATE" IS NOT NULL

JOB_HISTORY                    JHIST_JOB_FK                   C
JOB_ID

TABLE_NAME                     CONSTRAINT_NAME                C
------------------------------ ------------------------------ -
COLUMN_NAME
--------------------------------------------------------------------------------
SEARCH_CONDITION
--------------------------------------------------------------------------------
"JOB_ID" IS NOT NULL

JOB_HISTORY                    JHIST_EMP_FK                   R
EMPLOYEE_ID


JOB_HISTORY                    SYS_C0011153                   R

TABLE_NAME                     CONSTRAINT_NAME                C
------------------------------ ------------------------------ -
COLUMN_NAME
--------------------------------------------------------------------------------
SEARCH_CONDITION
--------------------------------------------------------------------------------
JOB_ID


JOB_HISTORY                    JHIST_DEPT_FK                  R
DEPARTMENT_ID



TABLE_NAME                     CONSTRAINT_NAME                C
------------------------------ ------------------------------ -
COLUMN_NAME
--------------------------------------------------------------------------------
SEARCH_CONDITION
--------------------------------------------------------------------------------
JOB_HISTORY                    JHIST_DATE_INTERVAL            C
START_DATE
END_DATE>START_DATE

JOB_HISTORY                    JHIST_DATE_INTERVAL            C
END_DATE
END_DATE>START_DATE

TABLE_NAME                     CONSTRAINT_NAME                C
------------------------------ ------------------------------ -
COLUMN_NAME
--------------------------------------------------------------------------------
SEARCH_CONDITION
--------------------------------------------------------------------------------

JOB_HISTORY                    JHIST_EMP_ID_ST_DATE_PK        P
EMPLOYEE_ID


JOB_HISTORY                    JHIST_EMP_ID_ST_DATE_PK        P
START_DATE

TABLE_NAME                     CONSTRAINT_NAME                C
------------------------------ ------------------------------ -
COLUMN_NAME
--------------------------------------------------------------------------------
SEARCH_CONDITION
--------------------------------------------------------------------------------



11 rows selected.

SQL> ALTER TABLE JOB_HISTORY RENAME CONSTRAINT JHIST_JOB_FK TO JHIST_JOB_NN;

Table altered.

SQL> ALTER TABLE JOB_HISTORY RENAME CONSTRAINT  SYS_C0011153 TO JHIST_JOB_FK;

Table altered.

SQL> select user_constraints.table_name,user_constraints.constraint_name, constraint_type,column_name,search_condition from user_constraints,user_cons_columns where user_constraints.table_name=user_cons_columns.table_name and user_constraints.constraint_name=user_cons_columns.constraint_name and user_constraints.table_name='JOB_HISTORY';

TABLE_NAME                     CONSTRAINT_NAME                C
------------------------------ ------------------------------ -
COLUMN_NAME
--------------------------------------------------------------------------------
SEARCH_CONDITION
--------------------------------------------------------------------------------
JOB_HISTORY                    JHIST_EMPLOYEE_NN              C
EMPLOYEE_ID
"EMPLOYEE_ID" IS NOT NULL

JOB_HISTORY                    JHIST_START_DATE_NN            C
START_DATE
"START_DATE" IS NOT NULL

TABLE_NAME                     CONSTRAINT_NAME                C
------------------------------ ------------------------------ -
COLUMN_NAME
--------------------------------------------------------------------------------
SEARCH_CONDITION
--------------------------------------------------------------------------------

JOB_HISTORY                    JHIST_END_DATE_NN              C
END_DATE
"END_DATE" IS NOT NULL

JOB_HISTORY                    JHIST_JOB_NN                   C
JOB_ID

TABLE_NAME                     CONSTRAINT_NAME                C
------------------------------ ------------------------------ -
COLUMN_NAME
--------------------------------------------------------------------------------
SEARCH_CONDITION
--------------------------------------------------------------------------------
"JOB_ID" IS NOT NULL

JOB_HISTORY                    JHIST_EMP_FK                   R
EMPLOYEE_ID


JOB_HISTORY                    JHIST_JOB_FK                   R

TABLE_NAME                     CONSTRAINT_NAME                C
------------------------------ ------------------------------ -
COLUMN_NAME
--------------------------------------------------------------------------------
SEARCH_CONDITION
--------------------------------------------------------------------------------
JOB_ID


JOB_HISTORY                    JHIST_DEPT_FK                  R
DEPARTMENT_ID



TABLE_NAME                     CONSTRAINT_NAME                C
------------------------------ ------------------------------ -
COLUMN_NAME
--------------------------------------------------------------------------------
SEARCH_CONDITION
--------------------------------------------------------------------------------
JOB_HISTORY                    JHIST_DATE_INTERVAL            C
START_DATE
END_DATE>START_DATE

JOB_HISTORY                    JHIST_DATE_INTERVAL            C
END_DATE
END_DATE>START_DATE

TABLE_NAME                     CONSTRAINT_NAME                C
------------------------------ ------------------------------ -
COLUMN_NAME
--------------------------------------------------------------------------------
SEARCH_CONDITION
--------------------------------------------------------------------------------

JOB_HISTORY                    JHIST_EMP_ID_ST_DATE_PK        P
EMPLOYEE_ID


JOB_HISTORY                    JHIST_EMP_ID_ST_DATE_PK        P
START_DATE

TABLE_NAME                     CONSTRAINT_NAME                C
------------------------------ ------------------------------ -
COLUMN_NAME
--------------------------------------------------------------------------------
SEARCH_CONDITION
--------------------------------------------------------------------------------



11 rows selected.

SQL> select user_constraints.table_name,user_constraints.constraint_name, constraint_type,column_name,search_condition from user_constraints,user_cons_columns where user_constraints.table_name=user_cons_columns.table_name and user_constraints.constraint_name=user_cons_columns.constraint_name and user_constraints.table_name='EMPLOYEES';

TABLE_NAME                     CONSTRAINT_NAME                C
------------------------------ ------------------------------ -
COLUMN_NAME
--------------------------------------------------------------------------------
SEARCH_CONDITION
--------------------------------------------------------------------------------
EMPLOYEES                      SYS_C0011138                   C
FIRST_NAME
"FIRST_NAME" IS NOT NULL

EMPLOYEES                      SYS_C0011139                   C
LAST_NAME
"LAST_NAME" IS NOT NULL

TABLE_NAME                     CONSTRAINT_NAME                C
------------------------------ ------------------------------ -
COLUMN_NAME
--------------------------------------------------------------------------------
SEARCH_CONDITION
--------------------------------------------------------------------------------

EMPLOYEES                      SYS_C0011140                   C
EMAIL
"EMAIL" IS NOT NULL

EMPLOYEES                      SYS_C0011141                   C
JOB_ID

TABLE_NAME                     CONSTRAINT_NAME                C
------------------------------ ------------------------------ -
COLUMN_NAME
--------------------------------------------------------------------------------
SEARCH_CONDITION
--------------------------------------------------------------------------------
"JOB_ID" IS NOT NULL

EMPLOYEES                      SALARY_CHECK                   C
SALARY
SALARY > 0

EMPLOYEES                      SYS_C0011143                   P

TABLE_NAME                     CONSTRAINT_NAME                C
------------------------------ ------------------------------ -
COLUMN_NAME
--------------------------------------------------------------------------------
SEARCH_CONDITION
--------------------------------------------------------------------------------
EMPLOYEE_ID


EMPLOYEES                      SYS_C0011144                   R
JOB_ID



TABLE_NAME                     CONSTRAINT_NAME                C
------------------------------ ------------------------------ -
COLUMN_NAME
--------------------------------------------------------------------------------
SEARCH_CONDITION
--------------------------------------------------------------------------------
EMPLOYEES                      SYS_C0011145                   R
MANAGER_ID


EMPLOYEES                      SYS_C0011146                   R
DEPARTMENT_ID


TABLE_NAME                     CONSTRAINT_NAME                C
------------------------------ ------------------------------ -
COLUMN_NAME
--------------------------------------------------------------------------------
SEARCH_CONDITION
--------------------------------------------------------------------------------

EMPLOYEES                      EMP_EMAIL_UK                   U
EMAIL



10 rows selected.

SQL> ALTER TABLE JOB_HISTORY RENAME CONSTRAINT  SYS_C0011146 TO EMP_DEPT_FK;
ALTER TABLE JOB_HISTORY RENAME CONSTRAINT  SYS_C0011146 TO EMP_DEPT_FK
*
ERROR at line 1:
ORA-23292: The constraint does not exist


SQL> ALTER TABLE EMPLOYEES RENAME CONSTRAINT  SYS_C0011146 TO EMP_DEPT_FK;

Table altered.

SQL> ALTER TABLE EMPLOYEES RENAME CONSTRAINT SYS_C0011145 TO EMP_MANAGER_FK;


Table altered.

SQL> ALTER TABLE EMPLOYEES RENAME CONSTRAINT SYS_C0011144 TO EMP_JOB_FK;

Table altered.

SQL> ALTER TABLE EMPLOYEES RENAME CONSTRAINT SYS_C0011143 TO EMP_EMP_ID_PK;

Table altered.

SQL> ALTER TABLE EMPLOYEES RENAME CONSTRAINT SYS_C0011140 TO EMP_EMAIL_NN;

Table altered.

SQL> select user_constraints.table_name,user_constraints.constraint_name, constraint_type,column_name,search_condition from user_constraints,user_cons_columns where user_constraints.table_name=user_cons_columns.table_name and user_constraints.constraint_name=user_cons_columns.constraint_name and user_constraints.table_name='EMPLOYEES';

TABLE_NAME                     CONSTRAINT_NAME                C
------------------------------ ------------------------------ -
COLUMN_NAME
--------------------------------------------------------------------------------
SEARCH_CONDITION
--------------------------------------------------------------------------------
EMPLOYEES                      SYS_C0011138                   C
FIRST_NAME
"FIRST_NAME" IS NOT NULL

EMPLOYEES                      SYS_C0011139                   C
LAST_NAME
"LAST_NAME" IS NOT NULL

TABLE_NAME                     CONSTRAINT_NAME                C
------------------------------ ------------------------------ -
COLUMN_NAME
--------------------------------------------------------------------------------
SEARCH_CONDITION
--------------------------------------------------------------------------------

EMPLOYEES                      EMP_EMAIL_NN                   C
EMAIL
"EMAIL" IS NOT NULL

EMPLOYEES                      SYS_C0011141                   C
JOB_ID

TABLE_NAME                     CONSTRAINT_NAME                C
------------------------------ ------------------------------ -
COLUMN_NAME
--------------------------------------------------------------------------------
SEARCH_CONDITION
--------------------------------------------------------------------------------
"JOB_ID" IS NOT NULL

EMPLOYEES                      SALARY_CHECK                   C
SALARY
SALARY > 0

EMPLOYEES                      EMP_EMP_ID_PK                  P

TABLE_NAME                     CONSTRAINT_NAME                C
------------------------------ ------------------------------ -
COLUMN_NAME
--------------------------------------------------------------------------------
SEARCH_CONDITION
--------------------------------------------------------------------------------
EMPLOYEE_ID


EMPLOYEES                      EMP_JOB_FK                     R
JOB_ID



TABLE_NAME                     CONSTRAINT_NAME                C
------------------------------ ------------------------------ -
COLUMN_NAME
--------------------------------------------------------------------------------
SEARCH_CONDITION
--------------------------------------------------------------------------------
EMPLOYEES                      EMP_MANAGER_FK                 R
MANAGER_ID


EMPLOYEES                      EMP_DEPT_FK                    R
DEPARTMENT_ID


TABLE_NAME                     CONSTRAINT_NAME                C
------------------------------ ------------------------------ -
COLUMN_NAME
--------------------------------------------------------------------------------
SEARCH_CONDITION
--------------------------------------------------------------------------------

EMPLOYEES                      EMP_EMAIL_UK                   U
EMAIL



10 rows selected.

SQL> ALTER TABLE EMPLOYEES MODIFY HIRE_DATE NOT NULL;

Table altered.

SQL> select user_constraints.table_name,user_constraints.constraint_name, constraint_type,column_name,search_condition from user_constraints,user_cons_columns where user_constraints.table_name=user_cons_columns.table_name and user_constraints.constraint_name=user_cons_columns.constraint_name and user_constraints.table_name='EMPLOYEES';

TABLE_NAME                     CONSTRAINT_NAME                C
------------------------------ ------------------------------ -
COLUMN_NAME
--------------------------------------------------------------------------------
SEARCH_CONDITION
--------------------------------------------------------------------------------
EMPLOYEES                      SYS_C0011138                   C
FIRST_NAME
"FIRST_NAME" IS NOT NULL

EMPLOYEES                      SYS_C0011139                   C
LAST_NAME
"LAST_NAME" IS NOT NULL

TABLE_NAME                     CONSTRAINT_NAME                C
------------------------------ ------------------------------ -
COLUMN_NAME
--------------------------------------------------------------------------------
SEARCH_CONDITION
--------------------------------------------------------------------------------

EMPLOYEES                      EMP_EMAIL_NN                   C
EMAIL
"EMAIL" IS NOT NULL

EMPLOYEES                      SYS_C0011141                   C
JOB_ID

TABLE_NAME                     CONSTRAINT_NAME                C
------------------------------ ------------------------------ -
COLUMN_NAME
--------------------------------------------------------------------------------
SEARCH_CONDITION
--------------------------------------------------------------------------------
"JOB_ID" IS NOT NULL

EMPLOYEES                      SALARY_CHECK                   C
SALARY
SALARY > 0

EMPLOYEES                      EMP_EMP_ID_PK                  P

TABLE_NAME                     CONSTRAINT_NAME                C
------------------------------ ------------------------------ -
COLUMN_NAME
--------------------------------------------------------------------------------
SEARCH_CONDITION
--------------------------------------------------------------------------------
EMPLOYEE_ID


EMPLOYEES                      EMP_JOB_FK                     R
JOB_ID



TABLE_NAME                     CONSTRAINT_NAME                C
------------------------------ ------------------------------ -
COLUMN_NAME
--------------------------------------------------------------------------------
SEARCH_CONDITION
--------------------------------------------------------------------------------
EMPLOYEES                      EMP_MANAGER_FK                 R
MANAGER_ID


EMPLOYEES                      EMP_DEPT_FK                    R
DEPARTMENT_ID


TABLE_NAME                     CONSTRAINT_NAME                C
------------------------------ ------------------------------ -
COLUMN_NAME
--------------------------------------------------------------------------------
SEARCH_CONDITION
--------------------------------------------------------------------------------

EMPLOYEES                      EMP_EMAIL_UK                   U
EMAIL


EMPLOYEES                      SYS_C0011269                   C
HIRE_DATE

TABLE_NAME                     CONSTRAINT_NAME                C
------------------------------ ------------------------------ -
COLUMN_NAME
--------------------------------------------------------------------------------
SEARCH_CONDITION
--------------------------------------------------------------------------------
"HIRE_DATE" IS NOT NULL


11 rows selected.

SQL> ALTER TABLE EMPLOYEES RENAME CONSTRAINT SYS_C0011269 TO EMP_HIRE_DATE_NN;

Table altered.

SQL> ALTER TABLE EMPLOYEES RENAME CONSTRAINT  SYS_C0011141 TO EMP_JOB_FK;
ALTER TABLE EMPLOYEES RENAME CONSTRAINT  SYS_C0011141 TO EMP_JOB_FK
*
ERROR at line 1:
ORA-02264: name already used by an existing constraint


SQL> select user_constraints.table_name,user_constraints.constraint_name, constraint_type,column_name,search_condition from user_constraints,user_cons_columns where user_constraints.table_name=user_cons_columns.table_name and user_constraints.constraint_name=user_cons_columns.constraint_name and user_constraints.table_name='EMPLOYEES';

TABLE_NAME                     CONSTRAINT_NAME                C
------------------------------ ------------------------------ -
COLUMN_NAME
--------------------------------------------------------------------------------
SEARCH_CONDITION
--------------------------------------------------------------------------------
EMPLOYEES                      SYS_C0011138                   C
FIRST_NAME
"FIRST_NAME" IS NOT NULL

EMPLOYEES                      SYS_C0011139                   C
LAST_NAME
"LAST_NAME" IS NOT NULL

TABLE_NAME                     CONSTRAINT_NAME                C
------------------------------ ------------------------------ -
COLUMN_NAME
--------------------------------------------------------------------------------
SEARCH_CONDITION
--------------------------------------------------------------------------------

EMPLOYEES                      EMP_EMAIL_NN                   C
EMAIL
"EMAIL" IS NOT NULL

EMPLOYEES                      SYS_C0011141                   C
JOB_ID

TABLE_NAME                     CONSTRAINT_NAME                C
------------------------------ ------------------------------ -
COLUMN_NAME
--------------------------------------------------------------------------------
SEARCH_CONDITION
--------------------------------------------------------------------------------
"JOB_ID" IS NOT NULL

EMPLOYEES                      SALARY_CHECK                   C
SALARY
SALARY > 0

EMPLOYEES                      EMP_EMP_ID_PK                  P

TABLE_NAME                     CONSTRAINT_NAME                C
------------------------------ ------------------------------ -
COLUMN_NAME
--------------------------------------------------------------------------------
SEARCH_CONDITION
--------------------------------------------------------------------------------
EMPLOYEE_ID


EMPLOYEES                      EMP_JOB_FK                     R
JOB_ID



TABLE_NAME                     CONSTRAINT_NAME                C
------------------------------ ------------------------------ -
COLUMN_NAME
--------------------------------------------------------------------------------
SEARCH_CONDITION
--------------------------------------------------------------------------------
EMPLOYEES                      EMP_MANAGER_FK                 R
MANAGER_ID


EMPLOYEES                      EMP_DEPT_FK                    R
DEPARTMENT_ID


TABLE_NAME                     CONSTRAINT_NAME                C
------------------------------ ------------------------------ -
COLUMN_NAME
--------------------------------------------------------------------------------
SEARCH_CONDITION
--------------------------------------------------------------------------------

EMPLOYEES                      EMP_EMAIL_UK                   U
EMAIL


EMPLOYEES                      EMP_HIRE_DATE_NN               C
HIRE_DATE

TABLE_NAME                     CONSTRAINT_NAME                C
------------------------------ ------------------------------ -
COLUMN_NAME
--------------------------------------------------------------------------------
SEARCH_CONDITION
--------------------------------------------------------------------------------
"HIRE_DATE" IS NOT NULL


11 rows selected.

SQL> ALTER TABLE EMPLOYEES RENAME CONSTRAINT  SYS_C0011141 TO EMP_JOB_NN;

Table altered.                                                              
SQL> ALTER TABLE EMPLOYEES RENAME CONSTRAINT SYS_C0011139 TO EMP_LAST_NAME_NN;

Table altered.

SQL> ALTER TABLE EMPLOYEES RENAME CONSTRAINT SYS_C0011138 TO EMP_FIRST_NAME_NN;

Table altered.

SQL> select user_constraints.table_name,user_constraints.constraint_name, constraint_type,column_name,search_condition from user_constraints,user_cons_columns where user_constraints.table_name=user_cons_columns.table_name and user_constraints.constraint_name=user_cons_columns.constraint_name and user_constraints.table_name='EMPLOYEES';

TABLE_NAME                     CONSTRAINT_NAME                C
------------------------------ ------------------------------ -
COLUMN_NAME
--------------------------------------------------------------------------------
SEARCH_CONDITION
--------------------------------------------------------------------------------
EMPLOYEES                      EMP_FIRST_NAME_NN              C
FIRST_NAME
"FIRST_NAME" IS NOT NULL

EMPLOYEES                      EMP_LAST_NAME_NN               C
LAST_NAME
"LAST_NAME" IS NOT NULL

TABLE_NAME                     CONSTRAINT_NAME                C
------------------------------ ------------------------------ -
COLUMN_NAME
--------------------------------------------------------------------------------
SEARCH_CONDITION
--------------------------------------------------------------------------------

EMPLOYEES                      EMP_EMAIL_NN                   C
EMAIL
"EMAIL" IS NOT NULL

EMPLOYEES                      EMP_JOB_NN                     C
JOB_ID

TABLE_NAME                     CONSTRAINT_NAME                C
------------------------------ ------------------------------ -
COLUMN_NAME
--------------------------------------------------------------------------------
SEARCH_CONDITION
--------------------------------------------------------------------------------
"JOB_ID" IS NOT NULL

EMPLOYEES                      SALARY_CHECK                   C
SALARY
SALARY > 0

EMPLOYEES                      EMP_EMP_ID_PK                  P

TABLE_NAME                     CONSTRAINT_NAME                C
------------------------------ ------------------------------ -
COLUMN_NAME
--------------------------------------------------------------------------------
SEARCH_CONDITION
--------------------------------------------------------------------------------
EMPLOYEE_ID


EMPLOYEES                      EMP_JOB_FK                     R
JOB_ID



TABLE_NAME                     CONSTRAINT_NAME                C
------------------------------ ------------------------------ -
COLUMN_NAME
--------------------------------------------------------------------------------
SEARCH_CONDITION
--------------------------------------------------------------------------------
EMPLOYEES                      EMP_MANAGER_FK                 R
MANAGER_ID


EMPLOYEES                      EMP_DEPT_FK                    R
DEPARTMENT_ID


TABLE_NAME                     CONSTRAINT_NAME                C
------------------------------ ------------------------------ -
COLUMN_NAME
--------------------------------------------------------------------------------
SEARCH_CONDITION
--------------------------------------------------------------------------------

EMPLOYEES                      EMP_EMAIL_UK                   U
EMAIL


EMPLOYEES                      EMP_HIRE_DATE_NN               C
HIRE_DATE

TABLE_NAME                     CONSTRAINT_NAME                C
------------------------------ ------------------------------ -
COLUMN_NAME
--------------------------------------------------------------------------------
SEARCH_CONDITION
--------------------------------------------------------------------------------
"HIRE_DATE" IS NOT NULL


11 rows selected.

SQL> select user_constraints.table_name,user_constraints.constraint_name, constraint_type,column_name,search_condition from user_constraints,user_cons_columns where user_constraints.table_name=user_cons_columns.table_name and user_constraints.constraint_name=user_cons_columns.constraint_name and user_constraints.table_name='JOBS';

TABLE_NAME                     CONSTRAINT_NAME                C
------------------------------ ------------------------------ -
COLUMN_NAME
--------------------------------------------------------------------------------
SEARCH_CONDITION
--------------------------------------------------------------------------------
JOBS                           SYS_C0011136                   C
JOB_TITLE
"JOB_TITLE" IS NOT NULL

JOBS                           SYS_C0011137                   P
JOB_ID


TABLE_NAME                     CONSTRAINT_NAME                C
------------------------------ ------------------------------ -
COLUMN_NAME
--------------------------------------------------------------------------------
SEARCH_CONDITION
--------------------------------------------------------------------------------


SQL> ALTER TABLE EMPLOYEES RENAME CONSTRAINT  SYS_C0011136 TO JOB_TITLE_NN;
ALTER TABLE EMPLOYEES RENAME CONSTRAINT  SYS_C0011136 TO JOB_TITLE_NN
*
ERROR at line 1:
ORA-23292: The constraint does not exist


SQL> ALTER TABLE JOBS RENAME CONSTRAINT  SYS_C0011136 TO JOB_TITLE_NN;

Table altered.

SQL> ALTER TABLE JOBS RENAME CONSTRAINT  SYS_C0011137 TO JOB_ID_PK;

Table altered.

SQL> select user_constraints.table_name,user_constraints.constraint_name, constraint_type,column_name,search_condition from user_constraints,user_cons_columns where user_constraints.table_name=user_cons_columns.table_name and user_constraints.constraint_name=user_cons_columns.constraint_name and user_constraints.table_name='ENP';

no rows selected

SQL> select user_constraints.table_name,user_constraints.constraint_name, constraint_type,column_name,search_condition from user_constraints,user_cons_columns where user_constraints.table_name=user_cons_columns.table_name and user_constraints.constraint_name=user_cons_columns.constraint_name and user_constraints.table_name='EMP';

TABLE_NAME                     CONSTRAINT_NAME                C
------------------------------ ------------------------------ -
COLUMN_NAME
--------------------------------------------------------------------------------
SEARCH_CONDITION
--------------------------------------------------------------------------------
EMP                            SYS_C0011125                   P
EMPNO


EMP                            EMP_SELF_KEY                   R
MGR


TABLE_NAME                     CONSTRAINT_NAME                C
------------------------------ ------------------------------ -
COLUMN_NAME
--------------------------------------------------------------------------------
SEARCH_CONDITION
--------------------------------------------------------------------------------


SQL> select user_constraints.table_name,user_constraints.constraint_name, constraint_type,column_name,search_condition from user_constraints,user_cons_columns where user_constraints.table_name=user_cons_columns.table_name and user_constraints.constraint_name=user_cons_columns.constraint_name and user_constraints.table_name='EMP';

TABLE_NAME                     CONSTRAINT_NAME                C
------------------------------ ------------------------------ -
COLUMN_NAME
--------------------------------------------------------------------------------
SEARCH_CONDITION
--------------------------------------------------------------------------------
EMP                            SYS_C0011125                   P
EMPNO


EMP                            EMP_SELF_KEY                   R
MGR


TABLE_NAME                     CONSTRAINT_NAME                C
------------------------------ ------------------------------ -
COLUMN_NAME
--------------------------------------------------------------------------------
SEARCH_CONDITION
--------------------------------------------------------------------------------


SQL> ALTER TABLE EMP DROP CONSTRAINT EMP_SELF_KEY;

Table altered.

SQL> ALTER TABLE EMP ADD FOREIGN KEY(DEPTNO) REFERENCES DEPT(DEPT_NO);
ALTER TABLE EMP ADD FOREIGN KEY(DEPTNO) REFERENCES DEPT(DEPT_NO)
                                                        *
ERROR at line 1:
ORA-00904: "DEPT_NO": invalid identifier


SQL> DESC DEPT;
 Name                                      Null?    Type
 ----------------------------------------- -------- ----------------------------
 DEPTNO                                    NOT NULL NUMBER(4)
 DNAME                                              VARCHAR2(14)
 LOC                                                VARCHAR2(13)

SQL> ALTER TABLE EMP ADD FOREIGN KEY(DEPTNO) REFERENCES DEPT(DEPTNO);

Table altered.

SQL> select user_constraints.table_name,user_constraints.constraint_name, constraint_type,column_name,search_condition from user_constraints,user_cons_columns where user_constraints.table_name=user_cons_columns.table_name and user_constraints.constraint_name=user_cons_columns.constraint_name and user_constraints.table_name='EMP';

TABLE_NAME                     CONSTRAINT_NAME                C
------------------------------ ------------------------------ -
COLUMN_NAME
--------------------------------------------------------------------------------
SEARCH_CONDITION
--------------------------------------------------------------------------------
EMP                            SYS_C0011125                   P
EMPNO


EMP                            SYS_C0011270                   R
DEPTNO


TABLE_NAME                     CONSTRAINT_NAME                C
------------------------------ ------------------------------ -
COLUMN_NAME
--------------------------------------------------------------------------------
SEARCH_CONDITION
--------------------------------------------------------------------------------


SQL> ALTER TABLE JOBS RENAME CONSTRAINT SYS_C0011270 TO FK_DEPTNO;
ALTER TABLE JOBS RENAME CONSTRAINT SYS_C0011270 TO FK_DEPTNO
*
ERROR at line 1:
ORA-23292: The constraint does not exist


SQL> ALTER TABLE EMP RENAME CONSTRAINT SYS_C0011270 TO FK_DEPTNO;

Table altered.

SQL> ALTER TABLE EMP RENAME CONSTRAINT SYS_C0011125 TO PK_EMP;

Table altered.

SQL> select user_constraints.table_name,user_constraints.constraint_name, constraint_type,column_name,search_condition from user_constraints,user_cons_columns where user_constraints.table_name=user_cons_columns.table_name and user_constraints.constraint_name=user_cons_columns.constraint_name and user_constraints.table_name='EMPLOYEES';

TABLE_NAME                     CONSTRAINT_NAME                C
------------------------------ ------------------------------ -
COLUMN_NAME
--------------------------------------------------------------------------------
SEARCH_CONDITION
--------------------------------------------------------------------------------
EMPLOYEES                      EMP_FIRST_NAME_NN              C
FIRST_NAME
"FIRST_NAME" IS NOT NULL

EMPLOYEES                      EMP_LAST_NAME_NN               C
LAST_NAME
"LAST_NAME" IS NOT NULL

TABLE_NAME                     CONSTRAINT_NAME                C
------------------------------ ------------------------------ -
COLUMN_NAME
--------------------------------------------------------------------------------
SEARCH_CONDITION
--------------------------------------------------------------------------------

EMPLOYEES                      EMP_EMAIL_NN                   C
EMAIL
"EMAIL" IS NOT NULL

EMPLOYEES                      EMP_JOB_NN                     C
JOB_ID

TABLE_NAME                     CONSTRAINT_NAME                C
------------------------------ ------------------------------ -
COLUMN_NAME
--------------------------------------------------------------------------------
SEARCH_CONDITION
--------------------------------------------------------------------------------
"JOB_ID" IS NOT NULL

EMPLOYEES                      SALARY_CHECK                   C
SALARY
SALARY > 0

EMPLOYEES                      EMP_EMP_ID_PK                  P

TABLE_NAME                     CONSTRAINT_NAME                C
------------------------------ ------------------------------ -
COLUMN_NAME
--------------------------------------------------------------------------------
SEARCH_CONDITION
--------------------------------------------------------------------------------
EMPLOYEE_ID


EMPLOYEES                      EMP_JOB_FK                     R
JOB_ID



TABLE_NAME                     CONSTRAINT_NAME                C
------------------------------ ------------------------------ -
COLUMN_NAME
--------------------------------------------------------------------------------
SEARCH_CONDITION
--------------------------------------------------------------------------------
EMPLOYEES                      EMP_MANAGER_FK                 R
MANAGER_ID


EMPLOYEES                      EMP_DEPT_FK                    R
DEPARTMENT_ID


TABLE_NAME                     CONSTRAINT_NAME                C
------------------------------ ------------------------------ -
COLUMN_NAME
--------------------------------------------------------------------------------
SEARCH_CONDITION
--------------------------------------------------------------------------------

EMPLOYEES                      EMP_EMAIL_UK                   U
EMAIL


EMPLOYEES                      EMP_HIRE_DATE_NN               C
HIRE_DATE

TABLE_NAME                     CONSTRAINT_NAME                C
------------------------------ ------------------------------ -
COLUMN_NAME
--------------------------------------------------------------------------------
SEARCH_CONDITION
--------------------------------------------------------------------------------
"HIRE_DATE" IS NOT NULL


11 rows selected.

SQL> ALTER TABLE EMPLOYEES DROP CONSTRAINT EMP_FIRST_NAME_NN;

Table altered.                                                              
SQL> select user_constraints.table_name,user_constraints.constraint_name, constraint_type,column_name,search_condition from user_constraints,user_cons_columns where user_constraints.table_name=user_cons_columns.table_name and user_constraints.constraint_name=user_cons_columns.constraint_name and user_constraints.table_name='EMP';

TABLE_NAME                     CONSTRAINT_NAME                C
------------------------------ ------------------------------ -
COLUMN_NAME
--------------------------------------------------------------------------------
SEARCH_CONDITION
--------------------------------------------------------------------------------
EMP                            PK_EMP                         P
EMPNO


EMP                            FK_DEPTNO                      R
DEPTNO


TABLE_NAME                     CONSTRAINT_NAME                C
------------------------------ ------------------------------ -
COLUMN_NAME
--------------------------------------------------------------------------------
SEARCH_CONDITION
--------------------------------------------------------------------------------


SQL> select user_constraints.table_name,user_constraints.constraint_name, constraint_type,column_name,search_condition from user_constraints,user_cons_columns where user_constraints.table_name=user_cons_columns.table_name and user_constraints.constraint_name=user_cons_columns.constraint_name and user_constraints.table_name='DEPT';

TABLE_NAME                     CONSTRAINT_NAME                C
------------------------------ ------------------------------ -
COLUMN_NAME
--------------------------------------------------------------------------------
SEARCH_CONDITION
--------------------------------------------------------------------------------
DEPT                           SYS_C0011127                   P
DEPTNO



SQL> ALTER TABLE DEPT RENAME CONSTRAINT  SYS_C0011127 TO PK_DEPT;

Table altered.                                                              
SQL> select user_constraints.table_name,user_constraints.constraint_name, constraint_type,column_name,search_condition from user_constraints,user_cons_columns where user_constraints.table_name=user_cons_columns.table_name and user_constraints.constraint_name=user_cons_columns.constraint_name and user_constraints.table_name='REGIONS';

TABLE_NAME                     CONSTRAINT_NAME                C
------------------------------ ------------------------------ -
COLUMN_NAME
--------------------------------------------------------------------------------
SEARCH_CONDITION
--------------------------------------------------------------------------------
REGIONS                        SYS_C0011128                   P
REGION_ID


REGIONS                        SYS_C0011266                   C
REGION_ID
"REGION_ID" IS NOT NULL

TABLE_NAME                     CONSTRAINT_NAME                C
------------------------------ ------------------------------ -
COLUMN_NAME
--------------------------------------------------------------------------------
SEARCH_CONDITION
--------------------------------------------------------------------------------


SQL> ALTER TABLE REGIONS RENAME CONSTRAINT SYS_C0011266 TO REGION_ID_NN;

Table altered.                                                              
SQL> ALTER TABLE REGIONS RENAME CONSTRAINT SYS_C0011128 TO REG_ID_PK;

Table altered.

SQL> select user_constraints.table_name,user_constraints.constraint_name, constraint_type,column_name,search_condition from user_constraints,user_cons_columns where user_constraints.table_name=user_cons_columns.table_name and user_constraints.constraint_name=user_cons_columns.constraint_name and user_constraints.table_name='COUNTRIES';

TABLE_NAME                     CONSTRAINT_NAME                C
------------------------------ ------------------------------ -
COLUMN_NAME
--------------------------------------------------------------------------------
SEARCH_CONDITION
--------------------------------------------------------------------------------
COUNTRIES                      SYS_C0011129                   R
REGION_ID


COUNTRIES                      LATER_ADD_PRI                  P
COUNTRY_ID


TABLE_NAME                     CONSTRAINT_NAME                C
------------------------------ ------------------------------ -
COLUMN_NAME
--------------------------------------------------------------------------------
SEARCH_CONDITION
--------------------------------------------------------------------------------

COUNTRIES                      SYS_C0011267                   C
COUNTRY_ID
"COUNTRY_ID" IS NOT NULL


SQL> ALTER TABLE COUNTRIES RENAME CONSTRAINT SYS_C0011267 TO LOC_CITY_NN;

Table altered.                                                              
SQL> ALTER TABLE COUNTRIES RENAME CONSTRAINT LATER_ADD_PRI TO LOC_C_ID_FK;

Table altered.

SQL> ALTER TABLE COUNTRIES RENAME CONSTRAINT SYS_C0011129 TO LOC_ID_PK;

Table altered.

SQL> select user_constraints.table_name,user_constraints.constraint_name, constraint_type,column_name,search_condition from user_constraints,user_cons_columns where user_constraints.table_name=user_cons_columns.table_name and user_constraints.constraint_name=user_cons_columns.constraint_name and user_constraints.table_name='DEPARTMENTS';

TABLE_NAME                     CONSTRAINT_NAME                C
------------------------------ ------------------------------ -
COLUMN_NAME
--------------------------------------------------------------------------------
SEARCH_CONDITION
--------------------------------------------------------------------------------
DEPARTMENTS                    SYS_C0011133                   C
DEPARTMENT_NAME
"DEPARTMENT_NAME" IS NOT NULL

DEPARTMENTS                    SYS_C0011134                   P
DEPARTMENT_ID


TABLE_NAME                     CONSTRAINT_NAME                C
------------------------------ ------------------------------ -
COLUMN_NAME
--------------------------------------------------------------------------------
SEARCH_CONDITION
--------------------------------------------------------------------------------

DEPARTMENTS                    SYS_C0011135                   R
LOCATION_ID


DEPARTMENTS                    SYS_C0011147                   R
MANAGER_ID

TABLE_NAME                     CONSTRAINT_NAME                C
------------------------------ ------------------------------ -
COLUMN_NAME
--------------------------------------------------------------------------------
SEARCH_CONDITION
--------------------------------------------------------------------------------



SQL> ALTER TABLE DEPARTMENTS RENAME CONSTRAINT SYS_C0011133 TO DEPT_NAME_NN;

Table altered.

SQL> ALTER TABLE DEPARTMENTS RENAME CONSTRAINT SYS_C0011147 TO DEPT_MGR_FK;

Table altered.

SQL> ALTER TABLE DEPARTMENTS RENAME CONSTRAINT SYS_C0011135 TO DEPT_LOC_FK;

Table altered.

SQL> ALTER TABLE DEPARTMENTS RENAME CONSTRAINT SYS_C0011134 TO DEPT_ID_PK;

Table altered.

SQL> select user_constraints.table_name,user_constraints.constraint_name, constraint_type,column_name,search_condition from user_constraints,user_cons_columns where user_constraints.table_name=user_cons_columns.table_name and user_constraints.constraint_name=user_cons_columns.constraint_name and user_constraints.table_name='JOBS';

TABLE_NAME                     CONSTRAINT_NAME                C
------------------------------ ------------------------------ -
COLUMN_NAME
--------------------------------------------------------------------------------
SEARCH_CONDITION
--------------------------------------------------------------------------------
JOBS                           JOB_TITLE_NN                   C
JOB_TITLE
"JOB_TITLE" IS NOT NULL

JOBS                           JOB_ID_PK                      P
JOB_ID


TABLE_NAME                     CONSTRAINT_NAME                C
------------------------------ ------------------------------ -
COLUMN_NAME
--------------------------------------------------------------------------------
SEARCH_CONDITION
--------------------------------------------------------------------------------


SQL> select user_constraints.table_name,user_constraints.constraint_name, constraint_type,column_name,search_condition from user_constraints,user_cons_columns where user_constraints.table_name=user_cons_columns.table_name and user_constraints.constraint_name=user_cons_columns.constraint_name and user_constraints.table_name='EMPLOYEES';

TABLE_NAME                     CONSTRAINT_NAME                C
------------------------------ ------------------------------ -
COLUMN_NAME
--------------------------------------------------------------------------------
SEARCH_CONDITION
--------------------------------------------------------------------------------
EMPLOYEES                      EMP_LAST_NAME_NN               C
LAST_NAME
"LAST_NAME" IS NOT NULL

EMPLOYEES                      EMP_EMAIL_NN                   C
EMAIL
"EMAIL" IS NOT NULL

TABLE_NAME                     CONSTRAINT_NAME                C
------------------------------ ------------------------------ -
COLUMN_NAME
--------------------------------------------------------------------------------
SEARCH_CONDITION
--------------------------------------------------------------------------------

EMPLOYEES                      EMP_JOB_NN                     C
JOB_ID
"JOB_ID" IS NOT NULL

EMPLOYEES                      SALARY_CHECK                   C
SALARY

TABLE_NAME                     CONSTRAINT_NAME                C
------------------------------ ------------------------------ -
COLUMN_NAME
--------------------------------------------------------------------------------
SEARCH_CONDITION
--------------------------------------------------------------------------------
SALARY > 0

EMPLOYEES                      EMP_EMP_ID_PK                  P
EMPLOYEE_ID


EMPLOYEES                      EMP_JOB_FK                     R

TABLE_NAME                     CONSTRAINT_NAME                C
------------------------------ ------------------------------ -
COLUMN_NAME
--------------------------------------------------------------------------------
SEARCH_CONDITION
--------------------------------------------------------------------------------
JOB_ID


EMPLOYEES                      EMP_MANAGER_FK                 R
MANAGER_ID



TABLE_NAME                     CONSTRAINT_NAME                C
------------------------------ ------------------------------ -
COLUMN_NAME
--------------------------------------------------------------------------------
SEARCH_CONDITION
--------------------------------------------------------------------------------
EMPLOYEES                      EMP_DEPT_FK                    R
DEPARTMENT_ID


EMPLOYEES                      EMP_EMAIL_UK                   U
EMAIL


TABLE_NAME                     CONSTRAINT_NAME                C
------------------------------ ------------------------------ -
COLUMN_NAME
--------------------------------------------------------------------------------
SEARCH_CONDITION
--------------------------------------------------------------------------------

EMPLOYEES                      EMP_HIRE_DATE_NN               C
HIRE_DATE
"HIRE_DATE" IS NOT NULL


10 rows selected.

SQL> select user_constraints.table_name,user_constraints.constraint_name, constraint_type,column_name,search_condition from user_constraints,user_cons_columns where user_constraints.table_name=user_cons_columns.table_name and user_constraints.constraint_name=user_cons_columns.constraint_name and user_constraints.table_name='JOB_HISTORY';

TABLE_NAME                     CONSTRAINT_NAME                C
------------------------------ ------------------------------ -
COLUMN_NAME
--------------------------------------------------------------------------------
SEARCH_CONDITION
--------------------------------------------------------------------------------
JOB_HISTORY                    JHIST_EMPLOYEE_NN              C
EMPLOYEE_ID
"EMPLOYEE_ID" IS NOT NULL

JOB_HISTORY                    JHIST_START_DATE_NN            C
START_DATE
"START_DATE" IS NOT NULL

TABLE_NAME                     CONSTRAINT_NAME                C
------------------------------ ------------------------------ -
COLUMN_NAME
--------------------------------------------------------------------------------
SEARCH_CONDITION
--------------------------------------------------------------------------------

JOB_HISTORY                    JHIST_END_DATE_NN              C
END_DATE
"END_DATE" IS NOT NULL

JOB_HISTORY                    JHIST_JOB_NN                   C
JOB_ID

TABLE_NAME                     CONSTRAINT_NAME                C
------------------------------ ------------------------------ -
COLUMN_NAME
--------------------------------------------------------------------------------
SEARCH_CONDITION
--------------------------------------------------------------------------------
"JOB_ID" IS NOT NULL

JOB_HISTORY                    JHIST_EMP_FK                   R
EMPLOYEE_ID


JOB_HISTORY                    JHIST_JOB_FK                   R

TABLE_NAME                     CONSTRAINT_NAME                C
------------------------------ ------------------------------ -
COLUMN_NAME
--------------------------------------------------------------------------------
SEARCH_CONDITION
--------------------------------------------------------------------------------
JOB_ID


JOB_HISTORY                    JHIST_DEPT_FK                  R
DEPARTMENT_ID



TABLE_NAME                     CONSTRAINT_NAME                C
------------------------------ ------------------------------ -
COLUMN_NAME
--------------------------------------------------------------------------------
SEARCH_CONDITION
--------------------------------------------------------------------------------
JOB_HISTORY                    JHIST_DATE_INTERVAL            C
START_DATE
END_DATE>START_DATE

JOB_HISTORY                    JHIST_DATE_INTERVAL            C
END_DATE
END_DATE>START_DATE

TABLE_NAME                     CONSTRAINT_NAME                C
------------------------------ ------------------------------ -
COLUMN_NAME
--------------------------------------------------------------------------------
SEARCH_CONDITION
--------------------------------------------------------------------------------

JOB_HISTORY                    JHIST_EMP_ID_ST_DATE_PK        P
EMPLOYEE_ID


JOB_HISTORY                    JHIST_EMP_ID_ST_DATE_PK        P
START_DATE

TABLE_NAME                     CONSTRAINT_NAME                C
------------------------------ ------------------------------ -
COLUMN_NAME
--------------------------------------------------------------------------------
SEARCH_CONDITION
--------------------------------------------------------------------------------



11 rows selected.

SQL> select user_constraints.table_name,user_constraints.constraint_name, constraint_type,column_name,search_condition from user_constraints,user_cons_columns where user_constraints.table_name=user_cons_columns.table_name and user_constraints.constraint_name=user_cons_columns.constraint_name and user_constraints.table_name='EMPLOYEES';

TABLE_NAME                     CONSTRAINT_NAME                C
------------------------------ ------------------------------ -
COLUMN_NAME
--------------------------------------------------------------------------------
SEARCH_CONDITION
--------------------------------------------------------------------------------
EMPLOYEES                      EMP_LAST_NAME_NN               C
LAST_NAME
"LAST_NAME" IS NOT NULL

EMPLOYEES                      EMP_EMAIL_NN                   C
EMAIL
"EMAIL" IS NOT NULL

TABLE_NAME                     CONSTRAINT_NAME                C
------------------------------ ------------------------------ -
COLUMN_NAME
--------------------------------------------------------------------------------
SEARCH_CONDITION
--------------------------------------------------------------------------------

EMPLOYEES                      EMP_JOB_NN                     C
JOB_ID
"JOB_ID" IS NOT NULL

EMPLOYEES                      SALARY_CHECK                   C
SALARY

TABLE_NAME                     CONSTRAINT_NAME                C
------------------------------ ------------------------------ -
COLUMN_NAME
--------------------------------------------------------------------------------
SEARCH_CONDITION
--------------------------------------------------------------------------------
SALARY > 0

EMPLOYEES                      EMP_EMP_ID_PK                  P
EMPLOYEE_ID


EMPLOYEES                      EMP_JOB_FK                     R

TABLE_NAME                     CONSTRAINT_NAME                C
------------------------------ ------------------------------ -
COLUMN_NAME
--------------------------------------------------------------------------------
SEARCH_CONDITION
--------------------------------------------------------------------------------
JOB_ID


EMPLOYEES                      EMP_MANAGER_FK                 R
MANAGER_ID



TABLE_NAME                     CONSTRAINT_NAME                C
------------------------------ ------------------------------ -
COLUMN_NAME
--------------------------------------------------------------------------------
SEARCH_CONDITION
--------------------------------------------------------------------------------
EMPLOYEES                      EMP_DEPT_FK                    R
DEPARTMENT_ID


EMPLOYEES                      EMP_EMAIL_UK                   U
EMAIL


TABLE_NAME                     CONSTRAINT_NAME                C
------------------------------ ------------------------------ -
COLUMN_NAME
--------------------------------------------------------------------------------
SEARCH_CONDITION
--------------------------------------------------------------------------------

EMPLOYEES                      EMP_HIRE_DATE_NN               C
HIRE_DATE
"HIRE_DATE" IS NOT NULL


10 rows selected.

SQL> select user_constraints.table_name,user_constraints.constraint_name, constraint_type,column_name,search_condition from user_constraints,user_cons_columns where user_constraints.table_name=user_cons_columns.table_name and user_constraints.constraint_name=user_cons_columns.constraint_name and user_constraints.table_name='JOBS';

TABLE_NAME                     CONSTRAINT_NAME                C
------------------------------ ------------------------------ -
COLUMN_NAME
--------------------------------------------------------------------------------
SEARCH_CONDITION
--------------------------------------------------------------------------------
JOBS                           JOB_TITLE_NN                   C
JOB_TITLE
"JOB_TITLE" IS NOT NULL

JOBS                           JOB_ID_PK                      P
JOB_ID


TABLE_NAME                     CONSTRAINT_NAME                C
------------------------------ ------------------------------ -
COLUMN_NAME
--------------------------------------------------------------------------------
SEARCH_CONDITION
--------------------------------------------------------------------------------


SQL> select user_constraints.table_name,user_constraints.constraint_name, constraint_type,column_name,search_condition from user_constraints,user_cons_columns where user_constraints.table_name=user_cons_columns.table_name and user_constraints.constraint_name=user_cons_columns.constraint_name and user_constraints.table_name='DEPARTMENTS';

TABLE_NAME                     CONSTRAINT_NAME                C
------------------------------ ------------------------------ -
COLUMN_NAME
--------------------------------------------------------------------------------
SEARCH_CONDITION
--------------------------------------------------------------------------------
DEPARTMENTS                    DEPT_NAME_NN                   C
DEPARTMENT_NAME
"DEPARTMENT_NAME" IS NOT NULL

DEPARTMENTS                    DEPT_ID_PK                     P
DEPARTMENT_ID


TABLE_NAME                     CONSTRAINT_NAME                C
------------------------------ ------------------------------ -
COLUMN_NAME
--------------------------------------------------------------------------------
SEARCH_CONDITION
--------------------------------------------------------------------------------

DEPARTMENTS                    DEPT_LOC_FK                    R
LOCATION_ID


DEPARTMENTS                    DEPT_MGR_FK                    R
MANAGER_ID

TABLE_NAME                     CONSTRAINT_NAME                C
------------------------------ ------------------------------ -
COLUMN_NAME
--------------------------------------------------------------------------------
SEARCH_CONDITION
--------------------------------------------------------------------------------



SQL> select user_constraints.table_name,user_constraints.constraint_name, constraint_type,column_name,search_condition from user_constraints,user_cons_columns where user_constraints.table_name=user_cons_columns.table_name and user_constraints.constraint_name=user_cons_columns.constraint_name and user_constraints.table_name='LOCATIONS';

TABLE_NAME                     CONSTRAINT_NAME                C
------------------------------ ------------------------------ -
COLUMN_NAME
--------------------------------------------------------------------------------
SEARCH_CONDITION
--------------------------------------------------------------------------------
LOCATIONS                      SYS_C0011131                   P
LOCATION_ID


LOCATIONS                      SYS_C0011132                   R
COUNTRY_ID


TABLE_NAME                     CONSTRAINT_NAME                C
------------------------------ ------------------------------ -
COLUMN_NAME
--------------------------------------------------------------------------------
SEARCH_CONDITION
--------------------------------------------------------------------------------

LOCATIONS                      SYS_C0011268                   C
CITY
"CITY" IS NOT NULL


SQL> ALTER TABLE DEPARTMENTS RENAME CONSTRAINT SYS_C0011268 TO LOC_CITY_NN;
ALTER TABLE DEPARTMENTS RENAME CONSTRAINT SYS_C0011268 TO LOC_CITY_NN
*
ERROR at line 1:
ORA-23292: The constraint does not exist


SQL> ALTER TABLE LOCATIONS RENAME CONSTRAINT SYS_C0011268 TO LOC_CITY_NN;
ALTER TABLE LOCATIONS RENAME CONSTRAINT SYS_C0011268 TO LOC_CITY_NN
*
ERROR at line 1:
ORA-02264: name already used by an existing constraint


SQL> ALTER TABLE LOCATIONS RENAME CONSTRAINT SYS_C0011268 TO LOC_CITY_NN;
ALTER TABLE LOCATIONS RENAME CONSTRAINT SYS_C0011268 TO LOC_CITY_NN
*
ERROR at line 1:
ORA-02264: name already used by an existing constraint


SQL> select user_constraints.table_name,user_constraints.constraint_name, constraint_type,column_name,search_condition from user_constraints,user_cons_columns where user_constraints.table_name=user_cons_columns.table_name and user_constraints.constraint_name=user_cons_columns.constraint_name and user_constraints.table_name='LOCATIONS';

TABLE_NAME                     CONSTRAINT_NAME                C
------------------------------ ------------------------------ -
COLUMN_NAME
--------------------------------------------------------------------------------
SEARCH_CONDITION
--------------------------------------------------------------------------------
LOCATIONS                      SYS_C0011131                   P
LOCATION_ID


LOCATIONS                      SYS_C0011132                   R
COUNTRY_ID


TABLE_NAME                     CONSTRAINT_NAME                C
------------------------------ ------------------------------ -
COLUMN_NAME
--------------------------------------------------------------------------------
SEARCH_CONDITION
--------------------------------------------------------------------------------

LOCATIONS                      SYS_C0011268                   C
CITY
"CITY" IS NOT NULL


SQL> ALTER TABLE LOCATIONS RENAME CONSTRAINT SYS_C0011268 TO LOC_CITY_NN;
ALTER TABLE LOCATIONS RENAME CONSTRAINT SYS_C0011268 TO LOC_CITY_NN
*
ERROR at line 1:
ORA-02264: name already used by an existing constraint


SQL> select user_constraints.table_name,user_constraints.constraint_name, constraint_type,column_name,search_condition from user_constraints,user_cons_columns where user_constraints.table_name=user_cons_columns.table_name and user_constraints.constraint_name=user_cons_columns.constraint_name and user_constraints.table_name='COUNTRIES';

TABLE_NAME                     CONSTRAINT_NAME                C
------------------------------ ------------------------------ -
COLUMN_NAME
--------------------------------------------------------------------------------
SEARCH_CONDITION
--------------------------------------------------------------------------------
COUNTRIES                      LOC_ID_PK                      R
REGION_ID


COUNTRIES                      LOC_C_ID_FK                    P
COUNTRY_ID


TABLE_NAME                     CONSTRAINT_NAME                C
------------------------------ ------------------------------ -
COLUMN_NAME
--------------------------------------------------------------------------------
SEARCH_CONDITION
--------------------------------------------------------------------------------

COUNTRIES                      LOC_CITY_NN                    C
COUNTRY_ID
"COUNTRY_ID" IS NOT NULL


SQL> ALTER TABLE COUNTRIES RENAME CONSTRAINT LOC_CITY_NN TO COUNTR_REG_FK;

Table altered.                                                              
SQL> ALTER TABLE COUNTRIES RENAME CONSTRAINT LOC_C_ID_FK TO COUNTRY_C_ID_PK;

Table altered.

SQL> ALTER TABLE COUNTRIES RENAME CONSTRAINT LOC_ID_PK TO COUNTR_REG_FK;
ALTER TABLE COUNTRIES RENAME CONSTRAINT LOC_ID_PK TO COUNTR_REG_FK
*
ERROR at line 1:
ORA-02264: name already used by an existing constraint


SQL> select user_constraints.table_name,user_constraints.constraint_name, constraint_type,column_name,search_condition from user_constraints,user_cons_columns where user_constraints.table_name=user_cons_columns.table_name and user_constraints.constraint_name=user_cons_columns.constraint_name and user_constraints.table_name='COUNTRIES';

TABLE_NAME                     CONSTRAINT_NAME                C
------------------------------ ------------------------------ -
COLUMN_NAME
--------------------------------------------------------------------------------
SEARCH_CONDITION
--------------------------------------------------------------------------------
COUNTRIES                      LOC_ID_PK                      R
REGION_ID


COUNTRIES                      COUNTRY_C_ID_PK                P
COUNTRY_ID


TABLE_NAME                     CONSTRAINT_NAME                C
------------------------------ ------------------------------ -
COLUMN_NAME
--------------------------------------------------------------------------------
SEARCH_CONDITION
--------------------------------------------------------------------------------

COUNTRIES                      COUNTR_REG_FK                  C
COUNTRY_ID
"COUNTRY_ID" IS NOT NULL


SQL> ALTER TABLE LOCATIONS RENAME CONSTRAINT COUNTR_REG_FK TO COUNTRY_ID_NN;
ALTER TABLE LOCATIONS RENAME CONSTRAINT COUNTR_REG_FK TO COUNTRY_ID_NN
*
ERROR at line 1:
ORA-23292: The constraint does not exist


SQL> ALTER TABLE COUNTRIES RENAME CONSTRAINT COUNTR_REG_FK TO COUNTRY_ID_NN;


Table altered.

SQL> ALTER TABLE COUNTRIES RENAME CONSTRAINT LOC_ID_PK TO COUNTR_REG_FK;

Table altered.

SQL> select user_constraints.table_name,user_constraints.constraint_name, constraint_type,column_name,search_condition from user_constraints,user_cons_columns where user_constraints.table_name=user_cons_columns.table_name and user_constraints.constraint_name=user_cons_columns.constraint_name and user_constraints.table_name='LOCATIONS';

TABLE_NAME                     CONSTRAINT_NAME                C
------------------------------ ------------------------------ -
COLUMN_NAME
--------------------------------------------------------------------------------
SEARCH_CONDITION
--------------------------------------------------------------------------------
LOCATIONS                      SYS_C0011131                   P
LOCATION_ID


LOCATIONS                      SYS_C0011132                   R
COUNTRY_ID


TABLE_NAME                     CONSTRAINT_NAME                C
------------------------------ ------------------------------ -
COLUMN_NAME
--------------------------------------------------------------------------------
SEARCH_CONDITION
--------------------------------------------------------------------------------

LOCATIONS                      SYS_C0011268                   C
CITY
"CITY" IS NOT NULL


SQL> ALTER TABLE LOCATIONS RENAME CONSTRAINT SYS_C0011268 TO LOC_CITY_NN;

Table altered.                                                              
SQL> ALTER TABLE LOCATIONS RENAME CONSTRAINT SYS_C0011132 TO LOC_C_ID_FK;

Table altered.

SQL> ALTER TABLE LOCATIONS RENAME CONSTRAINT SYS_C0011131 TO LOC_ID_PK;

Table altered.

SQL> select user_constraints.table_name,user_constraints.constraint_name, constraint_type,column_name,search_condition from user_constraints,user_cons_columns where user_constraints.table_name=user_cons_columns.table_name and user_constraints.constraint_name=user_cons_columns.constraint_name and user_constraints.table_name='REGIONS';

TABLE_NAME                     CONSTRAINT_NAME                C
------------------------------ ------------------------------ -
COLUMN_NAME
--------------------------------------------------------------------------------
SEARCH_CONDITION
--------------------------------------------------------------------------------
REGIONS                        REG_ID_PK                      P
REGION_ID


REGIONS                        REGION_ID_NN                   C
REGION_ID
"REGION_ID" IS NOT NULL

TABLE_NAME                     CONSTRAINT_NAME                C
------------------------------ ------------------------------ -
COLUMN_NAME
--------------------------------------------------------------------------------
SEARCH_CONDITION
--------------------------------------------------------------------------------


SQL> select user_constraints.table_name,user_constraints.constraint_name, constraint_type,column_name,search_condition from user_constraints,user_cons_columns where user_constraints.table_name=user_cons_columns.table_name and user_constraints.constraint_name=user_cons_columns.constraint_name and user_constraints.table_name='DEPT';

TABLE_NAME                     CONSTRAINT_NAME                C
------------------------------ ------------------------------ -
COLUMN_NAME
--------------------------------------------------------------------------------
SEARCH_CONDITION
--------------------------------------------------------------------------------
DEPT                           PK_DEPT                        P
DEPTNO



SQL> select user_constraints.table_name,user_constraints.constraint_name, constraint_type,column_name,search_condition from user_constraints,user_cons_columns where user_constraints.table_name=user_cons_columns.table_name and user_constraints.constraint_name=user_cons_columns.constraint_name and user_constraints.table_name='EMP';

TABLE_NAME                     CONSTRAINT_NAME                C
------------------------------ ------------------------------ -
COLUMN_NAME
--------------------------------------------------------------------------------
SEARCH_CONDITION
--------------------------------------------------------------------------------
EMP                            PK_EMP                         P
EMPNO


EMP                            FK_DEPTNO                      R
DEPTNO


TABLE_NAME                     CONSTRAINT_NAME                C
------------------------------ ------------------------------ -
COLUMN_NAME
--------------------------------------------------------------------------------
SEARCH_CONDITION
--------------------------------------------------------------------------------

SQL> SPOOL OFF;
SQL> SELECT * FROM EMP ORDER BY DEPTNO, SAL DESC;

     EMPNO ENAME      JOB              MGR HIREDATE         SAL       COMM      
---------- ---------- --------- ---------- --------- ---------- ----------      
    DEPTNO                                                                      
----------                                                                      
      7839 KING       PRESIDENT            17-NOV-81       5000                 
        10                                                                      
                                                                                
      7782 CLARK      MANAGER         7839 09-JUN-81       2450                 
        10                                                                      
                                                                                
      7934 MILLER     CLERK           7782 23-JAN-82       1300                 
        10                                                                      
                                                                                

     EMPNO ENAME      JOB              MGR HIREDATE         SAL       COMM      
---------- ---------- --------- ---------- --------- ---------- ----------      
    DEPTNO                                                                      
----------                                                                      
      7788 SCOTT      ANALYST         7566 19-APR-87       3000                 
        20                                                                      
                                                                                
      7902 FORD       ANALYST         7566 03-DEC-81       3000                 
        20                                                                      
                                                                                
      7566 JONES      MANAGER         7839 02-APR-81       2975                 
        20                                                                      
                                                                                

     EMPNO ENAME      JOB              MGR HIREDATE         SAL       COMM      
---------- ---------- --------- ---------- --------- ---------- ----------      
    DEPTNO                                                                      
----------                                                                      
      7876 ADAMS      CLERK           7788 23-MAY-87       1100                 
        20                                                                      
                                                                                
      7369 SMITH      CLERK           7902 17-DEC-80        800                 
        20                                                                      
                                                                                
      7698 BLAKE      MANAGER         7839 01-MAY-81       2850                 
        30                                                                      
                                                                                

     EMPNO ENAME      JOB              MGR HIREDATE         SAL       COMM      
---------- ---------- --------- ---------- --------- ---------- ----------      
    DEPTNO                                                                      
----------                                                                      
      7499 ALLEN      SALESMAN        7698 20-FEB-81       1600        300      
        30                                                                      
                                                                                
      7844 TURNER     SALESMAN        7698 08-SEP-81       1500          0      
        30                                                                      
                                                                                
      7654 MARTIN     SALESMAN        7698 28-SEP-81       1250       1400      
        30                                                                      
                                                                                

     EMPNO ENAME      JOB              MGR HIREDATE         SAL       COMM      
---------- ---------- --------- ---------- --------- ---------- ----------      
    DEPTNO                                                                      
----------                                                                      
      7521 WARD       SALESMAN        7698 22-FEB-81       1250        500      
        30                                                                      
                                                                                
      7900 JAMES      CLERK           7698 03-DEC-81        950                 
        30                                                                      
                                                                                

14 rows selected.

SQL> SET WRAP OFF;
SQL> SELECT * FROM EMP ORDER BY DEPTNO, SAL DESC;
truncating (as requested) before column DEPTNO


     EMPNO ENAME      JOB              MGR HIREDATE         SAL       COMM      
---------- ---------- --------- ---------- --------- ---------- ----------      
      7839 KING       PRESIDENT            17-NOV-81       5000                 
      7782 CLARK      MANAGER         7839 09-JUN-81       2450                 
      7934 MILLER     CLERK           7782 23-JAN-82       1300                 
      7788 SCOTT      ANALYST         7566 19-APR-87       3000                 
      7902 FORD       ANALYST         7566 03-DEC-81       3000                 
      7566 JONES      MANAGER         7839 02-APR-81       2975                 
      7876 ADAMS      CLERK           7788 23-MAY-87       1100                 
      7369 SMITH      CLERK           7902 17-DEC-80        800                 
      7698 BLAKE      MANAGER         7839 01-MAY-81       2850                 
      7499 ALLEN      SALESMAN        7698 20-FEB-81       1600        300      
      7844 TURNER     SALESMAN        7698 08-SEP-81       1500          0      

     EMPNO ENAME      JOB              MGR HIREDATE         SAL       COMM      
---------- ---------- --------- ---------- --------- ---------- ----------      
      7654 MARTIN     SALESMAN        7698 28-SEP-81       1250       1400      
      7521 WARD       SALESMAN        7698 22-FEB-81       1250        500      
      7900 JAMES      CLERK           7698 03-DEC-81        950                 

14 rows selected.

SQL> SELECT *FROM EMP ORDER BY DEPTNO,COMM DESC;
truncating (as requested) before column DEPTNO


     EMPNO ENAME      JOB              MGR HIREDATE         SAL       COMM      
---------- ---------- --------- ---------- --------- ---------- ----------      
      7782 CLARK      MANAGER         7839 09-JUN-81       2450                 
      7839 KING       PRESIDENT            17-NOV-81       5000                 
      7934 MILLER     CLERK           7782 23-JAN-82       1300                 
      7566 JONES      MANAGER         7839 02-APR-81       2975                 
      7902 FORD       ANALYST         7566 03-DEC-81       3000                 
      7876 ADAMS      CLERK           7788 23-MAY-87       1100                 
      7369 SMITH      CLERK           7902 17-DEC-80        800                 
      7788 SCOTT      ANALYST         7566 19-APR-87       3000                 
      7900 JAMES      CLERK           7698 03-DEC-81        950                 
      7698 BLAKE      MANAGER         7839 01-MAY-81       2850                 
      7654 MARTIN     SALESMAN        7698 28-SEP-81       1250       1400      

     EMPNO ENAME      JOB              MGR HIREDATE         SAL       COMM      
---------- ---------- --------- ---------- --------- ---------- ----------      
      7521 WARD       SALESMAN        7698 22-FEB-81       1250        500      
      7499 ALLEN      SALESMAN        7698 20-FEB-81       1600        300      
      7844 TURNER     SALESMAN        7698 08-SEP-81       1500          0      

14 rows selected.

SQL> SELECT ENAME , SAL*12 FROM EMP ORDER BY 2;

ENAME          SAL*12                                                           
---------- ----------                                                           
SMITH            9600                                                           
JAMES           11400                                                           
ADAMS           13200                                                           
WARD            15000                                                           
MARTIN          15000                                                           
MILLER          15600                                                           
TURNER          18000                                                           
ALLEN           19200                                                           
CLARK           29400                                                           
BLAKE           34200                                                           
JONES           35700                                                           

ENAME          SAL*12                                                           
---------- ----------                                                           
SCOTT           36000                                                           
FORD            36000                                                           
KING            60000                                                           

14 rows selected.

SQL> SELECT * FROM EMP WHERE ENAME='SCOTT';
truncating (as requested) before column DEPTNO


     EMPNO ENAME      JOB              MGR HIREDATE         SAL       COMM      
---------- ---------- --------- ---------- --------- ---------- ----------      
      7788 SCOTT      ANALYST         7566 19-APR-87       3000                 

SQL> SELECT * FROM EMP WHERE LOWER(ENAME)='SCOTT';
truncating (as requested) before column DEPTNO


no rows selected

SQL> SELECT * FROM EMP WHERE LOWER(ENAME)='SCOTT';
truncating (as requested) before column DEPTNO


no rows selected

SQL>  set linesize 300
SQL> SELECT * FROM EMP WHERE LOWER(ENAME)='SCOTT';

no rows selected

SQL> SELECT * FROM EMP WHERE UPPER(ENAME)='SCOTT';

     EMPNO ENAME      JOB              MGR HIREDATE         SAL       COMM     DEPTNO                                                                                                                                                                                                                       
---------- ---------- --------- ---------- --------- ---------- ---------- ----------                                                                                                                                                                                                                       
      7788 SCOTT      ANALYST         7566 19-APR-87       3000                    20                                                                                                                                                                                                                       

SQL> SELECT * FROM EMP WHERE SAL BETWEEN 2000 AND 3000;

     EMPNO ENAME      JOB              MGR HIREDATE         SAL       COMM     DEPTNO                                                                                                                                                                                                                       
---------- ---------- --------- ---------- --------- ---------- ---------- ----------                                                                                                                                                                                                                       
      7566 JONES      MANAGER         7839 02-APR-81       2975                    20                                                                                                                                                                                                                       
      7698 BLAKE      MANAGER         7839 01-MAY-81       2850                    30                                                                                                                                                                                                                       
      7782 CLARK      MANAGER         7839 09-JUN-81       2450                    10                                                                                                                                                                                                                       
      7788 SCOTT      ANALYST         7566 19-APR-87       3000                    20                                                                                                                                                                                                                       
      7902 FORD       ANALYST         7566 03-DEC-81       3000                    20                                                                                                                                                                                                                       

SQL> SELECT * FROM EMP WHERE DEPTNO IN (10,20);

     EMPNO ENAME      JOB              MGR HIREDATE         SAL       COMM     DEPTNO                                                                                                                                                                                                                       
---------- ---------- --------- ---------- --------- ---------- ---------- ----------                                                                                                                                                                                                                       
      7369 SMITH      CLERK           7902 17-DEC-80        800                    20                                                                                                                                                                                                                       
      7566 JONES      MANAGER         7839 02-APR-81       2975                    20                                                                                                                                                                                                                       
      7782 CLARK      MANAGER         7839 09-JUN-81       2450                    10                                                                                                                                                                                                                       
      7788 SCOTT      ANALYST         7566 19-APR-87       3000                    20                                                                                                                                                                                                                       
      7839 KING       PRESIDENT            17-NOV-81       5000                    10                                                                                                                                                                                                                       
      7876 ADAMS      CLERK           7788 23-MAY-87       1100                    20                                                                                                                                                                                                                       
      7902 FORD       ANALYST         7566 03-DEC-81       3000                    20                                                                                                                                                                                                                       
      7934 MILLER     CLERK           7782 23-JAN-82       1300                    10                                                                                                                                                                                                                       

8 rows selected.

SQL> SELECT * FROM EMP WHERE ENAME LIKE 'M%';

     EMPNO ENAME      JOB              MGR HIREDATE         SAL       COMM     DEPTNO                                                                                                                                                                                                                       
---------- ---------- --------- ---------- --------- ---------- ---------- ----------                                                                                                                                                                                                                       
      7654 MARTIN     SALESMAN        7698 28-SEP-81       1250       1400         30                                                                                                                                                                                                                       
      7934 MILLER     CLERK           7782 23-JAN-82       1300                    10                                                                                                                                                                                                                       

SQL> SELECT * FROM EMP WHERE HIREDATE LIKE '%81';

     EMPNO ENAME      JOB              MGR HIREDATE         SAL       COMM     DEPTNO                                                                                                                                                                                                                       
---------- ---------- --------- ---------- --------- ---------- ---------- ----------                                                                                                                                                                                                                       
      7499 ALLEN      SALESMAN        7698 20-FEB-81       1600        300         30                                                                                                                                                                                                                       
      7521 WARD       SALESMAN        7698 22-FEB-81       1250        500         30                                                                                                                                                                                                                       
      7566 JONES      MANAGER         7839 02-APR-81       2975                    20                                                                                                                                                                                                                       
      7654 MARTIN     SALESMAN        7698 28-SEP-81       1250       1400         30                                                                                                                                                                                                                       
      7698 BLAKE      MANAGER         7839 01-MAY-81       2850                    30                                                                                                                                                                                                                       
      7782 CLARK      MANAGER         7839 09-JUN-81       2450                    10                                                                                                                                                                                                                       
      7839 KING       PRESIDENT            17-NOV-81       5000                    10                                                                                                                                                                                                                       
      7844 TURNER     SALESMAN        7698 08-SEP-81       1500          0         30                                                                                                                                                                                                                       
      7900 JAMES      CLERK           7698 03-DEC-81        950                    30                                                                                                                                                                                                                       
      7902 FORD       ANALYST         7566 03-DEC-81       3000                    20                                                                                                                                                                                                                       

10 rows selected.

SQL> SELECT * FROM EMP WHERE ENAME LIKE '_A%';

     EMPNO ENAME      JOB              MGR HIREDATE         SAL       COMM     DEPTNO                                                                                                                                                                                                                       
---------- ---------- --------- ---------- --------- ---------- ---------- ----------                                                                                                                                                                                                                       
      7521 WARD       SALESMAN        7698 22-FEB-81       1250        500         30                                                                                                                                                                                                                       
      7654 MARTIN     SALESMAN        7698 28-SEP-81       1250       1400         30                                                                                                                                                                                                                       
      7900 JAMES      CLERK           7698 03-DEC-81        950                    30                                                                                                                                                                                                                       

SQL> SELECT * FROM EMP WHERE CPMM IS NULL;
SELECT * FROM EMP WHERE CPMM IS NULL
                        *
ERROR at line 1:
ORA-00904: "CPMM": invalid identifier 


SQL> SELECT * FROM EMP WHERE COMM IS NULL;

     EMPNO ENAME      JOB              MGR HIREDATE         SAL       COMM     DEPTNO                                                                                                                                                                                                                       
---------- ---------- --------- ---------- --------- ---------- ---------- ----------                                                                                                                                                                                                                       
      7369 SMITH      CLERK           7902 17-DEC-80        800                    20                                                                                                                                                                                                                       
      7566 JONES      MANAGER         7839 02-APR-81       2975                    20                                                                                                                                                                                                                       
      7698 BLAKE      MANAGER         7839 01-MAY-81       2850                    30                                                                                                                                                                                                                       
      7782 CLARK      MANAGER         7839 09-JUN-81       2450                    10                                                                                                                                                                                                                       
      7788 SCOTT      ANALYST         7566 19-APR-87       3000                    20                                                                                                                                                                                                                       
      7839 KING       PRESIDENT            17-NOV-81       5000                    10                                                                                                                                                                                                                       
      7876 ADAMS      CLERK           7788 23-MAY-87       1100                    20                                                                                                                                                                                                                       
      7900 JAMES      CLERK           7698 03-DEC-81        950                    30                                                                                                                                                                                                                       
      7902 FORD       ANALYST         7566 03-DEC-81       3000                    20                                                                                                                                                                                                                       
      7934 MILLER     CLERK           7782 23-JAN-82       1300                    10                                                                                                                                                                                                                       

10 rows selected.

SQL> SELECT * FROM EMP WHERE COMM IS NOT NULL;

     EMPNO ENAME      JOB              MGR HIREDATE         SAL       COMM     DEPTNO                                                                                                                                                                                                                       
---------- ---------- --------- ---------- --------- ---------- ---------- ----------                                                                                                                                                                                                                       
      7499 ALLEN      SALESMAN        7698 20-FEB-81       1600        300         30                                                                                                                                                                                                                       
      7521 WARD       SALESMAN        7698 22-FEB-81       1250        500         30                                                                                                                                                                                                                       
      7654 MARTIN     SALESMAN        7698 28-SEP-81       1250       1400         30                                                                                                                                                                                                                       
      7844 TURNER     SALESMAN        7698 08-SEP-81       1500          0         30                                                                                                                                                                                                                       

SQL> SELECT * FROM EMP WHERE DEPTNO=20 AND SAL>2000;

     EMPNO ENAME      JOB              MGR HIREDATE         SAL       COMM     DEPTNO                                                                                                                                                                                                                       
---------- ---------- --------- ---------- --------- ---------- ---------- ----------                                                                                                                                                                                                                       
      7566 JONES      MANAGER         7839 02-APR-81       2975                    20                                                                                                                                                                                                                       
      7788 SCOTT      ANALYST         7566 19-APR-87       3000                    20                                                                                                                                                                                                                       
      7902 FORD       ANALYST         7566 03-DEC-81       3000                    20                                                                                                                                                                                                                       

SQL> SELECT * FROM EMP WHERE DEPTNO=20 OR SAL>2000;

     EMPNO ENAME      JOB              MGR HIREDATE         SAL       COMM     DEPTNO                                                                                                                                                                                                                       
---------- ---------- --------- ---------- --------- ---------- ---------- ----------                                                                                                                                                                                                                       
      7369 SMITH      CLERK           7902 17-DEC-80        800                    20                                                                                                                                                                                                                       
      7566 JONES      MANAGER         7839 02-APR-81       2975                    20                                                                                                                                                                                                                       
      7698 BLAKE      MANAGER         7839 01-MAY-81       2850                    30                                                                                                                                                                                                                       
      7782 CLARK      MANAGER         7839 09-JUN-81       2450                    10                                                                                                                                                                                                                       
      7788 SCOTT      ANALYST         7566 19-APR-87       3000                    20                                                                                                                                                                                                                       
      7839 KING       PRESIDENT            17-NOV-81       5000                    10                                                                                                                                                                                                                       
      7876 ADAMS      CLERK           7788 23-MAY-87       1100                    20                                                                                                                                                                                                                       
      7902 FORD       ANALYST         7566 03-DEC-81       3000                    20                                                                                                                                                                                                                       

8 rows selected.

SQL> SELECT * FROM emp
  2  WHERE SAL>=1000 AND DEPTNO=10 OR DEPTNO=20;

     EMPNO ENAME      JOB              MGR HIREDATE         SAL       COMM     DEPTNO                                                                                                                                                                                                                       
---------- ---------- --------- ---------- --------- ---------- ---------- ----------                                                                                                                                                                                                                       
      7369 SMITH      CLERK           7902 17-DEC-80        800                    20                                                                                                                                                                                                                       
      7566 JONES      MANAGER         7839 02-APR-81       2975                    20                                                                                                                                                                                                                       
      7782 CLARK      MANAGER         7839 09-JUN-81       2450                    10                                                                                                                                                                                                                       
      7788 SCOTT      ANALYST         7566 19-APR-87       3000                    20                                                                                                                                                                                                                       
      7839 KING       PRESIDENT            17-NOV-81       5000                    10                                                                                                                                                                                                                       
      7876 ADAMS      CLERK           7788 23-MAY-87       1100                    20                                                                                                                                                                                                                       
      7902 FORD       ANALYST         7566 03-DEC-81       3000                    20                                                                                                                                                                                                                       
      7934 MILLER     CLERK           7782 23-JAN-82       1300                    10                                                                                                                                                                                                                       

8 rows selected.

SQL> SELECT * FROM EMP WHERE SAL>=1000 AND ( DEPTNO=10 OR DEPTNO=20);

     EMPNO ENAME      JOB              MGR HIREDATE         SAL       COMM     DEPTNO                                                                                                                                                                                                                       
---------- ---------- --------- ---------- --------- ---------- ---------- ----------                                                                                                                                                                                                                       
      7566 JONES      MANAGER         7839 02-APR-81       2975                    20                                                                                                                                                                                                                       
      7782 CLARK      MANAGER         7839 09-JUN-81       2450                    10                                                                                                                                                                                                                       
      7788 SCOTT      ANALYST         7566 19-APR-87       3000                    20                                                                                                                                                                                                                       
      7839 KING       PRESIDENT            17-NOV-81       5000                    10                                                                                                                                                                                                                       
      7876 ADAMS      CLERK           7788 23-MAY-87       1100                    20                                                                                                                                                                                                                       
      7902 FORD       ANALYST         7566 03-DEC-81       3000                    20                                                                                                                                                                                                                       
      7934 MILLER     CLERK           7782 23-JAN-82       1300                    10                                                                                                                                                                                                                       

7 rows selected.

SQL> SELECT * FROM EMP WHERE DEPTNO=&D_NO;
Enter value for d_no: 20
old   1: SELECT * FROM EMP WHERE DEPTNO=&D_NO
new   1: SELECT * FROM EMP WHERE DEPTNO=20

     EMPNO ENAME      JOB              MGR HIREDATE         SAL       COMM     DEPTNO                                                                                                                                                                                                                       
---------- ---------- --------- ---------- --------- ---------- ---------- ----------                                                                                                                                                                                                                       
      7369 SMITH      CLERK           7902 17-DEC-80        800                    20                                                                                                                                                                                                                       
      7566 JONES      MANAGER         7839 02-APR-81       2975                    20                                                                                                                                                                                                                       
      7788 SCOTT      ANALYST         7566 19-APR-87       3000                    20                                                                                                                                                                                                                       
      7876 ADAMS      CLERK           7788 23-MAY-87       1100                    20                                                                                                                                                                                                                       
      7902 FORD       ANALYST         7566 03-DEC-81       3000                    20                                                                                                                                                                                                                       

SQL> SPOOL OFF;

SQL> SELECT MONTHS_BETWEEN(TO_DATE('29-12-1999','DD-MM-YYYY'), TO_DATE('29-12-1988','DD-MM-YYYY')) FROM DUAL;

MONTHS_BETWEEN(TO_DATE('29-12-1999','DD-MM-YYYY'),TO_DATE('29-12-1988','DD-MM-YY
--------------------------------------------------------------------------------
                                                                             132

SQL> SELECT * FROM DUAL
  2  ;

D                                                                               
-                                                                               
X                                                                               

SQL> SELECT MONTHS_BETWEEN(TO_DATE(
  2  
SQL> SELECT MONTHS_BETWEEN(TO_DATE('29-12-1999','DD-MM-YYYY'), TO_DATE('29-12-1988','DD-MON-YYYY')) FROM dual;dual
  2  
SQL> SELECT MONTHS_BETWEEN(TO_DATE('29-12-1999','DD-MM-YYYY'), TO_DATE('29-12-1988','DD-MON-YYYY')) FROM dual;
SELECT MONTHS_BETWEEN(TO_DATE('29-12-1999','DD-MM-YYYY'), TO_DATE('29-12-1988','DD-MON-YYYY')) FROM dual
                                                                  *
ERROR at line 1:
ORA-01843: not a valid month 


SQL> SELECT MONTHS_BETWEEN(TO_DATE('29-12-1999','DD-MM-YYYY'), TO_DATE('29-12-1988','DD-MM-YYYY')) FROM dual;

MONTHS_BETWEEN(TO_DATE('29-12-1999','DD-MM-YYYY'),TO_DATE('29-12-1988','DD-MM-YY
--------------------------------------------------------------------------------
                                                                             132

SQL> SELECT ADD_MONTHS(TO_DATE('29-10-1999','DD-MON-YYYY'), 2) FROM dual;
SELECT ADD_MONTHS(TO_DATE('29-10-1999','DD-MON-YYYY'), 2) FROM dual
                          *
ERROR at line 1:
ORA-01843: not a valid month 


SQL> SELECT ADD_MONTHS(TO_DATE('29-10-1999','DD-MM-YYYY'), 2) FROM dual;

ADD_MONTH                                                                       
---------                                                                       
29-DEC-99                                                                       

SQL> SELECT NEXT_DAY(SYSDATE,'星期一') FROM dual;
SELECT NEXT_DAY(SYSDATE,'星期一') FROM dual
                        *
ERROR at line 1:
ORA-01846: not a valid day of the week 


SQL> SELECT NEXT_DAY(SYSDATE,'MON') FROM dual;

NEXT_DAY(                                                                       
---------                                                                       
19-APR-21                                                                       

SQL> SELECT LAST_DAY(SYSDATE,'MON') FROM dual;
SELECT LAST_DAY(SYSDATE,'MON') FROM dual
       *
ERROR at line 1:
ORA-00909: invalid number of arguments 


SQL> SELECT LAST_DAY(SYSDATE) FROM dual;

LAST_DAY(                                                                       
---------                                                                       
30-APR-21                                                                       

SQL> SELECT ROUND(TO_DATE('24-11-01', 'DD-MM-YY'), 'MONTH') FROM dual;

ROUND(TO_                                                                       
---------                                                                       
01-DEC-01                                                                       

SQL> SELECT ROUND(TO_DATE('1-7-01', 'DD-MON-YY'), 'YEAR') FROM dual;
SELECT ROUND(TO_DATE('1-7-01', 'DD-MON-YY'), 'YEAR') FROM dual
                     *
ERROR at line 1:
ORA-01843: not a valid month 


SQL> SELECT ROUND(TO_DATE('1-07-01', 'DD-MON-YY'), 'YEAR') FROM dual;
SELECT ROUND(TO_DATE('1-07-01', 'DD-MON-YY'), 'YEAR') FROM dual
                     *
ERROR at line 1:
ORA-01843: not a valid month 


SQL> SELECT ROUND(TO_DATE('1-07-01', 'DD-MM-YY'), 'YEAR') FROM dual;

ROUND(TO_                                                                       
---------                                                                       
01-JAN-02                                                                       

SQL> SELECT TO_CHAR(SYSDATE, 'day dd-mon-yyyy') FROM dual;

TO_CHAR(SYSDATE,'DAYD                                                           
---------------------                                                           
saturday  17-apr-2021                                                           

SQL> SELECT TO_CHAR(SYSDATE,
  2  
SQL> SELECT TO_CHAR(SYSDATE, 'day dd-mm-yyyy') FROM dual;

TO_CHAR(SYSDATE,'DAY                                                            
--------------------                                                            
saturday  17-04-2021                                                            

SQL> SELECT TO_CHAR(SYSDATE, 'ddd yyyy') FROM dual;

TO_CHAR(                                                                        
--------                                                                        
107 2021                                                                        

SQL> SELECT TO_CHAR(SYSDATE, 'day dd-mon-yyyy HH24:MI:SS AM') FROM dual;

TO_CHAR(SYSDATE,'DAYDD-MON-YYYYHH                                               
---------------------------------                                               
saturday  17-apr-2021 10:56:43 AM                                               

SQL> SELECT TO_CHAR(SYSDATE, 'day dd-mon-yyyy HH24:MI:SS pM') FROM dual;

TO_CHAR(SYSDATE,'DAYDD-MON-YYYYHH                                               
---------------------------------                                               
saturday  17-apr-2021 10:56:53 am                                               

SQL> SELECT TO_CHAR(SYSDATE, 'day dd-mon-yyyy HH24:MI:SS PM') FROM dual;

TO_CHAR(SYSDATE,'DAYDD-MON-YYYYHH                                               
---------------------------------                                               
saturday  17-apr-2021 10:56:58 AM                                               

SQL> SELECT TO_CHAR(SYSDATE, 'dd "of" month,yyyy') FROM dual;

TO_CHAR(SYSDATE,'DD"                                                            
--------------------                                                            
17 of april    ,2021                                                            

SQL> SELECT TO_CHAR(SYSDATE,'Year, Month,ddspth') FROM dual;

TO_CHAR(SYSDATE,'YEAR,MONTH,DDSPTH')                                            
--------------------------------------------------------------------            
Twenty Twenty-One, April    ,seventeenth                                        

SQL> SELECT USER FROM dual;

USER                                                                            
------------------------------                                                  
BGZOCG                                                                          

SQL> SELECT SYSDATE FROM dual;

SYSDATE                                                                         
---------                                                                       
17-APR-21                                                                       

SQL> SELECT 25*35 FROM dual;

     25*35                                                                      
----------                                                                      
       875                                                                      

SQL> CREATE SEQUENCE empse INCREMENT BY 1 START WITH 1;

Sequence created.

SQL> SELECT empse.NEXTVAL FROM dual;

   NEXTVAL                                                                      
----------                                                                      
         1                                                                      

SQL> SELECT empse.CURRVAL FROM dual;

   CURRVAL                                                                      
----------                                                                      
         1                                                                      

SQL> SPOOL OFF;

SQL> SELECT deptno FROM DEPT, EMP WHERE DEPT.DEPTNO=EMP.DEPTNO;
SELECT deptno FROM DEPT, EMP WHERE DEPT.DEPTNO=EMP.DEPTNO
       *
ERROR at line 1:
ORA-00918: column ambiguously defined 


SQL> SELECT 1.deptno FROM DEPT, EMP WHERE DEPT.DEPTNO=EMP.DEPTNO;

     EPTNO                                                                      
----------                                                                      
  1.0E+000                                                                      
  1.0E+000                                                                      
  1.0E+000                                                                      
  1.0E+000                                                                      
  1.0E+000                                                                      
  1.0E+000                                                                      
  1.0E+000                                                                      
  1.0E+000                                                                      
  1.0E+000                                                                      
  1.0E+000                                                                      
  1.0E+000                                                                      

     EPTNO                                                                      
----------                                                                      
  1.0E+000                                                                      
  1.0E+000                                                                      
  1.0E+000                                                                      

14 rows selected.

SQL> SELECT DEPT.deptno FROM DEPT, EMP WHERE DEPT.DEPTNO=EMP.DEPTNO;

    DEPTNO                                                                      
----------                                                                      
        20                                                                      
        30                                                                      
        30                                                                      
        20                                                                      
        30                                                                      
        30                                                                      
        10                                                                      
        20                                                                      
        10                                                                      
        30                                                                      
        20                                                                      

    DEPTNO                                                                      
----------                                                                      
        30                                                                      
        20                                                                      
        10                                                                      

14 rows selected.

SQL> SELECT DNAME FROM DEPT, EMP WHERE DEPT.DEPTNO=EMP.DEPTNO;

DNAME                                                                           
--------------                                                                  
RESEARCH                                                                        
SALES                                                                           
SALES                                                                           
RESEARCH                                                                        
SALES                                                                           
SALES                                                                           
ACCOUNTING                                                                      
RESEARCH                                                                        
ACCOUNTING                                                                      
SALES                                                                           
RESEARCH                                                                        

DNAME                                                                           
--------------                                                                  
SALES                                                                           
RESEARCH                                                                        
ACCOUNTING                                                                      

14 rows selected.

SQL> SELECT 1.DEPTNO FROM DEPT 1, EMP 2 WHERE DEPT.DEPTNO=EMP.DEPTNO;
SELECT 1.DEPTNO FROM DEPT 1, EMP 2 WHERE DEPT.DEPTNO=EMP.DEPTNO
                          *
ERROR at line 1:
ORA-00933: SQL command not properly ended 


SQL> SELECT A.DEPTNO FROM DEPT A, EMP 2 WHERE DEPT.DEPTNO=EMP.DEPTNO;
SELECT A.DEPTNO FROM DEPT A, EMP 2 WHERE DEPT.DEPTNO=EMP.DEPTNO
                                 *
ERROR at line 1:
ORA-00933: SQL command not properly ended 


SQL> SELECT A.DEPTNO FROM DEPT A, EMP B WHERE DEPT.DEPTNO=EMP.DEPTNO;
SELECT A.DEPTNO FROM DEPT A, EMP B WHERE DEPT.DEPTNO=EMP.DEPTNO
                                                     *
ERROR at line 1:
ORA-00904: "EMP"."DEPTNO": invalid identifier 


SQL> SELECT A.DEPTNO FROM DEPT A, EMP B WHERE A.DEPTNO=B.DEPTNO;

    DEPTNO                                                                      
----------                                                                      
        20                                                                      
        30                                                                      
        30                                                                      
        20                                                                      
        30                                                                      
        30                                                                      
        10                                                                      
        20                                                                      
        10                                                                      
        30                                                                      
        20                                                                      

    DEPTNO                                                                      
----------                                                                      
        30                                                                      
        20                                                                      
        10                                                                      

14 rows selected.

SQL> SELECT EMPNO, ENAME, JOB, D.DEPTNO, DNAME, D.LOC
  2  FROM EMP E, DEPT D
  3  WHERE E.DEPTNO=D.DEPTNO
  4  ORDER BY E.DEPTNO;

     EMPNO ENAME      JOB           DEPTNO DNAME          LOC                   
---------- ---------- --------- ---------- -------------- -------------         
      7782 CLARK      MANAGER           10 ACCOUNTING     NEW YORK              
      7839 KING       PRESIDENT         10 ACCOUNTING     NEW YORK              
      7934 MILLER     CLERK             10 ACCOUNTING     NEW YORK              
      7566 JONES      MANAGER           20 RESEARCH       DALLAS                
      7902 FORD       ANALYST           20 RESEARCH       DALLAS                
      7876 ADAMS      CLERK             20 RESEARCH       DALLAS                
      7369 SMITH      CLERK             20 RESEARCH       DALLAS                
      7788 SCOTT      ANALYST           20 RESEARCH       DALLAS                
      7521 WARD       SALESMAN          30 SALES          CHICAGO               
      7844 TURNER     SALESMAN          30 SALES          CHICAGO               
      7499 ALLEN      SALESMAN          30 SALES          CHICAGO               

     EMPNO ENAME      JOB           DEPTNO DNAME          LOC                   
---------- ---------- --------- ---------- -------------- -------------         
      7900 JAMES      CLERK             30 SALES          CHICAGO               
      7698 BLAKE      MANAGER           30 SALES          CHICAGO               
      7654 MARTIN     SALESMAN          30 SALES          CHICAGO               

14 rows selected.

SQL> SELECT EMPNO, ENAME, JOB, D.DEPTNO, DNAME, D.LOC
  2  FROM EMP E, DEPT D
  3  WHERE E.DEPTNO=D.DEPTNO AND LOC="CHICAGO";
WHERE E.DEPTNO=D.DEPTNO AND LOC="CHICAGO"
                                *
ERROR at line 3:
ORA-00904: "CHICAGO": invalid identifier 


SQL> SELECT EMPNO, ENAME, JOB, D.DEPTNO, DNAME, D.LOC
  2  FROM EMP E, DEPT D
  3  WHERE E.DEPTNO=D.DEPTNO AND LOC='CHICAGO';

     EMPNO ENAME      JOB           DEPTNO DNAME          LOC                   
---------- ---------- --------- ---------- -------------- -------------         
      7499 ALLEN      SALESMAN          30 SALES          CHICAGO               
      7521 WARD       SALESMAN          30 SALES          CHICAGO               
      7654 MARTIN     SALESMAN          30 SALES          CHICAGO               
      7698 BLAKE      MANAGER           30 SALES          CHICAGO               
      7844 TURNER     SALESMAN          30 SALES          CHICAGO               
      7900 JAMES      CLERK             30 SALES          CHICAGO               

6 rows selected.

SQL> SELECT ENAME, SAL, E.DEPTNO, D.NAME, LOC
  2  FROM EMP E, DEPT D
  3  WHERE D.DEPTNO=E.DEPTNO AND SAL>2500
  4  ORDER BY E.DEPTNO;
SELECT ENAME, SAL, E.DEPTNO, D.NAME, LOC
                             *
ERROR at line 1:
ORA-00904: "D"."NAME": invalid identifier 


SQL> SELECT ENAME, SAL, E.DEPTNO, D.DNAME, LOC
  2  FROM EMP E, DEPT D
  3  WHERE D.DEPTNO=E.DEPTNO AND SAL>2500
  4  ORDER BY E.DEPTNO;

ENAME             SAL     DEPTNO DNAME          LOC                             
---------- ---------- ---------- -------------- -------------                   
KING             5000         10 ACCOUNTING     NEW YORK                        
FORD             3000         20 RESEARCH       DALLAS                          
JONES            2975         20 RESEARCH       DALLAS                          
SCOTT            3000         20 RESEARCH       DALLAS                          
BLAKE            2850         30 SALES          CHICAGO                         

SQL> SELECT EMPNO, ENAME,JOB, SAL, DEPTNO, GRADE
  2  FROM EMP, SALGRADE
  3  WHRER SAL BETWEEN LOSAL AND HISAL
  4  ORDER BY DEPTNO;
WHRER SAL BETWEEN LOSAL AND HISAL
      *
ERROR at line 3:
ORA-00933: SQL command not properly ended 


SQL> SELECT EMPNO, ENAME,JOB, SAL, DEPTNO, GRADE
  2  FROM EMP, SALGRADE
  3  WHERE SAL BETWEEN LOSAL AND HISAL
  4  FROM EMP, SALGRADE
  5  
SQL> SELECT EMPNO, ENAME,JOB, SAL, DEPTNO, GRADE
  2  FROM EMP, SALGRADE
  3  WHRER SAL BETWEEN LOSAL AND HISAL
  4  ORDER BY E.DEPTNO;
WHRER SAL BETWEEN LOSAL AND HISAL
      *
ERROR at line 3:
ORA-00933: SQL command not properly ended 


SQL> SELECT EMPNO, ENAME,JOB, SAL, DEPTNO, GRADE
  2  FROM EMP, SALGRADE
  3  WHRER SAL BETWEEN LOSAL AND HISAL
  4  ORDER BY DEPTNO;
WHRER SAL BETWEEN LOSAL AND HISAL
      *
ERROR at line 3:
ORA-00933: SQL command not properly ended 


SQL> SELECT EMPNO, ENAME,JOB, SAL, DEPTNO, GRADE
  2  FROM EMP, SALGRADE
  3  WHERE SAL BETWEEN LOSAL AND HISAL
  4  ORDER BY DEPTNO;
FROM EMP, SALGRADE
          *
ERROR at line 2:
ORA-00942: table or view does not exist 


SQL> SELECT D.DEPTNO, COUNT(E,ROWID) "EMPLOYEE NUMBERS"
  2  FROM DEPT D, EMP E
  3  WHERE D.DEPTNO=E.DEPTNO(+)
  4  GROUP BY D.DEPTNO
  5  ORDER BY D.DEPTNO;
SELECT D.DEPTNO, COUNT(E,ROWID) "EMPLOYEE NUMBERS"
                 *
ERROR at line 1:
ORA-00909: invalid number of arguments 


SQL> SELECT D.DEPTNO, COUNT(E.ROWID) "EMPLOYEE NUMBERS"
  2  FROM DEPT D, EMP E
  3  WHERE D.DEPTNO=E.DEPTNO(+)
  4  GROUP BY D.DEPTNO
  5  ORDER BY D.DEPTNO;

    DEPTNO EMPLOYEE NUMBERS                                                     
---------- ----------------                                                     
        10                3                                                     
        20                5                                                     
        30                6                                                     
        40                0                                                     

SQL> SELECT D.DEPTNO, COUNT(E,ROWID) "EMPLOYEE NUMBERS"
  2  FROM DEPT D, EMP E
  3  WHERE D.DEPTNO(+)=E.DEPTNO
  4  GROUP BY D.DEPTNO
  5  ORDER BY D.DEPTNO;
SELECT D.DEPTNO, COUNT(E,ROWID) "EMPLOYEE NUMBERS"
                 *
ERROR at line 1:
ORA-00909: invalid number of arguments 


SQL> SELECT D.DEPTNO, COUNT(E.ROWID) "EMPLOYEE NUMBERS"
  2  FROM DEPT D, EMP E
  3  WHERE D.DEPTNO(+)=E.DEPTNO
  4  GROUP BY D.DEPTNO
  5  ORDER BY D.DEPTNO;

    DEPTNO EMPLOYEE NUMBERS                                                     
---------- ----------------                                                     
        10                3                                                     
        20                5                                                     
        30                6                                                     

SQL> SELECT DISTANT DEPT.*
  2  FROM DEPT, EMP
  3  WHERE DEPT.DEPTNO=EMP.DEPTNO(+) AND ENPNO IS NULL;
SELECT DISTANT DEPT.*
                   *
ERROR at line 1:
ORA-00923: FROM keyword not found where expected 


SQL> SELECT DISTINCT DEPT.*
  2  FROM DEPT, EMP
  3  WHERE DEPT.DEPTNO=EMP.DEPTNO(+) AND ENPNO IS NULL;
WHERE DEPT.DEPTNO=EMP.DEPTNO(+) AND ENPNO IS NULL
                                    *
ERROR at line 3:
ORA-00904: "ENPNO": invalid identifier 


SQL> SELECT DISTANT DEPT.*
  2  FROM DEPT, EMP
  3  WHERE DEPT.DEPTNO=EMP.DEPTNO(+) AND EMPNO IS NULL;
SELECT DISTANT DEPT.*
                   *
ERROR at line 1:
ORA-00923: FROM keyword not found where expected 


SQL> SELECT DISTINCT DEPT.*
  2  FROM DEPT, EMP
  3  WHERE DEPT.DEPTNO=EMP.DEPTNO(+) AND EMPNO IS NULL;

    DEPTNO DNAME          LOC                                                   
---------- -------------- -------------                                         
        40 OPERATIONS     BOSTON                                                

SQL> SELECT E.NAME||'WORK FOR'||M.ENAME
  2  FROM EMP E, EMP M
  3  WHERE E.MGR=M.EMPNO
  4  L
  5  
SQL> SELECT E.NAME||'WORK FOR'||M.ENAME
  2  FROM EMP E, EMP M
  3  WHERE E.MGR=M.EMPNO
  4  ;
SELECT E.NAME||'WORK FOR'||M.ENAME
       *
ERROR at line 1:
ORA-00904: "E"."NAME": invalid identifier 


SQL> SELECT E.ENAME||'WORK FOR'||M.ENAME
  2  FROM EMP E, EMP M
  3  WHERE E.MGR=M.EMPNO
  4  ;

E.ENAME||'WORKFOR'||M.ENAME                                                     
----------------------------                                                    
FORDWORK FORJONES                                                               
SCOTTWORK FORJONES                                                              
TURNERWORK FORBLAKE                                                             
ALLENWORK FORBLAKE                                                              
WARDWORK FORBLAKE                                                               
JAMESWORK FORBLAKE                                                              
MARTINWORK FORBLAKE                                                             
MILLERWORK FORCLARK                                                             
ADAMSWORK FORSCOTT                                                              
BLAKEWORK FORKING                                                               
JONESWORK FORKING                                                               

E.ENAME||'WORKFOR'||M.ENAME                                                     
----------------------------                                                    
CLARKWORK FORKING                                                               
SMITHWORK FORFORD                                                               

13 rows selected.

SQL> SELECT E.NAME||' WORK FOR '||M.ENAME
  2  FROM EMP E, EMP M
  3  WHERE E.MGR=M.EMPNO
  4  ;
SELECT E.NAME||' WORK FOR '||M.ENAME
       *
ERROR at line 1:
ORA-00904: "E"."NAME": invalid identifier 


SQL> SELECT E.ENAME||' WORK FOR '||M.ENAME
  2  FROM EMP E, EMP M
  3  WHERE E.MGR=M.EMPNO;

E.ENAME||'WORKFOR'||M.ENAME                                                     
------------------------------                                                  
FORD WORK FOR JONES                                                             
SCOTT WORK FOR JONES                                                            
TURNER WORK FOR BLAKE                                                           
ALLEN WORK FOR BLAKE                                                            
WARD WORK FOR BLAKE                                                             
JAMES WORK FOR BLAKE                                                            
MARTIN WORK FOR BLAKE                                                           
MILLER WORK FOR CLARK                                                           
ADAMS WORK FOR SCOTT                                                            
BLAKE WORK FOR KING                                                             
JONES WORK FOR KING                                                             

E.ENAME||'WORKFOR'||M.ENAME                                                     
------------------------------                                                  
CLARK WORK FOR KING                                                             
SMITH WORK FOR FORD                                                             

13 rows selected.

SQL> SELECT E.ENAME EMPLOYEE, E.SAL "EMPLOYEE'S SALARY", M.ENAME MANAGER, M.SAL "MANAGER'S SALARY"
  2  FROM EMP E, EMP M
  3  WHERE E.MGR=M.EMPNO AND E.SAL>M.SAL;

EMPLOYEE   EMPLOYEE'S SALARY MANAGER    MANAGER'S SALARY                        
---------- ----------------- ---------- ----------------                        
FORD                    3000 JONES                  2975                        
SCOTT                   3000 JONES                  2975                        

SQL> SELECT EMP.NO, EMP.ENMAE, EMP.DEPTNO, DEPT.LOC
  2  FROM EMP, DEPT
  3  WHERE EMP.DEPTNO=DEPT.DEPTNOL
  4  
SQL> SELECT EMP.NO, EMP.ENMAE, EMP.DEPTNO, DEPT.LOC
  2  FROM EMP, DEPT
  3  WHERE EMP.DEPTNO=DEPT.DEPTNO;
SELECT EMP.NO, EMP.ENMAE, EMP.DEPTNO, DEPT.LOC
               *
ERROR at line 1:
ORA-00904: "EMP"."ENMAE": invalid identifier 


SQL> SELECT EMP.NO, EMP.ENAME, EMP.DEPTNO, DEPT.LOC
  2  FROM EMP, DEPT
  3  WHERE EMP.DEPTNO=DEPT.DEPTNO;
SELECT EMP.NO, EMP.ENAME, EMP.DEPTNO, DEPT.LOC
       *
ERROR at line 1:
ORA-00904: "EMP"."NO": invalid identifier 


SQL> SELECT EMP.EMPNO, EMP.ENMAE, EMP.DEPTNO, DEPT.LOC
  2  FROM EMP, DEPT
  3  WHERE EMP.DEPTNO=DEPT.DEPTNO;
SELECT EMP.EMPNO, EMP.ENMAE, EMP.DEPTNO, DEPT.LOC
                  *
ERROR at line 1:
ORA-00904: "EMP"."ENMAE": invalid identifier 


SQL> SELECT EMP.EMPNO, EMP.ENAME, EMP.DEPTNO, DEPT.LOC
  2  FROM EMP, DEPT
  3  WHERE EMP.DEPTNO=DEPT.DEPTNO;

     EMPNO ENAME          DEPTNO LOC                                            
---------- ---------- ---------- -------------                                  
      7369 SMITH              20 DALLAS                                         
      7499 ALLEN              30 CHICAGO                                        
      7521 WARD               30 CHICAGO                                        
      7566 JONES              20 DALLAS                                         
      7654 MARTIN             30 CHICAGO                                        
      7698 BLAKE              30 CHICAGO                                        
      7782 CLARK              10 NEW YORK                                       
      7788 SCOTT              20 DALLAS                                         
      7839 KING               10 NEW YORK                                       
      7844 TURNER             30 CHICAGO                                        
      7876 ADAMS              20 DALLAS                                         

     EMPNO ENAME          DEPTNO LOC                                            
---------- ---------- ---------- -------------                                  
      7900 JAMES              30 CHICAGO                                        
      7902 FORD               20 DALLAS                                         
      7934 MILLER             10 NEW YORK                                       

14 rows selected.

SQL> SELECT E.ENAME, E.JOB, M.ENAME
  2  FROM EMP E, EMP M
  3  WHERE E.MGR=M.EMOPO;
WHERE E.MGR=M.EMOPO
            *
ERROR at line 3:
ORA-00904: "M"."EMOPO": invalid identifier 


SQL> SELECT E.ENAME, E.JOB, M.ENAME
  2  FROM EMP E, EMP M
  3  WHERE E.MGR=M.EMPNO;

ENAME      JOB       ENAME                                                      
---------- --------- ----------                                                 
FORD       ANALYST   JONES                                                      
SCOTT      ANALYST   JONES                                                      
TURNER     SALESMAN  BLAKE                                                      
ALLEN      SALESMAN  BLAKE                                                      
WARD       SALESMAN  BLAKE                                                      
JAMES      CLERK     BLAKE                                                      
MARTIN     SALESMAN  BLAKE                                                      
MILLER     CLERK     CLARK                                                      
ADAMS      CLERK     SCOTT                                                      
BLAKE      MANAGER   KING                                                       
JONES      MANAGER   KING                                                       

ENAME      JOB       ENAME                                                      
---------- --------- ----------                                                 
CLARK      MANAGER   KING                                                       
SMITH      CLERK     FORD                                                       

13 rows selected.

SQL> SELECT E.ENAME, E.JOB, M.ENAME, DEPARTMENT_NAME
  2  FROM EMP E, EMP M, DEPTMEN
  3  
SQL> SELECT E.ENAME, E.JOB, M.ENAME, DNAME
  2  FROM EMP E, EMP M, DEPT
  3  WHERE E.MGR=M.EMPNO AND E.DEPTNO=DEPT.DEPTNO;

ENAME      JOB       ENAME      DNAME                                           
---------- --------- ---------- --------------                                  
SMITH      CLERK     FORD       RESEARCH                                        
ALLEN      SALESMAN  BLAKE      SALES                                           
WARD       SALESMAN  BLAKE      SALES                                           
JONES      MANAGER   KING       RESEARCH                                        
MARTIN     SALESMAN  BLAKE      SALES                                           
BLAKE      MANAGER   KING       SALES                                           
CLARK      MANAGER   KING       ACCOUNTING                                      
SCOTT      ANALYST   JONES      RESEARCH                                        
TURNER     SALESMAN  BLAKE      SALES                                           
ADAMS      CLERK     SCOTT      RESEARCH                                        
JAMES      CLERK     BLAKE      SALES                                           

ENAME      JOB       ENAME      DNAME                                           
---------- --------- ---------- --------------                                  
FORD       ANALYST   JONES      RESEARCH                                        
MILLER     CLERK     CLARK      ACCOUNTING                                      

13 rows selected.

SQL> SELECT E.ENAME, SAL, DNAME, M.ENAME
  2  FROM EMP E, EMP M, DEPT
  3  WHERE E.DEPTNO=M.DEPTNO AND E.MGR=M.EMPNO;
SELECT E.ENAME, SAL, DNAME, M.ENAME
                *
ERROR at line 1:
ORA-00918: column ambiguously defined 


SQL> SELECT E.ENAME, E.SAL, DNAME, M.ENAME
  2  FROM EMP E, EMP M, DEPT
  3  WHERE E.DEPTNO=M.DEPTNO AND E.MGR=M.EMPNO;

ENAME             SAL DNAME          ENAME                                      
---------- ---------- -------------- ----------                                 
SMITH             800 ACCOUNTING     FORD                                       
ALLEN            1600 ACCOUNTING     BLAKE                                      
WARD             1250 ACCOUNTING     BLAKE                                      
MARTIN           1250 ACCOUNTING     BLAKE                                      
CLARK            2450 ACCOUNTING     KING                                       
SCOTT            3000 ACCOUNTING     JONES                                      
TURNER           1500 ACCOUNTING     BLAKE                                      
ADAMS            1100 ACCOUNTING     SCOTT                                      
JAMES             950 ACCOUNTING     BLAKE                                      
FORD             3000 ACCOUNTING     JONES                                      
MILLER           1300 ACCOUNTING     CLARK                                      

ENAME             SAL DNAME          ENAME                                      
---------- ---------- -------------- ----------                                 
SMITH             800 RESEARCH       FORD                                       
ALLEN            1600 RESEARCH       BLAKE                                      
WARD             1250 RESEARCH       BLAKE                                      
MARTIN           1250 RESEARCH       BLAKE                                      
CLARK            2450 RESEARCH       KING                                       
SCOTT            3000 RESEARCH       JONES                                      
TURNER           1500 RESEARCH       BLAKE                                      
ADAMS            1100 RESEARCH       SCOTT                                      
JAMES             950 RESEARCH       BLAKE                                      
FORD             3000 RESEARCH       JONES                                      
MILLER           1300 RESEARCH       CLARK                                      

ENAME             SAL DNAME          ENAME                                      
---------- ---------- -------------- ----------                                 
SMITH             800 SALES          FORD                                       
ALLEN            1600 SALES          BLAKE                                      
WARD             1250 SALES          BLAKE                                      
MARTIN           1250 SALES          BLAKE                                      
CLARK            2450 SALES          KING                                       
SCOTT            3000 SALES          JONES                                      
TURNER           1500 SALES          BLAKE                                      
ADAMS            1100 SALES          SCOTT                                      
JAMES             950 SALES          BLAKE                                      
FORD             3000 SALES          JONES                                      
MILLER           1300 SALES          CLARK                                      

ENAME             SAL DNAME          ENAME                                      
---------- ---------- -------------- ----------                                 
SMITH             800 OPERATIONS     FORD                                       
ALLEN            1600 OPERATIONS     BLAKE                                      
WARD             1250 OPERATIONS     BLAKE                                      
MARTIN           1250 OPERATIONS     BLAKE                                      
CLARK            2450 OPERATIONS     KING                                       
SCOTT            3000 OPERATIONS     JONES                                      
TURNER           1500 OPERATIONS     BLAKE                                      
ADAMS            1100 OPERATIONS     SCOTT                                      
JAMES             950 OPERATIONS     BLAKE                                      
FORD             3000 OPERATIONS     JONES                                      
MILLER           1300 OPERATIONS     CLARK                                      

44 rows selected.

SQL> SELECT DISTINCT E.ENAME, SAL, DNAME, M.ENAME
  2  FROM EMP E, EMP M, DEPT
  3  WHERE E.DEPTNO=M.DEPTNO AND E.MGR=M.EMPNO;
SELECT DISTINCT E.ENAME, SAL, DNAME, M.ENAME
                         *
ERROR at line 1:
ORA-00918: column ambiguously defined 


SQL> SELECT DISTINCT E.ENAME, E.SAL, DNAME, M.ENAME
  2  WHERE E.DEPTNO=M.DEPTNO AND E.MGR=M.EMPNO;
WHERE E.DEPTNO=M.DEPTNO AND E.MGR=M.EMPNO
*
ERROR at line 2:
ORA-00923: FROM keyword not found where expected 


SQL> SELECT DISTINCT E.ENAME, E.SAL, DNAME, M.ENAME
  2  FROM EMP E, EMP M, DEPT
  3  WHERE E.DEPTNO=M.DEPTNO AND E.MGR=M.EMPNO;

ENAME             SAL DNAME          ENAME                                      
---------- ---------- -------------- ----------                                 
SMITH             800 ACCOUNTING     FORD                                       
SCOTT            3000 ACCOUNTING     JONES                                      
ALLEN            1600 RESEARCH       BLAKE                                      
ADAMS            1100 RESEARCH       SCOTT                                      
SMITH             800 SALES          FORD                                       
ADAMS            1100 SALES          SCOTT                                      
CLARK            2450 OPERATIONS     KING                                       
SCOTT            3000 OPERATIONS     JONES                                      
ADAMS            1100 OPERATIONS     SCOTT                                      
JAMES             950 OPERATIONS     BLAKE                                      
JAMES             950 ACCOUNTING     BLAKE                                      

ENAME             SAL DNAME          ENAME                                      
---------- ---------- -------------- ----------                                 
WARD             1250 RESEARCH       BLAKE                                      
MARTIN           1250 RESEARCH       BLAKE                                      
SCOTT            3000 RESEARCH       JONES                                      
ALLEN            1600 SALES          BLAKE                                      
TURNER           1500 SALES          BLAKE                                      
MILLER           1300 SALES          CLARK                                      
TURNER           1500 OPERATIONS     BLAKE                                      
MILLER           1300 OPERATIONS     CLARK                                      
FORD             3000 ACCOUNTING     JONES                                      
JAMES             950 SALES          BLAKE                                      
ALLEN            1600 ACCOUNTING     BLAKE                                      

ENAME             SAL DNAME          ENAME                                      
---------- ---------- -------------- ----------                                 
FORD             3000 RESEARCH       JONES                                      
MARTIN           1250 SALES          BLAKE                                      
SCOTT            3000 SALES          JONES                                      
FORD             3000 SALES          JONES                                      
TURNER           1500 ACCOUNTING     BLAKE                                      
CLARK            2450 RESEARCH       KING                                       
JAMES             950 RESEARCH       BLAKE                                      
WARD             1250 OPERATIONS     BLAKE                                      
MARTIN           1250 OPERATIONS     BLAKE                                      
FORD             3000 OPERATIONS     JONES                                      
CLARK            2450 ACCOUNTING     KING                                       

ENAME             SAL DNAME          ENAME                                      
---------- ---------- -------------- ----------                                 
SMITH             800 RESEARCH       FORD                                       
CLARK            2450 SALES          KING                                       
ALLEN            1600 OPERATIONS     BLAKE                                      
WARD             1250 ACCOUNTING     BLAKE                                      
MILLER           1300 ACCOUNTING     CLARK                                      
TURNER           1500 RESEARCH       BLAKE                                      
MILLER           1300 RESEARCH       CLARK                                      
MARTIN           1250 ACCOUNTING     BLAKE                                      
ADAMS            1100 ACCOUNTING     SCOTT                                      
WARD             1250 SALES          BLAKE                                      
SMITH             800 OPERATIONS     FORD                                       

44 rows selected.

SQL> SELECT DISTINCT E.ENAME, SAL, DNAME, M.ENAME
  2  
SQL> 
SQL> SELECT E.ENAME, E.JOB, M.ENAME, DEPARTMENT_NAME
  2  
SQL> 
SQL> SELECT E.ENAME, E.SAL, DNAME, M.ENAME
  2  FROM EMP E, EMP M, DEPT
  3  WHERE E.DEPTNO=DEPT.DEPTNO AND E.MGR=M.EMPNO;

ENAME       